keep__16: 
keep__15: 
logic__181: 
logic__1250: 
logic__964: 
case__272: 
ltlib_v1_0_0_cfglut5: 
logic__102: 
logic__422: 
logic__125: 
logic__157: 
reg__323: 
logic__554: 
logic__399: 
logic__577: 
case__65: 
case__146: 
logic__1239: 
logic__529: 
logic__54: 
logic__53: 
reg__131: 
logic__1240: 
logic__1007: 
reg__347: 
reg__492: 
datapath__39: 
ila_v6_2_11_ila_reset_ctrl: 
uart_tx: 
case__29: 
muxpart__1: 
xsdbs_v1_0_2_reg__parameterized25: 
reg__460: 
logic__954: 
logic__947: 
reg__473: 
case__45: 
ltlib_v1_0_0_async_edge_xfer: 
keep__171: 
case__31: 
muxpart__7: 
muxpart__96: 
case__224: 
logic__189: 
logic__1051: 
case__297: 
logic__978: 
logic__808: 
reg__393: 
logic__362: 
logic__1060: 
logic__345: 
reg__220: 
reg__355: 
logic__214: 
case__189: 
reg__354: 
reg__552: 
muxpart__27: 
logic__456: 
xsdbs_v1_0_2_reg__parameterized23: 
logic__722: 
logic__293: 
reg__120: 
keep__43: 
case__299: 
reg__413: 
logic__314: 
keep__104: 
reg__454: 
reg__545: 
logic__502: 
mem_bus_registered: 
reg__359: 
muxpart__99: 
counter__5: 
xsdbs_v1_0_2_reg__parameterized29: 
reg__174: 
case__7: 
logic__992: 
reg__28: 
muxpart__66: 
reg__259: 
logic__638: 
reg__132: 
logic__944: 
case__302: 
reg__469: 
reg__586: 
BASIC_system_decoder_0_0: 
reg__499: 
logic__547: 
datapath__24: 
pc_unit: 
logic__649: 
muxpart__3: 
muxpart__97: 
reg__309: 
logic__426: 
reg__577: 
logic__1036: 
logic__484: 
blk_mem_gen_v8_4_4_blk_mem_gen_prim_width__parameterized0: 
logic__446: 
logic__294: 
reg__555: 
logic__536: 
keep__161: 
reg__94: 
keep__133: 
logic__5: 
reg__461: 
logic__299: 
logic__410: 
logic__239: 
RV32I_ID_imp_1HJBFQL: 
reg__434: 
logic__441: 
datapath__27: 
logic__563: 
logic__1246: 
reg__558: 
reg__437: 
reg__345: 
keep__138: 
reg__519: 
logic__185: 
logic__219: 
ltlib_v1_0_0_cfglut6__parameterized0: 
logic__572: 
logic__1245: 
reg__544: 
datapath__42: 
reg__129: 
reg__293: 
keep__28: 
logic__127: 
logic__1244: 
case__159: 
muxpart__17: 
case__276: 
case__109: 
logic__398: 
case__314: 
reg__417: 
datapath__11: 
blk_mem_gen_v8_4_4_synth__parameterized0: 
reg__321: 
logic__521: 
logic__175: 
case__142: 
logic__1154: 
reg__372: 
logic__305: 
reg__61: 
muxpart__75: 
Core_RV32I_imp_1VYNK5M: 
keep__117: 
reg__348: 
logic__319: 
logic__361: 
BASIC_util_vector_logic_2_1: 
keep__98: 
logic__1168: 
muxpart__11: 
case__101: 
case__245: 
logic__160: 
keep__124: 
logic__312: 
reg__468: 
reg__143: 
muxpart__55: 
util_vector_logic_v2_0_1_util_vector_logic__parameterized1: 
logic__88: 
reg__429: 
logic__458: 
reg__205: 
logic__163: 
logic__1237: 
reg__490: 
logic__859: 
logic__455: 
logic__522: 
reg__260: 
datapath__15: 
reg__543: 
reg__420: 
reg__523: 
reg__167: 
logic__549: 
BASIC_alu_0_0: 
logic__921: 
xsdbs_v1_0_2_reg__parameterized17: 
case__88: 
logic__381: 
sequence_psr: 
logic__320: 
reg__139: 
reg__63: 
case__113: 
reg__268: 
reg__445: 
case__211: 
reg__110: 
case__82: 
datapath__34: 
ila_v6_2_11_ila_cap_addrgen: 
logic__119: 
reg__306: 
keep__156: 
keep__97: 
case__163: 
logic__1214: 
case__292: 
logic__1008: 
keep__100: 
case__118: 
logic__886: 
datapath__53: 
keep__61: 
logic__427: 
zynq_ultra_ps_e_v3_3_2_zynq_ultra_ps_e: 
reg__559: 
case__203: 
case__117: 
reg__303: 
case__160: 
reg__264: 
reg__206: 
logic__184: 
case__130: 
logic__688: 
reg__389: 
keep__60: 
counter__2: 
logic__464: 
logic__37: 
case__95: 
reg__236: 
reg__281: 
reg__580: 
logic__204: 
xsdbs_v1_0_2_reg__parameterized13: 
reg__65: 
logic__1103: 
logic__1210: 
keep__93: 
reg__566: 
logic__817: 
reg__531: 
ltlib_v1_0_0_all_typeA_slice: 
reg__464: 
keep__7: 
keep__114: 
reg__319: 
reg__168: 
ltlib_v1_0_0_match__parameterized1: 
reg__75: 
logic__661: 
util_vector_logic_v2_0_1_util_vector_logic__parameterized0: 
logic__416: 
logic__1171: 
reg__187: 
upcnt_n: 
reg__395: 
xsdbs_v1_0_2_reg__parameterized49: 
reg__254: 
reg__539: 
case__186: 
logic__308: 
muxpart__73: 
reg__358: 
case__340: 
reg__496: 
case__179: 
datapath__17: 
datapath__30: 
logic__1188: 
logic__106: 
case__137: 
keep__50: 
case__129: 
BASIC_branch_predictor_btb_0_0: 
logic__33: 
reg__238: 
logic__250: 
muxpart__71: 
datapath__49: 
keep__68: 
case__234: 
reg__568: 
reg__144: 
case__120: 
BASIC_xlconcat_0_0: 
logic__548: 
reg__329: 
xsdbs_v1_0_2_reg_ctl: 
logic__557: 
logic__988: 
case__286: 
keep__37: 
xsdbs_v1_0_2_reg_p2s__parameterized4: 
reg__95: 
reg__337: 
gpio: 
datapath__7: 
logic__188: 
xsdbs_v1_0_2_reg__parameterized7: 
keep__102: 
logic__1: 
logic__739: 
BASIC_csr_file_0_0: 
logic__171: 
xsdbs_v1_0_2_reg_ctl__parameterized0: 
logic__233: 
reg__525: 
keep__1: 
logic__419: 
xsdbs_v1_0_2_reg__parameterized4: 
case__112: 
reg__502: 
reg__448: 
logic__551: 
reg__56: 
logic__136: 
datapath__3: 
reg__237: 
logic__555: 
case__62: 
case__121: 
reg__163: 
reg__26: 
keep__134: 
reg__292: 
reg__82: 
reg__262: 
ltlib_v1_0_0_generic_mux: 
logic__428: 
UART_imp_OI5LS: 
case__180: 
logic__620: 
reg__152: 
logic__216: 
ltlib_v1_0_0_generic_memrd: 
keep__25: 
muxpart__35: 
logic__296: 
case__77: 
case__52: 
logic__561: 
logic__1097: 
reg__17: 
logic__370: 
logic__286: 
case__143: 
logic__462: 
logic__932: 
reg__87: 
BASIC_util_vector_logic_2_0: 
keep__110: 
case__36: 
reg__357: 
case__12: 
logic__1101: 
reg__79: 
logic__195: 
reg__270: 
reg__427: 
reg__273: 
ltlib_v1_0_0_all_typeA__parameterized1: 
reg__55: 
logic__1234: 
logic__963: 
reg__366: 
ila_v6_2_11_ila_trig_match: 
logic__129: 
reg__289: 
branch: 
BASIC_branch_0_0: 
logic__952: 
logic__41: 
reg__508: 
case__107: 
case__14: 
reg__166: 
xsdbs_v1_0_2_reg__parameterized30: 
logic__624: 
logic__1029: 
reg__189: 
logic__450: 
logic__666: 
reg__42: 
logic__556: 
reg__594: 
reg__316: 
blk_mem_gen_v8_4_4_synth: 
reg__113: 
BASIC_xlslice_0_0: 
logic__738: 
reg__360: 
case__49: 
keep__131: 
logic__255: 
BASIC: 
logic__128: 
logic__203: 
logic__716: 
ltlib_v1_0_0_all_typeA_slice__parameterized2: 
reg__138: 
logic__338: 
keep__38: 
reg__124: 
reg__101: 
logic__890: 
reg__162: 
case__127: 
BASIC_xlconstant_0_1: 
case__144: 
reg__183: 
case__155: 
extram__1: 
case__296: 
keep__85: 
xsdbs_v1_0_2_reg__parameterized6: 
muxpart__101: 
ram_data: 
logic__652: 
blk_mem_gen_v8_4_4_blk_mem_gen_prim_wrapper_init: 
keep__155: 
keep__86: 
reg__214: 
case: 
logic__215: 
case__73: 
muxpart__56: 
keep__84: 
keep__137: 
keep__70: 
logic__696: 
ltlib_v1_0_0_match_nodelay: 
reg__136: 
logic__32: 
keep__32: 
muxpart__31: 
case__4: 
case__136: 
logic__995: 
logic__201: 
logic__917: 
case__252: 
reg__397: 
logic__349: 
keep__63: 
case__19: 
logic__329: 
logic__403: 
reg__219: 
case__147: 
case__5: 
keep__69: 
reg__556: 
logic__295: 
reg__159: 
case__265: 
logic__429: 
case__74: 
case__59: 
logic__348: 
BASIC_util_vector_logic_3_0: 
logic__1227: 
case__269: 
case__99: 
logic__596: 
muxpart__21: 
logic__227: 
logic__962: 
logic__375: 
logic__14: 
reg__92: 
reg__526: 
case__246: 
BASIC_uart_tx_0_0: 
case__233: 
logic__442: 
keep: 
case__98: 
logic__166: 
reg__554: 
logic__971: 
datapath__35: 
logic__154: 
logic__196: 
logic__899: 
reg__186: 
reg__334: 
keep__13: 
ltlib_v1_0_0_cfglut6: 
logic__262: 
logic__445: 
reg__488: 
keep__89: 
case__104: 
reg__196: 
case__261: 
reg__401: 
keep__96: 
reg__551: 
logic__1077: 
reg__274: 
reg__534: 
case__303: 
reg__529: 
logic__432: 
logic__139: 
reg__404: 
BASIC_util_vector_logic_2_3: 
case__283: 
muxpart__24: 
logic__465: 
case__40: 
reg__542: 
ltlib_v1_0_0_cfglut7: 
case__86: 
logic__540: 
xsdbs_v1_0_2_reg__parameterized31: 
logic__205: 
reg__59: 
ltlib_v1_0_0_allx_typeA_nodelay: 
logic__452: 
reg__313: 
logic__479: 
reg__141: 
logic__271: 
datapath__23: 
keep__153: 
case__238: 
logic__368: 
logic__499: 
case__215: 
reg__105: 
datapath__47: 
reg__339: 
keep__139: 
logic__1161: 
logic__302: 
id_ex_reg: 
logic__1228: 
logic__1044: 
trap_controller: 
logic__1001: 
reg__6: 
logic__591: 
case__166: 
logic__550: 
datapath__18: 
muxpart__25: 
logic__300: 
reg__98: 
keep__71: 
privileged_pc_redirect_mux: 
reg__498: 
case__190: 
counter__12: 
logic__1033: 
logic__1083: 
reg__451: 
muxpart__40: 
logic__619: 
logic__395: 
logic__36: 
reg__239: 
muxpart__65: 
logic__288: 
logic__218: 
case__123: 
case__259: 
BASIC_id_ex_reg_0_1: 
xlconstant_v1_1_7_xlconstant: 
xsdbs_v1_0_2_reg__parameterized5: 
reg__83: 
keep__170: 
reg__486: 
case__260: 
alu: 
logic__144: 
reg__591: 
logic__876: 
keep__118: 
logic__711: 
reg__182: 
BASIC_operand_a_mux_0_0: 
case__2: 
ila_v6_2_11_ila_cap_window_counter: 
logic__249: 
case__154: 
case__151: 
case__200: 
logic__141: 
logic__804: 
logic__901: 
case__196: 
logic__1242: 
logic__411: 
keep__48: 
reg__449: 
reg__377: 
xsdbs_v1_0_2_reg_stream__parameterized0: 
case__263: 
logic__974: 
logic__610: 
xsdbs_v1_0_2_reg__parameterized50: 
reg__255: 
case__222: 
muxpart__50: 
case__125: 
reg__90: 
logic__1176: 
muxpart__72: 
case__349: 
logic__425: 
reg__479: 
case__312: 
datapath__38: 
logic__150: 
reg__535: 
keep__49: 
reg__435: 
counter__3: 
datapath__43: 
xsdbs_v1_0_2_reg__parameterized38: 
reg__280: 
logic__518: 
reg__511: 
muxpart__92: 
case__131: 
case__287: 
datapath__40: 
reg__9: 
logic__570: 
BASIC_wb_mux_0_0: 
reg__349: 
keep__120: 
logic__989: 
case__23: 
logic__389: 
reg__565: 
logic__647: 
logic__135: 
logic__177: 
keep__157: 
reg__463: 
logic__933: 
BASIC_util_vector_logic_6_1: 
case__174: 
case__229: 
logic__332: 
logic__531: 
case__28: 
logic__621: 
datapath__9: 
keep__121: 
logic__238: 
logic__220: 
case__208: 
case__61: 
reg__114: 
reg__561: 
case__181: 
keep__150: 
ila_v6_2_11_ila_register: 
logic__228: 
logic__350: 
reg__368: 
case__268: 
logic__811: 
reg__458: 
reg__326: 
logic__404: 
reg__564: 
logic__232: 
logic__439: 
reg__30: 
xsdbs_v1_0_2_reg__parameterized3: 
keep__132: 
reg__32: 
reg__128: 
reg__104: 
case__284: 
logic__394: 
case__216: 
case__357: 
logic__15: 
logic__488: 
keep__42: 
logic__313: 
datapath__6: 
case__307: 
xsdbs_v1_0_2_reg__parameterized37: 
cdc_sync: 
reg__423: 
logic__366: 
reg__414: 
reg__327: 
reg__253: 
logic__392: 
reg__522: 
reg__234: 
logic__301: 
reg__441: 
case__106: 
case__148: 
reg__246: 
RV32I_EX_imp_VZHXQ1: 
case__21: 
logic__1034: 
logic__100: 
logic__393: 
case__30: 
reg__250: 
reg__504: 
case__191: 
vio_v3_0_19_vio: 
case__231: 
reg__362: 
blk_mem_gen_v8_4_4_blk_mem_gen_generic_cstr: 
ila_v6_2_11_ila_core: 
logic__310: 
reg__516: 
reg__341: 
reg__204: 
muxpart__37: 
logic__3: 
logic__194: 
case__178: 
case__93: 
logic__573: 
logic__263: 
xsdbs_v1_0_2_reg__parameterized51: 
RV32I_WB_imp_98K1CZ: 
datapath__19: 
BASIC_forwarding_0_0: 
case__54: 
regfile_we_gen: 
BASIC_if_id_reg_0_0: 
vio_v3_0_19_decoder: 
logic__449: 
case__97: 
reg__311: 
reg__134: 
reg__140: 
case__274: 
logic__799: 
logic__1249: 
keep__154: 
keep__77: 
reg__472: 
case__240: 
logic__243: 
reg__431: 
case__33: 
reg__405: 
xsdbs_v1_0_2_reg: 
logic__433: 
logic__973: 
logic__448: 
logic__306: 
case__18: 
logic__257: 
case__80: 
logic__946: 
datapath__52: 
logic__930: 
keep__11: 
logic__374: 
case__24: 
xsdbs_v1_0_2_reg__parameterized48: 
logic__358: 
muxpart: 
reg__574: 
logic__1209: 
datapath__20: 
reg__2: 
BASIC_xlconstant_3_0: 
logic__4: 
logic__674: 
reg__447: 
reg__176: 
mem_stage: 
reg__382: 
case__172: 
datapath__4: 
reg__194: 
reg__560: 
blk_mem_gen_v8_4_4_blk_mem_input_block__parameterized0: 
ltlib_v1_0_0_cfglut4: 
reg__23: 
reg__363: 
reg__77: 
extram__2: 
logic__378: 
logic__225: 
logic__906: 
logic__704: 
reg__210: 
keep__59: 
reg__527: 
reg__415: 
keep__159: 
case__60: 
reg__198: 
datapath__8: 
xsdbs_v1_0_2_reg__parameterized2: 
case__244: 
keep__88: 
logic__153: 
reg__16: 
logic__384: 
reg__320: 
case__356: 
logic__856: 
counter__11: 
reg__367: 
reg__497: 
logic__1054: 
ltlib_v1_0_0_all_typeA__parameterized0: 
case__219: 
control: 
xsdbs_v1_0_2_reg__parameterized19: 
logic__186: 
logic__321: 
logic__533: 
muxpart__19: 
ila_v6_2_11_ila_trace_memory: 
logic__726: 
reg__298: 
keep__31: 
logic__146: 
reg__510: 
logic__304: 
ltlib_v1_0_0_allx_typeA__parameterized1: 
logic__187: 
logic__162: 
reg__483: 
pc_to_imem_addr: 
logic__956: 
reg__275: 
reg__530: 
case__194: 
logic__49: 
reg__482: 
logic__542: 
case__85: 
reg__213: 
reg__244: 
case__122: 
logic__352: 
reg__229: 
logic__1254: 
logic__984: 
keep__33: 
forward_mux: 
xsdbs_v1_0_2_reg__parameterized14: 
case__358: 
logic__322: 
logic__18: 
logic__237: 
logic__593: 
logic__559: 
logic__269: 
decoder: 
logic__1024: 
reg__403: 
reg__282: 
logic__1182: 
case__42: 
BASIC_csr_regfile_wb_mux_0_0: 
xsdbs_v1_0_2_reg__parameterized52: 
logic__692: 
reg__217: 
ltlib_v1_0_0_match__parameterized0: 
logic__337: 
reg__20: 
muxpart__74: 
reg__261: 
logic__545: 
logic__539: 
case__176: 
case__258: 
keep__115: 
reg__450: 
xsdbs_v1_0_2_reg__parameterized20: 
extram__3: 
operand_b_mux: 
reg__353: 
case__75: 
case__78: 
case__321: 
logic__373: 
reg__371: 
logic__245: 
reg__245: 
datapath__2: 
logic__27: 
logic__277: 
reg__72: 
reg__188: 
reg__484: 
reg__226: 
reg__202: 
reg__432: 
reg__399: 
logic__140: 
keep__3: 
logic__902: 
ila_v6_2_11_ila: 
logic__45: 
reg__265: 
reg__180: 
keep__113: 
reg__466: 
reg__576: 
BASIC_priority_branch_OR_l_0_0: 
logic__385: 
BASIC_util_vector_logic_2_2: 
reg__418: 
BASIC_pc_to_imem_addr_0_0: 
datapath__10: 
logic__397: 
RV32I_ROM_MEMORY_imp_X8L5SE: 
reg__538: 
reg__203: 
reg__426: 
xsdbs_v1_0_2_reg__parameterized15: 
keep__52: 
case__201: 
reg__291: 
keep__147: 
logic__340: 
logic__168: 
keep__62: 
reg__470: 
case__149: 
reg__109: 
case__355: 
datapath__48: 
datapath__31: 
keep__105: 
reg__352: 
case__128: 
logic__872: 
logic__663: 
logic__270: 
muxpart__28: 
logic__354: 
logic__440: 
xsdbs_v1_0_2_reg__parameterized1: 
reg__50: 
keep__145: 
logic__147: 
BASIC_decoder_0_0: 
muxpart__8: 
reg__164: 
reg__276: 
keep__76: 
reg__178: 
logic__860: 
reg__365: 
datapath__29: 
case__124: 
reg__3: 
logic__1098: 
logic__985: 
xsdbs_v1_0_2_reg__parameterized21: 
keep__164: 
logic__179: 
case__46: 
case__195: 
logic__90: 
case__262: 
blk_mem_gen_v8_4_4_blk_mem_gen_top__parameterized0: 
logic__1248: 
reg__553: 
reg__444: 
xsdbs_v1_0_2_reg__parameterized33: 
vio_v3_0_19_probe_out_all: 
datapath__21: 
reg__207: 
ila_v6_2_11_ila_cap_ctrl_legacy: 
BASIC_xlconstant_0_0: 
muxpart__42: 
case__237: 
logic__438: 
reg__232: 
case__319: 
logic__178: 
case__243: 
logic__713: 
muxpart__10: 
reg__40: 
case__210: 
reg__588: 
reg__587: 
case__256: 
logic__1030: 
xsdbs_v1_0_2_reg__parameterized8: 
case__313: 
reg__318: 
logic__342: 
logic__525: 
case__316: 
keep__2: 
keep__64: 
logic__552: 
reg__100: 
logic__635: 
case__16: 
logic__729: 
case__169: 
case__277: 
case__294: 
case__293: 
logic__176: 
xsdbs_v1_0_2_reg__parameterized41: 
logic__491: 
muxpart__98: 
logic__1079: 
case__218: 
reg__197: 
counter__10: 
ltlib_v1_0_0_allx_typeA__parameterized2: 
reg__438: 
xsdbs_v1_0_2_reg_p2s__parameterized3: 
logic__444: 
logic__315: 
muxpart__58: 
case__227: 
reg__1: 
logic__1112: 
logic__476: 
reg__122: 
logic__317: 
muxpart__91: 
logic__1203: 
reg__411: 
reg__513: 
keep__101: 
logic__180: 
keep__51: 
logic__719: 
logic__564: 
BASIC_util_vector_logic_7_0: 
logic__1167: 
keep__107: 
BASIC_util_vector_logic_10_2: 
logic__900: 
logic__261: 
logic__158: 
logic__151: 
GPIO_imp_GTDX3I: 
logic__1207: 
reg__485: 
logic__517: 
xsdbs_v1_0_2_reg__parameterized12: 
reg__35: 
logic__467: 
logic__297: 
case__47: 
case__115: 
logic__845: 
logic__955: 
xsdbs_v1_0_2_reg__parameterized0: 
keep__8: 
BASIC_ex_mem_reg_1_0: 
blk_mem_gen_v8_4_4_blk_mem_output_block: 
muxpart__47: 
case__251: 
logic__170: 
case__171: 
keep__12: 
logic__1253: 
keep__122: 
reg__480: 
operand_a_mux: 
case__8: 
TIMER_imp_1X1AELV: 
logic__894: 
logic__408: 
case__114: 
reg__5: 
xsdbs_v1_0_2_reg__parameterized40: 
reg__209: 
if_id_reg: 
counter__7: 
BASIC_util_vector_logic_6_0: 
reg__222: 
logic__940: 
reg__251: 
reg__505: 
logic__708: 
reg__408: 
xsdbs_v1_0_2_reg_p2s__parameterized0: 
logic__359: 
logic__483: 
case__257: 
case__202: 
case__84: 
xsdbs_v1_0_2_reg_stat: 
reg__93: 
keep__20: 
logic__457: 
reg__503: 
case__22: 
reg__252: 
muxpart__70: 
logic__605: 
logic__281: 
case__87: 
logic__336: 
logic__325: 
ltlib_v1_0_0_rising_edge_detection: 
reg__46: 
logic__567: 
keep__163: 
logic__206: 
logic__341: 
reg__25: 
logic__435: 
case__197: 
logic__1225: 
logic__574: 
xsdbs_v1_0_2_reg__parameterized9: 
logic__376: 
reg__494: 
reg__146: 
case__249: 
reg__231: 
case__345: 
reg__425: 
reg__421: 
reg__45: 
case__338: 
logic__212: 
logic__346: 
logic__606: 
logic__231: 
reg__192: 
muxpart__44: 
reg__145: 
reg__170: 
reg__241: 
case__76: 
case__70: 
reg__430: 
datapath__32: 
muxpart__46: 
keep__158: 
vio_v3_0_19_probe_out_one: 
logic__164: 
reg__573: 
muxpart__39: 
case__41: 
logic__328: 
reg__507: 
keep__56: 
reg__422: 
xsdbs_v1_0_2_reg__parameterized18: 
reg__443: 
reg__47: 
reg__215: 
logic__264: 
xsdbs_v1_0_2_reg__parameterized39: 
logic__546: 
case__83: 
case__250: 
datapath__25: 
keep__80: 
reg__386: 
logic__749: 
reg__200: 
reg__583: 
keep__79: 
logic__846: 
reg__258: 
reg__43: 
reg__328: 
reg__53: 
reg__517: 
case__140: 
keep__125: 
logic__198: 
reg__540: 
muxpart__63: 
case__248: 
logic__763: 
wb_mux: 
reg__335: 
reg__317: 
logic__343: 
reg__342: 
logic__1251: 
reg__571: 
logic__459: 
reg__125: 
keep__172: 
logic__544: 
reg__344: 
case__10: 
reg__123: 
logic__513: 
reg__440: 
xlconcat_v2_1_3_xlconcat: 
logic__571: 
case__69: 
logic__379: 
case__187: 
reg__102: 
reg__290: 
reg__550: 
muxpart__53: 
reg__64: 
keep__109: 
logic__247: 
logic__1050: 
reg__589: 
case__315: 
reg__475: 
case__351: 
case__119: 
keep__53: 
case__254: 
reg__515: 
xsdbs_v1_0_2_reg_ctl__parameterized1: 
case__214: 
regfile: 
case__247: 
reg__173: 
logic__592: 
case__255: 
keep__151: 
keep__40: 
reg__12: 
reg__369: 
logic__256: 
xsdbs_v1_0_2_reg__parameterized32: 
reg__590: 
logic__732: 
reg__520: 
logic__816: 
csr_regfile_wb_mux: 
logic__762: 
reg__409: 
logic__213: 
reg__272: 
reg__384: 
reg__227: 
logic__242: 
keep__27: 
logic__604: 
logic__260: 
muxpart__57: 
logic__815: 
logic__766: 
reg__279: 
keep__30: 
logic__1215: 
reg__575: 
logic__344: 
logic__537: 
reg__579: 
logic__287: 
reg__121: 
logic__970: 
keep__73: 
keep__47: 
logic__553: 
logic__124: 
logic__852: 
logic__632: 
reg__74: 
logic__327: 
muxpart__9: 
case__139: 
datapath__16: 
logic__409: 
reg__154: 
logic__569: 
signinv: 
logic__434: 
reg__455: 
logic__475: 
reg__562: 
keep__19: 
reg__51: 
logic__190: 
xsdbs_v1_0_2_reg_p2s__parameterized2: 
reg__208: 
case__322: 
logic__86: 
logic__396: 
logic__413: 
keep__148: 
logic__235: 
case__188: 
ltlib_v1_0_0_all_typeA_slice__parameterized0: 
case__141: 
reg__22: 
logic__248: 
logic__1189: 
keep__54: 
reg__305: 
reg__14: 
muxpart__51: 
reg__172: 
keep__106: 
keep__91: 
muxpart__102: 
muxpart__69: 
logic__1031: 
ltlib_v1_0_0_allx_typeA: 
logic__776: 
reg__302: 
case__43: 
logic__182: 
muxpart__52: 
case__153: 
case__354: 
logic__1006: 
reg__338: 
case__37: 
case__110: 
reg__54: 
reg__297: 
reg__506: 
reg__477: 
keep__5: 
reg__108: 
logic__193: 
reg__578: 
keep__136: 
reg__57: 
logic__6: 
reg__324: 
xsdbs_v1_0_2_reg__parameterized42: 
datapath__46: 
BASIC_imm_mux_0_0: 
reg__49: 
reg__39: 
case__175: 
logic__634: 
logic__155: 
reg__277: 
logic__576: 
keep__92: 
reg__294: 
muxpart__48: 
reg__269: 
xsdbs_v1_0_2_xsdbs: 
logic__251: 
logic__1071: 
reg__500: 
keep__165: 
reg__137: 
case__13: 
case__236: 
reg__284: 
blk_mem_gen_v8_4_4_blk_mem_gen_prim_wrapper__parameterized0: 
logic__568: 
logic__363: 
logic__211: 
case__242: 
keep__168: 
logic__480: 
logic__789: 
reg__68: 
logic__1177: 
case__235: 
case__105: 
case__25: 
logic__192: 
keep__128: 
case__220: 
logic__76: 
case__126: 
muxpart__95: 
logic__407: 
xsdbs_v1_0_2_reg__parameterized26: 
system_decoder: 
logic__364: 
logic__1211: 
logic__207: 
reg__96: 
case__270: 
logic__415: 
reg__18: 
reg__322: 
logic__1247: 
case__318: 
logic__1084: 
case__103: 
logic__365: 
logic__253: 
datapath__41: 
reg__142: 
xsdbs_v1_0_2_reg__parameterized45: 
logic__790: 
logic__1230: 
reg__38: 
BASIC_xlconstant_2_0: 
logic__111: 
xsdbs_v1_0_2_reg_p2s__parameterized1: 
muxpart__12: 
keep__45: 
ila_v6_2_11_ila_trigger: 
reg__310: 
reg__29: 
reg__391: 
logic__443: 
blk_mem_gen_v8_4_4_blk_mem_gen_prim_wrapper_init__parameterized0: 
reg__115: 
keep__55: 
case__94: 
BASIC_util_vector_logic_8_0: 
reg__593: 
reg__127: 
case__9: 
logic__575: 
reg__156: 
logic__380: 
reg__190: 
reg__567: 
case__44: 
BASIC_gpio_0_0: 
muxpart__22: 
logic__648: 
logic__534: 
logic__401: 
logic__431: 
reg__307: 
reg__263: 
keep__58: 
logic__492: 
load_use_detection: 
logic__532: 
logic__292: 
reg__563: 
case__298: 
logic__391: 
logic__280: 
reg__528: 
reg__278: 
logic__334: 
case__281: 
reg__247: 
case__348: 
reg__193: 
logic__371: 
logic__386: 
reg__489: 
logic__274: 
logic__1255: 
logic__347: 
reg__221: 
xsdbs_v1_0_2_reg__parameterized43: 
reg__416: 
logic__367: 
keep__75: 
reg__78: 
logic__566: 
reg__175: 
blk_mem_gen_v8_4_4_blk_mem_output_block__parameterized0: 
datapath__12: 
reg__161: 
logic__420: 
keep__22: 
reg__402: 
case__64: 
reg__331: 
case__291: 
case__56: 
logic__447: 
case__173: 
reg__181: 
logic__633: 
logic__309: 
logic__152: 
case__150: 
reg__304: 
logic__311: 
logic__1196: 
keep__78: 
reg__283: 
reg__31: 
datapath__44: 
xsdbs_v1_0_2_reg_p2s: 
keep__65: 
case__207: 
logic__562: 
reg__48: 
muxpart__33: 
case__68: 
reg__160: 
logic__118: 
keep__162: 
ltlib_v1_0_0_allx_typeA__parameterized0: 
counter__9: 
logic__11: 
RV32I_MEM_imp_12Q40FU: 
muxpart__14: 
logic__1221: 
logic__454: 
keep__140: 
BASIC_zynq_ultra_ps_e_0_0: 
keep__81: 
logic__169: 
datapath__13: 
reg__412: 
logic__234: 
xsdbs_v1_0_2_reg__parameterized44: 
keep__66: 
keep__9: 
reg__584: 
logic__712: 
case__279: 
case__225: 
logic__217: 
xlconstant_v1_1_7_xlconstant__parameterized0: 
case__55: 
reg__569: 
case__135: 
case__57: 
case__288: 
BASIC_xlconstant_3_3: 
BASIC_csr_access_unit_0_0: 
logic__167: 
logic__173: 
reg__76: 
reg__62: 
reg__266: 
reg__157: 
muxpart__6: 
logic__857: 
reg__407: 
reg__171: 
logic__165: 
case__168: 
BASIC_mem_wb_reg_0_0: 
logic__1004: 
logic__377: 
BASIC_trap_controller_0_0: 
reg__379: 
case__111: 
keep__29: 
keep__4: 
counter__8: 
datapath__37: 
logic__126: 
logic__421: 
case__183: 
case__285: 
RV32I_IF_imp_136QK4M: 
reg__177: 
logic__283: 
logic__199: 
case__96: 
reg__524: 
keep__41: 
BASIC_control_0_0: 
reg__151: 
reg__333: 
logic__221: 
logic__282: 
keep__167: 
logic__1110: 
xsdbs_v1_0_2_reg__parameterized11: 
logic__1005: 
BASIC_ram_data_1_0: 
reg__456: 
case__79: 
keep__166: 
case__310: 
csr_access_unit: 
reg__111: 
logic__858: 
muxpart__54: 
case__134: 
case__300: 
reg__165: 
logic__383: 
case__157: 
reg__37: 
BASIC_timer_0_0: 
reg__257: 
muxpart__4: 
reg__223: 
logic__1241: 
reg__287: 
case__3: 
logic__1204: 
logic__968: 
xsdbs_v1_0_2_reg_p2s__parameterized5: 
reg__439: 
logic__275: 
logic__307: 
case__241: 
logic__209: 
logic__646: 
logic__1224: 
muxpart__29: 
reg__19: 
logic__66: 
logic__867: 
blk_mem_gen_v8_4_4__parameterized0: 
case__177: 
case__264: 
keep__116: 
reg__518: 
case__182: 
logic__829: 
reg__112: 
reg__549: 
reg__471: 
reg__390: 
reg__370: 
case__38: 
reg__24: 
logic__61: 
reg__212: 
reg__361: 
logic__230: 
reg__191: 
keep__72: 
xsdbs_v1_0_2_reg__parameterized16: 
reg__225: 
case__226: 
logic__1202: 
case__317: 
logic__330: 
keep__112: 
keep__21: 
datapath__51: 
BASIC_pc_unit_0_0: 
case__170: 
case__11: 
keep__129: 
logic__685: 
case__280: 
keep__103: 
logic__705: 
logic__353: 
keep__119: 
logic__1160: 
reg__462: 
case__344: 
reg__4: 
logic__485: 
logic__526: 
keep__143: 
case__305: 
reg__394: 
keep__87: 
reg__424: 
case__152: 
case__90: 
logic__272: 
logic__437: 
logic__1190: 
logic__149: 
MMIO_imp_LNKWBU: 
reg__116: 
lpf: 
reg__392: 
case__192: 
reg__130: 
logic__855: 
reg__224: 
case__223: 
logic__607: 
blk_mem_gen_v8_4_4_blk_mem_input_block: 
logic__142: 
reg__107: 
case__343: 
logic__948: 
reg__557: 
logic__926: 
reg__103: 
logic: 
reg__7: 
reg__27: 
reg__514: 
reg__493: 
keep__108: 
logic__191: 
logic__291: 
muxpart__2: 
reg__383: 
case__199: 
logic__1011: 
reg: 
reg__388: 
BASIC_load_use_detection_0_0: 
reg__378: 
reg__548: 
case__295: 
reg__242: 
reg__15: 
case__352: 
case__309: 
case__230: 
reg__243: 
logic__402: 
reg__8: 
reg__184: 
keep__149: 
keep__123: 
logic__1037: 
ltlib_v1_0_0_all_typeA: 
logic__751: 
muxpart__16: 
case__67: 
imm_mux: 
reg__491: 
keep__44: 
logic__331: 
case__239: 
case__204: 
logic__418: 
reg__158: 
reg__532: 
reg__398: 
datapath__22: 
logic__461: 
counter: 
muxpart__103: 
keep__99: 
muxpart__20: 
logic__143: 
logic__1208: 
case__221: 
logic__323: 
keep__146: 
case__273: 
logic__543: 
reg__99: 
logic__538: 
logic__834: 
datapath__28: 
extram__4: 
reg__285: 
logic__390: 
keep__94: 
logic__436: 
reg__235: 
keep__26: 
case__205: 
logic__324: 
case__63: 
reg__106: 
reg__135: 
reg__400: 
logic__960: 
ila_v6_2_11_ila_cap_sample_counter: 
ltlib_v1_0_0_match__parameterized2: 
reg__364: 
reg__300: 
blk_mem_gen_v8_4_4_blk_mem_gen_prim_wrapper: 
logic__246: 
logic__424: 
logic__326: 
reg__52: 
logic__412: 
reg__442: 
logic__266: 
case__353: 
logic__871: 
case__228: 
BASIC_regfile_we_gen_0_0: 
logic__417: 
xsdbs_v1_0_2_reg__parameterized34: 
proc_sys_reset: 
reg__474: 
reg__512: 
datapath__1: 
BASIC_regfile_0_0: 
reg__169: 
muxpart__64: 
logic__854: 
keep__127: 
case__290: 
keep__141: 
reg__501: 
logic__750: 
reg__179: 
datapath: 
reg__85: 
keep__23: 
keep__90: 
reg__340: 
reg__148: 
logic__430: 
case__275: 
case__209: 
logic__224: 
logic__229: 
logic__19: 
reg__585: 
logic__837: 
keep__35: 
reg__36: 
keep__135: 
case__311: 
logic__682: 
logic__882: 
case__167: 
logic__560: 
logic__267: 
muxpart__49: 
logic__303: 
logic__423: 
keep__39: 
reg__325: 
case__185: 
logic__414: 
logic__104: 
reg__509: 
reg__308: 
logic__318: 
reg__70: 
logic__382: 
logic__1081: 
keep__82: 
logic__541: 
reg__149: 
keep__142: 
reg__433: 
logic__202: 
logic__866: 
reg__459: 
case__58: 
reg__296: 
logic__460: 
logic__1172: 
keep__17: 
reg__373: 
case__212: 
case__339: 
logic__463: 
reg__271: 
logic__1061: 
reg__256: 
reg__495: 
keep__67: 
reg__11: 
counter__4: 
reg__66: 
logic__236: 
keep__46: 
counter__1: 
logic__868: 
BASIC_blk_mem_gen_0_0: 
case__213: 
reg__58: 
reg__233: 
reg__452: 
datapath__14: 
case__145: 
reg__592: 
reg__301: 
reg__119: 
muxpart__76: 
logic__1099: 
BASIC_vio_0_0: 
case__34: 
logic__241: 
logic__791: 
blk_mem_gen_v8_4_4: 
PRIVILEGED_imp_TDUXP9: 
muxpart__38: 
case__278: 
keep__24: 
reg__133: 
logic__405: 
logic__1032: 
logic__335: 
logic__2: 
logic__360: 
logic__132: 
reg__150: 
extram: 
muxpart__60: 
reg__267: 
logic__25: 
reg__428: 
case__50: 
case__17: 
logic__1035: 
datapath__26: 
logic__159: 
reg__487: 
logic__530: 
logic__1086: 
case__304: 
logic__660: 
datapath__33: 
logic__48: 
case__81: 
logic__339: 
reg__478: 
logic__172: 
branch_predictor_btb_bht: 
reg__537: 
logic__662: 
xsdbs_v1_0_2_reg__parameterized36: 
muxpart__13: 
xsdbs_v1_0_2_reg__parameterized10: 
logic__1236: 
keep__95: 
reg__34: 
reg__73: 
logic__200: 
xsdbs_v1_0_2_reg__parameterized46: 
reg__476: 
case__132: 
logic__1175: 
reg__41: 
logic__244: 
reg__86: 
reg__387: 
logic__285: 
reg__44: 
BASIC_mem_stage_0_0: 
case__253: 
reg__84: 
datapath__50: 
case__102: 
reg__351: 
logic__387: 
case__184: 
keep__144: 
logic__148: 
ltlib_v1_0_0_match: 
reg__396: 
case__161: 
case__100: 
muxpart__45: 
reg__581: 
timer: 
logic__903: 
logic__276: 
logic__273: 
reg__13: 
logic__1243: 
muxpart__93: 
case__350: 
case__156: 
reg__312: 
blk_mem_gen_v8_4_4_blk_mem_gen_top: 
logic__259: 
reg__218: 
xsdbs_v1_0_2_reg__parameterized27: 
reg__374: 
logic__298: 
reg__288: 
muxpart__41: 
logic__161: 
reg__343: 
reg__89: 
case__341: 
logic__875: 
logic__226: 
logic__24: 
muxpart__67: 
reg__147: 
muxpart__61: 
reg__419: 
keep__130: 
case__71: 
reg__91: 
case__320: 
reg__69: 
reg__376: 
reg__536: 
blk_mem_gen_v8_4_4_blk_mem_gen_prim_width: 
logic__565: 
forwarding: 
reg__570: 
case__217: 
case__91: 
xlslice_v1_0_2_xlslice: 
case__308: 
logic__183: 
case__165: 
keep__83: 
logic__618: 
BASIC_forward_mux_0_0: 
case__26: 
logic__116: 
logic__290: 
logic__840: 
reg__453: 
reg__195: 
case__133: 
logic__351: 
case__267: 
reg__295: 
reg__153: 
muxpart__68: 
reg__10: 
reg__436: 
csr_file: 
ltlib_v1_0_0_all_typeA_slice__parameterized1: 
case__206: 
logic__357: 
mem_wb_reg: 
reg__314: 
priority_branch_OR_load_use: 
reg__346: 
case__164: 
reg__71: 
case__266: 
logic__372: 
BASIC_privileged_pc_redire_0_0: 
reg__446: 
logic__755: 
logic__356: 
reg__541: 
blk_mem_gen_v8_4_4_blk_mem_gen_prim_width__parameterized2: 
logic__1235: 
case__48: 
datapath__5: 
case__138: 
case__271: 
logic__851: 
reg__410: 
case__35: 
muxpart__100: 
logic__278: 
logic__580: 
reg__81: 
keep__34: 
BASIC_forward_mux_1_0: 
xsdbs_v1_0_2_reg__parameterized22: 
reg__185: 
reg__315: 
reg__230: 
logic__794: 
addsub: 
BASIC_mem_bus_registered_0_0: 
muxpart__5: 
reg__67: 
reg__332: 
keep__126: 
reg__465: 
logic__400: 
muxpart__18: 
case__342: 
logic__558: 
logic__208: 
case__6: 
BASIC_ila_0_0: 
logic__50: 
logic__355: 
muxpart__23: 
xsdbs_v1_0_2_reg__parameterized24: 
case__162: 
logic__222: 
xsdbs_v1_0_2_reg__parameterized47: 
keep__10: 
keep__14: 
reg__582: 
reg__330: 
logic__145: 
logic__289: 
reg__572: 
reg__457: 
case__32: 
reg__286: 
xsdbs_v1_0_2_xsdbs__parameterized0: 
reg__381: 
case__53: 
logic__265: 
reg__481: 
logic__535: 
logic__388: 
muxpart__15: 
reg__467: 
logic__494: 
case__108: 
reg__117: 
case__232: 
reg__211: 
logic__925: 
datapath__36: 
logic__1252: 
muxpart__77: 
reg__126: 
case__346: 
BASIC_util_vector_logic_10_1: 
blk_mem_gen_v8_4_4_blk_mem_gen_prim_width__parameterized1: 
case__193: 
BASIC_operand_b_mux_0_0: 
logic__156: 
keep__169: 
logic__1072: 
reg__33: 
util_vector_logic_v2_0_1_util_vector_logic: 
reg__336: 
case__66: 
case__92: 
keep__74: 
reg__299: 
logic__877: 
reg__350: 
reg__380: 
reg__199: 
xsdbs_v1_0_2_reg_stream: 
reg__201: 
counter__6: 
logic__28: 
BASIC_proc_sys_reset_0_0: 
logic__254: 
xsdbs_v1_0_2_reg__parameterized28: 
RV32I_RAM_MEMORY_imp_1A3BT4W: 
reg__248: 
reg__249: 
case__39: 
reg__521: 
logic__210: 
keep__57: 
reg__60: 
logic__268: 
keep__18: 
xsdbs_v1_0_2_reg__parameterized35: 
logic__451: 
logic__333: 
reg__97: 
case__72: 
case__158: 
logic__1238: 
reg__406: 
BASIC_util_vector_logic_1_0: 
logic__252: 
logic__998: 
datapath__45: 
case__301: 
logic__258: 
keep__111: 
logic__98: 
logic__284: 
case__306: 
reg__88: 
logic__590: 
reg__80: 
reg__228: 
case__347: 
case__51: 
logic__1073: 
logic__40: 
logic__174: 
reg__356: 
reg__375: 
keep__160: 
muxpart__43: 
logic__853: 
keep__6: 
logic__406: 
case__27: 
logic__26: 
logic__71: 
case__89: 
reg__533: 
logic__453: 
logic__677: 
logic__1074: 
BASIC_forward_mux_0_1: 
case__20: 
keep__152: 
case__359: 
logic__1090: 
keep__36: 
logic__197: 
BASIC_util_vector_logic_0_1: 
reg__240: 
logic__223: 
logic__369: 
logic__316: 
ex_mem_reg: 
logic__240: 
case__116: 
case__289: 
blk_mem_gen_v8_4_4_blk_mem_gen_generic_cstr__parameterized0: 
logic__279: 
case__337: 
reg__385: 
case__198: 
reg__118: 
reg__21: 
reg__155: 
reg__216: 
