rm -f results.xml
"make" -f Makefile results.xml
make[1]: se entra en el directorio '/media/steckler/xilinx_linux/RISCV_ZYNQ/V2/RVI20U32/RV32I_COCOTB/COCOTB'
/home/steckler/.local/lib/python3.6/site-packages/cocotb_tools/makefiles/simulators/Makefile.icarus:65: Using MODULE is deprecated, please use COCOTB_TEST_MODULES instead.
rm -f results.xml
COCOTB_TEST_MODULES=regression COCOTB_TESTCASE= COCOTB_TEST_FILTER= COCOTB_TOPLEVEL=RISCV_COCOTB_wrapper TOPLEVEL_LANG=verilog \
         /usr/bin/vvp -M /home/steckler/.local/lib/python3.6/site-packages/cocotb/libs -m libcocotbvpi_icarus   sim_build/sim.vvp   
     -.--ns INFO     gpi                                ..mbed/gpi_embed.cpp:94   in _embed_init_python              Using Python 3.6.15 interpreter at /usr/bin/python3
     -.--ns INFO     gpi                                ../gpi/GpiCommon.cpp:79   in gpi_print_registered_impl       VPI registered
     0.00ns INFO     cocotb                             Running on Icarus Verilog version 10.1 (stable)
     0.00ns WARNING  gpi                                vpi_iterate returned NULL for type vpiInstance for object NULL
     0.00ns INFO     cocotb                             Seeding Python random module with 1780617442
     0.00ns INFO     cocotb                             Initialized cocotb v2.0.1 from /home/steckler/.local/lib/python3.6/site-packages/cocotb
     0.00ns INFO     cocotb.regression                  pytest not found, install it to enable better AssertionError messages
     0.00ns INFO     cocotb                             Running tests
     0.00ns INFO     cocotb.regression                  running regression.regression (1/1)
     0.00ns INFO     cocotb.RISCV_COCOTB_wrapper        TEST_NAME = rv32ui-p-add
   140.00ns INFO     cocotb.RISCV_COCOTB_wrapper        DEBUG inicial después de reset:
   140.00ns INFO     cocotb.RISCV_COCOTB_wrapper        ========== DEBUG STATE ==========
   140.00ns INFO     cocotb.RISCV_COCOTB_wrapper        PC_IF: 0x80000050
   140.00ns INFO     cocotb.RISCV_COCOTB_wrapper        EX_PC: 0x00000000
   140.00ns INFO     cocotb.RISCV_COCOTB_wrapper        EX_INSTR: 0x00000013
   140.00ns INFO     cocotb.RISCV_COCOTB_wrapper        DMEM_ADDR: 0x00000000
   140.00ns INFO     cocotb.RISCV_COCOTB_wrapper        DMEM_WDATA: 0x00000000
   140.00ns INFO     cocotb.RISCV_COCOTB_wrapper        ROM_ADDR: 0x00000014
   140.00ns INFO     cocotb.RISCV_COCOTB_wrapper        ROM_DOUT: 0x03FF0863
   140.00ns INFO     cocotb.RISCV_COCOTB_wrapper        IF_ID_INSTR: 0x00000013
   140.00ns INFO     cocotb.RISCV_COCOTB_wrapper        IF_ID_PC: 0x00000000
   140.00ns WARNING  gpi                                VPI: Not able to map type vpiFunction(20) to object.
   140.00ns WARNING  gpi                                Unable to create apply_be via any registered implementation
   140.00ns INFO     cocotb.RISCV_COCOTB_wrapper        X3_GP: NO_ENCONTRADA
   140.00ns INFO     cocotb.RISCV_COCOTB_wrapper        X4_TP: NO_ENCONTRADA
   140.00ns INFO     cocotb.RISCV_COCOTB_wrapper        X5_T0: NO_ENCONTRADA
   140.00ns INFO     cocotb.RISCV_COCOTB_wrapper        EX_VALID: 0
   140.00ns INFO     cocotb.RISCV_COCOTB_wrapper        EX_ILLEGAL: 0
   140.00ns INFO     cocotb.RISCV_COCOTB_wrapper        EX_EXCEPTION_VALID: 0
   140.00ns INFO     cocotb.RISCV_COCOTB_wrapper        MEM_EXCEPTION_VALID: 0
   140.00ns INFO     cocotb.RISCV_COCOTB_wrapper        TRAP_ENTER: 0
   140.00ns INFO     cocotb.RISCV_COCOTB_wrapper        TRAP_FLUSH: 0
   140.00ns INFO     cocotb.RISCV_COCOTB_wrapper        PC_EN: 1
   140.00ns INFO     cocotb.RISCV_COCOTB_wrapper        STALL: 0
   140.00ns INFO     cocotb.RISCV_COCOTB_wrapper        FLUSH: 0
   140.00ns INFO     cocotb.RISCV_COCOTB_wrapper        IF_ID_HOLD: 0
   140.00ns INFO     cocotb.RISCV_COCOTB_wrapper        =================================
   140.00ns INFO     cocotb.RISCV_COCOTB_wrapper        Detectando PASS/FAIL oficial también por gp/x3
   140.00ns INFO     cocotb.RISCV_COCOTB_wrapper        Esperando PASS/FAIL oficial RISC-V...
   140.00ns INFO     cocotb.RISCV_COCOTB_wrapper        TOHOST_ADDRS = 0x80001000, 0x00001000
   150.00ns INFO     cocotb.RISCV_COCOTB_wrapper        [GP_WRITE] cycle=0 gp <= 0x00000000
   150.00ns INFO     cocotb.RISCV_COCOTB_wrapper        [cycle=0] PIPE PC=0x80000058 ROM_ADDR=0x00000016 ROM_DOUT=0x00000113 IF_ID_INSTR=0x00000013 IF_ID_PC=0x00000000 EX_PC=0x00000000 EX_INSTR=0x00000013 EX_VALID=0 OP3_STALL_NET=0 MEM_STALL_REQ_TOP=0 MEM_STAGE_STALL_REQ=0 IF_STALL=0 PC_EN=1 HOLD=0 FLUSH=0 BUBBLE=0 DMEM_VALID=0 DMEM_WE=0 DMEM_ADDR=0x00000000 DMEM_WDATA=0x00000000 
   160.00ns INFO     cocotb.RISCV_COCOTB_wrapper        [cycle=1] PIPE PC=0x8000005C ROM_ADDR=0x00000017 ROM_DOUT=0x00000193 IF_ID_INSTR=0x00000013 IF_ID_PC=0x00000000 EX_PC=0x00000000 EX_INSTR=0x00000013 EX_VALID=0 OP3_STALL_NET=0 MEM_STALL_REQ_TOP=0 MEM_STAGE_STALL_REQ=0 IF_STALL=0 PC_EN=1 HOLD=0 FLUSH=0 BUBBLE=0 DMEM_VALID=0 DMEM_WE=0 DMEM_ADDR=0x00000000 DMEM_WDATA=0x00000000 
   170.00ns INFO     cocotb.RISCV_COCOTB_wrapper        [cycle=2] PIPE PC=0x80000060 ROM_ADDR=0x00000018 ROM_DOUT=0x00000213 IF_ID_INSTR=0x00000013 IF_ID_PC=0x00000000 EX_PC=0x00000000 EX_INSTR=0x00000013 EX_VALID=0 OP3_STALL_NET=0 MEM_STALL_REQ_TOP=0 MEM_STAGE_STALL_REQ=0 IF_STALL=0 PC_EN=1 HOLD=0 FLUSH=0 BUBBLE=0 DMEM_VALID=0 DMEM_WE=0 DMEM_ADDR=0x00000000 DMEM_WDATA=0x00000000 
   180.00ns INFO     cocotb.RISCV_COCOTB_wrapper        [cycle=3] PIPE PC=0x80000064 ROM_ADDR=0x00000019 ROM_DOUT=0x00000293 IF_ID_INSTR=0x00000213 IF_ID_PC=0x8000005C EX_PC=0x00000000 EX_INSTR=0x00000013 EX_VALID=0 OP3_STALL_NET=0 MEM_STALL_REQ_TOP=0 MEM_STAGE_STALL_REQ=0 IF_STALL=0 PC_EN=1 HOLD=0 FLUSH=0 BUBBLE=0 DMEM_VALID=0 DMEM_WE=0 DMEM_ADDR=0x00000000 DMEM_WDATA=0x00000000 
   190.00ns INFO     cocotb.RISCV_COCOTB_wrapper        [cycle=4] PIPE PC=0x80000068 ROM_ADDR=0x0000001A ROM_DOUT=0x00000313 IF_ID_INSTR=0x00000293 IF_ID_PC=0x80000060 EX_PC=0x8000005C EX_INSTR=0x00000213 EX_VALID=1 OP3_STALL_NET=0 MEM_STALL_REQ_TOP=0 MEM_STAGE_STALL_REQ=0 IF_STALL=0 PC_EN=1 HOLD=0 FLUSH=0 BUBBLE=0 DMEM_VALID=0 DMEM_WE=0 DMEM_ADDR=0x00000000 DMEM_WDATA=0x00000000 
   200.00ns INFO     cocotb.RISCV_COCOTB_wrapper        [cycle=5] PIPE PC=0x8000006C ROM_ADDR=0x0000001B ROM_DOUT=0x00000393 IF_ID_INSTR=0x00000313 IF_ID_PC=0x80000064 EX_PC=0x80000060 EX_INSTR=0x00000293 EX_VALID=1 OP3_STALL_NET=0 MEM_STALL_REQ_TOP=0 MEM_STAGE_STALL_REQ=0 IF_STALL=0 PC_EN=1 HOLD=0 FLUSH=0 BUBBLE=0 DMEM_VALID=0 DMEM_WE=0 DMEM_ADDR=0x00000000 DMEM_WDATA=0x00000000 
   210.00ns INFO     cocotb.RISCV_COCOTB_wrapper        [cycle=6] PIPE PC=0x80000070 ROM_ADDR=0x0000001C ROM_DOUT=0x00000413 IF_ID_INSTR=0x00000393 IF_ID_PC=0x80000068 EX_PC=0x80000064 EX_INSTR=0x00000313 EX_VALID=1 OP3_STALL_NET=0 MEM_STALL_REQ_TOP=0 MEM_STAGE_STALL_REQ=0 IF_STALL=0 PC_EN=1 HOLD=0 FLUSH=0 BUBBLE=0 DMEM_VALID=0 DMEM_WE=0 DMEM_ADDR=0x00000000 DMEM_WDATA=0x00000000 
   220.00ns INFO     cocotb.RISCV_COCOTB_wrapper        [cycle=7] PIPE PC=0x80000074 ROM_ADDR=0x0000001D ROM_DOUT=0x00000493 IF_ID_INSTR=0x00000413 IF_ID_PC=0x8000006C EX_PC=0x80000068 EX_INSTR=0x00000393 EX_VALID=1 OP3_STALL_NET=0 MEM_STALL_REQ_TOP=0 MEM_STAGE_STALL_REQ=0 IF_STALL=0 PC_EN=1 HOLD=0 FLUSH=0 BUBBLE=0 DMEM_VALID=0 DMEM_WE=0 DMEM_ADDR=0x00000000 DMEM_WDATA=0x00000000 
   230.00ns INFO     cocotb.RISCV_COCOTB_wrapper        [cycle=8] PIPE PC=0x80000078 ROM_ADDR=0x0000001E ROM_DOUT=0x00000513 IF_ID_INSTR=0x00000493 IF_ID_PC=0x80000070 EX_PC=0x8000006C EX_INSTR=0x00000413 EX_VALID=1 OP3_STALL_NET=0 MEM_STALL_REQ_TOP=0 MEM_STAGE_STALL_REQ=0 IF_STALL=0 PC_EN=1 HOLD=0 FLUSH=0 BUBBLE=0 DMEM_VALID=0 DMEM_WE=0 DMEM_ADDR=0x00000000 DMEM_WDATA=0x00000000 
   240.00ns INFO     cocotb.RISCV_COCOTB_wrapper        [cycle=9] PIPE PC=0x8000007C ROM_ADDR=0x0000001F ROM_DOUT=0x00000593 IF_ID_INSTR=0x00000513 IF_ID_PC=0x80000074 EX_PC=0x80000070 EX_INSTR=0x00000493 EX_VALID=1 OP3_STALL_NET=0 MEM_STALL_REQ_TOP=0 MEM_STAGE_STALL_REQ=0 IF_STALL=0 PC_EN=1 HOLD=0 FLUSH=0 BUBBLE=0 DMEM_VALID=0 DMEM_WE=0 DMEM_ADDR=0x00000000 DMEM_WDATA=0x00000000 
   250.00ns INFO     cocotb.RISCV_COCOTB_wrapper        [cycle=10] PIPE PC=0x80000080 ROM_ADDR=0x00000020 ROM_DOUT=0x00000613 IF_ID_INSTR=0x00000593 IF_ID_PC=0x80000078 EX_PC=0x80000074 EX_INSTR=0x00000513 EX_VALID=1 OP3_STALL_NET=0 MEM_STALL_REQ_TOP=0 MEM_STAGE_STALL_REQ=0 IF_STALL=0 PC_EN=1 HOLD=0 FLUSH=0 BUBBLE=0 DMEM_VALID=0 DMEM_WE=0 DMEM_ADDR=0x00000000 DMEM_WDATA=0x00000000 
   260.00ns INFO     cocotb.RISCV_COCOTB_wrapper        [cycle=11] PIPE PC=0x80000084 ROM_ADDR=0x00000021 ROM_DOUT=0x00000693 IF_ID_INSTR=0x00000613 IF_ID_PC=0x8000007C EX_PC=0x80000078 EX_INSTR=0x00000593 EX_VALID=1 OP3_STALL_NET=0 MEM_STALL_REQ_TOP=0 MEM_STAGE_STALL_REQ=0 IF_STALL=0 PC_EN=1 HOLD=0 FLUSH=0 BUBBLE=0 DMEM_VALID=0 DMEM_WE=0 DMEM_ADDR=0x00000000 DMEM_WDATA=0x00000000 
   270.00ns INFO     cocotb.RISCV_COCOTB_wrapper        [cycle=12] PIPE PC=0x80000088 ROM_ADDR=0x00000022 ROM_DOUT=0x00000713 IF_ID_INSTR=0x00000693 IF_ID_PC=0x80000080 EX_PC=0x8000007C EX_INSTR=0x00000613 EX_VALID=1 OP3_STALL_NET=0 MEM_STALL_REQ_TOP=0 MEM_STAGE_STALL_REQ=0 IF_STALL=0 PC_EN=1 HOLD=0 FLUSH=0 BUBBLE=0 DMEM_VALID=0 DMEM_WE=0 DMEM_ADDR=0x00000000 DMEM_WDATA=0x00000000 
   280.00ns INFO     cocotb.RISCV_COCOTB_wrapper        [cycle=13] PIPE PC=0x8000008C ROM_ADDR=0x00000023 ROM_DOUT=0x00000793 IF_ID_INSTR=0x00000713 IF_ID_PC=0x80000084 EX_PC=0x80000080 EX_INSTR=0x00000693 EX_VALID=1 OP3_STALL_NET=0 MEM_STALL_REQ_TOP=0 MEM_STAGE_STALL_REQ=0 IF_STALL=0 PC_EN=1 HOLD=0 FLUSH=0 BUBBLE=0 DMEM_VALID=0 DMEM_WE=0 DMEM_ADDR=0x00000000 DMEM_WDATA=0x00000000 
   290.00ns INFO     cocotb.RISCV_COCOTB_wrapper        [cycle=14] PIPE PC=0x80000090 ROM_ADDR=0x00000024 ROM_DOUT=0x00000813 IF_ID_INSTR=0x00000793 IF_ID_PC=0x80000088 EX_PC=0x80000084 EX_INSTR=0x00000713 EX_VALID=1 OP3_STALL_NET=0 MEM_STALL_REQ_TOP=0 MEM_STAGE_STALL_REQ=0 IF_STALL=0 PC_EN=1 HOLD=0 FLUSH=0 BUBBLE=0 DMEM_VALID=0 DMEM_WE=0 DMEM_ADDR=0x00000000 DMEM_WDATA=0x00000000 
   300.00ns INFO     cocotb.RISCV_COCOTB_wrapper        [cycle=15] PIPE PC=0x80000094 ROM_ADDR=0x00000025 ROM_DOUT=0x00000893 IF_ID_INSTR=0x00000813 IF_ID_PC=0x8000008C EX_PC=0x80000088 EX_INSTR=0x00000793 EX_VALID=1 OP3_STALL_NET=0 MEM_STALL_REQ_TOP=0 MEM_STAGE_STALL_REQ=0 IF_STALL=0 PC_EN=1 HOLD=0 FLUSH=0 BUBBLE=0 DMEM_VALID=0 DMEM_WE=0 DMEM_ADDR=0x00000000 DMEM_WDATA=0x00000000 
   310.00ns INFO     cocotb.RISCV_COCOTB_wrapper        [cycle=16] PIPE PC=0x80000098 ROM_ADDR=0x00000026 ROM_DOUT=0x00000913 IF_ID_INSTR=0x00000893 IF_ID_PC=0x80000090 EX_PC=0x8000008C EX_INSTR=0x00000813 EX_VALID=1 OP3_STALL_NET=0 MEM_STALL_REQ_TOP=0 MEM_STAGE_STALL_REQ=0 IF_STALL=0 PC_EN=1 HOLD=0 FLUSH=0 BUBBLE=0 DMEM_VALID=0 DMEM_WE=0 DMEM_ADDR=0x00000000 DMEM_WDATA=0x00000000 
   320.00ns INFO     cocotb.RISCV_COCOTB_wrapper        [cycle=17] PIPE PC=0x8000009C ROM_ADDR=0x00000027 ROM_DOUT=0x00000993 IF_ID_INSTR=0x00000913 IF_ID_PC=0x80000094 EX_PC=0x80000090 EX_INSTR=0x00000893 EX_VALID=1 OP3_STALL_NET=0 MEM_STALL_REQ_TOP=0 MEM_STAGE_STALL_REQ=0 IF_STALL=0 PC_EN=1 HOLD=0 FLUSH=0 BUBBLE=0 DMEM_VALID=0 DMEM_WE=0 DMEM_ADDR=0x00000000 DMEM_WDATA=0x00000000 
   330.00ns INFO     cocotb.RISCV_COCOTB_wrapper        [cycle=18] PIPE PC=0x800000A0 ROM_ADDR=0x00000028 ROM_DOUT=0x00000A13 IF_ID_INSTR=0x00000993 IF_ID_PC=0x80000098 EX_PC=0x80000094 EX_INSTR=0x00000913 EX_VALID=1 OP3_STALL_NET=0 MEM_STALL_REQ_TOP=0 MEM_STAGE_STALL_REQ=0 IF_STALL=0 PC_EN=1 HOLD=0 FLUSH=0 BUBBLE=0 DMEM_VALID=0 DMEM_WE=0 DMEM_ADDR=0x00000000 DMEM_WDATA=0x00000000 
   340.00ns INFO     cocotb.RISCV_COCOTB_wrapper        [cycle=19] PIPE PC=0x800000A4 ROM_ADDR=0x00000029 ROM_DOUT=0x00000A93 IF_ID_INSTR=0x00000A13 IF_ID_PC=0x8000009C EX_PC=0x80000098 EX_INSTR=0x00000993 EX_VALID=1 OP3_STALL_NET=0 MEM_STALL_REQ_TOP=0 MEM_STAGE_STALL_REQ=0 IF_STALL=0 PC_EN=1 HOLD=0 FLUSH=0 BUBBLE=0 DMEM_VALID=0 DMEM_WE=0 DMEM_ADDR=0x00000000 DMEM_WDATA=0x00000000 
   350.00ns INFO     cocotb.RISCV_COCOTB_wrapper        [cycle=20] PIPE PC=0x800000A8 ROM_ADDR=0x0000002A ROM_DOUT=0x00000B13 IF_ID_INSTR=0x00000A93 IF_ID_PC=0x800000A0 EX_PC=0x8000009C EX_INSTR=0x00000A13 EX_VALID=1 OP3_STALL_NET=0 MEM_STALL_REQ_TOP=0 MEM_STAGE_STALL_REQ=0 IF_STALL=0 PC_EN=1 HOLD=0 FLUSH=0 BUBBLE=0 DMEM_VALID=0 DMEM_WE=0 DMEM_ADDR=0x00000000 DMEM_WDATA=0x00000000 
   360.00ns INFO     cocotb.RISCV_COCOTB_wrapper        [cycle=21] PIPE PC=0x800000AC ROM_ADDR=0x0000002B ROM_DOUT=0x00000B93 IF_ID_INSTR=0x00000B13 IF_ID_PC=0x800000A4 EX_PC=0x800000A0 EX_INSTR=0x00000A93 EX_VALID=1 OP3_STALL_NET=0 MEM_STALL_REQ_TOP=0 MEM_STAGE_STALL_REQ=0 IF_STALL=0 PC_EN=1 HOLD=0 FLUSH=0 BUBBLE=0 DMEM_VALID=0 DMEM_WE=0 DMEM_ADDR=0x00000000 DMEM_WDATA=0x00000000 
   370.00ns INFO     cocotb.RISCV_COCOTB_wrapper        [cycle=22] PIPE PC=0x800000B0 ROM_ADDR=0x0000002C ROM_DOUT=0x00000C13 IF_ID_INSTR=0x00000B93 IF_ID_PC=0x800000A8 EX_PC=0x800000A4 EX_INSTR=0x00000B13 EX_VALID=1 OP3_STALL_NET=0 MEM_STALL_REQ_TOP=0 MEM_STAGE_STALL_REQ=0 IF_STALL=0 PC_EN=1 HOLD=0 FLUSH=0 BUBBLE=0 DMEM_VALID=0 DMEM_WE=0 DMEM_ADDR=0x00000000 DMEM_WDATA=0x00000000 
   380.00ns INFO     cocotb.RISCV_COCOTB_wrapper        [cycle=23] PIPE PC=0x800000B4 ROM_ADDR=0x0000002D ROM_DOUT=0x00000C93 IF_ID_INSTR=0x00000C13 IF_ID_PC=0x800000AC EX_PC=0x800000A8 EX_INSTR=0x00000B93 EX_VALID=1 OP3_STALL_NET=0 MEM_STALL_REQ_TOP=0 MEM_STAGE_STALL_REQ=0 IF_STALL=0 PC_EN=1 HOLD=0 FLUSH=0 BUBBLE=0 DMEM_VALID=0 DMEM_WE=0 DMEM_ADDR=0x00000000 DMEM_WDATA=0x00000000 
   390.00ns INFO     cocotb.RISCV_COCOTB_wrapper        [cycle=24] PIPE PC=0x800000B8 ROM_ADDR=0x0000002E ROM_DOUT=0x00000D13 IF_ID_INSTR=0x00000C93 IF_ID_PC=0x800000B0 EX_PC=0x800000AC EX_INSTR=0x00000C13 EX_VALID=1 OP3_STALL_NET=0 MEM_STALL_REQ_TOP=0 MEM_STAGE_STALL_REQ=0 IF_STALL=0 PC_EN=1 HOLD=0 FLUSH=0 BUBBLE=0 DMEM_VALID=0 DMEM_WE=0 DMEM_ADDR=0x00000000 DMEM_WDATA=0x00000000 
   400.00ns INFO     cocotb.RISCV_COCOTB_wrapper        [cycle=25] PIPE PC=0x800000BC ROM_ADDR=0x0000002F ROM_DOUT=0x00000D93 IF_ID_INSTR=0x00000D13 IF_ID_PC=0x800000B4 EX_PC=0x800000B0 EX_INSTR=0x00000C93 EX_VALID=1 OP3_STALL_NET=0 MEM_STALL_REQ_TOP=0 MEM_STAGE_STALL_REQ=0 IF_STALL=0 PC_EN=1 HOLD=0 FLUSH=0 BUBBLE=0 DMEM_VALID=0 DMEM_WE=0 DMEM_ADDR=0x00000000 DMEM_WDATA=0x00000000 
   410.00ns INFO     cocotb.RISCV_COCOTB_wrapper        [cycle=26] PIPE PC=0x800000C0 ROM_ADDR=0x00000030 ROM_DOUT=0x00000E13 IF_ID_INSTR=0x00000D93 IF_ID_PC=0x800000B8 EX_PC=0x800000B4 EX_INSTR=0x00000D13 EX_VALID=1 OP3_STALL_NET=0 MEM_STALL_REQ_TOP=0 MEM_STAGE_STALL_REQ=0 IF_STALL=0 PC_EN=1 HOLD=0 FLUSH=0 BUBBLE=0 DMEM_VALID=0 DMEM_WE=0 DMEM_ADDR=0x00000000 DMEM_WDATA=0x00000000 
   420.00ns INFO     cocotb.RISCV_COCOTB_wrapper        [cycle=27] PIPE PC=0x800000C4 ROM_ADDR=0x00000031 ROM_DOUT=0x00000E93 IF_ID_INSTR=0x00000E13 IF_ID_PC=0x800000BC EX_PC=0x800000B8 EX_INSTR=0x00000D93 EX_VALID=1 OP3_STALL_NET=0 MEM_STALL_REQ_TOP=0 MEM_STAGE_STALL_REQ=0 IF_STALL=0 PC_EN=1 HOLD=0 FLUSH=0 BUBBLE=0 DMEM_VALID=0 DMEM_WE=0 DMEM_ADDR=0x00000000 DMEM_WDATA=0x00000000 
   430.00ns INFO     cocotb.RISCV_COCOTB_wrapper        [cycle=28] PIPE PC=0x800000C8 ROM_ADDR=0x00000032 ROM_DOUT=0x00000F13 IF_ID_INSTR=0x00000E93 IF_ID_PC=0x800000C0 EX_PC=0x800000BC EX_INSTR=0x00000E13 EX_VALID=1 OP3_STALL_NET=0 MEM_STALL_REQ_TOP=0 MEM_STAGE_STALL_REQ=0 IF_STALL=0 PC_EN=1 HOLD=0 FLUSH=0 BUBBLE=0 DMEM_VALID=0 DMEM_WE=0 DMEM_ADDR=0x00000000 DMEM_WDATA=0x00000000 
   440.00ns INFO     cocotb.RISCV_COCOTB_wrapper        [cycle=29] PIPE PC=0x800000CC ROM_ADDR=0x00000033 ROM_DOUT=0x00000F93 IF_ID_INSTR=0x00000F13 IF_ID_PC=0x800000C4 EX_PC=0x800000C0 EX_INSTR=0x00000E93 EX_VALID=1 OP3_STALL_NET=0 MEM_STALL_REQ_TOP=0 MEM_STAGE_STALL_REQ=0 IF_STALL=0 PC_EN=1 HOLD=0 FLUSH=0 BUBBLE=0 DMEM_VALID=0 DMEM_WE=0 DMEM_ADDR=0x00000000 DMEM_WDATA=0x00000000 
   450.00ns INFO     cocotb.RISCV_COCOTB_wrapper        [cycle=30] PIPE PC=0x800000D0 ROM_ADDR=0x00000034 ROM_DOUT=0xF1402573 IF_ID_INSTR=0x00000F93 IF_ID_PC=0x800000C8 EX_PC=0x800000C4 EX_INSTR=0x00000F13 EX_VALID=1 OP3_STALL_NET=0 MEM_STALL_REQ_TOP=0 MEM_STAGE_STALL_REQ=0 IF_STALL=0 PC_EN=1 HOLD=0 FLUSH=0 BUBBLE=0 DMEM_VALID=0 DMEM_WE=0 DMEM_ADDR=0x00000000 DMEM_WDATA=0x00000000 
   460.00ns INFO     cocotb.RISCV_COCOTB_wrapper        [cycle=31] PIPE PC=0x800000D4 ROM_ADDR=0x00000035 ROM_DOUT=0x00051063 IF_ID_INSTR=0xF1402573 IF_ID_PC=0x800000CC EX_PC=0x800000C8 EX_INSTR=0x00000F93 EX_VALID=1 OP3_STALL_NET=0 MEM_STALL_REQ_TOP=0 MEM_STAGE_STALL_REQ=0 IF_STALL=0 PC_EN=1 HOLD=0 FLUSH=0 BUBBLE=0 DMEM_VALID=0 DMEM_WE=0 DMEM_ADDR=0x00000000 DMEM_WDATA=0x00000000 
   470.00ns INFO     cocotb.RISCV_COCOTB_wrapper        [cycle=32] PIPE PC=0x800000D8 ROM_ADDR=0x00000036 ROM_DOUT=0x00000297 IF_ID_INSTR=0x00051063 IF_ID_PC=0x800000D0 EX_PC=0x800000CC EX_INSTR=0xF1402573 EX_VALID=1 OP3_STALL_NET=0 MEM_STALL_REQ_TOP=0 MEM_STAGE_STALL_REQ=0 IF_STALL=0 PC_EN=0 HOLD=1 FLUSH=0 BUBBLE=1 DMEM_VALID=0 DMEM_WE=0 DMEM_ADDR=0x00000000 DMEM_WDATA=0x00000000 
   480.00ns INFO     cocotb.RISCV_COCOTB_wrapper        [cycle=33] PIPE PC=0x800000D8 ROM_ADDR=0x00000036 ROM_DOUT=0x00000297 IF_ID_INSTR=0x00051063 IF_ID_PC=0x800000D0 EX_PC=0x00000000 EX_INSTR=0x00000013 EX_VALID=0 OP3_STALL_NET=0 MEM_STALL_REQ_TOP=0 MEM_STAGE_STALL_REQ=0 IF_STALL=0 PC_EN=0 HOLD=1 FLUSH=0 BUBBLE=1 DMEM_VALID=0 DMEM_WE=0 DMEM_ADDR=0x00000000 DMEM_WDATA=0x00000000 
   490.00ns INFO     cocotb.RISCV_COCOTB_wrapper        [cycle=34] PIPE PC=0x800000D8 ROM_ADDR=0x00000036 ROM_DOUT=0x00000297 IF_ID_INSTR=0x00051063 IF_ID_PC=0x800000D0 EX_PC=0x00000000 EX_INSTR=0x00000013 EX_VALID=0 OP3_STALL_NET=0 MEM_STALL_REQ_TOP=0 MEM_STAGE_STALL_REQ=0 IF_STALL=0 PC_EN=0 HOLD=1 FLUSH=0 BUBBLE=1 DMEM_VALID=0 DMEM_WE=0 DMEM_ADDR=0x00000000 DMEM_WDATA=0x00000000 
   500.00ns INFO     cocotb.RISCV_COCOTB_wrapper        [cycle=35] PIPE PC=0x800000D8 ROM_ADDR=0x00000036 ROM_DOUT=0x00000297 IF_ID_INSTR=0x00051063 IF_ID_PC=0x800000D0 EX_PC=0x00000000 EX_INSTR=0x00000013 EX_VALID=0 OP3_STALL_NET=0 MEM_STALL_REQ_TOP=0 MEM_STAGE_STALL_REQ=0 IF_STALL=0 PC_EN=1 HOLD=0 FLUSH=0 BUBBLE=0 DMEM_VALID=0 DMEM_WE=0 DMEM_ADDR=0x00000000 DMEM_WDATA=0x00000000 
   510.00ns INFO     cocotb.RISCV_COCOTB_wrapper        [cycle=36] PIPE PC=0x800000DC ROM_ADDR=0x00000037 ROM_DOUT=0x01028293 IF_ID_INSTR=0x00000297 IF_ID_PC=0x800000D4 EX_PC=0x800000D0 EX_INSTR=0x00051063 EX_VALID=1 OP3_STALL_NET=0 MEM_STALL_REQ_TOP=0 MEM_STAGE_STALL_REQ=0 IF_STALL=0 PC_EN=1 HOLD=0 FLUSH=0 BUBBLE=0 DMEM_VALID=0 DMEM_WE=0 DMEM_ADDR=0x00000000 DMEM_WDATA=0x00000000 
   520.00ns INFO     cocotb.RISCV_COCOTB_wrapper        [cycle=37] PIPE PC=0x800000E0 ROM_ADDR=0x00000038 ROM_DOUT=0x30529073 IF_ID_INSTR=0x01028293 IF_ID_PC=0x800000D8 EX_PC=0x800000D4 EX_INSTR=0x00000297 EX_VALID=1 OP3_STALL_NET=0 MEM_STALL_REQ_TOP=0 MEM_STAGE_STALL_REQ=0 IF_STALL=0 PC_EN=1 HOLD=0 FLUSH=0 BUBBLE=0 DMEM_VALID=0 DMEM_WE=0 DMEM_ADDR=0x00000000 DMEM_WDATA=0x00000000 
   530.00ns INFO     cocotb.RISCV_COCOTB_wrapper        [cycle=38] PIPE PC=0x800000E4 ROM_ADDR=0x00000039 ROM_DOUT=0x74445073 IF_ID_INSTR=0x30529073 IF_ID_PC=0x800000DC EX_PC=0x800000D8 EX_INSTR=0x01028293 EX_VALID=1 OP3_STALL_NET=0 MEM_STALL_REQ_TOP=0 MEM_STAGE_STALL_REQ=0 IF_STALL=0 PC_EN=1 HOLD=0 FLUSH=0 BUBBLE=0 DMEM_VALID=0 DMEM_WE=0 DMEM_ADDR=0x800000D4 DMEM_WDATA=0x00000000 
   540.00ns INFO     cocotb.RISCV_COCOTB_wrapper        [cycle=39] PIPE PC=0x800000E8 ROM_ADDR=0x0000003A ROM_DOUT=0x00000297 IF_ID_INSTR=0x74445073 IF_ID_PC=0x800000E0 EX_PC=0x800000DC EX_INSTR=0x30529073 EX_VALID=1 OP3_STALL_NET=0 MEM_STALL_REQ_TOP=0 MEM_STAGE_STALL_REQ=0 IF_STALL=0 PC_EN=1 HOLD=0 FLUSH=0 BUBBLE=0 DMEM_VALID=0 DMEM_WE=0 DMEM_ADDR=0x800000E4 DMEM_WDATA=0x00000000 
  1090.00ns INFO     cocotb.RISCV_COCOTB_wrapper        [GP_WRITE] cycle=94 gp <= 0x00000003
  1150.00ns INFO     cocotb.RISCV_COCOTB_wrapper        [GP_WRITE] cycle=100 gp <= 0x00000004
  1210.00ns INFO     cocotb.RISCV_COCOTB_wrapper        [GP_WRITE] cycle=106 gp <= 0x00000005
  1270.00ns INFO     cocotb.RISCV_COCOTB_wrapper        [GP_WRITE] cycle=112 gp <= 0x00000006
  1330.00ns INFO     cocotb.RISCV_COCOTB_wrapper        [GP_WRITE] cycle=118 gp <= 0x00000007
  1390.00ns INFO     cocotb.RISCV_COCOTB_wrapper        [GP_WRITE] cycle=124 gp <= 0x00000008
  1470.00ns INFO     cocotb.RISCV_COCOTB_wrapper        [GP_WRITE] cycle=132 gp <= 0x00000009
  1550.00ns INFO     cocotb.RISCV_COCOTB_wrapper        [GP_WRITE] cycle=140 gp <= 0x0000000A
  1640.00ns INFO     cocotb.RISCV_COCOTB_wrapper        [GP_WRITE] cycle=149 gp <= 0x0000000B
  1720.00ns INFO     cocotb.RISCV_COCOTB_wrapper        [GP_WRITE] cycle=157 gp <= 0x0000000C
  1800.00ns INFO     cocotb.RISCV_COCOTB_wrapper        [GP_WRITE] cycle=165 gp <= 0x0000000D
  1860.00ns INFO     cocotb.RISCV_COCOTB_wrapper        [GP_WRITE] cycle=171 gp <= 0x0000000E
  1920.00ns INFO     cocotb.RISCV_COCOTB_wrapper        [GP_WRITE] cycle=177 gp <= 0x0000000F
  1980.00ns INFO     cocotb.RISCV_COCOTB_wrapper        [GP_WRITE] cycle=183 gp <= 0x00000010
  2050.00ns INFO     cocotb.RISCV_COCOTB_wrapper        [GP_WRITE] cycle=190 gp <= 0x00000011
  2110.00ns INFO     cocotb.RISCV_COCOTB_wrapper        [GP_WRITE] cycle=196 gp <= 0x00000012
  2170.00ns INFO     cocotb.RISCV_COCOTB_wrapper        [GP_WRITE] cycle=202 gp <= 0x00000013
  2220.00ns INFO     cocotb.RISCV_COCOTB_wrapper        [GP_WRITE] cycle=207 gp <= 0x00000014
  2430.00ns INFO     cocotb.RISCV_COCOTB_wrapper        [GP_WRITE] cycle=228 gp <= 0x00000015
  2660.00ns INFO     cocotb.RISCV_COCOTB_wrapper        [GP_WRITE] cycle=251 gp <= 0x00000016
  2910.00ns INFO     cocotb.RISCV_COCOTB_wrapper        [GP_WRITE] cycle=276 gp <= 0x00000017
  3100.00ns INFO     cocotb.RISCV_COCOTB_wrapper        [GP_WRITE] cycle=295 gp <= 0x00000018
  3310.00ns INFO     cocotb.RISCV_COCOTB_wrapper        [GP_WRITE] cycle=316 gp <= 0x00000019
  3540.00ns INFO     cocotb.RISCV_COCOTB_wrapper        [GP_WRITE] cycle=339 gp <= 0x0000001A
  3750.00ns INFO     cocotb.RISCV_COCOTB_wrapper        [GP_WRITE] cycle=360 gp <= 0x0000001B
  3980.00ns INFO     cocotb.RISCV_COCOTB_wrapper        [GP_WRITE] cycle=383 gp <= 0x0000001C
  4210.00ns INFO     cocotb.RISCV_COCOTB_wrapper        [GP_WRITE] cycle=406 gp <= 0x0000001D
  4400.00ns INFO     cocotb.RISCV_COCOTB_wrapper        [GP_WRITE] cycle=425 gp <= 0x0000001E
  4610.00ns INFO     cocotb.RISCV_COCOTB_wrapper        [GP_WRITE] cycle=446 gp <= 0x0000001F
  4840.00ns INFO     cocotb.RISCV_COCOTB_wrapper        [GP_WRITE] cycle=469 gp <= 0x00000020
  5050.00ns INFO     cocotb.RISCV_COCOTB_wrapper        [GP_WRITE] cycle=490 gp <= 0x00000021
  5150.00ns INFO     cocotb.RISCV_COCOTB_wrapper        [cycle=500] PIPE PC=0x800005D0 ROM_ADDR=0x00000174 ROM_DOUT=0x00000013 IF_ID_INSTR=0x00000013 IF_ID_PC=0x00000000 EX_PC=0x00000000 EX_INSTR=0x00000013 EX_VALID=0 OP3_STALL_NET=0 MEM_STALL_REQ_TOP=0 MEM_STAGE_STALL_REQ=0 IF_STALL=0 PC_EN=1 HOLD=0 FLUSH=0 BUBBLE=0 DMEM_VALID=0 DMEM_WE=0 DMEM_ADDR=0x00000000 DMEM_WDATA=0x00000000 
  5280.00ns INFO     cocotb.RISCV_COCOTB_wrapper        [GP_WRITE] cycle=513 gp <= 0x00000022
  5510.00ns INFO     cocotb.RISCV_COCOTB_wrapper        [GP_WRITE] cycle=536 gp <= 0x00000023
  5560.00ns INFO     cocotb.RISCV_COCOTB_wrapper        [GP_WRITE] cycle=541 gp <= 0x00000024
  5610.00ns INFO     cocotb.RISCV_COCOTB_wrapper        [GP_WRITE] cycle=546 gp <= 0x00000025
  5650.00ns INFO     cocotb.RISCV_COCOTB_wrapper        [GP_WRITE] cycle=550 gp <= 0x00000026
  5750.00ns INFO     cocotb.RISCV_COCOTB_wrapper        END_AREA cycle=560 PC=0x800006A4 EX_PC=0x80000698 EX_INSTR=0x00000073 GP=0x00000026
  5970.00ns INFO     cocotb.RISCV_COCOTB_wrapper        MEM WRITE cycle=582 addr=0x80001000 data=0x0000053F
  5970.00ns INFO     cocotb.RISCV_COCOTB_wrapper        TOHOST write detectado: addr=0x80001000 data=0x0000053F
  5970.00ns INFO     cocotb.RISCV_COCOTB_wrapper        ========== DEBUG STATE ==========
  5970.00ns INFO     cocotb.RISCV_COCOTB_wrapper        PC_IF: 0x80000050
  5970.00ns INFO     cocotb.RISCV_COCOTB_wrapper        EX_PC: 0x80000044
  5970.00ns INFO     cocotb.RISCV_COCOTB_wrapper        EX_INSTR: 0x00001F17
  5970.00ns INFO     cocotb.RISCV_COCOTB_wrapper        DMEM_ADDR: 0x80001000
  5970.00ns INFO     cocotb.RISCV_COCOTB_wrapper        DMEM_WDATA: 0x0000053F
  5970.00ns INFO     cocotb.RISCV_COCOTB_wrapper        ROM_ADDR: 0x00000014
  5970.00ns INFO     cocotb.RISCV_COCOTB_wrapper        ROM_DOUT: 0xFF1FF06F
  5970.00ns INFO     cocotb.RISCV_COCOTB_wrapper        IF_ID_INSTR: 0xFC0F2023
  5970.00ns INFO     cocotb.RISCV_COCOTB_wrapper        IF_ID_PC: 0x80000048
  5970.00ns INFO     cocotb.RISCV_COCOTB_wrapper        X3_GP: NO_ENCONTRADA
  5970.00ns INFO     cocotb.RISCV_COCOTB_wrapper        X4_TP: NO_ENCONTRADA
  5970.00ns INFO     cocotb.RISCV_COCOTB_wrapper        X5_T0: NO_ENCONTRADA
  5970.00ns INFO     cocotb.RISCV_COCOTB_wrapper        EX_VALID: 1
  5970.00ns INFO     cocotb.RISCV_COCOTB_wrapper        EX_ILLEGAL: 0
  5970.00ns INFO     cocotb.RISCV_COCOTB_wrapper        EX_EXCEPTION_VALID: 0
  5970.00ns INFO     cocotb.RISCV_COCOTB_wrapper        MEM_EXCEPTION_VALID: 0
  5970.00ns INFO     cocotb.RISCV_COCOTB_wrapper        TRAP_ENTER: 0
  5970.00ns INFO     cocotb.RISCV_COCOTB_wrapper        TRAP_FLUSH: 0
  5970.00ns INFO     cocotb.RISCV_COCOTB_wrapper        PC_EN: 1
  5970.00ns INFO     cocotb.RISCV_COCOTB_wrapper        STALL: 0
  5970.00ns INFO     cocotb.RISCV_COCOTB_wrapper        FLUSH: 0
  5970.00ns INFO     cocotb.RISCV_COCOTB_wrapper        IF_ID_HOLD: 0
  5970.00ns INFO     cocotb.RISCV_COCOTB_wrapper        =================================
  5970.00ns WARNING  cocotb.Test regression.regression  FAIL oficial RISC-V: tohost=0x0000053F, addr=0x80001000
                                                        Traceback (most recent call last):
                                                          File "/media/steckler/xilinx_linux/RISCV_ZYNQ/V2/RVI20U32/RV32I_COCOTB/COCOTB/regression.py", line 341, in regression
                                                            await wait_riscv_official_pass_fail(dut, max_cycles=20000)
                                                          File "/media/steckler/xilinx_linux/RISCV_ZYNQ/V2/RVI20U32/RV32I_COCOTB/COCOTB/regression.py", line 300, in wait_riscv_official_pass_fail
                                                            f"FAIL oficial RISC-V: "
                                                        AssertionError: FAIL oficial RISC-V: tohost=0x0000053F, addr=0x80001000
  5970.00ns WARNING  cocotb.regression                  regression.regression failed
  5970.00ns INFO     cocotb.regression                  **************************************************************************************
                                                        ** TEST                          STATUS  SIM TIME (ns)  REAL TIME (s)  RATIO (ns/s) **
                                                        **************************************************************************************
                                                        ** regression.regression          FAIL        5970.00           0.94       6341.50  **
                                                        **************************************************************************************
                                                        ** TESTS=1 PASS=0 FAIL=1 SKIP=0               5970.00           0.96       6251.15  **
                                                        **************************************************************************************
/home/steckler/.local/lib/python3.6/site-packages/cocotb/__init__.py:126: FutureWarning: Support for Python versions < 3.9 will be dropped in version 2.1
  FutureWarning,
WARNING: /media/steckler/xilinx_linux/RISCV_ZYNQ/V2/RVI20U32/RV32I_COCOTB/COCOTB/rtl/core/rom_memory.v:20: $readmemh(/media/steckler/xilinx_linux/RISCV_ZYNQ/V2/RVI20U32/RV32I_COCOTB/COCOTB/programs/prog_asm.mem): Not enough words in the file for the requested range [0:2047].
[GP_WRITE] time=780000 gp <= 0x00000000
[GP_WRITE] time=1090000 gp <= 0x00000003
[GP_WRITE] time=1150000 gp <= 0x00000004
[GP_WRITE] time=1210000 gp <= 0x00000005
[GP_WRITE] time=1270000 gp <= 0x00000006
[GP_WRITE] time=1330000 gp <= 0x00000007
[GP_WRITE] time=1390000 gp <= 0x00000008
[GP_WRITE] time=1470000 gp <= 0x00000009
[GP_WRITE] time=1550000 gp <= 0x0000000a
[GP_WRITE] time=1640000 gp <= 0x0000000b
[GP_WRITE] time=1720000 gp <= 0x0000000c
[GP_WRITE] time=1800000 gp <= 0x0000000d
[GP_WRITE] time=1860000 gp <= 0x0000000e
[GP_WRITE] time=1920000 gp <= 0x0000000f
[GP_WRITE] time=1980000 gp <= 0x00000010
[GP_WRITE] time=2050000 gp <= 0x00000011
[GP_WRITE] time=2110000 gp <= 0x00000012
[GP_WRITE] time=2170000 gp <= 0x00000013
[GP_WRITE] time=2220000 gp <= 0x00000014
[GP_WRITE] time=2430000 gp <= 0x00000015
[GP_WRITE] time=2660000 gp <= 0x00000016
[GP_WRITE] time=2910000 gp <= 0x00000017
[GP_WRITE] time=3100000 gp <= 0x00000018
[GP_WRITE] time=3310000 gp <= 0x00000019
[GP_WRITE] time=3540000 gp <= 0x0000001a
[GP_WRITE] time=3750000 gp <= 0x0000001b
[GP_WRITE] time=3980000 gp <= 0x0000001c
[GP_WRITE] time=4210000 gp <= 0x0000001d
[GP_WRITE] time=4400000 gp <= 0x0000001e
[GP_WRITE] time=4610000 gp <= 0x0000001f
[GP_WRITE] time=4840000 gp <= 0x00000020
[GP_WRITE] time=5050000 gp <= 0x00000021
[GP_WRITE] time=5280000 gp <= 0x00000022
[GP_WRITE] time=5510000 gp <= 0x00000023
[GP_WRITE] time=5560000 gp <= 0x00000024
[GP_WRITE] time=5610000 gp <= 0x00000025
[GP_WRITE] time=5650000 gp <= 0x00000026
/home/steckler/.local/lib/python3.6/site-packages/cocotb_tools/makefiles/simulators/Makefile.icarus:65: fallo en las instrucciones para el objetivo 'results.xml'
make[1]: *** [results.xml] Error 1
make[1]: se sale del directorio '/media/steckler/xilinx_linux/RISCV_ZYNQ/V2/RVI20U32/RV32I_COCOTB/COCOTB'
/home/steckler/.local/lib/python3.6/site-packages/cocotb_tools/makefiles/Makefile.inc:16: fallo en las instrucciones para el objetivo 'sim'
make: *** [sim] Error 2
