#
# An unexpected error has occurred (11)
#
Stack:
/media/steckler/xilinx_linux/vivado_2020.1/Vivado/2020.1/tps/lnx64/jre9.0.4/lib//server/libjvm.so(+0xb6aadb) [0x7076a1f6aadb]
/media/steckler/xilinx_linux/vivado_2020.1/Vivado/2020.1/tps/lnx64/jre9.0.4/lib//server/libjvm.so(JVM_handle_linux_signal+0xbb) [0x7076a1f6fe1b]
/media/steckler/xilinx_linux/vivado_2020.1/Vivado/2020.1/tps/lnx64/jre9.0.4/lib//server/libjvm.so(+0xb647b8) [0x7076a1f647b8]
/lib/x86_64-linux-gnu/libc.so.6(+0x45f60) [0x7076fa645f60]
/media/steckler/xilinx_linux/vivado_2020.1/Vivado/2020.1/lib/lnx64.o/librdi_simbridge_kernel.so(SimBridge::CArray::empty() const+0) [0x7076a9c57a00]
/media/steckler/xilinx_linux/vivado_2020.1/Vivado/2020.1/lib/lnx64.o/librdi_simbridge_kernel.so(SimBridge::WdbEventBlock::addBlock(SimBridge::WdbIBlockManager&, unsigned int&) const+0x1c) [0x7076a9c580dc]
/media/steckler/xilinx_linux/vivado_2020.1/Vivado/2020.1/lib/lnx64.o/librdi_simbridge_kernel.so(SimBridge::WdbMultipleBucketEventDatabase::getEventBlockDatabaseIterator(std::vector<SimBridge::WdbScalarBTree*, std::allocator<SimBridge::WdbScalarBTree*> > const&, std::vector<boost::shared_ptr<SimBridge::WdbIEventBlockIterator>, std::allocator<boost::shared_ptr<SimBridge::WdbIEventBlockIterator> > >&, std::vector<std::vector<SimBridge::WdbScalarBTree*, std::allocator<SimBridge::WdbScalarBTree*> >, std::allocator<std::vector<SimBridge::WdbScalarBTree*, std::allocator<SimBridge::WdbScalarBTree*> > > >&) const+0x691) [0x7076a9c72071]
/media/steckler/xilinx_linux/vivado_2020.1/Vivado/2020.1/lib/lnx64.o/librdi_simbridge_kernel.so(SimBridge::WdbAddressBTreeManager::scanWdbDatabaseMultiThread(std::vector<SimBridge::WdbScalarBTree*, std::allocator<SimBridge::WdbScalarBTree*> > const&, ISIM::IGuiStatus*)+0xf0) [0x7076a9c4eee0]
/media/steckler/xilinx_linux/vivado_2020.1/Vivado/2020.1/lib/lnx64.o/librdi_wavedata.so(SimBridge::DataObjMgr::createDrawingBTree(std::vector<SimBridge::IDataObj const*, std::allocator<SimBridge::IDataObj const*> > const&, ISIM::IGuiStatus*, bool)+0x32a) [0x7076b541f83a]
/media/steckler/xilinx_linux/vivado_2020.1/Vivado/2020.1/lib/lnx64.o/librdi_wavedata.so(+0x2d9ee2) [0x7076b54d9ee2]
/media/steckler/xilinx_linux/vivado_2020.1/Vivado/2020.1/lib/lnx64.o/librdi_wavedata.so(+0x2da18c) [0x7076b54da18c]
/media/steckler/xilinx_linux/vivado_2020.1/Vivado/2020.1/lib/lnx64.o/librdi_wavedata.so(SG_Model::ModelImp::updateData(SG_Model::WVDataObject*, bool)+0x30f) [0x7076b54d413f]
/media/steckler/xilinx_linux/vivado_2020.1/Vivado/2020.1/lib/lnx64.o/librdi_wavedata.so(SG_Model::ModelImp::updateData(SG_Model::WVDataObject*, bool)+0x18f) [0x7076b54d3fbf]
/media/steckler/xilinx_linux/vivado_2020.1/Vivado/2020.1/lib/lnx64.o/librdi_wavedata.so(SG_Model::ModelImp::updateData()+0x96b) [0x7076b54d4e2b]
/media/steckler/xilinx_linux/vivado_2020.1/Vivado/2020.1/lib/lnx64.o/librdi_wavedata.so(SG_Model::Model::read(std::__cxx11::basic_string<char, std::char_traits<char>, std::allocator<char> > const&, SG_Model::IReporter&, ISIM::IGuiStatus*)+0x20d) [0x7076b54d65bd]
/media/steckler/xilinx_linux/vivado_2020.1/Vivado/2020.1/lib/lnx64.o/librdi_wavedata.so(WVDAppInterface::WVDWindowManager::openWcfg(std::__cxx11::basic_string<char, std::char_traits<char>, std::allocator<char> > const&, SG_Model::IDesignManager::ConnectMode, ISIM::IGuiStatus*)+0x143) [0x7076b53a30b3]
/media/steckler/xilinx_linux/vivado_2020.1/Vivado/2020.1/lib/lnx64.o/librdi_wavedatatasks.so(+0xa2ad3) [0x707666ea2ad3]
/media/steckler/xilinx_linux/vivado_2020.1/Vivado/2020.1/lib/lnx64.o/librdi_common.so(+0x9627f2) [0x7076fbf627f2]
/media/steckler/xilinx_linux/vivado_2020.1/Vivado/2020.1/lib/lnx64.o/libtcl8.5.so(+0x334af) [0x7076f44334af]
/media/steckler/xilinx_linux/vivado_2020.1/Vivado/2020.1/lib/lnx64.o/libtcl8.5.so(Tcl_EvalObjv+0x32) [0x7076f44335e2]
/media/steckler/xilinx_linux/vivado_2020.1/Vivado/2020.1/lib/lnx64.o/libtcl8.5.so(TclEvalObjEx+0x322) [0x7076f4435402]
/media/steckler/xilinx_linux/vivado_2020.1/Vivado/2020.1/lib/lnx64.o/librdi_common.so(hdi::tcltasks::task_manager::eval_in_tcl(Tcl_Interp*, Tcl_Obj*, char const*, bool)+0xa99) [0x7076fbf64609]
/media/steckler/xilinx_linux/vivado_2020.1/Vivado/2020.1/lib/lnx64.o/librdi_simtcltasks.so(+0x13b046) [0x707667d3b046]
/media/steckler/xilinx_linux/vivado_2020.1/Vivado/2020.1/lib/lnx64.o/librdi_common.so(+0x9627f2) [0x7076fbf627f2]
/media/steckler/xilinx_linux/vivado_2020.1/Vivado/2020.1/lib/lnx64.o/libtcl8.5.so(+0x334af) [0x7076f44334af]
/media/steckler/xilinx_linux/vivado_2020.1/Vivado/2020.1/lib/lnx64.o/libtcl8.5.so(+0x34b38) [0x7076f4434b38]
/media/steckler/xilinx_linux/vivado_2020.1/Vivado/2020.1/lib/lnx64.o/libtcl8.5.so(Tcl_EvalEx+0x13) [0x7076f44350a3]
/media/steckler/xilinx_linux/vivado_2020.1/Vivado/2020.1/lib/lnx64.o/libtcl8.5.so(TclEvalObjEx+0x1e0) [0x7076f44352c0]
/media/steckler/xilinx_linux/vivado_2020.1/Vivado/2020.1/lib/lnx64.o/libtcl8.5.so(+0x3b375) [0x7076f443b375]
/media/steckler/xilinx_linux/vivado_2020.1/Vivado/2020.1/lib/lnx64.o/libtcl8.5.so(+0x334af) [0x7076f44334af]
/media/steckler/xilinx_linux/vivado_2020.1/Vivado/2020.1/lib/lnx64.o/libtcl8.5.so(+0x76875) [0x7076f4476875]
/media/steckler/xilinx_linux/vivado_2020.1/Vivado/2020.1/lib/lnx64.o/libtcl8.5.so(+0x7e029) [0x7076f447e029]
/media/steckler/xilinx_linux/vivado_2020.1/Vivado/2020.1/lib/lnx64.o/libtcl8.5.so(TclEvalObjEx+0x76) [0x7076f4435156]
/media/steckler/xilinx_linux/vivado_2020.1/Vivado/2020.1/lib/lnx64.o/librdi_commontasks.so(+0x1db7c4) [0x7076ee3db7c4]
/media/steckler/xilinx_linux/vivado_2020.1/Vivado/2020.1/lib/lnx64.o/libtcl8.5.so(+0x334af) [0x7076f44334af]
/media/steckler/xilinx_linux/vivado_2020.1/Vivado/2020.1/lib/lnx64.o/libtcl8.5.so(+0x76875) [0x7076f4476875]
/media/steckler/xilinx_linux/vivado_2020.1/Vivado/2020.1/lib/lnx64.o/libtcl8.5.so(TclObjInterpProcCore+0x420) [0x7076f44b7df0]
/media/steckler/xilinx_linux/vivado_2020.1/Vivado/2020.1/lib/lnx64.o/libtcl8.5.so(+0x334af) [0x7076f44334af]
/media/steckler/xilinx_linux/vivado_2020.1/Vivado/2020.1/lib/lnx64.o/libtcl8.5.so(Tcl_EvalObjv+0x32) [0x7076f44335e2]
/media/steckler/xilinx_linux/vivado_2020.1/Vivado/2020.1/lib/lnx64.o/libtcl8.5.so(TclEvalObjEx+0x322) [0x7076f4435402]
/media/steckler/xilinx_linux/vivado_2020.1/Vivado/2020.1/lib/lnx64.o/librdi_tcltasks.so(SimUtils::detail::execStep(Tcl_Interp*, std::__cxx11::basic_ostringstream<char, std::char_traits<char>, std::allocator<char> >&, std::__cxx11::basic_string<char, std::char_traits<char>, std::allocator<char> > const&, std::__cxx11::basic_string<char, std::char_traits<char>, std::allocator<char> > const&, std::__cxx11::basic_string<char, std::char_traits<char>, std::allocator<char> >&, bool&)+0x1fe) [0x7076ec068f6e]
/media/steckler/xilinx_linux/vivado_2020.1/Vivado/2020.1/lib/lnx64.o/librdi_tcltasks.so(SimUtils::detail::execSimStep(Tcl_Interp*, std::__cxx11::basic_ostringstream<char, std::char_traits<char>, std::allocator<char> >&, HAPUFSimulator*, HAPUFSimulator::TclProc, std::__cxx11::basic_string<char, std::char_traits<char>, std::allocator<char> > const&, bool, HADAFileSet*, std::__cxx11::basic_string<char, std::char_traits<char>, std::allocator<char> > const&, HAPUFSimulator::SimulationStep, bool, HDGUIStatus*)+0x75) [0x7076ec069285]
/media/steckler/xilinx_linux/vivado_2020.1/Vivado/2020.1/lib/lnx64.o/librdi_tcltasks.so(HTCSimUtils::executeStep(Tcl_Interp*, HADAFileSet*, HADAFileSet*, HAPUFSimulator*, HDGUIStatus*, std::__cxx11::basic_string<char, std::char_traits<char>, std::allocator<char> > const&, std::__cxx11::basic_string<char, std::char_traits<char>, std::allocator<char> > const&, std::__cxx11::basic_string<char, std::char_traits<char>, std::allocator<char> > const&, bool, bool, bool, std::__cxx11::basic_ostringstream<char, std::char_traits<char>, std::allocator<char> >&)+0x4b7) [0x7076ec0698e7]
/media/steckler/xilinx_linux/vivado_2020.1/Vivado/2020.1/lib/lnx64.o/librdi_tcltasks.so(+0x1811563) [0x7076ec011563]
/media/steckler/xilinx_linux/vivado_2020.1/Vivado/2020.1/lib/lnx64.o/librdi_common.so(+0x9627f2) [0x7076fbf627f2]
/media/steckler/xilinx_linux/vivado_2020.1/Vivado/2020.1/lib/lnx64.o/libtcl8.5.so(+0x334af) [0x7076f44334af]
/media/steckler/xilinx_linux/vivado_2020.1/Vivado/2020.1/lib/lnx64.o/libtcl8.5.so(+0x76875) [0x7076f4476875]
/media/steckler/xilinx_linux/vivado_2020.1/Vivado/2020.1/lib/lnx64.o/libtcl8.5.so(+0x7e029) [0x7076f447e029]
/media/steckler/xilinx_linux/vivado_2020.1/Vivado/2020.1/lib/lnx64.o/libtcl8.5.so(TclEvalObjEx+0x76) [0x7076f4435156]
/media/steckler/xilinx_linux/vivado_2020.1/Vivado/2020.1/lib/lnx64.o/librdi_common.so(+0x960d01) [0x7076fbf60d01]
/media/steckler/xilinx_linux/vivado_2020.1/Vivado/2020.1/lib/lnx64.o/libtcl8.5.so(Tcl_ServiceEvent+0x7f) [0x7076f44a7b0f]
/media/steckler/xilinx_linux/vivado_2020.1/Vivado/2020.1/lib/lnx64.o/libtcl8.5.so(Tcl_DoOneEvent+0x154) [0x7076f44a7e44]
/media/steckler/xilinx_linux/vivado_2020.1/Vivado/2020.1/lib/lnx64.o/librdi_commontasks.so(+0x23c7e5) [0x7076ee43c7e5]
/media/steckler/xilinx_linux/vivado_2020.1/Vivado/2020.1/lib/lnx64.o/librdi_commontasks.so(+0x23f8f1) [0x7076ee43f8f1]
/media/steckler/xilinx_linux/vivado_2020.1/Vivado/2020.1/lib/lnx64.o/librdi_commontasks.so(+0x24093e) [0x7076ee44093e]
/media/steckler/xilinx_linux/vivado_2020.1/Vivado/2020.1/lib/lnx64.o/librdi_common.so(+0x9627f2) [0x7076fbf627f2]
/media/steckler/xilinx_linux/vivado_2020.1/Vivado/2020.1/lib/lnx64.o/libtcl8.5.so(+0x334af) [0x7076f44334af]
/media/steckler/xilinx_linux/vivado_2020.1/Vivado/2020.1/lib/lnx64.o/libtcl8.5.so(+0x76875) [0x7076f4476875]
/media/steckler/xilinx_linux/vivado_2020.1/Vivado/2020.1/lib/lnx64.o/libtcl8.5.so(+0x7e029) [0x7076f447e029]
/media/steckler/xilinx_linux/vivado_2020.1/Vivado/2020.1/lib/lnx64.o/libtcl8.5.so(TclEvalObjEx+0x76) [0x7076f4435156]
/media/steckler/xilinx_linux/vivado_2020.1/Vivado/2020.1/lib/lnx64.o/librdi_commonmain.so(+0xad53) [0x7076fb20ad53]
/media/steckler/xilinx_linux/vivado_2020.1/Vivado/2020.1/lib/lnx64.o/libtcl8.5.so(Tcl_Main+0x1d0) [0x7076f44a0210]
/media/steckler/xilinx_linux/vivado_2020.1/Vivado/2020.1/lib/lnx64.o/librdi_common.so(+0x9a6e6b) [0x7076fbfa6e6b]
/lib/x86_64-linux-gnu/libc.so.6(+0xa3d64) [0x7076fa6a3d64]
/lib/x86_64-linux-gnu/libc.so.6(+0x1373fc) [0x7076fa7373fc]
