Copyright 1986-2020 Xilinx, Inc. All Rights Reserved.
-------------------------------------------------------------------------------------------------------------------------------------------------------------
| Tool Version     : Vivado v.2020.1 (lin64) Build 2902540 Wed May 27 19:54:35 MDT 2020
| Date             : Tue May 26 00:28:31 2026
| Host             : steckler-Default-string running 64-bit Ubuntu 18.04.6 LTS
| Command          : report_power -file BASIC_wrapper_power_routed.rpt -pb BASIC_wrapper_power_summary_routed.pb -rpx BASIC_wrapper_power_routed.rpx
| Design           : BASIC_wrapper
| Device           : xczu5ev-sfvc784-2-i
| Design State     : routed
| Grade            : industrial
| Process          : typical
| Characterization : Production
-------------------------------------------------------------------------------------------------------------------------------------------------------------

Power Report

Table of Contents
-----------------
1. Summary
1.1 On-Chip Components
1.2 Power Supply Summary
1.3 Confidence Level
2. Settings
2.1 Environment
2.2 Clock Constraints
3. Detailed Reports
3.1 By Hierarchy

1. Summary
----------

+--------------------------+--------------+
| Total On-Chip Power (W)  | 18.831       |
| Design Power Budget (W)  | Unspecified* |
| Power Budget Margin (W)  | NA           |
| Dynamic (W)              | 18.148       |
| Device Static (W)        | 0.683        |
| Effective TJA (C/W)      | 2.3          |
| Max Ambient (C)          | 56.3         |
| Junction Temperature (C) | 68.7         |
| Confidence Level         | Low          |
| Setting File             | ---          |
| Simulation Activity File | ---          |
| Design Nets Matched      | NA           |
+--------------------------+--------------+
* Specify Design Power Budget using, set_operating_conditions -design_power_budget <value in Watts>


1.1 On-Chip Components
----------------------

+--------------------------+-----------+----------+-----------+-----------------+
| On-Chip                  | Power (W) | Used     | Available | Utilization (%) |
+--------------------------+-----------+----------+-----------+-----------------+
| CLB Logic                |     8.364 |    11156 |       --- |             --- |
|   LUT as Logic           |     7.425 |     3446 |    117120 |            2.94 |
|   Register               |     0.342 |     5392 |    234240 |            2.30 |
|   LUT as Distributed RAM |     0.316 |      560 |     57600 |            0.97 |
|   CARRY8                 |     0.280 |       63 |     14640 |            0.43 |
|   BUFG                   |    <0.001 |        1 |        32 |            3.13 |
|   Others                 |     0.000 |       34 |       --- |             --- |
|   F7/F8 Muxes            |     0.000 |     1137 |    117120 |            0.97 |
| Signals                  |     9.676 |     7982 |       --- |             --- |
| Block RAM                |     0.096 |      1.5 |       144 |            1.04 |
| I/O                      |     0.012 |        5 |       252 |            1.98 |
| Static Power             |     0.683 |          |           |                 |
| Total                    |    18.831 |          |           |                 |
+--------------------------+-----------+----------+-----------+-----------------+


1.2 Power Supply Summary
------------------------

+-----------------+-------------+-----------+-------------+------------+-------------+-------------+------------+
| Source          | Voltage (V) | Total (A) | Dynamic (A) | Static (A) | Powerup (A) | Budget (A)  | Margin (A) |
+-----------------+-------------+-----------+-------------+------------+-------------+-------------+------------+
| Vccint          |       0.850 |    21.718 |      21.330 |      0.388 |       NA    | Unspecified | NA         |
| Vccint_io       |       0.850 |     0.056 |       0.009 |      0.048 |       NA    | Unspecified | NA         |
| Vccbram         |       0.850 |     0.011 |       0.006 |      0.005 |       NA    | Unspecified | NA         |
| Vccaux          |       1.800 |     0.076 |       0.000 |      0.076 |       NA    | Unspecified | NA         |
| Vccaux_io       |       1.800 |     0.032 |       0.000 |      0.031 |       NA    | Unspecified | NA         |
| Vcco33          |       3.300 |     0.000 |       0.000 |      0.000 |       NA    | Unspecified | NA         |
| Vcco25          |       2.500 |     0.000 |       0.000 |      0.000 |       NA    | Unspecified | NA         |
| Vcco18          |       1.800 |     0.003 |       0.003 |      0.000 |       NA    | Unspecified | NA         |
| Vcco15          |       1.500 |     0.000 |       0.000 |      0.000 |       NA    | Unspecified | NA         |
| Vcco135         |       1.350 |     0.000 |       0.000 |      0.000 |       NA    | Unspecified | NA         |
| Vcco12          |       1.200 |     0.000 |       0.000 |      0.000 |       NA    | Unspecified | NA         |
| Vcco10          |       1.000 |     0.000 |       0.000 |      0.000 |       NA    | Unspecified | NA         |
| Vccadc          |       1.800 |     0.008 |       0.000 |      0.008 |       NA    | Unspecified | NA         |
| VCC_PSINTFP     |       0.850 |     0.000 |       0.000 |      0.000 |       NA    | Unspecified | NA         |
| VCC_PSINTLP     |       0.850 |     0.017 |       0.000 |      0.017 |       NA    | Unspecified | NA         |
| VPS_MGTRAVCC    |       0.850 |     0.000 |       0.000 |      0.000 |       NA    | Unspecified | NA         |
| VCC_PSINTFP_DDR |       0.850 |     0.000 |       0.000 |      0.000 |       NA    | Unspecified | NA         |
| VCC_PSPLL       |       1.200 |     0.002 |       0.000 |      0.002 |       NA    | Unspecified | NA         |
| VPS_MGTRAVTT    |       1.800 |     0.000 |       0.000 |      0.000 |       NA    | Unspecified | NA         |
| VCCO_PSDDR_504  |       1.200 |     0.000 |       0.000 |      0.000 |       NA    | Unspecified | NA         |
| VCC_PSAUX       |       1.800 |     0.002 |       0.000 |      0.002 |       NA    | Unspecified | NA         |
| VCC_PSBATT      |       1.200 |     0.000 |       0.000 |      0.000 |       NA    | Unspecified | NA         |
| VCC_PSDDR_PLL   |       1.800 |     0.000 |       0.000 |      0.000 |       NA    | Unspecified | NA         |
| VCCO_PSIO0_500  |       3.300 |     0.000 |       0.000 |      0.000 |       NA    | Unspecified | NA         |
| VCCO_PSIO1_501  |       3.300 |     0.000 |       0.000 |      0.000 |       NA    | Unspecified | NA         |
| VCCO_PSIO2_502  |       3.300 |     0.000 |       0.000 |      0.000 |       NA    | Unspecified | NA         |
| VCCO_PSIO3_503  |       3.300 |     0.000 |       0.000 |      0.000 |       NA    | Unspecified | NA         |
| VCC_PSADC       |       1.800 |     0.002 |       0.000 |      0.002 |       NA    | Unspecified | NA         |
| VCCINT_VCU      |       0.900 |     0.087 |       0.000 |      0.087 |       NA    | Unspecified | NA         |
| MGTAVcc         |       0.900 |     0.000 |       0.000 |      0.000 |       NA    | Unspecified | NA         |
| MGTAVtt         |       1.200 |     0.000 |       0.000 |      0.000 |       NA    | Unspecified | NA         |
| MGTVccaux       |       1.800 |     0.000 |       0.000 |      0.000 |       NA    | Unspecified | NA         |
+-----------------+-------------+-----------+-------------+------------+-------------+-------------+------------+
* The Vccint supply current exceeds the maximum limit of the selected package.  See the packaging and pinout user guide for limit values.


1.3 Confidence Level
--------------------

+-----------------------------+------------+--------------------------------------------------------+--------------------------------------------------------------------------------------------------------------------+
| User Input Data             | Confidence | Details                                                | Action                                                                                                             |
+-----------------------------+------------+--------------------------------------------------------+--------------------------------------------------------------------------------------------------------------------+
| Design implementation state | High       | Design is routed                                       |                                                                                                                    |
| Clock nodes activity        | Low        | User specified less than 75% of clocks                 | Provide missing clock activity with a constraint file, simulation results or by editing the "By Clock Domain" view |
| I/O nodes activity          | Low        | More than 75% of inputs are missing user specification | Provide missing input activity with simulation results or by editing the "By Resource Type -> I/Os" view           |
| Internal nodes activity     | Medium     | User specified less than 25% of internal nodes         | Provide missing internal nodes activity with simulation results or by editing the "By Resource Type" views         |
| Device models               | High       | Device models are Production                           |                                                                                                                    |
|                             |            |                                                        |                                                                                                                    |
| Overall confidence level    | Low        |                                                        |                                                                                                                    |
+-----------------------------+------------+--------------------------------------------------------+--------------------------------------------------------------------------------------------------------------------+


2. Settings
-----------

2.1 Environment
---------------

+-----------------------+--------------------------+
| Ambient Temp (C)      | 25.0                     |
| ThetaJA (C/W)         | 2.3                      |
| Airflow (LFM)         | 250                      |
| Heat Sink             | medium (Medium Profile)  |
| ThetaSA (C/W)         | 5.5                      |
| Board Selection       | medium (10"x10")         |
| # of Board Layers     | 12to15 (12 to 15 Layers) |
| Board Temperature (C) | 25.0                     |
+-----------------------+--------------------------+


2.2 Clock Constraints
---------------------

+-------+--------+-----------------+
| Clock | Domain | Constraint (ns) |
+-------+--------+-----------------+


3. Detailed Reports
-------------------

3.1 By Hierarchy
----------------

+------------------------------+-----------+
| Name                         | Power (W) |
+------------------------------+-----------+
| BASIC_wrapper                |    18.148 |
|   BASIC_i                    |    17.810 |
|     Core_RV32I               |    15.042 |
|       RV32I_EX               |     8.551 |
|       RV32I_ID               |     1.621 |
|       RV32I_IF               |     1.940 |
|       RV32I_MEM              |     2.454 |
|       RV32I_WB               |     0.446 |
|       load_use_detection_0   |     0.021 |
|       priority_branch_OR_l_0 |     0.009 |
|     GPIO                     |     0.024 |
|       gpio_0                 |     0.024 |
|     MMIO                     |     0.187 |
|       mem_bus_registered_0   |     0.187 |
|     PRIVILEGED               |     1.607 |
|       csr_access_unit_0      |     0.035 |
|       csr_file_0             |     0.251 |
|       csr_regfile_wb_mux_0   |     0.765 |
|       exception_mux_0        |     0.026 |
|       mem_exception_merge_0  |     0.109 |
|       privileged_pc_redire_0 |     0.051 |
|       system_decoder_0       |     0.054 |
|       trap_controller_0      |     0.262 |
|       util_vector_and_0      |     0.056 |
|     RV32I_RAM_MEMORY         |     0.062 |
|       ram_data_1             |     0.062 |
|     TIMER                    |     0.163 |
|       timer_0                |     0.163 |
|     UART                     |     0.724 |
|       uart_tx_0              |     0.724 |
|   SW1_IBUF[0]_inst           |     0.015 |
|   clk_IBUF_inst              |     0.006 |
+------------------------------+-----------+


