Copyright 1986-2020 Xilinx, Inc. All Rights Reserved.
------------------------------------------------------------------------------------------
| Tool Version : Vivado v.2020.1 (lin64) Build 2902540 Wed May 27 19:54:35 MDT 2020
| Date         : Tue May 26 00:27:36 2026
| Host         : steckler-Default-string running 64-bit Ubuntu 18.04.6 LTS
| Command      : report_control_sets -verbose -file BASIC_wrapper_control_sets_placed.rpt
| Design       : BASIC_wrapper
| Device       : xczu5ev
------------------------------------------------------------------------------------------

Control Set Information

Table of Contents
-----------------
1. Summary
2. Histogram
3. Flip-Flop Distribution
4. Detailed Control Set Information

1. Summary
----------

+----------------------------------------------------------+-------+
|                          Status                          | Count |
+----------------------------------------------------------+-------+
| Total control sets                                       |   174 |
|    Minimum number of control sets                        |   174 |
|    Addition due to synthesis replication                 |     0 |
|    Addition due to physical synthesis replication        |     0 |
| Unused register locations in slices containing registers |   160 |
+----------------------------------------------------------+-------+
* Control sets can be merged at opt_design using control_set_merge or merge_equivalent_drivers
** Run report_qor_suggestions for automated merging and remapping suggestions


2. Histogram
------------

+--------------------+-------+
|       Fanout       | Count |
+--------------------+-------+
| Total control sets |   174 |
| >= 0 to < 4        |    67 |
| >= 4 to < 6        |     2 |
| >= 6 to < 8        |     0 |
| >= 8 to < 10       |    12 |
| >= 10 to < 12      |     1 |
| >= 12 to < 14      |     0 |
| >= 14 to < 16      |     0 |
| >= 16              |    92 |
+--------------------+-------+
* Control sets can be remapped at either synth_design or opt_design


3. Flip-Flop Distribution
-------------------------

+--------------+-----------------------+------------------------+-----------------+--------------+
| Clock Enable | Synchronous Set/Reset | Asynchronous Set/Reset | Total Registers | Total Slices |
+--------------+-----------------------+------------------------+-----------------+--------------+
| No           | No                    | No                     |               4 |            4 |
| No           | No                    | Yes                    |               0 |            0 |
| No           | Yes                   | No                     |             315 |           80 |
| Yes          | No                    | No                     |               9 |            1 |
| Yes          | No                    | Yes                    |              32 |            8 |
| Yes          | Yes                   | No                     |            5032 |         1135 |
+--------------+-----------------------+------------------------+-----------------+--------------+


4. Detailed Control Set Information
-----------------------------------

+------------------+---------------------------------------------------------------------------------+-------------------------------------------------------------------+------------------+----------------+--------------+
|   Clock Signal   |                                  Enable Signal                                  |                          Set/Reset Signal                         | Slice Load Count | Bel Load Count | Bels / Slice |
+------------------+---------------------------------------------------------------------------------+-------------------------------------------------------------------+------------------+----------------+--------------+
|  clk_IBUF_BUFGCE | BASIC_i/Core_RV32I/RV32I_IF/branch_predictor_btb_0/inst/bht_ctr[44][1]_i_1_n_0  | rst_IBUF_inst/O                                                   |                2 |              2 |         1.00 |
|  clk_IBUF_BUFGCE | BASIC_i/Core_RV32I/RV32I_IF/branch_predictor_btb_0/inst/bht_ctr[51][1]_i_1_n_0  | rst_IBUF_inst/O                                                   |                1 |              2 |         2.00 |
|  clk_IBUF_BUFGCE | BASIC_i/Core_RV32I/RV32I_IF/branch_predictor_btb_0/inst/bht_ctr[50][1]_i_1_n_0  | rst_IBUF_inst/O                                                   |                1 |              2 |         2.00 |
|  clk_IBUF_BUFGCE | BASIC_i/Core_RV32I/RV32I_IF/branch_predictor_btb_0/inst/bht_ctr[4][1]_i_1_n_0   | rst_IBUF_inst/O                                                   |                1 |              2 |         2.00 |
|  clk_IBUF_BUFGCE | BASIC_i/Core_RV32I/RV32I_IF/branch_predictor_btb_0/inst/bht_ctr[49][1]_i_1_n_0  | rst_IBUF_inst/O                                                   |                1 |              2 |         2.00 |
|  clk_IBUF_BUFGCE | BASIC_i/Core_RV32I/RV32I_IF/branch_predictor_btb_0/inst/bht_ctr[48][1]_i_1_n_0  | rst_IBUF_inst/O                                                   |                2 |              2 |         1.00 |
|  clk_IBUF_BUFGCE | BASIC_i/Core_RV32I/RV32I_IF/branch_predictor_btb_0/inst/bht_ctr[47][1]_i_1_n_0  | rst_IBUF_inst/O                                                   |                1 |              2 |         2.00 |
|  clk_IBUF_BUFGCE | BASIC_i/Core_RV32I/RV32I_IF/branch_predictor_btb_0/inst/bht_ctr[46][1]_i_1_n_0  | rst_IBUF_inst/O                                                   |                1 |              2 |         2.00 |
|  clk_IBUF_BUFGCE | BASIC_i/Core_RV32I/RV32I_IF/branch_predictor_btb_0/inst/bht_ctr[45][1]_i_1_n_0  | rst_IBUF_inst/O                                                   |                2 |              2 |         1.00 |
|  clk_IBUF_BUFGCE | BASIC_i/Core_RV32I/RV32I_IF/branch_predictor_btb_0/inst/bht_ctr[52][1]_i_1_n_0  | rst_IBUF_inst/O                                                   |                2 |              2 |         1.00 |
|  clk_IBUF_BUFGCE | BASIC_i/Core_RV32I/RV32I_IF/branch_predictor_btb_0/inst/bht_ctr[43][1]_i_1_n_0  | rst_IBUF_inst/O                                                   |                1 |              2 |         2.00 |
|  clk_IBUF_BUFGCE | BASIC_i/Core_RV32I/RV32I_IF/branch_predictor_btb_0/inst/bht_ctr[42][1]_i_1_n_0  | rst_IBUF_inst/O                                                   |                1 |              2 |         2.00 |
|  clk_IBUF_BUFGCE | BASIC_i/Core_RV32I/RV32I_IF/branch_predictor_btb_0/inst/bht_ctr[41][1]_i_1_n_0  | rst_IBUF_inst/O                                                   |                1 |              2 |         2.00 |
|  clk_IBUF_BUFGCE | BASIC_i/Core_RV32I/RV32I_IF/branch_predictor_btb_0/inst/bht_ctr[40][1]_i_1_n_0  | rst_IBUF_inst/O                                                   |                2 |              2 |         1.00 |
|  clk_IBUF_BUFGCE | BASIC_i/Core_RV32I/RV32I_IF/branch_predictor_btb_0/inst/bht_ctr[3][1]_i_1_n_0   | rst_IBUF_inst/O                                                   |                1 |              2 |         2.00 |
|  clk_IBUF_BUFGCE | BASIC_i/Core_RV32I/RV32I_IF/branch_predictor_btb_0/inst/bht_ctr[39][1]_i_1_n_0  | rst_IBUF_inst/O                                                   |                1 |              2 |         2.00 |
|  clk_IBUF_BUFGCE | BASIC_i/Core_RV32I/RV32I_IF/branch_predictor_btb_0/inst/bht_ctr[38][1]_i_1_n_0  | rst_IBUF_inst/O                                                   |                1 |              2 |         2.00 |
|  clk_IBUF_BUFGCE | BASIC_i/Core_RV32I/RV32I_IF/branch_predictor_btb_0/inst/bht_ctr[5][1]_i_1_n_0   | rst_IBUF_inst/O                                                   |                1 |              2 |         2.00 |
|  clk_IBUF_BUFGCE | BASIC_i/Core_RV32I/RV32I_IF/branch_predictor_btb_0/inst/bht_ctr[9][1]_i_1_n_0   | rst_IBUF_inst/O                                                   |                2 |              2 |         1.00 |
|  clk_IBUF_BUFGCE | BASIC_i/Core_RV32I/RV32I_IF/branch_predictor_btb_0/inst/bht_ctr[8][1]_i_1_n_0   | rst_IBUF_inst/O                                                   |                1 |              2 |         2.00 |
|  clk_IBUF_BUFGCE | BASIC_i/Core_RV32I/RV32I_IF/branch_predictor_btb_0/inst/bht_ctr[7][1]_i_1_n_0   | rst_IBUF_inst/O                                                   |                1 |              2 |         2.00 |
|  clk_IBUF_BUFGCE | BASIC_i/Core_RV32I/RV32I_IF/branch_predictor_btb_0/inst/bht_ctr[6][1]_i_1_n_0   | rst_IBUF_inst/O                                                   |                1 |              2 |         2.00 |
|  clk_IBUF_BUFGCE | BASIC_i/Core_RV32I/RV32I_IF/branch_predictor_btb_0/inst/bht_ctr[63][1]_i_1_n_0  | rst_IBUF_inst/O                                                   |                1 |              2 |         2.00 |
|  clk_IBUF_BUFGCE | BASIC_i/Core_RV32I/RV32I_IF/branch_predictor_btb_0/inst/bht_ctr[62][1]_i_1_n_0  | rst_IBUF_inst/O                                                   |                1 |              2 |         2.00 |
|  clk_IBUF_BUFGCE | BASIC_i/Core_RV32I/RV32I_IF/branch_predictor_btb_0/inst/bht_ctr[61][1]_i_1_n_0  | rst_IBUF_inst/O                                                   |                1 |              2 |         2.00 |
|  clk_IBUF_BUFGCE | BASIC_i/Core_RV32I/RV32I_IF/branch_predictor_btb_0/inst/bht_ctr[60][1]_i_1_n_0  | rst_IBUF_inst/O                                                   |                1 |              2 |         2.00 |
|  clk_IBUF_BUFGCE | BASIC_i/Core_RV32I/RV32I_IF/branch_predictor_btb_0/inst/bht_ctr[37][1]_i_1_n_0  | rst_IBUF_inst/O                                                   |                1 |              2 |         2.00 |
|  clk_IBUF_BUFGCE | BASIC_i/Core_RV32I/RV32I_IF/branch_predictor_btb_0/inst/bht_ctr[59][1]_i_1_n_0  | rst_IBUF_inst/O                                                   |                1 |              2 |         2.00 |
|  clk_IBUF_BUFGCE | BASIC_i/Core_RV32I/RV32I_IF/branch_predictor_btb_0/inst/bht_ctr[58][1]_i_1_n_0  | rst_IBUF_inst/O                                                   |                2 |              2 |         1.00 |
|  clk_IBUF_BUFGCE | BASIC_i/Core_RV32I/RV32I_IF/branch_predictor_btb_0/inst/bht_ctr[57][1]_i_1_n_0  | rst_IBUF_inst/O                                                   |                2 |              2 |         1.00 |
|  clk_IBUF_BUFGCE | BASIC_i/Core_RV32I/RV32I_IF/branch_predictor_btb_0/inst/bht_ctr[56][1]_i_1_n_0  | rst_IBUF_inst/O                                                   |                2 |              2 |         1.00 |
|  clk_IBUF_BUFGCE | BASIC_i/Core_RV32I/RV32I_IF/branch_predictor_btb_0/inst/bht_ctr[55][1]_i_1_n_0  | rst_IBUF_inst/O                                                   |                1 |              2 |         2.00 |
|  clk_IBUF_BUFGCE | BASIC_i/Core_RV32I/RV32I_IF/branch_predictor_btb_0/inst/bht_ctr[54][1]_i_1_n_0  | rst_IBUF_inst/O                                                   |                1 |              2 |         2.00 |
|  clk_IBUF_BUFGCE | BASIC_i/Core_RV32I/RV32I_IF/branch_predictor_btb_0/inst/bht_ctr[53][1]_i_1_n_0  | rst_IBUF_inst/O                                                   |                1 |              2 |         2.00 |
|  clk_IBUF_BUFGCE | BASIC_i/Core_RV32I/RV32I_IF/branch_predictor_btb_0/inst/bht_ctr[23][1]_i_1_n_0  | rst_IBUF_inst/O                                                   |                2 |              2 |         1.00 |
|  clk_IBUF_BUFGCE | BASIC_i/UART/uart_tx_0/inst/FSM_sequential_rx_state[1]_i_1_n_0                  | rst_IBUF_inst/O                                                   |                1 |              2 |         2.00 |
|  clk_IBUF_BUFGCE | BASIC_i/Core_RV32I/RV32I_IF/branch_predictor_btb_0/inst/bht_ctr[10][1]_i_1_n_0  | rst_IBUF_inst/O                                                   |                1 |              2 |         2.00 |
|  clk_IBUF_BUFGCE | BASIC_i/Core_RV32I/RV32I_IF/branch_predictor_btb_0/inst/bht_ctr[11][1]_i_1_n_0  | rst_IBUF_inst/O                                                   |                1 |              2 |         2.00 |
|  clk_IBUF_BUFGCE | BASIC_i/Core_RV32I/RV32I_IF/branch_predictor_btb_0/inst/bht_ctr[12][1]_i_1_n_0  | rst_IBUF_inst/O                                                   |                2 |              2 |         1.00 |
|  clk_IBUF_BUFGCE | BASIC_i/Core_RV32I/RV32I_IF/branch_predictor_btb_0/inst/bht_ctr[13][1]_i_1_n_0  | rst_IBUF_inst/O                                                   |                2 |              2 |         1.00 |
|  clk_IBUF_BUFGCE | BASIC_i/Core_RV32I/RV32I_IF/branch_predictor_btb_0/inst/bht_ctr[14][1]_i_1_n_0  | rst_IBUF_inst/O                                                   |                2 |              2 |         1.00 |
|  clk_IBUF_BUFGCE | BASIC_i/Core_RV32I/RV32I_IF/branch_predictor_btb_0/inst/bht_ctr[15][1]_i_1_n_0  | rst_IBUF_inst/O                                                   |                1 |              2 |         2.00 |
|  clk_IBUF_BUFGCE | BASIC_i/Core_RV32I/RV32I_IF/branch_predictor_btb_0/inst/bht_ctr[16][1]_i_1_n_0  | rst_IBUF_inst/O                                                   |                1 |              2 |         2.00 |
|  clk_IBUF_BUFGCE | BASIC_i/Core_RV32I/RV32I_IF/branch_predictor_btb_0/inst/bht_ctr[17][1]_i_1_n_0  | rst_IBUF_inst/O                                                   |                1 |              2 |         2.00 |
|  clk_IBUF_BUFGCE | BASIC_i/Core_RV32I/RV32I_IF/branch_predictor_btb_0/inst/bht_ctr[18][1]_i_1_n_0  | rst_IBUF_inst/O                                                   |                1 |              2 |         2.00 |
|  clk_IBUF_BUFGCE | BASIC_i/Core_RV32I/RV32I_IF/branch_predictor_btb_0/inst/bht_ctr[19][1]_i_1_n_0  | rst_IBUF_inst/O                                                   |                1 |              2 |         2.00 |
|  clk_IBUF_BUFGCE | BASIC_i/Core_RV32I/RV32I_IF/branch_predictor_btb_0/inst/bht_ctr[1][1]_i_1_n_0   | rst_IBUF_inst/O                                                   |                1 |              2 |         2.00 |
|  clk_IBUF_BUFGCE | BASIC_i/Core_RV32I/RV32I_IF/branch_predictor_btb_0/inst/bht_ctr[20][1]_i_1_n_0  | rst_IBUF_inst/O                                                   |                1 |              2 |         2.00 |
|  clk_IBUF_BUFGCE | BASIC_i/Core_RV32I/RV32I_IF/branch_predictor_btb_0/inst/bht_ctr[21][1]_i_1_n_0  | rst_IBUF_inst/O                                                   |                1 |              2 |         2.00 |
|  clk_IBUF_BUFGCE | BASIC_i/Core_RV32I/RV32I_IF/branch_predictor_btb_0/inst/bht_ctr[22][1]_i_1_n_0  | rst_IBUF_inst/O                                                   |                1 |              2 |         2.00 |
|  clk_IBUF_BUFGCE | BASIC_i/Core_RV32I/RV32I_IF/branch_predictor_btb_0/inst/bht_ctr[30][1]_i_1_n_0  | rst_IBUF_inst/O                                                   |                1 |              2 |         2.00 |
|  clk_IBUF_BUFGCE | BASIC_i/Core_RV32I/RV32I_IF/branch_predictor_btb_0/inst/bht_ctr[34][1]_i_1_n_0  | rst_IBUF_inst/O                                                   |                1 |              2 |         2.00 |
|  clk_IBUF_BUFGCE | BASIC_i/Core_RV32I/RV32I_IF/branch_predictor_btb_0/inst/bht_ctr[35][1]_i_1_n_0  | rst_IBUF_inst/O                                                   |                2 |              2 |         1.00 |
|  clk_IBUF_BUFGCE | BASIC_i/Core_RV32I/RV32I_IF/branch_predictor_btb_0/inst/bht_ctr[36][1]_i_1_n_0  | rst_IBUF_inst/O                                                   |                1 |              2 |         2.00 |
|  clk_IBUF_BUFGCE | BASIC_i/Core_RV32I/RV32I_IF/branch_predictor_btb_0/inst/bht_ctr[0][1]_i_1_n_0   | rst_IBUF_inst/O                                                   |                1 |              2 |         2.00 |
|  clk_IBUF_BUFGCE | BASIC_i/Core_RV32I/RV32I_IF/branch_predictor_btb_0/inst/bht_ctr[33][1]_i_1_n_0  | rst_IBUF_inst/O                                                   |                2 |              2 |         1.00 |
|  clk_IBUF_BUFGCE | BASIC_i/Core_RV32I/RV32I_IF/branch_predictor_btb_0/inst/bht_ctr[32][1]_i_1_n_0  | rst_IBUF_inst/O                                                   |                2 |              2 |         1.00 |
|  clk_IBUF_BUFGCE | BASIC_i/Core_RV32I/RV32I_IF/branch_predictor_btb_0/inst/bht_ctr[31][1]_i_1_n_0  | rst_IBUF_inst/O                                                   |                1 |              2 |         2.00 |
|  clk_IBUF_BUFGCE | BASIC_i/Core_RV32I/RV32I_IF/branch_predictor_btb_0/inst/bht_ctr[2][1]_i_1_n_0   | rst_IBUF_inst/O                                                   |                1 |              2 |         2.00 |
|  clk_IBUF_BUFGCE | BASIC_i/Core_RV32I/RV32I_IF/branch_predictor_btb_0/inst/bht_ctr[29][1]_i_1_n_0  | rst_IBUF_inst/O                                                   |                1 |              2 |         2.00 |
|  clk_IBUF_BUFGCE | BASIC_i/Core_RV32I/RV32I_IF/branch_predictor_btb_0/inst/bht_ctr[28][1]_i_1_n_0  | rst_IBUF_inst/O                                                   |                1 |              2 |         2.00 |
|  clk_IBUF_BUFGCE | BASIC_i/Core_RV32I/RV32I_IF/branch_predictor_btb_0/inst/bht_ctr[27][1]_i_1_n_0  | rst_IBUF_inst/O                                                   |                1 |              2 |         2.00 |
|  clk_IBUF_BUFGCE | BASIC_i/Core_RV32I/RV32I_IF/branch_predictor_btb_0/inst/bht_ctr[26][1]_i_1_n_0  | rst_IBUF_inst/O                                                   |                2 |              2 |         1.00 |
|  clk_IBUF_BUFGCE | BASIC_i/Core_RV32I/RV32I_IF/branch_predictor_btb_0/inst/bht_ctr[25][1]_i_1_n_0  | rst_IBUF_inst/O                                                   |                1 |              2 |         2.00 |
|  clk_IBUF_BUFGCE | BASIC_i/Core_RV32I/RV32I_IF/branch_predictor_btb_0/inst/bht_ctr[24][1]_i_1_n_0  | rst_IBUF_inst/O                                                   |                1 |              2 |         2.00 |
|  clk_IBUF_BUFGCE | BASIC_i/UART/uart_tx_0/inst/rx_bit_idx                                          | rst_IBUF_inst/O                                                   |                1 |              3 |         3.00 |
|  clk_IBUF_BUFGCE | BASIC_i/TIMER/timer_0/inst/timer_enable4_out                                    | rst_IBUF_inst/O                                                   |                3 |              3 |         1.00 |
|  clk_IBUF_BUFGCE |                                                                                 |                                                                   |                4 |              4 |         1.00 |
|  clk_IBUF_BUFGCE | BASIC_i/UART/uart_tx_0/inst/tx_bit_idx[3]_i_1_n_0                               | BASIC_i/UART/uart_tx_0/inst/tx_clk_cnt[31]_i_1_n_0                |                1 |              4 |         4.00 |
|  clk_IBUF_BUFGCE | BASIC_i/TIMER/timer_0/inst/timer_value[7]_i_1_n_0                               | rst_IBUF_inst/O                                                   |                3 |              8 |         2.67 |
|  clk_IBUF_BUFGCE | BASIC_i/TIMER/timer_0/inst/p_0_in[7]                                            | rst_IBUF_inst/O                                                   |                5 |              8 |         1.60 |
|  clk_IBUF_BUFGCE | BASIC_i/TIMER/timer_0/inst/p_0_in[15]                                           | rst_IBUF_inst/O                                                   |                5 |              8 |         1.60 |
|  clk_IBUF_BUFGCE | BASIC_i/TIMER/timer_0/inst/p_0_in[23]                                           | rst_IBUF_inst/O                                                   |                4 |              8 |         2.00 |
|  clk_IBUF_BUFGCE | BASIC_i/TIMER/timer_0/inst/p_0_in[31]                                           | rst_IBUF_inst/O                                                   |                5 |              8 |         1.60 |
|  clk_IBUF_BUFGCE | BASIC_i/TIMER/timer_0/inst/timer_value[31]_i_1_n_0                              | rst_IBUF_inst/O                                                   |                3 |              8 |         2.67 |
|  clk_IBUF_BUFGCE | BASIC_i/TIMER/timer_0/inst/timer_value[23]_i_1_n_0                              | rst_IBUF_inst/O                                                   |                2 |              8 |         4.00 |
|  clk_IBUF_BUFGCE | BASIC_i/TIMER/timer_0/inst/timer_value[15]_i_1_n_0                              | rst_IBUF_inst/O                                                   |                3 |              8 |         2.67 |
|  clk_IBUF_BUFGCE | BASIC_i/UART/uart_tx_0/inst/rx_data_q_1                                         | rst_IBUF_inst/O                                                   |                3 |              8 |         2.67 |
|  clk_IBUF_BUFGCE | BASIC_i/GPIO/gpio_0/inst/rdata0                                                 | rst_IBUF_inst/O                                                   |                3 |              8 |         2.67 |
|  clk_IBUF_BUFGCE | BASIC_i/GPIO/gpio_0/inst/gpio_dir[7]_i_1_n_0                                    | rst_IBUF_inst/O                                                   |                3 |              8 |         2.67 |
|  clk_IBUF_BUFGCE | BASIC_i/UART/uart_tx_0/inst/tx_shifter[8]_i_1_n_0                               |                                                                   |                1 |              9 |         9.00 |
|  clk_IBUF_BUFGCE | BASIC_i/GPIO/gpio_0/inst/gpio_out[7]_i_1_n_0                                    | rst_IBUF_inst/O                                                   |                4 |             10 |         2.50 |
|  clk_IBUF_BUFGCE | BASIC_i/PRIVILEGED/csr_file_0/inst/mstatus[31]                                  | rst_IBUF_inst/O                                                   |               26 |             30 |         1.15 |
|  clk_IBUF_BUFGCE | BASIC_i/PRIVILEGED/csr_file_0/inst/mip[31]_i_1_n_0                              | rst_IBUF_inst/O                                                   |               20 |             31 |         1.55 |
|  clk_IBUF_BUFGCE | BASIC_i/MMIO/mem_bus_registered_0/inst/ram_valid                                | rst_IBUF_inst/O                                                   |               23 |             32 |         1.39 |
|  clk_IBUF_BUFGCE | BASIC_i/PRIVILEGED/csr_file_0/inst/mtval[31]_i_1_n_0                            | rst_IBUF_inst/O                                                   |               15 |             32 |         2.13 |
|  clk_IBUF_BUFGCE | BASIC_i/PRIVILEGED/csr_file_0/inst/mcause[31]_i_1_n_0                           | rst_IBUF_inst/O                                                   |               28 |             32 |         1.14 |
|  clk_IBUF_BUFGCE | BASIC_i/PRIVILEGED/csr_file_0/inst/mepc[31]_i_1_n_0                             | rst_IBUF_inst/O                                                   |               28 |             32 |         1.14 |
|  clk_IBUF_BUFGCE | BASIC_i/PRIVILEGED/csr_file_0/inst/mie[31]_i_1_n_0                              | rst_IBUF_inst/O                                                   |               29 |             32 |         1.10 |
|  clk_IBUF_BUFGCE | BASIC_i/Core_RV32I/RV32I_IF/util_vector_and_1/Res[0]                            | rst_IBUF_inst/O                                                   |                8 |             32 |         4.00 |
|  clk_IBUF_BUFGCE | BASIC_i/UART/uart_tx_0/inst/tx_busy_q_reg_0                                     | BASIC_i/UART/uart_tx_0/inst/tx_clk_cnt[31]_i_1_n_0                |                7 |             32 |         4.57 |
|  clk_IBUF_BUFGCE | BASIC_i/MMIO/mem_bus_registered_0/inst/mem_rsp_rdata[31]_i_1_n_0                | rst_IBUF_inst/O                                                   |               17 |             32 |         1.88 |
|  clk_IBUF_BUFGCE | BASIC_i/PRIVILEGED/csr_file_0/inst/mtvec[31]_i_1_n_0                            | rst_IBUF_inst/O                                                   |               22 |             32 |         1.45 |
|  clk_IBUF_BUFGCE |                                                                                 | BASIC_i/MMIO/mem_bus_registered_0/inst/mem_rsp_valid_i_1_n_0      |                5 |             34 |         6.80 |
|  clk_IBUF_BUFGCE | BASIC_i/MMIO/mem_bus_registered_0/inst/addr_q[31]_i_1_n_0                       | rst_IBUF_inst/O                                                   |               13 |             49 |         3.77 |
|  clk_IBUF_BUFGCE | BASIC_i/Core_RV32I/RV32I_IF/branch_predictor_btb_0/inst/btb_tag[52][23]_i_1_n_0 | rst_IBUF_inst/O                                                   |               53 |             56 |         1.06 |
|  clk_IBUF_BUFGCE | BASIC_i/Core_RV32I/RV32I_IF/branch_predictor_btb_0/inst/btb_tag[53][23]_i_1_n_0 | rst_IBUF_inst/O                                                   |               53 |             56 |         1.06 |
|  clk_IBUF_BUFGCE | BASIC_i/Core_RV32I/RV32I_IF/branch_predictor_btb_0/inst/btb_tag[54][23]_i_1_n_0 | rst_IBUF_inst/O                                                   |               54 |             56 |         1.04 |
|  clk_IBUF_BUFGCE | BASIC_i/Core_RV32I/RV32I_IF/branch_predictor_btb_0/inst/btb_tag[55][23]_i_1_n_0 | rst_IBUF_inst/O                                                   |               52 |             56 |         1.08 |
|  clk_IBUF_BUFGCE | BASIC_i/Core_RV32I/RV32I_IF/branch_predictor_btb_0/inst/btb_tag[56][23]_i_1_n_0 | rst_IBUF_inst/O                                                   |               53 |             56 |         1.06 |
|  clk_IBUF_BUFGCE | BASIC_i/Core_RV32I/RV32I_IF/branch_predictor_btb_0/inst/btb_tag[57][23]_i_1_n_0 | rst_IBUF_inst/O                                                   |               51 |             56 |         1.10 |
|  clk_IBUF_BUFGCE | BASIC_i/Core_RV32I/RV32I_IF/branch_predictor_btb_0/inst/btb_tag[58][23]_i_1_n_0 | rst_IBUF_inst/O                                                   |               49 |             56 |         1.14 |
|  clk_IBUF_BUFGCE | BASIC_i/Core_RV32I/RV32I_IF/branch_predictor_btb_0/inst/btb_tag[59][23]_i_1_n_0 | rst_IBUF_inst/O                                                   |               53 |             56 |         1.06 |
|  clk_IBUF_BUFGCE | BASIC_i/Core_RV32I/RV32I_IF/branch_predictor_btb_0/inst/btb_tag[5][23]_i_1_n_0  | rst_IBUF_inst/O                                                   |               43 |             56 |         1.30 |
|  clk_IBUF_BUFGCE | BASIC_i/Core_RV32I/RV32I_IF/branch_predictor_btb_0/inst/btb_tag[60][23]_i_1_n_0 | rst_IBUF_inst/O                                                   |               56 |             56 |         1.00 |
|  clk_IBUF_BUFGCE | BASIC_i/Core_RV32I/RV32I_IF/branch_predictor_btb_0/inst/btb_tag[61][23]_i_1_n_0 | rst_IBUF_inst/O                                                   |               51 |             56 |         1.10 |
|  clk_IBUF_BUFGCE | BASIC_i/Core_RV32I/RV32I_IF/branch_predictor_btb_0/inst/btb_tag[62][23]_i_1_n_0 | rst_IBUF_inst/O                                                   |               49 |             56 |         1.14 |
|  clk_IBUF_BUFGCE | BASIC_i/Core_RV32I/RV32I_IF/branch_predictor_btb_0/inst/btb_tag[63][23]_i_1_n_0 | rst_IBUF_inst/O                                                   |               51 |             56 |         1.10 |
|  clk_IBUF_BUFGCE | BASIC_i/Core_RV32I/RV32I_IF/branch_predictor_btb_0/inst/btb_tag[6][23]_i_1_n_0  | rst_IBUF_inst/O                                                   |               44 |             56 |         1.27 |
|  clk_IBUF_BUFGCE | BASIC_i/Core_RV32I/RV32I_IF/branch_predictor_btb_0/inst/btb_tag[7][23]_i_1_n_0  | rst_IBUF_inst/O                                                   |               47 |             56 |         1.19 |
|  clk_IBUF_BUFGCE | BASIC_i/Core_RV32I/RV32I_IF/branch_predictor_btb_0/inst/btb_tag[8][23]_i_1_n_0  | rst_IBUF_inst/O                                                   |               48 |             56 |         1.17 |
|  clk_IBUF_BUFGCE | BASIC_i/Core_RV32I/RV32I_IF/branch_predictor_btb_0/inst/btb_tag[9][23]_i_1_n_0  | rst_IBUF_inst/O                                                   |               51 |             56 |         1.10 |
|  clk_IBUF_BUFGCE | BASIC_i/Core_RV32I/RV32I_IF/branch_predictor_btb_0/inst/btb_tag[28][23]_i_1_n_0 | rst_IBUF_inst/O                                                   |               52 |             56 |         1.08 |
|  clk_IBUF_BUFGCE | BASIC_i/Core_RV32I/RV32I_IF/branch_predictor_btb_0/inst/btb_tag[20][23]_i_1_n_0 | rst_IBUF_inst/O                                                   |               49 |             56 |         1.14 |
|  clk_IBUF_BUFGCE | BASIC_i/Core_RV32I/RV32I_IF/branch_predictor_btb_0/inst/btb_tag[32][23]_i_1_n_0 | rst_IBUF_inst/O                                                   |               45 |             56 |         1.24 |
|  clk_IBUF_BUFGCE | BASIC_i/Core_RV32I/RV32I_IF/branch_predictor_btb_0/inst/btb_tag[31][23]_i_1_n_0 | rst_IBUF_inst/O                                                   |               51 |             56 |         1.10 |
|  clk_IBUF_BUFGCE | BASIC_i/Core_RV32I/RV32I_IF/branch_predictor_btb_0/inst/btb_tag[30][23]_i_1_n_0 | rst_IBUF_inst/O                                                   |               52 |             56 |         1.08 |
|  clk_IBUF_BUFGCE | BASIC_i/Core_RV32I/RV32I_IF/branch_predictor_btb_0/inst/btb_tag[2][23]_i_1_n_0  | rst_IBUF_inst/O                                                   |               46 |             56 |         1.22 |
|  clk_IBUF_BUFGCE | BASIC_i/Core_RV32I/RV32I_IF/branch_predictor_btb_0/inst/btb_tag[29][23]_i_1_n_0 | rst_IBUF_inst/O                                                   |               52 |             56 |         1.08 |
|  clk_IBUF_BUFGCE | BASIC_i/Core_RV32I/RV32I_IF/branch_predictor_btb_0/inst/btb_tag[27][23]_i_1_n_0 | rst_IBUF_inst/O                                                   |               45 |             56 |         1.24 |
|  clk_IBUF_BUFGCE | BASIC_i/Core_RV32I/RV32I_IF/branch_predictor_btb_0/inst/btb_tag[26][23]_i_1_n_0 | rst_IBUF_inst/O                                                   |               46 |             56 |         1.22 |
|  clk_IBUF_BUFGCE | BASIC_i/Core_RV32I/RV32I_IF/branch_predictor_btb_0/inst/btb_tag[25][23]_i_1_n_0 | rst_IBUF_inst/O                                                   |               45 |             56 |         1.24 |
|  clk_IBUF_BUFGCE | BASIC_i/Core_RV32I/RV32I_IF/branch_predictor_btb_0/inst/btb_tag[24][23]_i_1_n_0 | rst_IBUF_inst/O                                                   |               47 |             56 |         1.19 |
|  clk_IBUF_BUFGCE | BASIC_i/Core_RV32I/RV32I_IF/branch_predictor_btb_0/inst/btb_tag[23][23]_i_1_n_0 | rst_IBUF_inst/O                                                   |               50 |             56 |         1.12 |
|  clk_IBUF_BUFGCE | BASIC_i/Core_RV32I/RV32I_IF/branch_predictor_btb_0/inst/btb_tag[22][23]_i_1_n_0 | rst_IBUF_inst/O                                                   |               49 |             56 |         1.14 |
|  clk_IBUF_BUFGCE | BASIC_i/Core_RV32I/RV32I_IF/branch_predictor_btb_0/inst/btb_tag[21][23]_i_1_n_0 | rst_IBUF_inst/O                                                   |               47 |             56 |         1.19 |
|  clk_IBUF_BUFGCE | BASIC_i/Core_RV32I/RV32I_IF/branch_predictor_btb_0/inst/btb_tag[50][23]_i_1_n_0 | rst_IBUF_inst/O                                                   |               51 |             56 |         1.10 |
|  clk_IBUF_BUFGCE | BASIC_i/Core_RV32I/RV32I_IF/branch_predictor_btb_0/inst/btb_tag[1][23]_i_1_n_0  | rst_IBUF_inst/O                                                   |               49 |             56 |         1.14 |
|  clk_IBUF_BUFGCE | BASIC_i/Core_RV32I/RV32I_IF/branch_predictor_btb_0/inst/btb_tag[19][23]_i_1_n_0 | rst_IBUF_inst/O                                                   |               49 |             56 |         1.14 |
|  clk_IBUF_BUFGCE | BASIC_i/Core_RV32I/RV32I_IF/branch_predictor_btb_0/inst/btb_tag[18][23]_i_1_n_0 | rst_IBUF_inst/O                                                   |               50 |             56 |         1.12 |
|  clk_IBUF_BUFGCE | BASIC_i/Core_RV32I/RV32I_IF/branch_predictor_btb_0/inst/btb_tag[17][23]_i_1_n_0 | rst_IBUF_inst/O                                                   |               48 |             56 |         1.17 |
|  clk_IBUF_BUFGCE | BASIC_i/Core_RV32I/RV32I_IF/branch_predictor_btb_0/inst/btb_tag[16][23]_i_1_n_0 | rst_IBUF_inst/O                                                   |               51 |             56 |         1.10 |
|  clk_IBUF_BUFGCE | BASIC_i/Core_RV32I/RV32I_IF/branch_predictor_btb_0/inst/btb_tag[15][23]_i_1_n_0 | rst_IBUF_inst/O                                                   |               51 |             56 |         1.10 |
|  clk_IBUF_BUFGCE | BASIC_i/Core_RV32I/RV32I_IF/branch_predictor_btb_0/inst/btb_tag[14][23]_i_1_n_0 | rst_IBUF_inst/O                                                   |               52 |             56 |         1.08 |
|  clk_IBUF_BUFGCE | BASIC_i/Core_RV32I/RV32I_IF/branch_predictor_btb_0/inst/btb_tag[13][23]_i_1_n_0 | rst_IBUF_inst/O                                                   |               54 |             56 |         1.04 |
|  clk_IBUF_BUFGCE | BASIC_i/Core_RV32I/RV32I_IF/branch_predictor_btb_0/inst/btb_tag[12][23]_i_1_n_0 | rst_IBUF_inst/O                                                   |               50 |             56 |         1.12 |
|  clk_IBUF_BUFGCE | BASIC_i/Core_RV32I/RV32I_IF/branch_predictor_btb_0/inst/btb_tag[11][23]_i_1_n_0 | rst_IBUF_inst/O                                                   |               48 |             56 |         1.17 |
|  clk_IBUF_BUFGCE | BASIC_i/Core_RV32I/RV32I_IF/branch_predictor_btb_0/inst/btb_tag[10][23]_i_1_n_0 | rst_IBUF_inst/O                                                   |               49 |             56 |         1.14 |
|  clk_IBUF_BUFGCE | BASIC_i/Core_RV32I/RV32I_IF/branch_predictor_btb_0/inst/btb_tag[0][23]_i_1_n_0  | rst_IBUF_inst/O                                                   |               50 |             56 |         1.12 |
|  clk_IBUF_BUFGCE | BASIC_i/Core_RV32I/RV32I_IF/branch_predictor_btb_0/inst/btb_tag[44][23]_i_1_n_0 | rst_IBUF_inst/O                                                   |               52 |             56 |         1.08 |
|  clk_IBUF_BUFGCE | BASIC_i/Core_RV32I/RV32I_IF/branch_predictor_btb_0/inst/btb_tag[37][23]_i_1_n_0 | rst_IBUF_inst/O                                                   |               49 |             56 |         1.14 |
|  clk_IBUF_BUFGCE | BASIC_i/Core_RV32I/RV32I_IF/branch_predictor_btb_0/inst/btb_tag[38][23]_i_1_n_0 | rst_IBUF_inst/O                                                   |               46 |             56 |         1.22 |
|  clk_IBUF_BUFGCE | BASIC_i/Core_RV32I/RV32I_IF/branch_predictor_btb_0/inst/btb_tag[39][23]_i_1_n_0 | rst_IBUF_inst/O                                                   |               49 |             56 |         1.14 |
|  clk_IBUF_BUFGCE | BASIC_i/Core_RV32I/RV32I_IF/branch_predictor_btb_0/inst/btb_tag[3][23]_i_1_n_0  | rst_IBUF_inst/O                                                   |               50 |             56 |         1.12 |
|  clk_IBUF_BUFGCE | BASIC_i/Core_RV32I/RV32I_IF/branch_predictor_btb_0/inst/btb_tag[40][23]_i_1_n_0 | rst_IBUF_inst/O                                                   |               49 |             56 |         1.14 |
|  clk_IBUF_BUFGCE | BASIC_i/Core_RV32I/RV32I_IF/branch_predictor_btb_0/inst/btb_tag[41][23]_i_1_n_0 | rst_IBUF_inst/O                                                   |               47 |             56 |         1.19 |
|  clk_IBUF_BUFGCE | BASIC_i/Core_RV32I/RV32I_IF/branch_predictor_btb_0/inst/btb_tag[42][23]_i_1_n_0 | rst_IBUF_inst/O                                                   |               48 |             56 |         1.17 |
|  clk_IBUF_BUFGCE | BASIC_i/Core_RV32I/RV32I_IF/branch_predictor_btb_0/inst/btb_tag[43][23]_i_1_n_0 | rst_IBUF_inst/O                                                   |               47 |             56 |         1.19 |
|  clk_IBUF_BUFGCE | BASIC_i/Core_RV32I/RV32I_IF/branch_predictor_btb_0/inst/btb_tag[34][23]_i_1_n_0 | rst_IBUF_inst/O                                                   |               51 |             56 |         1.10 |
|  clk_IBUF_BUFGCE | BASIC_i/Core_RV32I/RV32I_IF/branch_predictor_btb_0/inst/btb_tag[45][23]_i_1_n_0 | rst_IBUF_inst/O                                                   |               49 |             56 |         1.14 |
|  clk_IBUF_BUFGCE | BASIC_i/Core_RV32I/RV32I_IF/branch_predictor_btb_0/inst/btb_tag[46][23]_i_1_n_0 | rst_IBUF_inst/O                                                   |               49 |             56 |         1.14 |
|  clk_IBUF_BUFGCE | BASIC_i/Core_RV32I/RV32I_IF/branch_predictor_btb_0/inst/btb_tag[47][23]_i_1_n_0 | rst_IBUF_inst/O                                                   |               51 |             56 |         1.10 |
|  clk_IBUF_BUFGCE | BASIC_i/Core_RV32I/RV32I_IF/branch_predictor_btb_0/inst/btb_tag[48][23]_i_1_n_0 | rst_IBUF_inst/O                                                   |               53 |             56 |         1.06 |
|  clk_IBUF_BUFGCE | BASIC_i/Core_RV32I/RV32I_IF/branch_predictor_btb_0/inst/btb_tag[49][23]_i_1_n_0 | rst_IBUF_inst/O                                                   |               53 |             56 |         1.06 |
|  clk_IBUF_BUFGCE | BASIC_i/Core_RV32I/RV32I_IF/branch_predictor_btb_0/inst/btb_tag[4][23]_i_1_n_0  | rst_IBUF_inst/O                                                   |               46 |             56 |         1.22 |
|  clk_IBUF_BUFGCE | BASIC_i/Core_RV32I/RV32I_IF/branch_predictor_btb_0/inst/btb_tag[51][23]_i_1_n_0 | rst_IBUF_inst/O                                                   |               54 |             56 |         1.04 |
|  clk_IBUF_BUFGCE | BASIC_i/Core_RV32I/RV32I_IF/branch_predictor_btb_0/inst/btb_tag[36][23]_i_1_n_0 | rst_IBUF_inst/O                                                   |               49 |             56 |         1.14 |
|  clk_IBUF_BUFGCE | BASIC_i/Core_RV32I/RV32I_IF/branch_predictor_btb_0/inst/btb_tag[33][23]_i_1_n_0 | rst_IBUF_inst/O                                                   |               49 |             56 |         1.14 |
|  clk_IBUF_BUFGCE | BASIC_i/Core_RV32I/RV32I_IF/branch_predictor_btb_0/inst/btb_tag[35][23]_i_1_n_0 | rst_IBUF_inst/O                                                   |               49 |             56 |         1.14 |
|  clk_IBUF_BUFGCE | BASIC_i/RV32I_RAM_MEMORY/ram_data_1/inst/mem0_reg_0_511_0_0_i_1_n_0             |                                                                   |                8 |             64 |         8.00 |
|  clk_IBUF_BUFGCE | BASIC_i/RV32I_RAM_MEMORY/ram_data_1/inst/mem0_reg_512_1023_0_0_i_1_n_0          |                                                                   |                8 |             64 |         8.00 |
|  clk_IBUF_BUFGCE | BASIC_i/RV32I_RAM_MEMORY/ram_data_1/inst/mem1_reg_0_511_0_0_i_1_n_0             |                                                                   |                8 |             64 |         8.00 |
|  clk_IBUF_BUFGCE | BASIC_i/RV32I_RAM_MEMORY/ram_data_1/inst/mem1_reg_512_1023_0_0_i_1_n_0          |                                                                   |                8 |             64 |         8.00 |
|  clk_IBUF_BUFGCE | BASIC_i/RV32I_RAM_MEMORY/ram_data_1/inst/mem2_reg_0_511_0_0_i_1_n_0             |                                                                   |                8 |             64 |         8.00 |
|  clk_IBUF_BUFGCE | BASIC_i/RV32I_RAM_MEMORY/ram_data_1/inst/mem2_reg_512_1023_0_0_i_1_n_0          |                                                                   |                8 |             64 |         8.00 |
|  clk_IBUF_BUFGCE | BASIC_i/RV32I_RAM_MEMORY/ram_data_1/inst/mem3_reg_0_511_0_0_i_1_n_0             |                                                                   |                8 |             64 |         8.00 |
|  clk_IBUF_BUFGCE | BASIC_i/RV32I_RAM_MEMORY/ram_data_1/inst/mem3_reg_512_1023_0_0_i_1_n_0          |                                                                   |                8 |             64 |         8.00 |
|  clk_IBUF_BUFGCE | BASIC_i/Core_RV32I/RV32I_ID/regfile_0/inst/p_2_in                               |                                                                   |                6 |             96 |        16.00 |
|  clk_IBUF_BUFGCE | BASIC_i/Core_RV32I/RV32I_IF/util_vector_or_1/Res[0]                             | BASIC_i/Core_RV32I/RV32I_IF/if_id_reg_0/inst/pred_next_pc_align_0 |               28 |             97 |         3.46 |
|  clk_IBUF_BUFGCE | BASIC_i/Core_RV32I/RV32I_MEM/mem_stage_0/inst/mem_can_advance                   | rst_IBUF_inst/O                                                   |               49 |             98 |         2.00 |
|  clk_IBUF_BUFGCE | BASIC_i/Core_RV32I/RV32I_IF/util_vector_or_1/Res[0]                             | BASIC_i/Core_RV32I/RV32I_IF/if_id_reg_0/inst/reg_pred_next_pc     |               38 |            129 |         3.39 |
|  clk_IBUF_BUFGCE | BASIC_i/Core_RV32I/RV32I_MEM/mem_stage_0/mem_stall_req                          | rst_IBUF_inst/O                                                   |              109 |            237 |         2.17 |
|  clk_IBUF_BUFGCE |                                                                                 | rst_IBUF_inst/O                                                   |               75 |            281 |         3.75 |
|  clk_IBUF_BUFGCE | BASIC_i/Core_RV32I/RV32I_MEM/mem_stage_0/mem_stall_req                          | BASIC_i/Core_RV32I/RV32I_ID/id_ex_reg/inst/ex_valid_i_1_n_0       |               83 |            283 |         3.41 |
+------------------+---------------------------------------------------------------------------------+-------------------------------------------------------------------+------------------+----------------+--------------+


