
*** Running vivado
    with args -log RV32UI_wrapper.vds -m64 -product Vivado -mode batch -messageDb vivado.pb -notrace -source RV32UI_wrapper.tcl


****** Vivado v2020.1 (64-bit)
  **** SW Build 2902540 on Wed May 27 19:54:35 MDT 2020
  **** IP Build 2902112 on Wed May 27 22:43:36 MDT 2020
    ** Copyright 1986-2020 Xilinx, Inc. All Rights Reserved.

source RV32UI_wrapper.tcl -notrace
INFO: [IP_Flow 19-234] Refreshing IP repositories
INFO: [IP_Flow 19-1704] No user IP repositories specified
INFO: [IP_Flow 19-2313] Loaded Vivado IP repository '/media/steckler/xilinx_linux/vitis_2020.1/Vivado/2020.1/data/ip'.
add_files: Time (s): cpu = 00:01:00 ; elapsed = 00:00:25 . Memory (MB): peak = 2560.137 ; gain = 408.199 ; free physical = 3528 ; free virtual = 25962
Command: synth_design -top RV32UI_wrapper -part xczu5ev-sfvc784-2-i
Starting synth_design
Attempting to get a license for feature 'Synthesis' and/or device 'xczu5ev'
INFO: [Common 17-349] Got license for feature 'Synthesis' and/or device 'xczu5ev'
INFO: [Device 21-403] Loading part xczu5ev-sfvc784-2-i
INFO: [Synth 8-7079] Multithreading enabled for synth_design using a maximum of 4 processes.
INFO: [Synth 8-7078] Launching helper process for spawning children vivado processes
INFO: [Synth 8-7075] Helper process launched with PID 31393
---------------------------------------------------------------------------------
Starting RTL Elaboration : Time (s): cpu = 00:00:03 ; elapsed = 00:00:04 . Memory (MB): peak = 2640.258 ; gain = 9.902 ; free physical = 2333 ; free virtual = 24805
---------------------------------------------------------------------------------
INFO: [Synth 8-6157] synthesizing module 'RV32UI_wrapper' [/media/steckler/xilinx_linux/RISCV_ZYNQ/V2/RVI20U32/RV32I_COCOTB/RISCV_RV32UI/RISCV.srcs/sources_1/bd/RV32UI/hdl/RV32UI_wrapper.v:12]
INFO: [Synth 8-6157] synthesizing module 'RV32UI' [/media/steckler/xilinx_linux/RISCV_ZYNQ/V2/RVI20U32/RV32I_COCOTB/RISCV_RV32UI/RISCV.runs/synth_1/.Xil/Vivado-30380-steckler-Default-string/realtime/RV32UI_stub.v:5]
INFO: [Synth 8-6155] done synthesizing module 'RV32UI' (1#1) [/media/steckler/xilinx_linux/RISCV_ZYNQ/V2/RVI20U32/RV32I_COCOTB/RISCV_RV32UI/RISCV.runs/synth_1/.Xil/Vivado-30380-steckler-Default-string/realtime/RV32UI_stub.v:5]
INFO: [Synth 8-6155] done synthesizing module 'RV32UI_wrapper' (2#1) [/media/steckler/xilinx_linux/RISCV_ZYNQ/V2/RVI20U32/RV32I_COCOTB/RISCV_RV32UI/RISCV.srcs/sources_1/bd/RV32UI/hdl/RV32UI_wrapper.v:12]
---------------------------------------------------------------------------------
Finished RTL Elaboration : Time (s): cpu = 00:00:04 ; elapsed = 00:00:05 . Memory (MB): peak = 2677.195 ; gain = 46.840 ; free physical = 2436 ; free virtual = 24908
---------------------------------------------------------------------------------
---------------------------------------------------------------------------------
Start Handling Custom Attributes
---------------------------------------------------------------------------------
---------------------------------------------------------------------------------
Finished Handling Custom Attributes : Time (s): cpu = 00:00:05 ; elapsed = 00:00:06 . Memory (MB): peak = 2693.039 ; gain = 62.684 ; free physical = 2437 ; free virtual = 24904
---------------------------------------------------------------------------------
---------------------------------------------------------------------------------
Finished RTL Optimization Phase 1 : Time (s): cpu = 00:00:05 ; elapsed = 00:00:06 . Memory (MB): peak = 2693.039 ; gain = 62.684 ; free physical = 2437 ; free virtual = 24904
---------------------------------------------------------------------------------
Netlist sorting complete. Time (s): cpu = 00:00:00.01 ; elapsed = 00:00:00 . Memory (MB): peak = 2693.039 ; gain = 0.000 ; free physical = 2430 ; free virtual = 24898
INFO: [Project 1-570] Preparing netlist for logic optimization

Processing XDC Constraints
Initializing timing engine
Parsing XDC File [/media/steckler/xilinx_linux/RISCV_ZYNQ/V2/RVI20U32/RV32I_COCOTB/RISCV_RV32UI/RISCV.srcs/sources_1/bd/RV32UI/RV32UI/RV32UI_in_context.xdc] for cell 'RV32UI_i'
Finished Parsing XDC File [/media/steckler/xilinx_linux/RISCV_ZYNQ/V2/RVI20U32/RV32I_COCOTB/RISCV_RV32UI/RISCV.srcs/sources_1/bd/RV32UI/RV32UI/RV32UI_in_context.xdc] for cell 'RV32UI_i'
Parsing XDC File [/media/steckler/xilinx_linux/RISCV_ZYNQ/V2/RVI20U32/RV32I_COCOTB/RISCV_RV32UI/RISCV.srcs/constrs_1/new/src.xdc]
Finished Parsing XDC File [/media/steckler/xilinx_linux/RISCV_ZYNQ/V2/RVI20U32/RV32I_COCOTB/RISCV_RV32UI/RISCV.srcs/constrs_1/new/src.xdc]
INFO: [Project 1-236] Implementation specific constraints were found while reading constraint file [/media/steckler/xilinx_linux/RISCV_ZYNQ/V2/RVI20U32/RV32I_COCOTB/RISCV_RV32UI/RISCV.srcs/constrs_1/new/src.xdc]. These constraints will be ignored for synthesis but will be used in implementation. Impacted constraints are listed in the file [.Xil/RV32UI_wrapper_propImpl.xdc].
Resolution: To avoid this warning, move constraints listed in [.Xil/RV32UI_wrapper_propImpl.xdc] to another XDC file and exclude this new file from synthesis with the used_in_synthesis property (File Properties dialog in GUI) and re-run elaboration/synthesis.
Completed Processing XDC Constraints

Netlist sorting complete. Time (s): cpu = 00:00:00 ; elapsed = 00:00:00 . Memory (MB): peak = 2749.836 ; gain = 0.000 ; free physical = 2411 ; free virtual = 24878
INFO: [Project 1-111] Unisim Transformation Summary:
No Unisim elements were transformed.

Constraint Validation Runtime : Time (s): cpu = 00:00:00 ; elapsed = 00:00:00.01 . Memory (MB): peak = 2749.836 ; gain = 0.000 ; free physical = 2411 ; free virtual = 24878
---------------------------------------------------------------------------------
Finished Constraint Validation : Time (s): cpu = 00:00:13 ; elapsed = 00:00:19 . Memory (MB): peak = 2749.836 ; gain = 119.480 ; free physical = 2403 ; free virtual = 24893
---------------------------------------------------------------------------------
---------------------------------------------------------------------------------
Start Loading Part and Timing Information
---------------------------------------------------------------------------------
Loading part: xczu5ev-sfvc784-2-i
INFO: [Synth 8-6742] Reading net delay rules and data
---------------------------------------------------------------------------------
Finished Loading Part and Timing Information : Time (s): cpu = 00:00:13 ; elapsed = 00:00:19 . Memory (MB): peak = 2749.836 ; gain = 119.480 ; free physical = 2394 ; free virtual = 24885
---------------------------------------------------------------------------------
---------------------------------------------------------------------------------
Start Applying 'set_property' XDC Constraints
---------------------------------------------------------------------------------
Applied set_property DONT_TOUCH = true for RV32UI_i. (constraint file  auto generated constraint, line ).
---------------------------------------------------------------------------------
Finished applying 'set_property' XDC Constraints : Time (s): cpu = 00:00:13 ; elapsed = 00:00:19 . Memory (MB): peak = 2749.836 ; gain = 119.480 ; free physical = 2401 ; free virtual = 24891
---------------------------------------------------------------------------------
---------------------------------------------------------------------------------
Finished RTL Optimization Phase 2 : Time (s): cpu = 00:00:13 ; elapsed = 00:00:19 . Memory (MB): peak = 2749.836 ; gain = 119.480 ; free physical = 2391 ; free virtual = 24882
---------------------------------------------------------------------------------
---------------------------------------------------------------------------------
Start RTL Component Statistics 
---------------------------------------------------------------------------------
Detailed RTL Component Info : 
---------------------------------------------------------------------------------
Finished RTL Component Statistics 
---------------------------------------------------------------------------------
---------------------------------------------------------------------------------
Start Part Resource Summary
---------------------------------------------------------------------------------
Part Resources:
DSPs: 1248 (col length:96)
BRAMs: 288 (col length: RAMB18 96 RAMB36 48)
---------------------------------------------------------------------------------
Finished Part Resource Summary
---------------------------------------------------------------------------------
---------------------------------------------------------------------------------
Start Cross Boundary and Area Optimization
---------------------------------------------------------------------------------
---------------------------------------------------------------------------------
Finished Cross Boundary and Area Optimization : Time (s): cpu = 00:00:14 ; elapsed = 00:00:20 . Memory (MB): peak = 2749.836 ; gain = 119.480 ; free physical = 2432 ; free virtual = 24926
---------------------------------------------------------------------------------
---------------------------------------------------------------------------------
Start Applying XDC Timing Constraints
---------------------------------------------------------------------------------
---------------------------------------------------------------------------------
Finished Applying XDC Timing Constraints : Time (s): cpu = 00:00:38 ; elapsed = 00:01:09 . Memory (MB): peak = 3226.695 ; gain = 596.340 ; free physical = 1791 ; free virtual = 24284
---------------------------------------------------------------------------------
---------------------------------------------------------------------------------
Start Timing Optimization
---------------------------------------------------------------------------------
---------------------------------------------------------------------------------
Finished Timing Optimization : Time (s): cpu = 00:00:38 ; elapsed = 00:01:09 . Memory (MB): peak = 3226.695 ; gain = 596.340 ; free physical = 1791 ; free virtual = 24284
---------------------------------------------------------------------------------
---------------------------------------------------------------------------------
Start Technology Mapping
---------------------------------------------------------------------------------
---------------------------------------------------------------------------------
Finished Technology Mapping : Time (s): cpu = 00:00:38 ; elapsed = 00:01:09 . Memory (MB): peak = 3245.727 ; gain = 615.371 ; free physical = 1789 ; free virtual = 24281
---------------------------------------------------------------------------------
---------------------------------------------------------------------------------
Start IO Insertion
---------------------------------------------------------------------------------
---------------------------------------------------------------------------------
Start Flattening Before IO Insertion
---------------------------------------------------------------------------------
---------------------------------------------------------------------------------
Finished Flattening Before IO Insertion
---------------------------------------------------------------------------------
---------------------------------------------------------------------------------
Start Final Netlist Cleanup
---------------------------------------------------------------------------------
---------------------------------------------------------------------------------
Finished Final Netlist Cleanup
---------------------------------------------------------------------------------
---------------------------------------------------------------------------------
Finished IO Insertion : Time (s): cpu = 00:00:43 ; elapsed = 00:01:13 . Memory (MB): peak = 3251.664 ; gain = 621.309 ; free physical = 1801 ; free virtual = 24290
---------------------------------------------------------------------------------
---------------------------------------------------------------------------------
Start Renaming Generated Instances
---------------------------------------------------------------------------------
---------------------------------------------------------------------------------
Finished Renaming Generated Instances : Time (s): cpu = 00:00:43 ; elapsed = 00:01:13 . Memory (MB): peak = 3251.664 ; gain = 621.309 ; free physical = 1801 ; free virtual = 24290
---------------------------------------------------------------------------------
---------------------------------------------------------------------------------
Start Rebuilding User Hierarchy
---------------------------------------------------------------------------------
---------------------------------------------------------------------------------
Finished Rebuilding User Hierarchy : Time (s): cpu = 00:00:43 ; elapsed = 00:01:13 . Memory (MB): peak = 3251.664 ; gain = 621.309 ; free physical = 1800 ; free virtual = 24290
---------------------------------------------------------------------------------
---------------------------------------------------------------------------------
Start Renaming Generated Ports
---------------------------------------------------------------------------------
---------------------------------------------------------------------------------
Finished Renaming Generated Ports : Time (s): cpu = 00:00:43 ; elapsed = 00:01:13 . Memory (MB): peak = 3251.664 ; gain = 621.309 ; free physical = 1800 ; free virtual = 24290
---------------------------------------------------------------------------------
---------------------------------------------------------------------------------
Start Handling Custom Attributes
---------------------------------------------------------------------------------
---------------------------------------------------------------------------------
Finished Handling Custom Attributes : Time (s): cpu = 00:00:43 ; elapsed = 00:01:13 . Memory (MB): peak = 3251.664 ; gain = 621.309 ; free physical = 1800 ; free virtual = 24290
---------------------------------------------------------------------------------
---------------------------------------------------------------------------------
Start Renaming Generated Nets
---------------------------------------------------------------------------------
---------------------------------------------------------------------------------
Finished Renaming Generated Nets : Time (s): cpu = 00:00:43 ; elapsed = 00:01:13 . Memory (MB): peak = 3251.664 ; gain = 621.309 ; free physical = 1800 ; free virtual = 24290
---------------------------------------------------------------------------------
---------------------------------------------------------------------------------
Start Writing Synthesis Report
---------------------------------------------------------------------------------

Report BlackBoxes: 
+------+--------------+----------+
|      |BlackBox name |Instances |
+------+--------------+----------+
|1     |RV32UI        |         1|
+------+--------------+----------+

Report Cell Usage: 
+------+-------+------+
|      |Cell   |Count |
+------+-------+------+
|1     |RV32UI |     1|
|2     |IBUF   |     1|
|3     |OBUF   |     2|
+------+-------+------+
---------------------------------------------------------------------------------
Finished Writing Synthesis Report : Time (s): cpu = 00:00:43 ; elapsed = 00:01:13 . Memory (MB): peak = 3251.664 ; gain = 621.309 ; free physical = 1800 ; free virtual = 24289
---------------------------------------------------------------------------------
Synthesis finished with 0 errors, 0 critical warnings and 0 warnings.
Synthesis Optimization Runtime : Time (s): cpu = 00:00:40 ; elapsed = 00:01:08 . Memory (MB): peak = 3251.664 ; gain = 564.512 ; free physical = 1835 ; free virtual = 24325
Synthesis Optimization Complete : Time (s): cpu = 00:00:43 ; elapsed = 00:01:13 . Memory (MB): peak = 3251.672 ; gain = 621.309 ; free physical = 1835 ; free virtual = 24325
INFO: [Project 1-571] Translating synthesized netlist
Netlist sorting complete. Time (s): cpu = 00:00:00 ; elapsed = 00:00:00 . Memory (MB): peak = 3257.602 ; gain = 0.000 ; free physical = 1922 ; free virtual = 24411
INFO: [Netlist 29-17] Analyzing 1 Unisim elements for replacement
INFO: [Netlist 29-28] Unisim Transformation completed in 0 CPU seconds
INFO: [Project 1-570] Preparing netlist for logic optimization
INFO: [Opt 31-138] Pushed 0 inverter(s) to 0 load pin(s).
Netlist sorting complete. Time (s): cpu = 00:00:00 ; elapsed = 00:00:00 . Memory (MB): peak = 3276.445 ; gain = 0.000 ; free physical = 1869 ; free virtual = 24359
INFO: [Project 1-111] Unisim Transformation Summary:
  A total of 1 instances were transformed.
  IBUF => IBUF (IBUFCTRL, INBUF): 1 instance 

INFO: [Common 17-83] Releasing license: Synthesis
23 Infos, 0 Warnings, 0 Critical Warnings and 0 Errors encountered.
synth_design completed successfully
synth_design: Time (s): cpu = 00:00:58 ; elapsed = 00:01:33 . Memory (MB): peak = 3276.445 ; gain = 716.309 ; free physical = 1995 ; free virtual = 24484
INFO: [Common 17-1381] The checkpoint '/media/steckler/xilinx_linux/RISCV_ZYNQ/V2/RVI20U32/RV32I_COCOTB/RISCV_RV32UI/RISCV.runs/synth_1/RV32UI_wrapper.dcp' has been generated.
INFO: [runtcl-4] Executing : report_utilization -file RV32UI_wrapper_utilization_synth.rpt -pb RV32UI_wrapper_utilization_synth.pb
INFO: [Common 17-206] Exiting Vivado at Wed Jun 17 01:36:27 2026...
