Copyright 1986-2020 Xilinx, Inc. All Rights Reserved.
-------------------------------------------------------------------------------------------------------------------------------------------------------------
| Tool Version     : Vivado v.2020.1 (lin64) Build 2902540 Wed May 27 19:54:35 MDT 2020
| Date             : Tue May 26 22:02:31 2026
| Host             : xilinx running 64-bit Ubuntu 25.10
| Command          : report_power -file BASIC_wrapper_power_routed.rpt -pb BASIC_wrapper_power_summary_routed.pb -rpx BASIC_wrapper_power_routed.rpx
| Design           : BASIC_wrapper
| Device           : xczu5ev-sfvc784-2-i
| Design State     : routed
| Grade            : industrial
| Process          : typical
| Characterization : Production
-------------------------------------------------------------------------------------------------------------------------------------------------------------

Power Report

Table of Contents
-----------------
1. Summary
1.1 On-Chip Components
1.2 Power Supply Summary
1.3 Confidence Level
2. Settings
2.1 Environment
2.2 Clock Constraints
3. Detailed Reports
3.1 By Hierarchy

1. Summary
----------

+--------------------------+--------------+
| Total On-Chip Power (W)  | 22.860       |
| Design Power Budget (W)  | Unspecified* |
| Power Budget Margin (W)  | NA           |
| Dynamic (W)              | 22.013       |
| Device Static (W)        | 0.847        |
| Effective TJA (C/W)      | 2.3          |
| Max Ambient (C)          | 47.0         |
| Junction Temperature (C) | 78.0         |
| Confidence Level         | Low          |
| Setting File             | ---          |
| Simulation Activity File | ---          |
| Design Nets Matched      | NA           |
+--------------------------+--------------+
* Specify Design Power Budget using, set_operating_conditions -design_power_budget <value in Watts>


1.1 On-Chip Components
----------------------

+--------------------------+-----------+----------+-----------+-----------------+
| On-Chip                  | Power (W) | Used     | Available | Utilization (%) |
+--------------------------+-----------+----------+-----------+-----------------+
| CLB Logic                |    10.551 |    11156 |       --- |             --- |
|   LUT as Logic           |     9.612 |     3445 |    117120 |            2.94 |
|   Register               |     0.339 |     5392 |    234240 |            2.30 |
|   LUT as Distributed RAM |     0.319 |      560 |     57600 |            0.97 |
|   CARRY8                 |     0.281 |       63 |     14640 |            0.43 |
|   BUFG                   |    <0.001 |        1 |        32 |            3.13 |
|   Others                 |     0.000 |       34 |       --- |             --- |
|   F7/F8 Muxes            |     0.000 |     1137 |    117120 |            0.97 |
| Signals                  |    11.354 |     7983 |       --- |             --- |
| Block RAM                |     0.096 |      1.5 |       144 |            1.04 |
| I/O                      |     0.012 |        5 |       252 |            1.98 |
| Static Power             |     0.847 |          |           |                 |
| Total                    |    22.860 |          |           |                 |
+--------------------------+-----------+----------+-----------+-----------------+


1.2 Power Supply Summary
------------------------

+-----------------+-------------+-----------+-------------+------------+-------------+-------------+------------+
| Source          | Voltage (V) | Total (A) | Dynamic (A) | Static (A) | Powerup (A) | Budget (A)  | Margin (A) |
+-----------------+-------------+-----------+-------------+------------+-------------+-------------+------------+
| Vccint          |       0.850 |    26.404 |      25.878 |      0.527 |       NA    | Unspecified | NA         |
| Vccint_io       |       0.850 |     0.061 |       0.009 |      0.053 |       NA    | Unspecified | NA         |
| Vccbram         |       0.850 |     0.012 |       0.006 |      0.007 |       NA    | Unspecified | NA         |
| Vccaux          |       1.800 |     0.082 |       0.000 |      0.082 |       NA    | Unspecified | NA         |
| Vccaux_io       |       1.800 |     0.032 |       0.000 |      0.032 |       NA    | Unspecified | NA         |
| Vcco33          |       3.300 |     0.000 |       0.000 |      0.000 |       NA    | Unspecified | NA         |
| Vcco25          |       2.500 |     0.000 |       0.000 |      0.000 |       NA    | Unspecified | NA         |
| Vcco18          |       1.800 |     0.003 |       0.003 |      0.000 |       NA    | Unspecified | NA         |
| Vcco15          |       1.500 |     0.000 |       0.000 |      0.000 |       NA    | Unspecified | NA         |
| Vcco135         |       1.350 |     0.000 |       0.000 |      0.000 |       NA    | Unspecified | NA         |
| Vcco12          |       1.200 |     0.000 |       0.000 |      0.000 |       NA    | Unspecified | NA         |
| Vcco10          |       1.000 |     0.000 |       0.000 |      0.000 |       NA    | Unspecified | NA         |
| Vccadc          |       1.800 |     0.008 |       0.000 |      0.008 |       NA    | Unspecified | NA         |
| VCC_PSINTFP     |       0.850 |     0.000 |       0.000 |      0.000 |       NA    | Unspecified | NA         |
| VCC_PSINTLP     |       0.850 |     0.022 |       0.000 |      0.022 |       NA    | Unspecified | NA         |
| VPS_MGTRAVCC    |       0.850 |     0.000 |       0.000 |      0.000 |       NA    | Unspecified | NA         |
| VCC_PSINTFP_DDR |       0.850 |     0.000 |       0.000 |      0.000 |       NA    | Unspecified | NA         |
| VCC_PSPLL       |       1.200 |     0.002 |       0.000 |      0.002 |       NA    | Unspecified | NA         |
| VPS_MGTRAVTT    |       1.800 |     0.000 |       0.000 |      0.000 |       NA    | Unspecified | NA         |
| VCCO_PSDDR_504  |       1.200 |     0.000 |       0.000 |      0.000 |       NA    | Unspecified | NA         |
| VCC_PSAUX       |       1.800 |     0.002 |       0.000 |      0.002 |       NA    | Unspecified | NA         |
| VCC_PSBATT      |       1.200 |     0.000 |       0.000 |      0.000 |       NA    | Unspecified | NA         |
| VCC_PSDDR_PLL   |       1.800 |     0.000 |       0.000 |      0.000 |       NA    | Unspecified | NA         |
| VCCO_PSIO0_500  |       3.300 |     0.000 |       0.000 |      0.000 |       NA    | Unspecified | NA         |
| VCCO_PSIO1_501  |       3.300 |     0.000 |       0.000 |      0.000 |       NA    | Unspecified | NA         |
| VCCO_PSIO2_502  |       3.300 |     0.000 |       0.000 |      0.000 |       NA    | Unspecified | NA         |
| VCCO_PSIO3_503  |       3.300 |     0.000 |       0.000 |      0.000 |       NA    | Unspecified | NA         |
| VCC_PSADC       |       1.800 |     0.002 |       0.000 |      0.002 |       NA    | Unspecified | NA         |
| VCCINT_VCU      |       0.900 |     0.114 |       0.000 |      0.114 |       NA    | Unspecified | NA         |
| MGTAVcc         |       0.900 |     0.000 |       0.000 |      0.000 |       NA    | Unspecified | NA         |
| MGTAVtt         |       1.200 |     0.000 |       0.000 |      0.000 |       NA    | Unspecified | NA         |
| MGTVccaux       |       1.800 |     0.000 |       0.000 |      0.000 |       NA    | Unspecified | NA         |
+-----------------+-------------+-----------+-------------+------------+-------------+-------------+------------+
* The Vccint supply current exceeds the maximum limit of the selected package.  See the packaging and pinout user guide for limit values.


1.3 Confidence Level
--------------------

+-----------------------------+------------+--------------------------------------------------------+--------------------------------------------------------------------------------------------------------------------+
| User Input Data             | Confidence | Details                                                | Action                                                                                                             |
+-----------------------------+------------+--------------------------------------------------------+--------------------------------------------------------------------------------------------------------------------+
| Design implementation state | High       | Design is routed                                       |                                                                                                                    |
| Clock nodes activity        | Low        | User specified less than 75% of clocks                 | Provide missing clock activity with a constraint file, simulation results or by editing the "By Clock Domain" view |
| I/O nodes activity          | Low        | More than 75% of inputs are missing user specification | Provide missing input activity with simulation results or by editing the "By Resource Type -> I/Os" view           |
| Internal nodes activity     | Medium     | User specified less than 25% of internal nodes         | Provide missing internal nodes activity with simulation results or by editing the "By Resource Type" views         |
| Device models               | High       | Device models are Production                           |                                                                                                                    |
|                             |            |                                                        |                                                                                                                    |
| Overall confidence level    | Low        |                                                        |                                                                                                                    |
+-----------------------------+------------+--------------------------------------------------------+--------------------------------------------------------------------------------------------------------------------+


2. Settings
-----------

2.1 Environment
---------------

+-----------------------+--------------------------+
| Ambient Temp (C)      | 25.0                     |
| ThetaJA (C/W)         | 2.3                      |
| Airflow (LFM)         | 250                      |
| Heat Sink             | medium (Medium Profile)  |
| ThetaSA (C/W)         | 5.5                      |
| Board Selection       | medium (10"x10")         |
| # of Board Layers     | 12to15 (12 to 15 Layers) |
| Board Temperature (C) | 25.0                     |
+-----------------------+--------------------------+


2.2 Clock Constraints
---------------------

+-------+--------+-----------------+
| Clock | Domain | Constraint (ns) |
+-------+--------+-----------------+


3. Detailed Reports
-------------------

3.1 By Hierarchy
----------------

+----------------------------+-----------+
| Name                       | Power (W) |
+----------------------------+-----------+
| BASIC_wrapper              |    22.013 |
|   BASIC_i                  |    21.691 |
|     alu_0                  |     5.601 |
|       inst                 |     1.796 |
|     branch_0               |     2.251 |
|       inst                 |     2.073 |
|     branch_predictor_btb_0 |     1.104 |
|       inst                 |     1.104 |
|     csr_access_unit_0      |     0.065 |
|     csr_file_0             |     0.291 |
|       inst                 |     0.291 |
|     csr_regfile_wb_mux_0   |     0.841 |
|     ex_mem_reg             |     1.080 |
|       inst                 |     1.080 |
|     exception_mux_0        |     0.028 |
|       inst                 |     0.011 |
|     forward_mux_0          |     1.212 |
|       inst                 |     1.212 |
|     forward_mux_1          |     0.329 |
|       inst                 |     0.329 |
|     forward_mux_2          |     0.181 |
|       inst                 |     0.181 |
|     forwarding_0           |     0.154 |
|     gpio_0                 |     0.004 |
|       inst                 |     0.004 |
|     id_ex_reg              |     0.442 |
|       inst                 |     0.442 |
|     if_id_reg_0            |     0.008 |
|       inst                 |     0.008 |
|     load_use_detection_0   |     0.020 |
|     mem_bus_registered_0   |     0.202 |
|       inst                 |     0.202 |
|     mem_exception_merge_0  |     0.092 |
|       inst                 |     0.085 |
|     mem_stage_0            |     1.977 |
|       inst                 |     1.727 |
|     mem_wb_reg_0           |     0.317 |
|       inst                 |     0.317 |
|     operand_a_mux_0        |     1.333 |
|       inst                 |     1.333 |
|     operand_b_mux_0        |     0.444 |
|       inst                 |     0.444 |
|     pc_unit_0              |     0.359 |
|       inst                 |     0.359 |
|     priority_branch_OR_l_0 |     0.010 |
|     privileged_pc_redire_0 |     0.035 |
|       inst                 |     0.019 |
|     ram_data_1             |     0.064 |
|       inst                 |     0.064 |
|     regfile_0              |     1.193 |
|       inst                 |     0.967 |
|     regfile_we_gen_0       |     0.010 |
|       inst                 |     0.010 |
|     rom_memory_0           |     0.225 |
|       inst                 |     0.225 |
|     system_decoder_0       |     0.052 |
|     timer_0                |     0.151 |
|       inst                 |     0.151 |
|     trap_controller_0      |     0.266 |
|     uart_tx_0              |     0.720 |
|       inst                 |     0.720 |
|     util_vector_and_0      |     0.058 |
|     util_vector_and_1      |     0.001 |
|     util_vector_and_2      |     0.033 |
|     util_vector_and_4      |     0.002 |
|     util_vector_or_1       |     0.004 |
|     wb_mux_0               |     0.530 |
|       inst                 |     0.530 |
|   SW1_IBUF[0]_inst         |     0.012 |
|   clk_IBUF_inst            |     0.006 |
+----------------------------+-----------+


