
*** Running vivado
    with args -log RV32UI_wrapper.vdi -applog -m64 -product Vivado -messageDb vivado.pb -mode batch -source RV32UI_wrapper.tcl -notrace


****** Vivado v2020.1 (64-bit)
  **** SW Build 2902540 on Wed May 27 19:54:35 MDT 2020
  **** IP Build 2902112 on Wed May 27 22:43:36 MDT 2020
    ** Copyright 1986-2020 Xilinx, Inc. All Rights Reserved.

source RV32UI_wrapper.tcl -notrace
INFO: [IP_Flow 19-234] Refreshing IP repositories
INFO: [IP_Flow 19-1704] No user IP repositories specified
INFO: [IP_Flow 19-2313] Loaded Vivado IP repository '/media/steckler/xilinx_linux/vitis_2020.1/Vivado/2020.1/data/ip'.
add_files: Time (s): cpu = 00:01:03 ; elapsed = 00:00:22 . Memory (MB): peak = 2600.102 ; gain = 448.223 ; free physical = 2674 ; free virtual = 22049
Command: link_design -top RV32UI_wrapper -part xczu5ev-sfvc784-2-i
Design is defaulting to srcset: sources_1
Design is defaulting to constrset: constrs_1
INFO: [Device 21-403] Loading part xczu5ev-sfvc784-2-i
INFO: [Project 1-454] Reading design checkpoint '/media/steckler/xilinx_linux/RISCV_ZYNQ/V2/RVI20U32/RV32I_COCOTB/RISCV_ZYNQ_COCOTB/RISCV.srcs/sources_1/bd/RV32UI/RV32UI.dcp' for cell 'RV32UI_i'
Netlist sorting complete. Time (s): cpu = 00:00:00.12 ; elapsed = 00:00:00.13 . Memory (MB): peak = 2634.453 ; gain = 0.000 ; free physical = 1740 ; free virtual = 21212
INFO: [Netlist 29-17] Analyzing 1297 Unisim elements for replacement
INFO: [Netlist 29-28] Unisim Transformation completed in 0 CPU seconds
INFO: [Project 1-479] Netlist was created with Vivado 2020.1
INFO: [Project 1-570] Preparing netlist for logic optimization
INFO: [Chipscope 16-324] Core: RV32UI_i/vio_0 UUID: c20e3542-bb00-5624-8397-1e9e38da41f3 
Parsing XDC File [/media/steckler/xilinx_linux/RISCV_ZYNQ/V2/RVI20U32/RV32I_COCOTB/RISCV_ZYNQ_COCOTB/RISCV.srcs/sources_1/bd/RV32UI/ip/RV32UI_proc_sys_reset_0_0/RV32UI_proc_sys_reset_0_0_board.xdc] for cell 'RV32UI_i/proc_sys_reset_0/U0'
Finished Parsing XDC File [/media/steckler/xilinx_linux/RISCV_ZYNQ/V2/RVI20U32/RV32I_COCOTB/RISCV_ZYNQ_COCOTB/RISCV.srcs/sources_1/bd/RV32UI/ip/RV32UI_proc_sys_reset_0_0/RV32UI_proc_sys_reset_0_0_board.xdc] for cell 'RV32UI_i/proc_sys_reset_0/U0'
Parsing XDC File [/media/steckler/xilinx_linux/RISCV_ZYNQ/V2/RVI20U32/RV32I_COCOTB/RISCV_ZYNQ_COCOTB/RISCV.srcs/sources_1/bd/RV32UI/ip/RV32UI_proc_sys_reset_0_0/RV32UI_proc_sys_reset_0_0.xdc] for cell 'RV32UI_i/proc_sys_reset_0/U0'
Finished Parsing XDC File [/media/steckler/xilinx_linux/RISCV_ZYNQ/V2/RVI20U32/RV32I_COCOTB/RISCV_ZYNQ_COCOTB/RISCV.srcs/sources_1/bd/RV32UI/ip/RV32UI_proc_sys_reset_0_0/RV32UI_proc_sys_reset_0_0.xdc] for cell 'RV32UI_i/proc_sys_reset_0/U0'
Parsing XDC File [/media/steckler/xilinx_linux/RISCV_ZYNQ/V2/RVI20U32/RV32I_COCOTB/RISCV_ZYNQ_COCOTB/RISCV.srcs/sources_1/bd/RV32UI/ip/RV32UI_vio_0_0/RV32UI_vio_0_0.xdc] for cell 'RV32UI_i/vio_0'
Finished Parsing XDC File [/media/steckler/xilinx_linux/RISCV_ZYNQ/V2/RVI20U32/RV32I_COCOTB/RISCV_ZYNQ_COCOTB/RISCV.srcs/sources_1/bd/RV32UI/ip/RV32UI_vio_0_0/RV32UI_vio_0_0.xdc] for cell 'RV32UI_i/vio_0'
Parsing XDC File [/media/steckler/xilinx_linux/RISCV_ZYNQ/V2/RVI20U32/RV32I_COCOTB/RISCV_ZYNQ_COCOTB/RISCV.srcs/sources_1/bd/RV32UI/ip/RV32UI_zynq_ultra_ps_e_0_0/RV32UI_zynq_ultra_ps_e_0_0.xdc] for cell 'RV32UI_i/zynq_ultra_ps_e_0/inst'
Finished Parsing XDC File [/media/steckler/xilinx_linux/RISCV_ZYNQ/V2/RVI20U32/RV32I_COCOTB/RISCV_ZYNQ_COCOTB/RISCV.srcs/sources_1/bd/RV32UI/ip/RV32UI_zynq_ultra_ps_e_0_0/RV32UI_zynq_ultra_ps_e_0_0.xdc] for cell 'RV32UI_i/zynq_ultra_ps_e_0/inst'
Parsing XDC File [/media/steckler/xilinx_linux/RISCV_ZYNQ/V2/RVI20U32/RV32I_COCOTB/RISCV_ZYNQ_COCOTB/RISCV.srcs/constrs_1/new/src.xdc]
Finished Parsing XDC File [/media/steckler/xilinx_linux/RISCV_ZYNQ/V2/RVI20U32/RV32I_COCOTB/RISCV_ZYNQ_COCOTB/RISCV.srcs/constrs_1/new/src.xdc]
INFO: [Opt 31-138] Pushed 0 inverter(s) to 0 load pin(s).
Netlist sorting complete. Time (s): cpu = 00:00:00 ; elapsed = 00:00:00 . Memory (MB): peak = 3106.523 ; gain = 0.000 ; free physical = 1567 ; free virtual = 21058
INFO: [Project 1-111] Unisim Transformation Summary:
  A total of 65 instances were transformed.
  IBUF => IBUF (IBUFCTRL, INBUF): 1 instance 
  RAM512X1S => RAM512X1S (MUXF7(x4), MUXF8(x2), MUXF9, RAMS64E1(x8)): 64 instances

12 Infos, 0 Warnings, 0 Critical Warnings and 0 Errors encountered.
link_design completed successfully
link_design: Time (s): cpu = 00:01:48 ; elapsed = 00:00:51 . Memory (MB): peak = 3106.523 ; gain = 506.422 ; free physical = 1566 ; free virtual = 21060
Command: opt_design
Attempting to get a license for feature 'Implementation' and/or device 'xczu5ev'
INFO: [Common 17-349] Got license for feature 'Implementation' and/or device 'xczu5ev'
Running DRC as a precondition to command opt_design

Starting DRC Task
INFO: [DRC 23-27] Running DRC with 8 threads
INFO: [Project 1-461] DRC finished with 0 Errors
INFO: [Project 1-462] Please refer to the DRC report (report_drc) for more information.

Time (s): cpu = 00:00:03 ; elapsed = 00:00:03 . Memory (MB): peak = 3106.523 ; gain = 0.000 ; free physical = 1542 ; free virtual = 21040

Starting Cache Timing Information Task
INFO: [Timing 38-35] Done setting XDC timing constraints.
Ending Cache Timing Information Task | Checksum: 136d3f9f9

Time (s): cpu = 00:00:03 ; elapsed = 00:00:05 . Memory (MB): peak = 3106.523 ; gain = 0.000 ; free physical = 1390 ; free virtual = 20884

Starting Logic Optimization Task

Phase 1 Generate And Synthesize Debug Cores
INFO: [Chipscope 16-329] Generating Script for core instance : dbg_hub 
INFO: [IP_Flow 19-3806] Processing IP xilinx.com:ip:xsdbm:3.0 for cell dbg_hub_CV.
INFO: [Chipscope 16-469] Using cached IP synthesis design for IP xilinx.com:ip:xsdbm:3.0, cache-ID = 78f584c5903a1f04.
Netlist sorting complete. Time (s): cpu = 00:00:00.01 ; elapsed = 00:00:00.02 . Memory (MB): peak = 3143.258 ; gain = 0.000 ; free physical = 1271 ; free virtual = 20689
Phase 1 Generate And Synthesize Debug Cores | Checksum: e7a5020d

Time (s): cpu = 00:00:24 ; elapsed = 00:00:34 . Memory (MB): peak = 3143.258 ; gain = 31.875 ; free physical = 1271 ; free virtual = 20689

Phase 2 Retarget
INFO: [Opt 31-138] Pushed 6 inverter(s) to 34 load pin(s).
INFO: [Opt 31-49] Retargeted 0 cell(s).
Phase 2 Retarget | Checksum: 1a5be6de6

Time (s): cpu = 00:00:25 ; elapsed = 00:00:35 . Memory (MB): peak = 3143.258 ; gain = 31.875 ; free physical = 1282 ; free virtual = 20699
INFO: [Opt 31-389] Phase Retarget created 157 cells and removed 446 cells
INFO: [Opt 31-1021] In phase Retarget, 44 netlist objects are constrained preventing optimization. Please run opt_design with -debug_log to get more detail. 

Phase 3 Constant propagation
INFO: [Opt 31-138] Pushed 0 inverter(s) to 0 load pin(s).
Phase 3 Constant propagation | Checksum: b724d3fb

Time (s): cpu = 00:00:25 ; elapsed = 00:00:35 . Memory (MB): peak = 3143.258 ; gain = 31.875 ; free physical = 1282 ; free virtual = 20699
INFO: [Opt 31-389] Phase Constant propagation created 70 cells and removed 290 cells
INFO: [Opt 31-1021] In phase Constant propagation, 44 netlist objects are constrained preventing optimization. Please run opt_design with -debug_log to get more detail. 

Phase 4 Sweep
Phase 4 Sweep | Checksum: 115c7c2b7

Time (s): cpu = 00:00:27 ; elapsed = 00:00:36 . Memory (MB): peak = 3143.258 ; gain = 31.875 ; free physical = 1282 ; free virtual = 20689
INFO: [Opt 31-389] Phase Sweep created 2 cells and removed 6430 cells
INFO: [Opt 31-1021] In phase Sweep, 822 netlist objects are constrained preventing optimization. Please run opt_design with -debug_log to get more detail. 

Phase 5 BUFG optimization
INFO: [Opt 31-1077] Phase BUFG optimization inserted 0 global clock buffer(s) for CLOCK_LOW_FANOUT.
Phase 5 BUFG optimization | Checksum: 115c7c2b7

Time (s): cpu = 00:00:27 ; elapsed = 00:00:36 . Memory (MB): peak = 3143.258 ; gain = 31.875 ; free physical = 1280 ; free virtual = 20689
INFO: [Opt 31-662] Phase BUFG optimization created 0 cells of which 0 are BUFGs and removed 0 cells.

Phase 6 Shift Register Optimization
INFO: [Opt 31-1064] SRL Remap converted 0 SRLs to 0 registers and converted 0 registers of register chains to 0 SRLs
Phase 6 Shift Register Optimization | Checksum: 115c7c2b7

Time (s): cpu = 00:00:27 ; elapsed = 00:00:36 . Memory (MB): peak = 3143.258 ; gain = 31.875 ; free physical = 1283 ; free virtual = 20688
INFO: [Opt 31-389] Phase Shift Register Optimization created 0 cells and removed 0 cells

Phase 7 Post Processing Netlist
Phase 7 Post Processing Netlist | Checksum: 14bbab568

Time (s): cpu = 00:00:27 ; elapsed = 00:00:36 . Memory (MB): peak = 3143.258 ; gain = 31.875 ; free physical = 1283 ; free virtual = 20688
INFO: [Opt 31-389] Phase Post Processing Netlist created 0 cells and removed 0 cells
INFO: [Opt 31-1021] In phase Post Processing Netlist, 54 netlist objects are constrained preventing optimization. Please run opt_design with -debug_log to get more detail. 
Opt_design Change Summary
=========================


-------------------------------------------------------------------------------------------------------------------------
|  Phase                        |  #Cells created  |  #Cells Removed  |  #Constrained objects preventing optimizations  |
-------------------------------------------------------------------------------------------------------------------------
|  Retarget                     |             157  |             446  |                                             44  |
|  Constant propagation         |              70  |             290  |                                             44  |
|  Sweep                        |               2  |            6430  |                                            822  |
|  BUFG optimization            |               0  |               0  |                                              0  |
|  Shift Register Optimization  |               0  |               0  |                                              0  |
|  Post Processing Netlist      |               0  |               0  |                                             54  |
-------------------------------------------------------------------------------------------------------------------------



Starting Connectivity Check Task

Time (s): cpu = 00:00:00.02 ; elapsed = 00:00:00.03 . Memory (MB): peak = 3143.258 ; gain = 0.000 ; free physical = 1272 ; free virtual = 20688
Ending Logic Optimization Task | Checksum: 102ebb340

Time (s): cpu = 00:00:27 ; elapsed = 00:00:36 . Memory (MB): peak = 3143.258 ; gain = 31.875 ; free physical = 1270 ; free virtual = 20688

Starting Power Optimization Task
INFO: [Pwropt 34-132] Skipping clock gating for clocks with a period < 2.00 ns.
INFO: [Pwropt 34-9] Applying IDT optimizations ...
INFO: [Pwropt 34-10] Applying ODC optimizations ...
INFO: [Timing 38-35] Done setting XDC timing constraints.
Running Vector-less Activity Propagation...

Finished Running Vector-less Activity Propagation


Starting PowerOpt Patch Enables Task
INFO: [Pwropt 34-162] WRITE_MODE attribute of 0 BRAM(s) out of a total of 2 has been updated to save power. Run report_power_opt to get a complete listing of the BRAMs updated.
INFO: [Pwropt 34-201] Structural ODC has moved 0 WE to EN ports
Number of BRAM Ports augmented: 0 newly gated: 0 Total Ports: 4
Ending PowerOpt Patch Enables Task | Checksum: 102ebb340

Time (s): cpu = 00:00:00.03 ; elapsed = 00:00:00.04 . Memory (MB): peak = 3740.172 ; gain = 0.000 ; free physical = 544 ; free virtual = 20110
Ending Power Optimization Task | Checksum: 102ebb340

Time (s): cpu = 00:00:18 ; elapsed = 00:00:31 . Memory (MB): peak = 3740.172 ; gain = 596.914 ; free physical = 561 ; free virtual = 20127

Starting Final Cleanup Task
Ending Final Cleanup Task | Checksum: 102ebb340

Time (s): cpu = 00:00:00 ; elapsed = 00:00:00 . Memory (MB): peak = 3740.172 ; gain = 0.000 ; free physical = 561 ; free virtual = 20127

Starting Netlist Obfuscation Task
Netlist sorting complete. Time (s): cpu = 00:00:00 ; elapsed = 00:00:00 . Memory (MB): peak = 3740.172 ; gain = 0.000 ; free physical = 561 ; free virtual = 20127
Ending Netlist Obfuscation Task | Checksum: 102ebb340

Time (s): cpu = 00:00:00 ; elapsed = 00:00:00 . Memory (MB): peak = 3740.172 ; gain = 0.000 ; free physical = 561 ; free virtual = 20127
INFO: [Common 17-83] Releasing license: Implementation
45 Infos, 0 Warnings, 0 Critical Warnings and 0 Errors encountered.
opt_design completed successfully
opt_design: Time (s): cpu = 00:00:54 ; elapsed = 00:01:17 . Memory (MB): peak = 3740.172 ; gain = 633.648 ; free physical = 561 ; free virtual = 20127
INFO: [Timing 38-35] Done setting XDC timing constraints.
INFO: [Timing 38-480] Writing timing data to binary archive.
Writing placer database...
Writing XDEF routing.
Writing XDEF routing logical nets.
Writing XDEF routing special nets.
Write XDEF Complete: Time (s): cpu = 00:00:00.14 ; elapsed = 00:00:00.03 . Memory (MB): peak = 3740.172 ; gain = 0.000 ; free physical = 552 ; free virtual = 20122
INFO: [Common 17-1381] The checkpoint '/media/steckler/xilinx_linux/RISCV_ZYNQ/V2/RVI20U32/RV32I_COCOTB/RISCV_ZYNQ_COCOTB/RISCV.runs/impl_1/RV32UI_wrapper_opt.dcp' has been generated.
INFO: [runtcl-4] Executing : report_drc -file RV32UI_wrapper_drc_opted.rpt -pb RV32UI_wrapper_drc_opted.pb -rpx RV32UI_wrapper_drc_opted.rpx
Command: report_drc -file RV32UI_wrapper_drc_opted.rpt -pb RV32UI_wrapper_drc_opted.pb -rpx RV32UI_wrapper_drc_opted.rpx
INFO: [IP_Flow 19-1839] IP Catalog is up to date.
INFO: [DRC 23-27] Running DRC with 8 threads
INFO: [Coretcl 2-168] The results of DRC are in file /media/steckler/xilinx_linux/RISCV_ZYNQ/V2/RVI20U32/RV32I_COCOTB/RISCV_ZYNQ_COCOTB/RISCV.runs/impl_1/RV32UI_wrapper_drc_opted.rpt.
report_drc completed successfully
INFO: [Chipscope 16-240] Debug cores have already been implemented
Command: place_design
Attempting to get a license for feature 'Implementation' and/or device 'xczu5ev'
INFO: [Common 17-349] Got license for feature 'Implementation' and/or device 'xczu5ev'
INFO: [DRC 23-27] Running DRC with 8 threads
INFO: [Vivado_Tcl 4-198] DRC finished with 0 Errors
INFO: [Vivado_Tcl 4-199] Please refer to the DRC report (report_drc) for more information.
Running DRC as a precondition to command place_design
INFO: [DRC 23-27] Running DRC with 8 threads
INFO: [Vivado_Tcl 4-198] DRC finished with 0 Errors
INFO: [Vivado_Tcl 4-199] Please refer to the DRC report (report_drc) for more information.

Starting Placer Task
INFO: [Place 30-611] Multithreading enabled for place_design using a maximum of 8 CPUs

Phase 1 Placer Initialization

Phase 1.1 Placer Initialization Netlist Sorting
Netlist sorting complete. Time (s): cpu = 00:00:00 ; elapsed = 00:00:00 . Memory (MB): peak = 3740.172 ; gain = 0.000 ; free physical = 496 ; free virtual = 20094
Phase 1.1 Placer Initialization Netlist Sorting | Checksum: 8d64d33c

Time (s): cpu = 00:00:00.02 ; elapsed = 00:00:00.05 . Memory (MB): peak = 3740.172 ; gain = 0.000 ; free physical = 496 ; free virtual = 20094
Netlist sorting complete. Time (s): cpu = 00:00:00 ; elapsed = 00:00:00 . Memory (MB): peak = 3740.172 ; gain = 0.000 ; free physical = 496 ; free virtual = 20094

Phase 1.2 IO Placement/ Clock Placement/ Build Placer Device
Phase 1.2 IO Placement/ Clock Placement/ Build Placer Device | Checksum: 9933a09e

Time (s): cpu = 00:00:16 ; elapsed = 00:00:19 . Memory (MB): peak = 4312.785 ; gain = 572.613 ; free physical = 200 ; free virtual = 19448

Phase 1.3 Build Placer Netlist Model
Phase 1.3 Build Placer Netlist Model | Checksum: ba30b28c

Time (s): cpu = 00:00:20 ; elapsed = 00:00:21 . Memory (MB): peak = 4344.801 ; gain = 604.629 ; free physical = 175 ; free virtual = 19399

Phase 1.4 Constrain Clocks/Macros
Phase 1.4 Constrain Clocks/Macros | Checksum: ba30b28c

Time (s): cpu = 00:00:20 ; elapsed = 00:00:21 . Memory (MB): peak = 4344.801 ; gain = 604.629 ; free physical = 185 ; free virtual = 19410
Phase 1 Placer Initialization | Checksum: ba30b28c

Time (s): cpu = 00:00:20 ; elapsed = 00:00:21 . Memory (MB): peak = 4344.801 ; gain = 604.629 ; free physical = 184 ; free virtual = 19410

Phase 2 Global Placement

Phase 2.1 Floorplanning

Phase 2.1.1 Partition Driven Placement

Phase 2.1.1.1 PBP: Partition Driven Placement
Phase 2.1.1.1 PBP: Partition Driven Placement | Checksum: 172b48587

Time (s): cpu = 00:00:24 ; elapsed = 00:00:23 . Memory (MB): peak = 4344.801 ; gain = 604.629 ; free physical = 202 ; free virtual = 19374

Phase 2.1.1.2 PBP: Clock Region Placement
Phase 2.1.1.2 PBP: Clock Region Placement | Checksum: 173b58d56

Time (s): cpu = 00:00:24 ; elapsed = 00:00:23 . Memory (MB): peak = 4344.801 ; gain = 604.629 ; free physical = 195 ; free virtual = 19367

Phase 2.1.1.3 PBP: Compute Congestion
Phase 2.1.1.3 PBP: Compute Congestion | Checksum: 173b58d56

Time (s): cpu = 00:00:24 ; elapsed = 00:00:23 . Memory (MB): peak = 4344.801 ; gain = 604.629 ; free physical = 245 ; free virtual = 19366

Phase 2.1.1.4 PBP: UpdateTiming
Phase 2.1.1.4 PBP: UpdateTiming | Checksum: 18127903c

Time (s): cpu = 00:00:25 ; elapsed = 00:00:23 . Memory (MB): peak = 4344.801 ; gain = 604.629 ; free physical = 224 ; free virtual = 19349

Phase 2.1.1.5 PBP: Add part constraints
Phase 2.1.1.5 PBP: Add part constraints | Checksum: 18127903c

Time (s): cpu = 00:00:25 ; elapsed = 00:00:23 . Memory (MB): peak = 4344.801 ; gain = 604.629 ; free physical = 245 ; free virtual = 19370
Phase 2.1.1 Partition Driven Placement | Checksum: 18127903c

Time (s): cpu = 00:00:25 ; elapsed = 00:00:23 . Memory (MB): peak = 4344.801 ; gain = 604.629 ; free physical = 240 ; free virtual = 19371
Phase 2.1 Floorplanning | Checksum: 1638f85e6

Time (s): cpu = 00:00:25 ; elapsed = 00:00:23 . Memory (MB): peak = 4344.801 ; gain = 604.629 ; free physical = 251 ; free virtual = 19371

Phase 2.2 Global Placement Core

Phase 2.2.1 Physical Synthesis In Placer
INFO: [Physopt 32-1035] Found 25 LUTNM shape to break, 167 LUT instances to create LUTNM shape
INFO: [Physopt 32-1044] Break lutnm for timing: one critical 7, two critical 18, total 25, new lutff created 0
INFO: [Physopt 32-775] End 1 Pass. Optimized 99 nets or cells. Created 25 new cells, deleted 74 existing cells and moved 0 existing cell
INFO: [Physopt 32-65] No nets found for high-fanout optimization.
INFO: [Physopt 32-232] Optimized 0 net. Created 0 new instance.
INFO: [Physopt 32-775] End 1 Pass. Optimized 0 net or cell. Created 0 new cell, deleted 0 existing cell and moved 0 existing cell
INFO: [Physopt 32-456] No candidate cells for DSP register optimization found in the design.
INFO: [Physopt 32-775] End 2 Pass. Optimized 0 net or cell. Created 0 new cell, deleted 0 existing cell and moved 0 existing cell
INFO: [Physopt 32-1123] No candidate cells found for Shift Register to Pipeline optimization
INFO: [Physopt 32-775] End 1 Pass. Optimized 0 net or cell. Created 0 new cell, deleted 0 existing cell and moved 0 existing cell
INFO: [Physopt 32-677] No candidate cells for Shift Register optimization found in the design
INFO: [Physopt 32-775] End 1 Pass. Optimized 0 net or cell. Created 0 new cell, deleted 0 existing cell and moved 0 existing cell
INFO: [Physopt 32-526] No candidate cells for BRAM register optimization found in the design
INFO: [Physopt 32-775] End 1 Pass. Optimized 0 net or cell. Created 0 new cell, deleted 0 existing cell and moved 0 existing cell
INFO: [Physopt 32-846] No candidate cells for URAM register optimization found in the design
INFO: [Physopt 32-775] End 2 Pass. Optimized 0 net or cell. Created 0 new cell, deleted 0 existing cell and moved 0 existing cell
INFO: [Physopt 32-949] No candidate nets found for HD net replication
INFO: [Physopt 32-775] End 1 Pass. Optimized 0 net or cell. Created 0 new cell, deleted 0 existing cell and moved 0 existing cell
Netlist sorting complete. Time (s): cpu = 00:00:00 ; elapsed = 00:00:00 . Memory (MB): peak = 4355.816 ; gain = 0.000 ; free physical = 544 ; free virtual = 19661

Summary of Physical Synthesis Optimizations
============================================


-----------------------------------------------------------------------------------------------------------------------------------------------------------
|  Optimization                                     |  Added Cells  |  Removed Cells  |  Optimized Cells/Nets  |  Dont Touch  |  Iterations  |  Elapsed   |
-----------------------------------------------------------------------------------------------------------------------------------------------------------
|  LUT Combining                                    |           25  |             74  |                    99  |           0  |           1  |  00:00:00  |
|  Very High Fanout                                 |            0  |              0  |                     0  |           0  |           1  |  00:00:00  |
|  DSP Register                                     |            0  |              0  |                     0  |           0  |           1  |  00:00:00  |
|  Shift Register to Pipeline                       |            0  |              0  |                     0  |           0  |           1  |  00:00:00  |
|  Shift Register                                   |            0  |              0  |                     0  |           0  |           1  |  00:00:00  |
|  BRAM Register                                    |            0  |              0  |                     0  |           0  |           1  |  00:00:00  |
|  URAM Register                                    |            0  |              0  |                     0  |           0  |           1  |  00:00:00  |
|  Dynamic/Static Region Interface Net Replication  |            0  |              0  |                     0  |           0  |           1  |  00:00:00  |
|  Total                                            |           25  |             74  |                    99  |           0  |           8  |  00:00:00  |
-----------------------------------------------------------------------------------------------------------------------------------------------------------


Phase 2.2.1 Physical Synthesis In Placer | Checksum: 19da5d234

Time (s): cpu = 00:01:05 ; elapsed = 00:00:37 . Memory (MB): peak = 4355.816 ; gain = 615.645 ; free physical = 544 ; free virtual = 19661
Phase 2.2 Global Placement Core | Checksum: 2117840dd

Time (s): cpu = 00:01:06 ; elapsed = 00:00:38 . Memory (MB): peak = 4355.816 ; gain = 615.645 ; free physical = 542 ; free virtual = 19659
Phase 2 Global Placement | Checksum: 2117840dd

Time (s): cpu = 00:01:06 ; elapsed = 00:00:38 . Memory (MB): peak = 4355.816 ; gain = 615.645 ; free physical = 543 ; free virtual = 19660

Phase 3 Detail Placement

Phase 3.1 Commit Multi Column Macros
Phase 3.1 Commit Multi Column Macros | Checksum: 21251c8a0

Time (s): cpu = 00:01:07 ; elapsed = 00:00:38 . Memory (MB): peak = 4355.816 ; gain = 615.645 ; free physical = 544 ; free virtual = 19661

Phase 3.2 Commit Most Macros & LUTRAMs
Phase 3.2 Commit Most Macros & LUTRAMs | Checksum: 16f3e28ba

Time (s): cpu = 00:01:08 ; elapsed = 00:00:39 . Memory (MB): peak = 4355.816 ; gain = 615.645 ; free physical = 542 ; free virtual = 19659

Phase 3.3 Area Swap Optimization
Phase 3.3 Area Swap Optimization | Checksum: 13c8cf287

Time (s): cpu = 00:01:08 ; elapsed = 00:00:39 . Memory (MB): peak = 4355.816 ; gain = 615.645 ; free physical = 587 ; free virtual = 19704

Phase 3.4 IO Cut Optimizer
Phase 3.4 IO Cut Optimizer | Checksum: 1d4d2f4ad

Time (s): cpu = 00:01:09 ; elapsed = 00:00:39 . Memory (MB): peak = 4355.816 ; gain = 615.645 ; free physical = 586 ; free virtual = 19703

Phase 3.5 Fast Optimization
Phase 3.5 Fast Optimization | Checksum: 1ff85bdf8

Time (s): cpu = 00:01:10 ; elapsed = 00:00:40 . Memory (MB): peak = 4355.816 ; gain = 615.645 ; free physical = 583 ; free virtual = 19700

Phase 3.6 Small Shape DP

Phase 3.6.1 Small Shape Clustering
Phase 3.6.1 Small Shape Clustering | Checksum: 134ff3dd1

Time (s): cpu = 00:01:11 ; elapsed = 00:00:41 . Memory (MB): peak = 4355.816 ; gain = 615.645 ; free physical = 576 ; free virtual = 19694

Phase 3.6.2 Flow Legalize Slice Clusters
Phase 3.6.2 Flow Legalize Slice Clusters | Checksum: 20321de84

Time (s): cpu = 00:01:12 ; elapsed = 00:00:41 . Memory (MB): peak = 4355.816 ; gain = 615.645 ; free physical = 574 ; free virtual = 19692

Phase 3.6.3 Slice Area Swap
Phase 3.6.3 Slice Area Swap | Checksum: 1610122fc

Time (s): cpu = 00:01:13 ; elapsed = 00:00:42 . Memory (MB): peak = 4355.816 ; gain = 615.645 ; free physical = 562 ; free virtual = 19681
Phase 3.6 Small Shape DP | Checksum: 2534f8108

Time (s): cpu = 00:01:15 ; elapsed = 00:00:43 . Memory (MB): peak = 4355.816 ; gain = 615.645 ; free physical = 571 ; free virtual = 19690

Phase 3.7 Re-assign LUT pins
Phase 3.7 Re-assign LUT pins | Checksum: 2070d2f18

Time (s): cpu = 00:01:15 ; elapsed = 00:00:43 . Memory (MB): peak = 4355.816 ; gain = 615.645 ; free physical = 571 ; free virtual = 19690

Phase 3.8 Pipeline Register Optimization
Phase 3.8 Pipeline Register Optimization | Checksum: 1944a6d3f

Time (s): cpu = 00:01:15 ; elapsed = 00:00:43 . Memory (MB): peak = 4355.816 ; gain = 615.645 ; free physical = 571 ; free virtual = 19690

Phase 3.9 Fast Optimization
Phase 3.9 Fast Optimization | Checksum: 1c114d86e

Time (s): cpu = 00:01:23 ; elapsed = 00:00:48 . Memory (MB): peak = 4355.816 ; gain = 615.645 ; free physical = 466 ; free virtual = 19617
Phase 3 Detail Placement | Checksum: 1c114d86e

Time (s): cpu = 00:01:23 ; elapsed = 00:00:48 . Memory (MB): peak = 4355.816 ; gain = 615.645 ; free physical = 463 ; free virtual = 19614

Phase 4 Post Placement Optimization and Clean-Up

Phase 4.1 Post Commit Optimization
INFO: [Timing 38-35] Done setting XDC timing constraints.

Phase 4.1.1 Post Placement Optimization
Post Placement Optimization Initialization | Checksum: 177579559

Phase 4.1.1.1 BUFG Insertion

Starting Physical Synthesis Task

Phase 1 Physical Synthesis Initialization
INFO: [Physopt 32-721] Multithreading enabled for phys_opt_design using a maximum of 8 CPUs
INFO: [Physopt 32-619] Estimated Timing Summary | WNS=-0.427 | TNS=-20.408 |
Phase 1 Physical Synthesis Initialization | Checksum: 132bd272c

Time (s): cpu = 00:00:00.62 ; elapsed = 00:00:00.27 . Memory (MB): peak = 4355.816 ; gain = 0.000 ; free physical = 519 ; free virtual = 19616
INFO: [Place 46-56] BUFG insertion identified 0 candidate nets. Inserted BUFG: 0, Replicated BUFG Driver: 0, Skipped due to Placement/Routing Conflicts: 0, Skipped due to Timing Degradation: 0, Skipped due to Illegal Netlist: 0.
Ending Physical Synthesis Task | Checksum: 1c380f874

Time (s): cpu = 00:00:00.63 ; elapsed = 00:00:00.29 . Memory (MB): peak = 4355.816 ; gain = 0.000 ; free physical = 519 ; free virtual = 19616
Phase 4.1.1.1 BUFG Insertion | Checksum: 177579559

Time (s): cpu = 00:01:27 ; elapsed = 00:00:49 . Memory (MB): peak = 4355.816 ; gain = 615.645 ; free physical = 519 ; free virtual = 19616
INFO: [Place 30-746] Post Placement Timing Summary WNS=0.505. For the most accurate timing information please run report_timing.
Phase 4.1.1 Post Placement Optimization | Checksum: d816afdd

Time (s): cpu = 00:01:54 ; elapsed = 00:01:13 . Memory (MB): peak = 4355.816 ; gain = 615.645 ; free physical = 536 ; free virtual = 19643
Phase 4.1 Post Commit Optimization | Checksum: d816afdd

Time (s): cpu = 00:01:54 ; elapsed = 00:01:13 . Memory (MB): peak = 4355.816 ; gain = 615.645 ; free physical = 536 ; free virtual = 19643

Phase 4.2 Post Placement Cleanup
Phase 4.2 Post Placement Cleanup | Checksum: d816afdd

Time (s): cpu = 00:01:54 ; elapsed = 00:01:14 . Memory (MB): peak = 4355.816 ; gain = 615.645 ; free physical = 561 ; free virtual = 19667
Netlist sorting complete. Time (s): cpu = 00:00:00 ; elapsed = 00:00:00.01 . Memory (MB): peak = 4355.816 ; gain = 0.000 ; free physical = 549 ; free virtual = 19655

Phase 4.3 Placer Reporting
Phase 4.3 Placer Reporting | Checksum: 14ca5b12d

Time (s): cpu = 00:01:57 ; elapsed = 00:01:16 . Memory (MB): peak = 4355.816 ; gain = 615.645 ; free physical = 549 ; free virtual = 19655

Phase 4.4 Final Placement Cleanup
Netlist sorting complete. Time (s): cpu = 00:00:00.01 ; elapsed = 00:00:00.01 . Memory (MB): peak = 4355.816 ; gain = 0.000 ; free physical = 549 ; free virtual = 19655
Phase 4.4 Final Placement Cleanup | Checksum: f795c011

Time (s): cpu = 00:01:57 ; elapsed = 00:01:16 . Memory (MB): peak = 4355.816 ; gain = 615.645 ; free physical = 549 ; free virtual = 19655
Phase 4 Post Placement Optimization and Clean-Up | Checksum: f795c011

Time (s): cpu = 00:01:57 ; elapsed = 00:01:16 . Memory (MB): peak = 4355.816 ; gain = 615.645 ; free physical = 549 ; free virtual = 19655
Ending Placer Task | Checksum: f1bad2ac

Time (s): cpu = 00:01:57 ; elapsed = 00:01:16 . Memory (MB): peak = 4355.816 ; gain = 615.645 ; free physical = 549 ; free virtual = 19655
INFO: [Common 17-83] Releasing license: Implementation
85 Infos, 0 Warnings, 0 Critical Warnings and 0 Errors encountered.
place_design completed successfully
place_design: Time (s): cpu = 00:02:01 ; elapsed = 00:01:20 . Memory (MB): peak = 4355.816 ; gain = 615.645 ; free physical = 586 ; free virtual = 19692
INFO: [Timing 38-480] Writing timing data to binary archive.
Writing placer database...
Writing XDEF routing.
Writing XDEF routing logical nets.
Writing XDEF routing special nets.
Write XDEF Complete: Time (s): cpu = 00:00:01 ; elapsed = 00:00:00.38 . Memory (MB): peak = 4355.816 ; gain = 0.000 ; free physical = 565 ; free virtual = 19684
INFO: [Common 17-1381] The checkpoint '/media/steckler/xilinx_linux/RISCV_ZYNQ/V2/RVI20U32/RV32I_COCOTB/RISCV_ZYNQ_COCOTB/RISCV.runs/impl_1/RV32UI_wrapper_placed.dcp' has been generated.
INFO: [runtcl-4] Executing : report_io -file RV32UI_wrapper_io_placed.rpt
report_io: Time (s): cpu = 00:00:00.18 ; elapsed = 00:00:00.34 . Memory (MB): peak = 4355.816 ; gain = 0.000 ; free physical = 647 ; free virtual = 19752
INFO: [runtcl-4] Executing : report_utilization -file RV32UI_wrapper_utilization_placed.rpt -pb RV32UI_wrapper_utilization_placed.pb
INFO: [runtcl-4] Executing : report_control_sets -verbose -file RV32UI_wrapper_control_sets_placed.rpt
report_control_sets: Time (s): cpu = 00:00:00.09 ; elapsed = 00:00:00.17 . Memory (MB): peak = 4355.816 ; gain = 0.000 ; free physical = 673 ; free virtual = 19778
Command: phys_opt_design
Attempting to get a license for feature 'Implementation' and/or device 'xczu5ev'
INFO: [Common 17-349] Got license for feature 'Implementation' and/or device 'xczu5ev'
INFO: [Vivado_Tcl 4-383] Design worst setup slack (WNS) is greater than or equal to 0.000 ns. Skipping all physical synthesis optimizations.
INFO: [Vivado_Tcl 4-232] No setup violation found. The netlist was not modified.
INFO: [Common 17-83] Releasing license: Implementation
94 Infos, 0 Warnings, 0 Critical Warnings and 0 Errors encountered.
phys_opt_design completed successfully
INFO: [Timing 38-480] Writing timing data to binary archive.
Writing placer database...
Writing XDEF routing.
Writing XDEF routing logical nets.
Writing XDEF routing special nets.
Write XDEF Complete: Time (s): cpu = 00:00:01 ; elapsed = 00:00:00.37 . Memory (MB): peak = 4355.816 ; gain = 0.000 ; free physical = 637 ; free virtual = 19754
INFO: [Common 17-1381] The checkpoint '/media/steckler/xilinx_linux/RISCV_ZYNQ/V2/RVI20U32/RV32I_COCOTB/RISCV_ZYNQ_COCOTB/RISCV.runs/impl_1/RV32UI_wrapper_physopt.dcp' has been generated.
Command: route_design
Attempting to get a license for feature 'Implementation' and/or device 'xczu5ev'
INFO: [Common 17-349] Got license for feature 'Implementation' and/or device 'xczu5ev'
Running DRC as a precondition to command route_design
INFO: [DRC 23-27] Running DRC with 8 threads
INFO: [Vivado_Tcl 4-198] DRC finished with 0 Errors
INFO: [Vivado_Tcl 4-199] Please refer to the DRC report (report_drc) for more information.


Starting Routing Task
INFO: [Route 35-254] Multithreading enabled for route_design using a maximum of 8 CPUs
Checksum: PlaceDB: 3e62f839 ConstDB: 0 ShapeSum: 3ec8d923 RouteDB: 748f0150

Phase 1 Build RT Design
Nodegraph reading from file.  Time (s): cpu = 00:00:02 ; elapsed = 00:00:00.66 . Memory (MB): peak = 4363.820 ; gain = 8.004 ; free physical = 509 ; free virtual = 19626
Phase 1 Build RT Design | Checksum: ddf85df3

Time (s): cpu = 00:00:04 ; elapsed = 00:00:03 . Memory (MB): peak = 4363.820 ; gain = 8.004 ; free physical = 462 ; free virtual = 19600
Post Restoration Checksum: NetGraph: 6e67afe1 NumContArr: de3a6465 Constraints: c34cc34f Timing: 0

Phase 2 Router Initialization

Phase 2.1 Create Timer
Phase 2.1 Create Timer | Checksum: 20feed795

Time (s): cpu = 00:00:04 ; elapsed = 00:00:03 . Memory (MB): peak = 4363.820 ; gain = 8.004 ; free physical = 462 ; free virtual = 19599

Phase 2.2 Fix Topology Constraints
Phase 2.2 Fix Topology Constraints | Checksum: 20feed795

Time (s): cpu = 00:00:04 ; elapsed = 00:00:03 . Memory (MB): peak = 4363.820 ; gain = 8.004 ; free physical = 413 ; free virtual = 19550

Phase 2.3 Pre Route Cleanup
Phase 2.3 Pre Route Cleanup | Checksum: 20feed795

Time (s): cpu = 00:00:04 ; elapsed = 00:00:03 . Memory (MB): peak = 4363.820 ; gain = 8.004 ; free physical = 413 ; free virtual = 19549
INFO: [Route 35-445] Local routing congestion detected. At least 67 CLBs have high pin utilization, which can impact runtime and timing closure. Top ten contiguous CLBs with high pin utilization are:
	[CLEM_R_X38Y209 -> CLEM_R_X38Y195]
	[CLEM_R_X38Y218 -> CLEM_R_X38Y210]
	[CLEM_X32Y207 -> CLEM_X32Y202]

Phase 2.4 Global Clock Net Routing
 Number of Nodes with overlaps = 0
Phase 2.4 Global Clock Net Routing | Checksum: 2008abbbf

Time (s): cpu = 00:00:05 ; elapsed = 00:00:04 . Memory (MB): peak = 4363.820 ; gain = 8.004 ; free physical = 400 ; free virtual = 19537

Phase 2.5 Update Timing
Phase 2.5 Update Timing | Checksum: 20a78a579

Time (s): cpu = 00:00:11 ; elapsed = 00:00:06 . Memory (MB): peak = 4363.820 ; gain = 8.004 ; free physical = 402 ; free virtual = 19539
INFO: [Route 35-416] Intermediate Timing Summary | WNS=0.846  | TNS=0.000  | WHS=-0.043 | THS=-2.674 |


Phase 2.6 Update Timing for Bus Skew

Phase 2.6.1 Update Timing
Phase 2.6.1 Update Timing | Checksum: 27179d590

Time (s): cpu = 00:00:17 ; elapsed = 00:00:08 . Memory (MB): peak = 4363.820 ; gain = 8.004 ; free physical = 377 ; free virtual = 19528
INFO: [Route 35-416] Intermediate Timing Summary | WNS=0.846  | TNS=0.000  | WHS=N/A    | THS=N/A    |

Phase 2.6 Update Timing for Bus Skew | Checksum: 2e3ea7ee5

Time (s): cpu = 00:00:17 ; elapsed = 00:00:08 . Memory (MB): peak = 4363.820 ; gain = 8.004 ; free physical = 377 ; free virtual = 19528
Phase 2 Router Initialization | Checksum: 25fed6241

Time (s): cpu = 00:00:17 ; elapsed = 00:00:08 . Memory (MB): peak = 4363.820 ; gain = 8.004 ; free physical = 377 ; free virtual = 19528
INFO: [Route 35-445] Local routing congestion detected. At least 67 CLBs have high pin utilization, which can impact runtime and timing closure. Top ten contiguous CLBs with high pin utilization are:
	[CLEM_R_X38Y209 -> CLEM_R_X38Y195]
	[CLEM_R_X38Y218 -> CLEM_R_X38Y210]
	[CLEM_X32Y207 -> CLEM_X32Y202]

Router Utilization Summary
  Global Vertical Routing Utilization    = 0.000274382 %
  Global Horizontal Routing Utilization  = 0.00084957 %
  Routable Net Status*
  *Does not include unroutable nets such as driverless and loadless.
  Run report_route_status for detailed report.
  Number of Failed Nets               = 5557
    (Failed Nets is the sum of unrouted and partially routed nets)
  Number of Unrouted Nets             = 4379
  Number of Partially Routed Nets     = 1178
  Number of Node Overlaps             = 0


Phase 3 Initial Routing
Phase 3 Initial Routing | Checksum: 216ef510c

Time (s): cpu = 00:00:23 ; elapsed = 00:00:11 . Memory (MB): peak = 4363.820 ; gain = 8.004 ; free physical = 418 ; free virtual = 19533

Phase 4 Rip-up And Reroute

Phase 4.1 Global Iteration 0
 Number of Nodes with overlaps = 1758
 Number of Nodes with overlaps = 220
 Number of Nodes with overlaps = 76
 Number of Nodes with overlaps = 54
 Number of Nodes with overlaps = 20
 Number of Nodes with overlaps = 10
 Number of Nodes with overlaps = 7
 Number of Nodes with overlaps = 3
 Number of Nodes with overlaps = 1
 Number of Nodes with overlaps = 1
 Number of Nodes with overlaps = 0
INFO: [Route 35-416] Intermediate Timing Summary | WNS=0.350  | TNS=0.000  | WHS=0.002  | THS=0.000  |

Phase 4.1 Global Iteration 0 | Checksum: 290b31945

Time (s): cpu = 00:01:05 ; elapsed = 00:00:34 . Memory (MB): peak = 4363.820 ; gain = 8.004 ; free physical = 350 ; free virtual = 19474

Phase 4.2 Additional Iteration for Hold
Phase 4.2 Additional Iteration for Hold | Checksum: 2ef775706

Time (s): cpu = 00:01:05 ; elapsed = 00:00:34 . Memory (MB): peak = 4363.820 ; gain = 8.004 ; free physical = 350 ; free virtual = 19473
Phase 4 Rip-up And Reroute | Checksum: 2ef775706

Time (s): cpu = 00:01:05 ; elapsed = 00:00:34 . Memory (MB): peak = 4363.820 ; gain = 8.004 ; free physical = 350 ; free virtual = 19473

Phase 5 Delay and Skew Optimization

Phase 5.1 Delay CleanUp
Phase 5.1 Delay CleanUp | Checksum: 2f0aaef38

Time (s): cpu = 00:01:05 ; elapsed = 00:00:34 . Memory (MB): peak = 4363.820 ; gain = 8.004 ; free physical = 355 ; free virtual = 19478

Phase 5.2 Clock Skew Optimization
Phase 5.2 Clock Skew Optimization | Checksum: 2f0aaef38

Time (s): cpu = 00:01:05 ; elapsed = 00:00:34 . Memory (MB): peak = 4363.820 ; gain = 8.004 ; free physical = 355 ; free virtual = 19478
Phase 5 Delay and Skew Optimization | Checksum: 2f0aaef38

Time (s): cpu = 00:01:05 ; elapsed = 00:00:34 . Memory (MB): peak = 4363.820 ; gain = 8.004 ; free physical = 355 ; free virtual = 19478

Phase 6 Post Hold Fix

Phase 6.1 Hold Fix Iter

Phase 6.1.1 Update Timing
Phase 6.1.1 Update Timing | Checksum: 2af4f546b

Time (s): cpu = 00:01:07 ; elapsed = 00:00:35 . Memory (MB): peak = 4363.820 ; gain = 8.004 ; free physical = 359 ; free virtual = 19482
INFO: [Route 35-416] Intermediate Timing Summary | WNS=0.350  | TNS=0.000  | WHS=0.002  | THS=0.000  |

Phase 6.1 Hold Fix Iter | Checksum: 1fa0ee617

Time (s): cpu = 00:01:07 ; elapsed = 00:00:35 . Memory (MB): peak = 4363.820 ; gain = 8.004 ; free physical = 359 ; free virtual = 19482
Phase 6 Post Hold Fix | Checksum: 1fa0ee617

Time (s): cpu = 00:01:07 ; elapsed = 00:00:35 . Memory (MB): peak = 4363.820 ; gain = 8.004 ; free physical = 359 ; free virtual = 19482

Phase 7 Route finalize

Router Utilization Summary
  Global Vertical Routing Utilization    = 0.732759 %
  Global Horizontal Routing Utilization  = 0.935376 %
  Routable Net Status*
  *Does not include unroutable nets such as driverless and loadless.
  Run report_route_status for detailed report.
  Number of Failed Nets               = 0
    (Failed Nets is the sum of unrouted and partially routed nets)
  Number of Unrouted Nets             = 0
  Number of Partially Routed Nets     = 0
  Number of Node Overlaps             = 0

Phase 7 Route finalize | Checksum: 2810b514b

Time (s): cpu = 00:01:08 ; elapsed = 00:00:35 . Memory (MB): peak = 4363.820 ; gain = 8.004 ; free physical = 358 ; free virtual = 19481

Phase 8 Verifying routed nets

 Verification completed successfully
Phase 8 Verifying routed nets | Checksum: 2810b514b

Time (s): cpu = 00:01:08 ; elapsed = 00:00:35 . Memory (MB): peak = 4363.820 ; gain = 8.004 ; free physical = 356 ; free virtual = 19479

Phase 9 Depositing Routes
Phase 9 Depositing Routes | Checksum: 2810b514b

Time (s): cpu = 00:01:08 ; elapsed = 00:00:35 . Memory (MB): peak = 4363.820 ; gain = 8.004 ; free physical = 360 ; free virtual = 19483

Phase 10 Post Router Timing
INFO: [Route 35-57] Estimated Timing Summary | WNS=0.350  | TNS=0.000  | WHS=0.002  | THS=0.000  |

INFO: [Route 35-327] The final timing numbers are based on the router estimated timing analysis. For a complete and accurate timing signoff, please run report_timing_summary.
Phase 10 Post Router Timing | Checksum: 2810b514b

Time (s): cpu = 00:01:08 ; elapsed = 00:00:35 . Memory (MB): peak = 4363.820 ; gain = 8.004 ; free physical = 362 ; free virtual = 19485
INFO: [Route 35-16] Router Completed Successfully

Time (s): cpu = 00:01:08 ; elapsed = 00:00:35 . Memory (MB): peak = 4363.820 ; gain = 8.004 ; free physical = 420 ; free virtual = 19544

Routing Is Done.
INFO: [Common 17-83] Releasing license: Implementation
111 Infos, 0 Warnings, 0 Critical Warnings and 0 Errors encountered.
route_design completed successfully
route_design: Time (s): cpu = 00:01:13 ; elapsed = 00:00:39 . Memory (MB): peak = 4363.820 ; gain = 8.004 ; free physical = 420 ; free virtual = 19544
INFO: [Timing 38-480] Writing timing data to binary archive.
Writing placer database...
Writing XDEF routing.
Writing XDEF routing logical nets.
Writing XDEF routing special nets.
Write XDEF Complete: Time (s): cpu = 00:00:01 ; elapsed = 00:00:00.42 . Memory (MB): peak = 4363.820 ; gain = 0.000 ; free physical = 393 ; free virtual = 19530
INFO: [Common 17-1381] The checkpoint '/media/steckler/xilinx_linux/RISCV_ZYNQ/V2/RVI20U32/RV32I_COCOTB/RISCV_ZYNQ_COCOTB/RISCV.runs/impl_1/RV32UI_wrapper_routed.dcp' has been generated.
INFO: [runtcl-4] Executing : report_drc -file RV32UI_wrapper_drc_routed.rpt -pb RV32UI_wrapper_drc_routed.pb -rpx RV32UI_wrapper_drc_routed.rpx
Command: report_drc -file RV32UI_wrapper_drc_routed.rpt -pb RV32UI_wrapper_drc_routed.pb -rpx RV32UI_wrapper_drc_routed.rpx
INFO: [IP_Flow 19-1839] IP Catalog is up to date.
INFO: [DRC 23-27] Running DRC with 8 threads
INFO: [Coretcl 2-168] The results of DRC are in file /media/steckler/xilinx_linux/RISCV_ZYNQ/V2/RVI20U32/RV32I_COCOTB/RISCV_ZYNQ_COCOTB/RISCV.runs/impl_1/RV32UI_wrapper_drc_routed.rpt.
report_drc completed successfully
INFO: [runtcl-4] Executing : report_methodology -file RV32UI_wrapper_methodology_drc_routed.rpt -pb RV32UI_wrapper_methodology_drc_routed.pb -rpx RV32UI_wrapper_methodology_drc_routed.rpx
Command: report_methodology -file RV32UI_wrapper_methodology_drc_routed.rpt -pb RV32UI_wrapper_methodology_drc_routed.pb -rpx RV32UI_wrapper_methodology_drc_routed.rpx
INFO: [Timing 38-35] Done setting XDC timing constraints.
INFO: [DRC 23-133] Running Methodology with 8 threads
INFO: [Coretcl 2-1520] The results of Report Methodology are in file /media/steckler/xilinx_linux/RISCV_ZYNQ/V2/RVI20U32/RV32I_COCOTB/RISCV_ZYNQ_COCOTB/RISCV.runs/impl_1/RV32UI_wrapper_methodology_drc_routed.rpt.
report_methodology completed successfully
INFO: [runtcl-4] Executing : report_power -file RV32UI_wrapper_power_routed.rpt -pb RV32UI_wrapper_power_summary_routed.pb -rpx RV32UI_wrapper_power_routed.rpx
Command: report_power -file RV32UI_wrapper_power_routed.rpt -pb RV32UI_wrapper_power_summary_routed.pb -rpx RV32UI_wrapper_power_routed.rpx
INFO: [Timing 38-35] Done setting XDC timing constraints.
Running Vector-less Activity Propagation...

Finished Running Vector-less Activity Propagation
WARNING: [Power 33-332] Found switching activity that implies high-fanout reset nets being asserted for excessive periods of time which may result in inaccurate power analysis.
Resolution: To review and fix problems, please run Power Constraints Advisor in the GUI from Tools > Power Constraints Advisor or run report_power with the -advisory option to generate a text report.
123 Infos, 1 Warnings, 0 Critical Warnings and 0 Errors encountered.
report_power completed successfully
report_power: Time (s): cpu = 00:00:08 ; elapsed = 00:00:05 . Memory (MB): peak = 4414.609 ; gain = 0.000 ; free physical = 400 ; free virtual = 19530
INFO: [runtcl-4] Executing : report_route_status -file RV32UI_wrapper_route_status.rpt -pb RV32UI_wrapper_route_status.pb
INFO: [runtcl-4] Executing : report_timing_summary -max_paths 10 -file RV32UI_wrapper_timing_summary_routed.rpt -pb RV32UI_wrapper_timing_summary_routed.pb -rpx RV32UI_wrapper_timing_summary_routed.rpx -warn_on_violation 
INFO: [Timing 38-91] UpdateTimingParams: Speed grade: -2, Temperature grade: I, Delay Type: min_max.
INFO: [Timing 38-191] Multithreading enabled for timing update using a maximum of 8 CPUs
WARNING: [Timing 38-436] There are set_bus_skew constraint(s) in this design. Please run report_bus_skew to ensure that bus skew requirements are met.
INFO: [runtcl-4] Executing : report_incremental_reuse -file RV32UI_wrapper_incremental_reuse_routed.rpt
INFO: [Vivado_Tcl 4-1062] Incremental flow is disabled. No incremental reuse Info to report.
INFO: [runtcl-4] Executing : report_clock_utilization -file RV32UI_wrapper_clock_utilization_routed.rpt
INFO: [runtcl-4] Executing : report_bus_skew -warn_on_violation -file RV32UI_wrapper_bus_skew_routed.rpt -pb RV32UI_wrapper_bus_skew_routed.pb -rpx RV32UI_wrapper_bus_skew_routed.rpx
INFO: [Timing 38-91] UpdateTimingParams: Speed grade: -2, Temperature grade: I, Delay Type: min_max.
INFO: [Timing 38-191] Multithreading enabled for timing update using a maximum of 8 CPUs
Command: write_bitstream -force RV32UI_wrapper.bit
Attempting to get a license for feature 'Implementation' and/or device 'xczu5ev'
INFO: [Common 17-349] Got license for feature 'Implementation' and/or device 'xczu5ev'
Running DRC as a precondition to command write_bitstream
INFO: [IP_Flow 19-1839] IP Catalog is up to date.
INFO: [DRC 23-27] Running DRC with 8 threads
WARNING: [DRC RTSTAT-10] No routable loads: 19 net(s) have no routable loads. The problem bus(es) and/or net(s) are dbg_hub/inst/BSCANID.u_xsdbm_id/CORE_XSDB.UUT_MASTER/U_ICON_INTERFACE/U_CMD6_RD/U_RD_FIFO/SUBCORE_FIFO.xsdbm_v3_0_0_rdfifo_inst/inst_fifo_gen/gconvfifo.rf/grf.rf/gntv_or_sync_fifo.gl0.rd/gr1.gr1_int.rfwft/aempty_fwft_i, dbg_hub/inst/BSCANID.u_xsdbm_id/CORE_XSDB.UUT_MASTER/U_ICON_INTERFACE/U_CMD7_CTL/ctl_reg[2:0], dbg_hub/inst/BSCANID.u_xsdbm_id/CORE_XSDB.UUT_MASTER/U_ICON_INTERFACE/U_CMD1/ctl_reg_en_2[1], dbg_hub/inst/BSCANID.u_xsdbm_id/CORE_XSDB.UUT_MASTER/U_ICON_INTERFACE/U_CMD7_CTL/ctl_reg_en_2[1], dbg_hub/inst/BSCANID.u_xsdbm_id/SWITCH_N_EXT_BSCAN.bscan_switch/m_bscan_capture[0], dbg_hub/inst/BSCANID.u_xsdbm_id/SWITCH_N_EXT_BSCAN.bscan_switch/m_bscan_drck[0], dbg_hub/inst/BSCANID.u_xsdbm_id/SWITCH_N_EXT_BSCAN.bscan_switch/m_bscan_runtest[0], dbg_hub/inst/BSCANID.u_xsdbm_id/CORE_XSDB.UUT_MASTER/U_ICON_INTERFACE/U_CMD6_RD/U_RD_FIFO/SUBCORE_FIFO.xsdbm_v3_0_0_rdfifo_inst/inst_fifo_gen/gconvfifo.rf/grf.rf/gntv_or_sync_fifo.gl0.wr/gwhf.whf/overflow, dbg_hub/inst/BSCANID.u_xsdbm_id/CORE_XSDB.UUT_MASTER/U_ICON_INTERFACE/U_CMD6_WR/U_WR_FIFO/SUBCORE_FIFO.xsdbm_v3_0_0_wrfifo_inst/inst_fifo_gen/gconvfifo.rf/grf.rf/gntv_or_sync_fifo.gl0.wr/gwhf.whf/overflow, dbg_hub/inst/BSCANID.u_xsdbm_id/CORE_XSDB.UUT_MASTER/U_ICON_INTERFACE/U_CMD6_RD/U_RD_FIFO/SUBCORE_FIFO.xsdbm_v3_0_0_rdfifo_inst/inst_fifo_gen/gconvfifo.rf/grf.rf/gntv_or_sync_fifo.gl0.rd/gras.rsts/ram_empty_i, dbg_hub/inst/BSCANID.u_xsdbm_id/CORE_XSDB.UUT_MASTER/U_ICON_INTERFACE/U_CMD6_WR/U_WR_FIFO/SUBCORE_FIFO.xsdbm_v3_0_0_wrfifo_inst/inst_fifo_gen/gconvfifo.rf/grf.rf/gntv_or_sync_fifo.gl0.wr/gwas.wsts/ram_full_i, dbg_hub/inst/BSCANID.u_xsdbm_id/CORE_XSDB.UUT_MASTER/U_ICON_INTERFACE/U_CMD6_WR/U_WR_FIFO/SUBCORE_FIFO.xsdbm_v3_0_0_wrfifo_inst/inst_fifo_gen/gconvfifo.rf/grf.rf/rstblk/rd_rst_reg[0], dbg_hub/inst/BSCANID.u_xsdbm_id/SWITCH_N_EXT_BSCAN.bscan_inst/s_bscan_tms, dbg_hub/inst/BSCANID.u_xsdbm_id/CORE_XSDB.UUT_MASTER/U_ICON_INTERFACE/U_CMD6_WR/U_WR_FIFO/SUBCORE_FIFO.xsdbm_v3_0_0_wrfifo_inst/inst_fifo_gen/gconvfifo.rf/grf.rf/gntv_or_sync_fifo.gl0.rd/grhf.rhf/underflow, dbg_hub/inst/BSCANID.u_xsdbm_id/CORE_XSDB.UUT_MASTER/U_ICON_INTERFACE/U_CMD6_RD/U_RD_FIFO/SUBCORE_FIFO.xsdbm_v3_0_0_rdfifo_inst/inst_fifo_gen/gconvfifo.rf/grf.rf/gntv_or_sync_fifo.gl0.rd/grhf.rhf/underflow... and (the first 15 of 17 listed).
INFO: [Vivado 12-3199] DRC finished with 0 Errors, 1 Warnings
INFO: [Vivado 12-3200] Please refer to the DRC report (report_drc) for more information.
INFO: [Designutils 20-2272] Running write_bitstream with 8 threads.
Loading data files...
Loading site data...
Loading route data...
Processing options...
Creating bitmap...
Creating bitstream...
Writing bitstream ./RV32UI_wrapper.bit...
INFO: [Vivado 12-1842] Bitgen Completed Successfully.
INFO: [Project 1-120] WebTalk data collection is mandatory when using a WebPACK part without a full Vivado license. To see the specific WebTalk data collected for your design, open the usage_statistics_webtalk.html or usage_statistics_webtalk.xml file in the implementation directory.
INFO: [Common 17-83] Releasing license: Implementation
142 Infos, 3 Warnings, 0 Critical Warnings and 0 Errors encountered.
write_bitstream completed successfully
write_bitstream: Time (s): cpu = 00:00:17 ; elapsed = 00:00:19 . Memory (MB): peak = 4479.766 ; gain = 65.156 ; free physical = 451 ; free virtual = 19609
INFO: [Common 17-206] Exiting Vivado at Fri Jun  5 19:14:44 2026...

*** Running vivado
    with args -log RV32UI_wrapper.vdi -applog -m64 -product Vivado -messageDb vivado.pb -mode batch -source RV32UI_wrapper.tcl -notrace


****** Vivado v2020.1 (64-bit)
  **** SW Build 2902540 on Wed May 27 19:54:35 MDT 2020
  **** IP Build 2902112 on Wed May 27 22:43:36 MDT 2020
    ** Copyright 1986-2020 Xilinx, Inc. All Rights Reserved.

source RV32UI_wrapper.tcl -notrace
Command: open_checkpoint RV32UI_wrapper_routed.dcp

Starting open_checkpoint Task

Time (s): cpu = 00:00:00.09 ; elapsed = 00:00:00.07 . Memory (MB): peak = 2158.797 ; gain = 0.000 ; free physical = 2543 ; free virtual = 22026
INFO: [Device 21-403] Loading part xczu5ev-sfvc784-2-i
Netlist sorting complete. Time (s): cpu = 00:00:00.10 ; elapsed = 00:00:00.09 . Memory (MB): peak = 2571.371 ; gain = 0.000 ; free physical = 1817 ; free virtual = 21267
INFO: [Netlist 29-17] Analyzing 577 Unisim elements for replacement
INFO: [Netlist 29-28] Unisim Transformation completed in 0 CPU seconds
INFO: [Project 1-479] Netlist was created with Vivado 2020.1
INFO: [Project 1-570] Preparing netlist for logic optimization
INFO: [Timing 38-478] Restoring timing data from binary archive.
INFO: [Timing 38-479] Binary timing data restore complete.
INFO: [Project 1-856] Restoring constraints from binary archive.
INFO: [Project 1-853] Binary constraint restore complete.
Reading XDEF placement.
Reading placer database...
Reading XDEF routing.
Read XDEF File: Time (s): cpu = 00:00:01 ; elapsed = 00:00:01 . Memory (MB): peak = 2840.445 ; gain = 13.875 ; free physical = 1401 ; free virtual = 20854
Restored from archive | CPU: 1.310000 secs | Memory: 8.552238 MB |
Finished XDEF File Restore: Time (s): cpu = 00:00:01 ; elapsed = 00:00:01 . Memory (MB): peak = 2840.445 ; gain = 13.875 ; free physical = 1401 ; free virtual = 20854
Netlist sorting complete. Time (s): cpu = 00:00:00 ; elapsed = 00:00:00 . Memory (MB): peak = 2840.445 ; gain = 0.000 ; free physical = 1401 ; free virtual = 20855
INFO: [Project 1-111] Unisim Transformation Summary:
  A total of 69 instances were transformed.
  IBUF => IBUF (IBUFCTRL, INBUF): 1 instance 
  RAM32M16 => RAM32M16 (RAMD32(x14), RAMS32(x2)): 4 instances
  RAM512X1S => RAM512X1S (MUXF7(x4), MUXF8(x2), MUXF9, RAMS64E1(x8)): 64 instances

INFO: [Project 1-604] Checkpoint was created with Vivado v2020.1 (64-bit) build 2902540
open_checkpoint: Time (s): cpu = 00:00:19 ; elapsed = 00:00:30 . Memory (MB): peak = 2840.445 ; gain = 681.648 ; free physical = 1401 ; free virtual = 20855
Command: write_bitstream -force RV32UI_wrapper.bit
Attempting to get a license for feature 'Implementation' and/or device 'xczu5ev'
INFO: [Common 17-349] Got license for feature 'Implementation' and/or device 'xczu5ev'
Running DRC as a precondition to command write_bitstream
INFO: [IP_Flow 19-234] Refreshing IP repositories
INFO: [IP_Flow 19-1704] No user IP repositories specified
INFO: [IP_Flow 19-2313] Loaded Vivado IP repository '/media/steckler/xilinx_linux/vitis_2020.1/Vivado/2020.1/data/ip'.
INFO: [DRC 23-27] Running DRC with 8 threads
WARNING: [DRC RTSTAT-10] No routable loads: 19 net(s) have no routable loads. The problem bus(es) and/or net(s) are dbg_hub/inst/BSCANID.u_xsdbm_id/CORE_XSDB.UUT_MASTER/U_ICON_INTERFACE/U_CMD6_RD/U_RD_FIFO/SUBCORE_FIFO.xsdbm_v3_0_0_rdfifo_inst/inst_fifo_gen/gconvfifo.rf/grf.rf/gntv_or_sync_fifo.gl0.rd/gr1.gr1_int.rfwft/aempty_fwft_i, dbg_hub/inst/BSCANID.u_xsdbm_id/CORE_XSDB.UUT_MASTER/U_ICON_INTERFACE/U_CMD7_CTL/ctl_reg[2:0], dbg_hub/inst/BSCANID.u_xsdbm_id/CORE_XSDB.UUT_MASTER/U_ICON_INTERFACE/U_CMD1/ctl_reg_en_2[1], dbg_hub/inst/BSCANID.u_xsdbm_id/CORE_XSDB.UUT_MASTER/U_ICON_INTERFACE/U_CMD7_CTL/ctl_reg_en_2[1], dbg_hub/inst/BSCANID.u_xsdbm_id/SWITCH_N_EXT_BSCAN.bscan_switch/m_bscan_capture[0], dbg_hub/inst/BSCANID.u_xsdbm_id/SWITCH_N_EXT_BSCAN.bscan_switch/m_bscan_drck[0], dbg_hub/inst/BSCANID.u_xsdbm_id/SWITCH_N_EXT_BSCAN.bscan_switch/m_bscan_runtest[0], dbg_hub/inst/BSCANID.u_xsdbm_id/CORE_XSDB.UUT_MASTER/U_ICON_INTERFACE/U_CMD6_RD/U_RD_FIFO/SUBCORE_FIFO.xsdbm_v3_0_0_rdfifo_inst/inst_fifo_gen/gconvfifo.rf/grf.rf/gntv_or_sync_fifo.gl0.wr/gwhf.whf/overflow, dbg_hub/inst/BSCANID.u_xsdbm_id/CORE_XSDB.UUT_MASTER/U_ICON_INTERFACE/U_CMD6_WR/U_WR_FIFO/SUBCORE_FIFO.xsdbm_v3_0_0_wrfifo_inst/inst_fifo_gen/gconvfifo.rf/grf.rf/gntv_or_sync_fifo.gl0.wr/gwhf.whf/overflow, dbg_hub/inst/BSCANID.u_xsdbm_id/CORE_XSDB.UUT_MASTER/U_ICON_INTERFACE/U_CMD6_RD/U_RD_FIFO/SUBCORE_FIFO.xsdbm_v3_0_0_rdfifo_inst/inst_fifo_gen/gconvfifo.rf/grf.rf/gntv_or_sync_fifo.gl0.rd/gras.rsts/ram_empty_i, dbg_hub/inst/BSCANID.u_xsdbm_id/CORE_XSDB.UUT_MASTER/U_ICON_INTERFACE/U_CMD6_WR/U_WR_FIFO/SUBCORE_FIFO.xsdbm_v3_0_0_wrfifo_inst/inst_fifo_gen/gconvfifo.rf/grf.rf/gntv_or_sync_fifo.gl0.wr/gwas.wsts/ram_full_i, dbg_hub/inst/BSCANID.u_xsdbm_id/CORE_XSDB.UUT_MASTER/U_ICON_INTERFACE/U_CMD6_WR/U_WR_FIFO/SUBCORE_FIFO.xsdbm_v3_0_0_wrfifo_inst/inst_fifo_gen/gconvfifo.rf/grf.rf/rstblk/rd_rst_reg[0], dbg_hub/inst/BSCANID.u_xsdbm_id/SWITCH_N_EXT_BSCAN.bscan_inst/s_bscan_tms, dbg_hub/inst/BSCANID.u_xsdbm_id/CORE_XSDB.UUT_MASTER/U_ICON_INTERFACE/U_CMD6_WR/U_WR_FIFO/SUBCORE_FIFO.xsdbm_v3_0_0_wrfifo_inst/inst_fifo_gen/gconvfifo.rf/grf.rf/gntv_or_sync_fifo.gl0.rd/grhf.rhf/underflow, dbg_hub/inst/BSCANID.u_xsdbm_id/CORE_XSDB.UUT_MASTER/U_ICON_INTERFACE/U_CMD6_RD/U_RD_FIFO/SUBCORE_FIFO.xsdbm_v3_0_0_rdfifo_inst/inst_fifo_gen/gconvfifo.rf/grf.rf/gntv_or_sync_fifo.gl0.rd/grhf.rhf/underflow... and (the first 15 of 17 listed).
INFO: [Vivado 12-3199] DRC finished with 0 Errors, 1 Warnings
INFO: [Vivado 12-3200] Please refer to the DRC report (report_drc) for more information.
INFO: [Designutils 20-2272] Running write_bitstream with 8 threads.
Loading data files...
Loading site data...
Loading route data...
Processing options...
Creating bitmap...
Creating bitstream...
Writing bitstream ./RV32UI_wrapper.bit...
INFO: [Vivado 12-1842] Bitgen Completed Successfully.
INFO: [Project 1-120] WebTalk data collection is mandatory when using a WebPACK part without a full Vivado license. To see the specific WebTalk data collected for your design, open the usage_statistics_webtalk.html or usage_statistics_webtalk.xml file in the implementation directory.
INFO: [Common 17-83] Releasing license: Implementation
22 Infos, 1 Warnings, 0 Critical Warnings and 0 Errors encountered.
write_bitstream completed successfully
write_bitstream: Time (s): cpu = 00:00:17 ; elapsed = 00:00:18 . Memory (MB): peak = 3152.629 ; gain = 312.184 ; free physical = 1281 ; free virtual = 20746
INFO: [Common 17-206] Exiting Vivado at Fri Jun  5 19:17:18 2026...
