INFO: [VRFC 10-2263] Analyzing Verilog file "/media/steckler/xilinx_linux/RISCV_ZYNQ/V2/RVI20U32/RISCV/RISCV.srcs/sources_1/new/pc_unit.v" into library xil_defaultlib
INFO: [VRFC 10-311] analyzing module pc_unit
INFO: [VRFC 10-2263] Analyzing Verilog file "/media/steckler/xilinx_linux/RISCV_ZYNQ/V2/RVI20U32/RISCV/RISCV.srcs/sources_1/new/pc_to_imem_addr.v" into library xil_defaultlib
INFO: [VRFC 10-311] analyzing module pc_to_imem_addr
INFO: [VRFC 10-2263] Analyzing Verilog file "/media/steckler/xilinx_linux/RISCV_ZYNQ/V2/RVI20U32/RISCV/RISCV.srcs/sources_1/new/if_id_reg.v" into library xil_defaultlib
INFO: [VRFC 10-311] analyzing module if_id_reg
INFO: [VRFC 10-2263] Analyzing Verilog file "/media/steckler/xilinx_linux/RISCV_ZYNQ/V2/RVI20U32/RISCV/RISCV.srcs/sources_1/new/decoder.v" into library xil_defaultlib
INFO: [VRFC 10-311] analyzing module decoder
INFO: [VRFC 10-2263] Analyzing Verilog file "/media/steckler/xilinx_linux/RISCV_ZYNQ/V2/RVI20U32/RISCV/RISCV.srcs/sources_1/new/control.v" into library xil_defaultlib
INFO: [VRFC 10-311] analyzing module control
INFO: [VRFC 10-2263] Analyzing Verilog file "/media/steckler/xilinx_linux/RISCV_ZYNQ/V2/RVI20U32/RISCV/RISCV.srcs/sources_1/new/regfile.v" into library xil_defaultlib
INFO: [VRFC 10-311] analyzing module regfile
INFO: [VRFC 10-2263] Analyzing Verilog file "/media/steckler/xilinx_linux/RISCV_ZYNQ/V2/RVI20U32/RISCV/RISCV.srcs/sources_1/new/imm_mux.v" into library xil_defaultlib
INFO: [VRFC 10-311] analyzing module imm_mux
INFO: [VRFC 10-2263] Analyzing Verilog file "/media/steckler/xilinx_linux/RISCV_ZYNQ/V2/RVI20U32/RISCV/RISCV.srcs/sources_1/new/alu.v" into library xil_defaultlib
INFO: [VRFC 10-311] analyzing module alu
INFO: [VRFC 10-2263] Analyzing Verilog file "/media/steckler/xilinx_linux/RISCV_ZYNQ/V2/RVI20U32/RISCV/RISCV.srcs/sources_1/new/forwarding.v" into library xil_defaultlib
INFO: [VRFC 10-311] analyzing module forwarding
INFO: [VRFC 10-2263] Analyzing Verilog file "/media/steckler/xilinx_linux/RISCV_ZYNQ/V2/RVI20U32/RISCV/RISCV.srcs/sources_1/new/forward_mux.v" into library xil_defaultlib
INFO: [VRFC 10-311] analyzing module forward_mux
INFO: [VRFC 10-2263] Analyzing Verilog file "/media/steckler/xilinx_linux/RISCV_ZYNQ/V2/RVI20U32/RISCV/RISCV.srcs/sources_1/new/operand_b_mux.v" into library xil_defaultlib
INFO: [VRFC 10-311] analyzing module operand_b_mux
INFO: [VRFC 10-2263] Analyzing Verilog file "/media/steckler/xilinx_linux/RISCV_ZYNQ/V2/RVI20U32/RISCV/RISCV.srcs/sources_1/new/operand_a_mux.v" into library xil_defaultlib
INFO: [VRFC 10-311] analyzing module operand_a_mux
INFO: [VRFC 10-2263] Analyzing Verilog file "/media/steckler/xilinx_linux/RISCV_ZYNQ/V2/RVI20U32/RISCV/RISCV.srcs/sources_1/new/branch.v" into library xil_defaultlib
INFO: [VRFC 10-311] analyzing module branch
INFO: [VRFC 10-2263] Analyzing Verilog file "/media/steckler/xilinx_linux/RISCV_ZYNQ/V2/RVI20U32/RISCV/RISCV.srcs/sources_1/new/ex_mem_reg.v" into library xil_defaultlib
INFO: [VRFC 10-311] analyzing module ex_mem_reg
INFO: [VRFC 10-2263] Analyzing Verilog file "/media/steckler/xilinx_linux/RISCV_ZYNQ/V2/RVI20U32/RISCV/RISCV.srcs/sources_1/new/mem_stage.v" into library xil_defaultlib
INFO: [VRFC 10-311] analyzing module mem_stage
INFO: [VRFC 10-2263] Analyzing Verilog file "/media/steckler/xilinx_linux/RISCV_ZYNQ/V2/RVI20U32/RISCV/RISCV.srcs/sources_1/new/ram_data.v" into library xil_defaultlib
INFO: [VRFC 10-311] analyzing module ram_data
INFO: [VRFC 10-2263] Analyzing Verilog file "/media/steckler/xilinx_linux/RISCV_ZYNQ/V2/RVI20U32/RISCV/RISCV.srcs/sources_1/new/mem_wb_reg.v" into library xil_defaultlib
INFO: [VRFC 10-311] analyzing module mem_wb_reg
INFO: [VRFC 10-2263] Analyzing Verilog file "/media/steckler/xilinx_linux/RISCV_ZYNQ/V2/RVI20U32/RISCV/RISCV.srcs/sources_1/new/wb_mux.v" into library xil_defaultlib
INFO: [VRFC 10-311] analyzing module wb_mux
INFO: [VRFC 10-2263] Analyzing Verilog file "/media/steckler/xilinx_linux/RISCV_ZYNQ/V2/RVI20U32/RISCV/RISCV.srcs/sources_1/new/load_use_detection.v" into library xil_defaultlib
INFO: [VRFC 10-311] analyzing module load_use_detection
INFO: [VRFC 10-2263] Analyzing Verilog file "/media/steckler/xilinx_linux/RISCV_ZYNQ/V2/RVI20U32/RISCV/RISCV.srcs/sources_1/new/priority_branch_OR_load_use.v" into library xil_defaultlib
INFO: [VRFC 10-311] analyzing module priority_branch_OR_load_use
INFO: [VRFC 10-2263] Analyzing Verilog file "/media/steckler/xilinx_linux/RISCV_ZYNQ/V2/RVI20U32/RISCV/RISCV.srcs/sources_1/new/regfile_we_gen.v" into library xil_defaultlib
INFO: [VRFC 10-311] analyzing module regfile_we_gen
INFO: [VRFC 10-2263] Analyzing Verilog file "/media/steckler/xilinx_linux/RISCV_ZYNQ/V2/RVI20U32/RISCV/RISCV.srcs/sources_1/new/gpio.v" into library xil_defaultlib
INFO: [VRFC 10-311] analyzing module gpio
INFO: [VRFC 10-2263] Analyzing Verilog file "/media/steckler/xilinx_linux/RISCV_ZYNQ/V2/RVI20U32/RISCV/RISCV.srcs/sources_1/new/uart_tx.v" into library xil_defaultlib
INFO: [VRFC 10-311] analyzing module uart_tx
INFO: [VRFC 10-2263] Analyzing Verilog file "/media/steckler/xilinx_linux/RISCV_ZYNQ/V2/RVI20U32/RISCV/RISCV.srcs/sources_1/new/id_ex_reg.v" into library xil_defaultlib
INFO: [VRFC 10-311] analyzing module id_ex_reg
INFO: [VRFC 10-2263] Analyzing Verilog file "/media/steckler/xilinx_linux/RISCV_ZYNQ/V2/RVI20U32/RISCV/RISCV.srcs/sources_1/new/branch_predictor_btb_bht.v" into library xil_defaultlib
INFO: [VRFC 10-311] analyzing module branch_predictor_btb_bht
INFO: [VRFC 10-2263] Analyzing Verilog file "/media/steckler/xilinx_linux/RISCV_ZYNQ/V2/RVI20U32/RISCV/RISCV.srcs/sources_1/new/timer.v" into library xil_defaultlib
INFO: [VRFC 10-311] analyzing module timer
INFO: [VRFC 10-2263] Analyzing Verilog file "/media/steckler/xilinx_linux/RISCV_ZYNQ/V2/RVI20U32/RISCV/RISCV.srcs/sources_1/new/mem_bus_registered.v" into library xil_defaultlib
INFO: [VRFC 10-311] analyzing module mem_bus_registered
INFO: [VRFC 10-2263] Analyzing Verilog file "/media/steckler/xilinx_linux/RISCV_ZYNQ/V2/RVI20U32/RISCV/RISCV.srcs/sources_1/new/trap_controller.v" into library xil_defaultlib
INFO: [VRFC 10-311] analyzing module trap_controller
INFO: [VRFC 10-2263] Analyzing Verilog file "/media/steckler/xilinx_linux/RISCV_ZYNQ/V2/RVI20U32/RISCV/RISCV.srcs/sources_1/new/system_decoder.v" into library xil_defaultlib
INFO: [VRFC 10-311] analyzing module system_decoder
INFO: [VRFC 10-2263] Analyzing Verilog file "/media/steckler/xilinx_linux/RISCV_ZYNQ/V2/RVI20U32/RISCV/RISCV.srcs/sources_1/new/csr_file.v" into library xil_defaultlib
INFO: [VRFC 10-311] analyzing module csr_file
INFO: [VRFC 10-2263] Analyzing Verilog file "/media/steckler/xilinx_linux/RISCV_ZYNQ/V2/RVI20U32/RISCV/RISCV.srcs/sources_1/new/privileged_pc_redirect_mux.v" into library xil_defaultlib
INFO: [VRFC 10-311] analyzing module privileged_pc_redirect_mux
INFO: [VRFC 10-2263] Analyzing Verilog file "/media/steckler/xilinx_linux/RISCV_ZYNQ/V2/RVI20U32/RISCV/RISCV.srcs/sources_1/new/csr_access_unit.v" into library xil_defaultlib
INFO: [VRFC 10-311] analyzing module csr_access_unit
INFO: [VRFC 10-2263] Analyzing Verilog file "/media/steckler/xilinx_linux/RISCV_ZYNQ/V2/RVI20U32/RISCV/RISCV.srcs/sources_1/new/csr_regfile_wb_mux.v" into library xil_defaultlib
INFO: [VRFC 10-311] analyzing module csr_regfile_wb_mux
INFO: [VRFC 10-2263] Analyzing Verilog file "/media/steckler/xilinx_linux/RISCV_ZYNQ/V2/RVI20U32/RISCV/RISCV.ip_user_files/bd/BASIC/ip/BASIC_pc_unit_0_0/sim/BASIC_pc_unit_0_0.v" into library xil_defaultlib
INFO: [VRFC 10-311] analyzing module BASIC_pc_unit_0_0
INFO: [VRFC 10-2263] Analyzing Verilog file "/media/steckler/xilinx_linux/RISCV_ZYNQ/V2/RVI20U32/RISCV/RISCV.ip_user_files/bd/BASIC/ip/BASIC_zynq_ultra_ps_e_0_0/sim/BASIC_zynq_ultra_ps_e_0_0_vip_wrapper.v" into library xil_defaultlib
INFO: [VRFC 10-311] analyzing module BASIC_zynq_ultra_ps_e_0_0
INFO: [VRFC 10-2458] undeclared symbol pl_clk2, assumed default net type wire [/media/steckler/xilinx_linux/RISCV_ZYNQ/V2/RVI20U32/RISCV/RISCV.ip_user_files/bd/BASIC/ip/BASIC_zynq_ultra_ps_e_0_0/sim/BASIC_zynq_ultra_ps_e_0_0_vip_wrapper.v:196]
INFO: [VRFC 10-2458] undeclared symbol pl_clk3, assumed default net type wire [/media/steckler/xilinx_linux/RISCV_ZYNQ/V2/RVI20U32/RISCV/RISCV.ip_user_files/bd/BASIC/ip/BASIC_zynq_ultra_ps_e_0_0/sim/BASIC_zynq_ultra_ps_e_0_0_vip_wrapper.v:198]
INFO: [VRFC 10-2263] Analyzing Verilog file "/media/steckler/xilinx_linux/RISCV_ZYNQ/V2/RVI20U32/RISCV/RISCV.ip_user_files/bd/BASIC/ip/BASIC_xlconstant_0_0/sim/BASIC_xlconstant_0_0.v" into library xil_defaultlib
INFO: [VRFC 10-311] analyzing module BASIC_xlconstant_0_0
INFO: [VRFC 10-2263] Analyzing Verilog file "/media/steckler/xilinx_linux/RISCV_ZYNQ/V2/RVI20U32/RISCV/RISCV.ip_user_files/bd/BASIC/ip/BASIC_blk_mem_gen_0_0/sim/BASIC_blk_mem_gen_0_0.v" into library xil_defaultlib
INFO: [VRFC 10-311] analyzing module BASIC_blk_mem_gen_0_0
INFO: [VRFC 10-2263] Analyzing Verilog file "/media/steckler/xilinx_linux/RISCV_ZYNQ/V2/RVI20U32/RISCV/RISCV.ip_user_files/bd/BASIC/ip/BASIC_pc_to_imem_addr_0_0/sim/BASIC_pc_to_imem_addr_0_0.v" into library xil_defaultlib
INFO: [VRFC 10-311] analyzing module BASIC_pc_to_imem_addr_0_0
INFO: [VRFC 10-2263] Analyzing Verilog file "/media/steckler/xilinx_linux/RISCV_ZYNQ/V2/RVI20U32/RISCV/RISCV.ip_user_files/bd/BASIC/ip/BASIC_if_id_reg_0_0/sim/BASIC_if_id_reg_0_0.v" into library xil_defaultlib
INFO: [VRFC 10-311] analyzing module BASIC_if_id_reg_0_0
INFO: [VRFC 10-2263] Analyzing Verilog file "/media/steckler/xilinx_linux/RISCV_ZYNQ/V2/RVI20U32/RISCV/RISCV.ip_user_files/bd/BASIC/ip/BASIC_xlconstant_2_0/sim/BASIC_xlconstant_2_0.v" into library xil_defaultlib
INFO: [VRFC 10-311] analyzing module BASIC_xlconstant_2_0
INFO: [VRFC 10-2263] Analyzing Verilog file "/media/steckler/xilinx_linux/RISCV_ZYNQ/V2/RVI20U32/RISCV/RISCV.ip_user_files/bd/BASIC/ip/BASIC_decoder_0_0/sim/BASIC_decoder_0_0.v" into library xil_defaultlib
INFO: [VRFC 10-311] analyzing module BASIC_decoder_0_0
INFO: [VRFC 10-2263] Analyzing Verilog file "/media/steckler/xilinx_linux/RISCV_ZYNQ/V2/RVI20U32/RISCV/RISCV.ip_user_files/bd/BASIC/ip/BASIC_control_0_0/sim/BASIC_control_0_0.v" into library xil_defaultlib
INFO: [VRFC 10-311] analyzing module BASIC_control_0_0
INFO: [VRFC 10-2263] Analyzing Verilog file "/media/steckler/xilinx_linux/RISCV_ZYNQ/V2/RVI20U32/RISCV/RISCV.ip_user_files/bd/BASIC/ip/BASIC_regfile_0_0/sim/BASIC_regfile_0_0.v" into library xil_defaultlib
INFO: [VRFC 10-311] analyzing module BASIC_regfile_0_0
INFO: [VRFC 10-2263] Analyzing Verilog file "/media/steckler/xilinx_linux/RISCV_ZYNQ/V2/RVI20U32/RISCV/RISCV.ip_user_files/bd/BASIC/ip/BASIC_imm_mux_0_0/sim/BASIC_imm_mux_0_0.v" into library xil_defaultlib
INFO: [VRFC 10-311] analyzing module BASIC_imm_mux_0_0
INFO: [VRFC 10-2263] Analyzing Verilog file "/media/steckler/xilinx_linux/RISCV_ZYNQ/V2/RVI20U32/RISCV/RISCV.ip_user_files/bd/BASIC/ip/BASIC_alu_0_0/sim/BASIC_alu_0_0.v" into library xil_defaultlib
INFO: [VRFC 10-311] analyzing module BASIC_alu_0_0
INFO: [VRFC 10-2263] Analyzing Verilog file "/media/steckler/xilinx_linux/RISCV_ZYNQ/V2/RVI20U32/RISCV/RISCV.ip_user_files/bd/BASIC/ip/BASIC_forwarding_0_0/sim/BASIC_forwarding_0_0.v" into library xil_defaultlib
INFO: [VRFC 10-311] analyzing module BASIC_forwarding_0_0
INFO: [VRFC 10-2263] Analyzing Verilog file "/media/steckler/xilinx_linux/RISCV_ZYNQ/V2/RVI20U32/RISCV/RISCV.ip_user_files/bd/BASIC/ip/BASIC_forward_mux_0_0/sim/BASIC_forward_mux_0_0.v" into library xil_defaultlib
INFO: [VRFC 10-311] analyzing module BASIC_forward_mux_0_0
INFO: [VRFC 10-2263] Analyzing Verilog file "/media/steckler/xilinx_linux/RISCV_ZYNQ/V2/RVI20U32/RISCV/RISCV.ip_user_files/bd/BASIC/ip/BASIC_operand_b_mux_0_0/sim/BASIC_operand_b_mux_0_0.v" into library xil_defaultlib
INFO: [VRFC 10-311] analyzing module BASIC_operand_b_mux_0_0
INFO: [VRFC 10-2263] Analyzing Verilog file "/media/steckler/xilinx_linux/RISCV_ZYNQ/V2/RVI20U32/RISCV/RISCV.ip_user_files/bd/BASIC/ip/BASIC_operand_a_mux_0_0/sim/BASIC_operand_a_mux_0_0.v" into library xil_defaultlib
INFO: [VRFC 10-311] analyzing module BASIC_operand_a_mux_0_0
INFO: [VRFC 10-2263] Analyzing Verilog file "/media/steckler/xilinx_linux/RISCV_ZYNQ/V2/RVI20U32/RISCV/RISCV.ip_user_files/bd/BASIC/ip/BASIC_forward_mux_0_1/sim/BASIC_forward_mux_0_1.v" into library xil_defaultlib
INFO: [VRFC 10-311] analyzing module BASIC_forward_mux_0_1
INFO: [VRFC 10-2263] Analyzing Verilog file "/media/steckler/xilinx_linux/RISCV_ZYNQ/V2/RVI20U32/RISCV/RISCV.ip_user_files/bd/BASIC/ip/BASIC_branch_0_0/sim/BASIC_branch_0_0.v" into library xil_defaultlib
INFO: [VRFC 10-311] analyzing module BASIC_branch_0_0
INFO: [VRFC 10-2263] Analyzing Verilog file "/media/steckler/xilinx_linux/RISCV_ZYNQ/V2/RVI20U32/RISCV/RISCV.ip_user_files/bd/BASIC/ip/BASIC_ex_mem_reg_1_0/sim/BASIC_ex_mem_reg_1_0.v" into library xil_defaultlib
INFO: [VRFC 10-311] analyzing module BASIC_ex_mem_reg_1_0
INFO: [VRFC 10-2263] Analyzing Verilog file "/media/steckler/xilinx_linux/RISCV_ZYNQ/V2/RVI20U32/RISCV/RISCV.ip_user_files/bd/BASIC/ip/BASIC_mem_stage_0_0/sim/BASIC_mem_stage_0_0.v" into library xil_defaultlib
INFO: [VRFC 10-311] analyzing module BASIC_mem_stage_0_0
INFO: [VRFC 10-2263] Analyzing Verilog file "/media/steckler/xilinx_linux/RISCV_ZYNQ/V2/RVI20U32/RISCV/RISCV.ip_user_files/bd/BASIC/ip/BASIC_ram_data_1_0/sim/BASIC_ram_data_1_0.v" into library xil_defaultlib
INFO: [VRFC 10-311] analyzing module BASIC_ram_data_1_0
INFO: [VRFC 10-2263] Analyzing Verilog file "/media/steckler/xilinx_linux/RISCV_ZYNQ/V2/RVI20U32/RISCV/RISCV.ip_user_files/bd/BASIC/ip/BASIC_mem_wb_reg_0_0/sim/BASIC_mem_wb_reg_0_0.v" into library xil_defaultlib
INFO: [VRFC 10-311] analyzing module BASIC_mem_wb_reg_0_0
INFO: [VRFC 10-2263] Analyzing Verilog file "/media/steckler/xilinx_linux/RISCV_ZYNQ/V2/RVI20U32/RISCV/RISCV.ip_user_files/bd/BASIC/ip/BASIC_wb_mux_0_0/sim/BASIC_wb_mux_0_0.v" into library xil_defaultlib
INFO: [VRFC 10-311] analyzing module BASIC_wb_mux_0_0
INFO: [VRFC 10-2263] Analyzing Verilog file "/media/steckler/xilinx_linux/RISCV_ZYNQ/V2/RVI20U32/RISCV/RISCV.ip_user_files/bd/BASIC/ip/BASIC_util_vector_logic_0_1/sim/BASIC_util_vector_logic_0_1.v" into library xil_defaultlib
INFO: [VRFC 10-311] analyzing module BASIC_util_vector_logic_0_1
INFO: [VRFC 10-2263] Analyzing Verilog file "/media/steckler/xilinx_linux/RISCV_ZYNQ/V2/RVI20U32/RISCV/RISCV.ip_user_files/bd/BASIC/ip/BASIC_util_vector_logic_1_0/sim/BASIC_util_vector_logic_1_0.v" into library xil_defaultlib
INFO: [VRFC 10-311] analyzing module BASIC_util_vector_logic_1_0
INFO: [VRFC 10-2263] Analyzing Verilog file "/media/steckler/xilinx_linux/RISCV_ZYNQ/V2/RVI20U32/RISCV/RISCV.ip_user_files/bd/BASIC/ip/BASIC_load_use_detection_0_0/sim/BASIC_load_use_detection_0_0.v" into library xil_defaultlib
INFO: [VRFC 10-311] analyzing module BASIC_load_use_detection_0_0
INFO: [VRFC 10-2263] Analyzing Verilog file "/media/steckler/xilinx_linux/RISCV_ZYNQ/V2/RVI20U32/RISCV/RISCV.ip_user_files/bd/BASIC/ip/BASIC_priority_branch_OR_l_0_0/sim/BASIC_priority_branch_OR_l_0_0.v" into library xil_defaultlib
INFO: [VRFC 10-311] analyzing module BASIC_priority_branch_OR_l_0_0
INFO: [VRFC 10-2263] Analyzing Verilog file "/media/steckler/xilinx_linux/RISCV_ZYNQ/V2/RVI20U32/RISCV/RISCV.ip_user_files/bd/BASIC/ip/BASIC_ila_0_0/sim/BASIC_ila_0_0.v" into library xil_defaultlib
INFO: [VRFC 10-311] analyzing module BASIC_ila_0_0
INFO: [VRFC 10-2263] Analyzing Verilog file "/media/steckler/xilinx_linux/RISCV_ZYNQ/V2/RVI20U32/RISCV/RISCV.ip_user_files/bd/BASIC/ip/BASIC_vio_0_0/sim/BASIC_vio_0_0.v" into library xil_defaultlib
INFO: [VRFC 10-311] analyzing module BASIC_vio_0_0
INFO: [VRFC 10-2263] Analyzing Verilog file "/media/steckler/xilinx_linux/RISCV_ZYNQ/V2/RVI20U32/RISCV/RISCV.ip_user_files/bd/BASIC/ip/BASIC_util_vector_logic_2_0/sim/BASIC_util_vector_logic_2_0.v" into library xil_defaultlib
INFO: [VRFC 10-311] analyzing module BASIC_util_vector_logic_2_0
INFO: [VRFC 10-2263] Analyzing Verilog file "/media/steckler/xilinx_linux/RISCV_ZYNQ/V2/RVI20U32/RISCV/RISCV.ip_user_files/bd/BASIC/ip/BASIC_forward_mux_1_0/sim/BASIC_forward_mux_1_0.v" into library xil_defaultlib
INFO: [VRFC 10-311] analyzing module BASIC_forward_mux_1_0
INFO: [VRFC 10-2263] Analyzing Verilog file "/media/steckler/xilinx_linux/RISCV_ZYNQ/V2/RVI20U32/RISCV/RISCV.ip_user_files/bd/BASIC/ip/BASIC_regfile_we_gen_0_0/sim/BASIC_regfile_we_gen_0_0.v" into library xil_defaultlib
INFO: [VRFC 10-311] analyzing module BASIC_regfile_we_gen_0_0
INFO: [VRFC 10-2263] Analyzing Verilog file "/media/steckler/xilinx_linux/RISCV_ZYNQ/V2/RVI20U32/RISCV/RISCV.ip_user_files/bd/BASIC/ip/BASIC_util_vector_logic_2_1/sim/BASIC_util_vector_logic_2_1.v" into library xil_defaultlib
INFO: [VRFC 10-311] analyzing module BASIC_util_vector_logic_2_1
INFO: [VRFC 10-2263] Analyzing Verilog file "/media/steckler/xilinx_linux/RISCV_ZYNQ/V2/RVI20U32/RISCV/RISCV.ip_user_files/bd/BASIC/ip/BASIC_xlconstant_3_0/sim/BASIC_xlconstant_3_0.v" into library xil_defaultlib
INFO: [VRFC 10-311] analyzing module BASIC_xlconstant_3_0
INFO: [VRFC 10-2263] Analyzing Verilog file "/media/steckler/xilinx_linux/RISCV_ZYNQ/V2/RVI20U32/RISCV/RISCV.ip_user_files/bd/BASIC/ip/BASIC_gpio_0_0/sim/BASIC_gpio_0_0.v" into library xil_defaultlib
INFO: [VRFC 10-311] analyzing module BASIC_gpio_0_0
INFO: [VRFC 10-2263] Analyzing Verilog file "/media/steckler/xilinx_linux/RISCV_ZYNQ/V2/RVI20U32/RISCV/RISCV.ip_user_files/bd/BASIC/ip/BASIC_util_vector_logic_2_2/sim/BASIC_util_vector_logic_2_2.v" into library xil_defaultlib
INFO: [VRFC 10-311] analyzing module BASIC_util_vector_logic_2_2
INFO: [VRFC 10-2263] Analyzing Verilog file "/media/steckler/xilinx_linux/RISCV_ZYNQ/V2/RVI20U32/RISCV/RISCV.ip_user_files/bd/BASIC/ip/BASIC_xlslice_0_0/sim/BASIC_xlslice_0_0.v" into library xil_defaultlib
INFO: [VRFC 10-311] analyzing module BASIC_xlslice_0_0
INFO: [VRFC 10-2263] Analyzing Verilog file "/media/steckler/xilinx_linux/RISCV_ZYNQ/V2/RVI20U32/RISCV/RISCV.ip_user_files/bd/BASIC/ip/BASIC_uart_tx_0_0/sim/BASIC_uart_tx_0_0.v" into library xil_defaultlib
INFO: [VRFC 10-311] analyzing module BASIC_uart_tx_0_0
INFO: [VRFC 10-2263] Analyzing Verilog file "/media/steckler/xilinx_linux/RISCV_ZYNQ/V2/RVI20U32/RISCV/RISCV.ip_user_files/bd/BASIC/ip/BASIC_id_ex_reg_0_1/sim/BASIC_id_ex_reg_0_1.v" into library xil_defaultlib
INFO: [VRFC 10-311] analyzing module BASIC_id_ex_reg_0_1
INFO: [VRFC 10-2263] Analyzing Verilog file "/media/steckler/xilinx_linux/RISCV_ZYNQ/V2/RVI20U32/RISCV/RISCV.ip_user_files/bd/BASIC/ip/BASIC_branch_predictor_btb_0_0/sim/BASIC_branch_predictor_btb_0_0.v" into library xil_defaultlib
INFO: [VRFC 10-311] analyzing module BASIC_branch_predictor_btb_0_0
INFO: [VRFC 10-2263] Analyzing Verilog file "/media/steckler/xilinx_linux/RISCV_ZYNQ/V2/RVI20U32/RISCV/RISCV.ip_user_files/bd/BASIC/ip/BASIC_util_vector_logic_3_0/sim/BASIC_util_vector_logic_3_0.v" into library xil_defaultlib
INFO: [VRFC 10-311] analyzing module BASIC_util_vector_logic_3_0
INFO: [VRFC 10-2263] Analyzing Verilog file "/media/steckler/xilinx_linux/RISCV_ZYNQ/V2/RVI20U32/RISCV/RISCV.ip_user_files/bd/BASIC/ip/BASIC_timer_0_0/sim/BASIC_timer_0_0.v" into library xil_defaultlib
INFO: [VRFC 10-311] analyzing module BASIC_timer_0_0
INFO: [VRFC 10-2263] Analyzing Verilog file "/media/steckler/xilinx_linux/RISCV_ZYNQ/V2/RVI20U32/RISCV/RISCV.ip_user_files/bd/BASIC/ip/BASIC_mem_bus_registered_0_0/sim/BASIC_mem_bus_registered_0_0.v" into library xil_defaultlib
INFO: [VRFC 10-311] analyzing module BASIC_mem_bus_registered_0_0
INFO: [VRFC 10-2263] Analyzing Verilog file "/media/steckler/xilinx_linux/RISCV_ZYNQ/V2/RVI20U32/RISCV/RISCV.ip_user_files/bd/BASIC/ip/BASIC_util_vector_logic_2_3/sim/BASIC_util_vector_logic_2_3.v" into library xil_defaultlib
INFO: [VRFC 10-311] analyzing module BASIC_util_vector_logic_2_3
INFO: [VRFC 10-2263] Analyzing Verilog file "/media/steckler/xilinx_linux/RISCV_ZYNQ/V2/RVI20U32/RISCV/RISCV.ip_user_files/bd/BASIC/ip/BASIC_xlconcat_0_0/sim/BASIC_xlconcat_0_0.v" into library xil_defaultlib
INFO: [VRFC 10-311] analyzing module BASIC_xlconcat_0_0
INFO: [VRFC 10-2263] Analyzing Verilog file "/media/steckler/xilinx_linux/RISCV_ZYNQ/V2/RVI20U32/RISCV/RISCV.ip_user_files/bd/BASIC/ip/BASIC_xlconstant_0_1/sim/BASIC_xlconstant_0_1.v" into library xil_defaultlib
INFO: [VRFC 10-311] analyzing module BASIC_xlconstant_0_1
INFO: [VRFC 10-2263] Analyzing Verilog file "/media/steckler/xilinx_linux/RISCV_ZYNQ/V2/RVI20U32/RISCV/RISCV.ip_user_files/bd/BASIC/ip/BASIC_util_vector_logic_6_0/sim/BASIC_util_vector_logic_6_0.v" into library xil_defaultlib
INFO: [VRFC 10-311] analyzing module BASIC_util_vector_logic_6_0
INFO: [VRFC 10-2263] Analyzing Verilog file "/media/steckler/xilinx_linux/RISCV_ZYNQ/V2/RVI20U32/RISCV/RISCV.ip_user_files/bd/BASIC/ip/BASIC_xlconstant_3_3/sim/BASIC_xlconstant_3_3.v" into library xil_defaultlib
INFO: [VRFC 10-311] analyzing module BASIC_xlconstant_3_3
INFO: [VRFC 10-2263] Analyzing Verilog file "/media/steckler/xilinx_linux/RISCV_ZYNQ/V2/RVI20U32/RISCV/RISCV.ip_user_files/bd/BASIC/ip/BASIC_util_vector_logic_6_1/sim/BASIC_util_vector_logic_6_1.v" into library xil_defaultlib
INFO: [VRFC 10-311] analyzing module BASIC_util_vector_logic_6_1
INFO: [VRFC 10-2263] Analyzing Verilog file "/media/steckler/xilinx_linux/RISCV_ZYNQ/V2/RVI20U32/RISCV/RISCV.ip_user_files/bd/BASIC/ip/BASIC_util_vector_logic_8_0/sim/BASIC_util_vector_logic_8_0.v" into library xil_defaultlib
INFO: [VRFC 10-311] analyzing module BASIC_util_vector_logic_8_0
INFO: [VRFC 10-2263] Analyzing Verilog file "/media/steckler/xilinx_linux/RISCV_ZYNQ/V2/RVI20U32/RISCV/RISCV.ip_user_files/bd/BASIC/ip/BASIC_trap_controller_0_0/sim/BASIC_trap_controller_0_0.v" into library xil_defaultlib
INFO: [VRFC 10-311] analyzing module BASIC_trap_controller_0_0
INFO: [VRFC 10-2263] Analyzing Verilog file "/media/steckler/xilinx_linux/RISCV_ZYNQ/V2/RVI20U32/RISCV/RISCV.ip_user_files/bd/BASIC/ip/BASIC_system_decoder_0_0/sim/BASIC_system_decoder_0_0.v" into library xil_defaultlib
INFO: [VRFC 10-311] analyzing module BASIC_system_decoder_0_0
INFO: [VRFC 10-2263] Analyzing Verilog file "/media/steckler/xilinx_linux/RISCV_ZYNQ/V2/RVI20U32/RISCV/RISCV.ip_user_files/bd/BASIC/ip/BASIC_csr_file_0_0/sim/BASIC_csr_file_0_0.v" into library xil_defaultlib
INFO: [VRFC 10-311] analyzing module BASIC_csr_file_0_0
INFO: [VRFC 10-2263] Analyzing Verilog file "/media/steckler/xilinx_linux/RISCV_ZYNQ/V2/RVI20U32/RISCV/RISCV.ip_user_files/bd/BASIC/ip/BASIC_privileged_pc_redire_0_0/sim/BASIC_privileged_pc_redire_0_0.v" into library xil_defaultlib
INFO: [VRFC 10-311] analyzing module BASIC_privileged_pc_redire_0_0
INFO: [VRFC 10-2263] Analyzing Verilog file "/media/steckler/xilinx_linux/RISCV_ZYNQ/V2/RVI20U32/RISCV/RISCV.ip_user_files/bd/BASIC/ip/BASIC_util_vector_logic_7_0/sim/BASIC_util_vector_logic_7_0.v" into library xil_defaultlib
INFO: [VRFC 10-311] analyzing module BASIC_util_vector_logic_7_0
INFO: [VRFC 10-2263] Analyzing Verilog file "/media/steckler/xilinx_linux/RISCV_ZYNQ/V2/RVI20U32/RISCV/RISCV.ip_user_files/bd/BASIC/ip/BASIC_csr_access_unit_0_0/sim/BASIC_csr_access_unit_0_0.v" into library xil_defaultlib
INFO: [VRFC 10-311] analyzing module BASIC_csr_access_unit_0_0
INFO: [VRFC 10-2263] Analyzing Verilog file "/media/steckler/xilinx_linux/RISCV_ZYNQ/V2/RVI20U32/RISCV/RISCV.ip_user_files/bd/BASIC/ip/BASIC_csr_regfile_wb_mux_0_0/sim/BASIC_csr_regfile_wb_mux_0_0.v" into library xil_defaultlib
INFO: [VRFC 10-311] analyzing module BASIC_csr_regfile_wb_mux_0_0
INFO: [VRFC 10-2263] Analyzing Verilog file "/media/steckler/xilinx_linux/RISCV_ZYNQ/V2/RVI20U32/RISCV/RISCV.ip_user_files/bd/BASIC/ip/BASIC_util_vector_logic_10_1/sim/BASIC_util_vector_logic_10_1.v" into library xil_defaultlib
INFO: [VRFC 10-311] analyzing module BASIC_util_vector_logic_10_1
INFO: [VRFC 10-2263] Analyzing Verilog file "/media/steckler/xilinx_linux/RISCV_ZYNQ/V2/RVI20U32/RISCV/RISCV.ip_user_files/bd/BASIC/ip/BASIC_util_vector_logic_10_2/sim/BASIC_util_vector_logic_10_2.v" into library xil_defaultlib
INFO: [VRFC 10-311] analyzing module BASIC_util_vector_logic_10_2
INFO: [VRFC 10-2263] Analyzing Verilog file "/media/steckler/xilinx_linux/RISCV_ZYNQ/V2/RVI20U32/RISCV/RISCV.ip_user_files/bd/BASIC/sim/BASIC.v" into library xil_defaultlib
INFO: [VRFC 10-311] analyzing module BASIC
INFO: [VRFC 10-311] analyzing module Core_RV32I_imp_1VYNK5M
INFO: [VRFC 10-311] analyzing module GPIO_imp_GTDX3I
INFO: [VRFC 10-311] analyzing module MMIO_imp_LNKWBU
INFO: [VRFC 10-311] analyzing module PRIVILEGED_imp_TDUXP9
INFO: [VRFC 10-311] analyzing module RV32I_EX_imp_VZHXQ1
INFO: [VRFC 10-311] analyzing module RV32I_ID_imp_1HJBFQL
INFO: [VRFC 10-311] analyzing module RV32I_IF_imp_136QK4M
INFO: [VRFC 10-311] analyzing module RV32I_MEM_imp_12Q40FU
INFO: [VRFC 10-311] analyzing module RV32I_RAM_MEMORY_imp_1A3BT4W
INFO: [VRFC 10-311] analyzing module RV32I_ROM_MEMORY_imp_X8L5SE
INFO: [VRFC 10-311] analyzing module RV32I_WB_imp_98K1CZ
INFO: [VRFC 10-311] analyzing module TIMER_imp_1X1AELV
INFO: [VRFC 10-311] analyzing module UART_imp_OI5LS
INFO: [VRFC 10-2263] Analyzing Verilog file "/media/steckler/xilinx_linux/RISCV_ZYNQ/V2/RVI20U32/RISCV/RISCV.srcs/sources_1/bd/BASIC/hdl/BASIC_wrapper.v" into library xil_defaultlib
INFO: [VRFC 10-311] analyzing module BASIC_wrapper
