Vivado Simulator 2020.1
Copyright 1986-1999, 2001-2020 Xilinx, Inc. All Rights Reserved.
Running: /media/steckler/xilinx_linux/vitis_2020.1/Vivado/2020.1/bin/unwrapped/lnx64.o/xelab -wto 665df9eb1049412aba2015d1f4da0e51 --incr --debug all --relax --mt 8 -L xil_defaultlib -L axi_infrastructure_v1_1_0 -L axi_vip_v1_1_7 -L zynq_ultra_ps_e_vip_v1_0_7 -L lib_cdc_v1_0_2 -L proc_sys_reset_v5_0_13 -L xlconstant_v1_1_7 -L blk_mem_gen_v8_4_4 -L util_vector_logic_v2_0_1 -L xlslice_v1_0_2 -L xilinx_vip -L unisims_ver -L unimacro_ver -L secureip -L xpm --snapshot BASIC_wrapper_behav xil_defaultlib.BASIC_wrapper xil_defaultlib.glbl -log elaborate.log 
Using 8 slave threads.
Starting static elaboration
Pass Through NonSizing Optimizer
WARNING: [VRFC 10-3091] actual bit length 32 differs from formal bit length 128 for port 'MAXIGP0WDATA' [/media/steckler/xilinx_linux/RISCV_ZYNQ/V2/RVI20U32/RISCV/RISCV.ip_user_files/bd/BASIC/ip/BASIC_zynq_ultra_ps_e_0_0/sim/BASIC_zynq_ultra_ps_e_0_0_vip_wrapper.v:258]
WARNING: [VRFC 10-3091] actual bit length 4 differs from formal bit length 16 for port 'MAXIGP0WSTRB' [/media/steckler/xilinx_linux/RISCV_ZYNQ/V2/RVI20U32/RISCV/RISCV.ip_user_files/bd/BASIC/ip/BASIC_zynq_ultra_ps_e_0_0/sim/BASIC_zynq_ultra_ps_e_0_0_vip_wrapper.v:266]
WARNING: [VRFC 10-3091] actual bit length 32 differs from formal bit length 128 for port 'MAXIGP0RDATA' [/media/steckler/xilinx_linux/RISCV_ZYNQ/V2/RVI20U32/RISCV/RISCV.ip_user_files/bd/BASIC/ip/BASIC_zynq_ultra_ps_e_0_0/sim/BASIC_zynq_ultra_ps_e_0_0_vip_wrapper.v:278]
WARNING: [VRFC 10-3091] actual bit length 12 differs from formal bit length 16 for port 'MAXIGP1BID' [/media/steckler/xilinx_linux/RISCV_ZYNQ/V2/RVI20U32/RISCV/RISCV.ip_user_files/bd/BASIC/ip/BASIC_zynq_ultra_ps_e_0_0/sim/BASIC_zynq_ultra_ps_e_0_0_vip_wrapper.v:314]
WARNING: [VRFC 10-3091] actual bit length 12 differs from formal bit length 16 for port 'MAXIGP1RID' [/media/steckler/xilinx_linux/RISCV_ZYNQ/V2/RVI20U32/RISCV/RISCV.ip_user_files/bd/BASIC/ip/BASIC_zynq_ultra_ps_e_0_0/sim/BASIC_zynq_ultra_ps_e_0_0_vip_wrapper.v:315]
WARNING: [VRFC 10-3091] actual bit length 32 differs from formal bit length 128 for port 'MAXIGP1RDATA' [/media/steckler/xilinx_linux/RISCV_ZYNQ/V2/RVI20U32/RISCV/RISCV.ip_user_files/bd/BASIC/ip/BASIC_zynq_ultra_ps_e_0_0/sim/BASIC_zynq_ultra_ps_e_0_0_vip_wrapper.v:318]
WARNING: [VRFC 10-3091] actual bit length 12 differs from formal bit length 16 for port 'MAXIGP2BID' [/media/steckler/xilinx_linux/RISCV_ZYNQ/V2/RVI20U32/RISCV/RISCV.ip_user_files/bd/BASIC/ip/BASIC_zynq_ultra_ps_e_0_0/sim/BASIC_zynq_ultra_ps_e_0_0_vip_wrapper.v:355]
WARNING: [VRFC 10-3091] actual bit length 12 differs from formal bit length 16 for port 'MAXIGP2RID' [/media/steckler/xilinx_linux/RISCV_ZYNQ/V2/RVI20U32/RISCV/RISCV.ip_user_files/bd/BASIC/ip/BASIC_zynq_ultra_ps_e_0_0/sim/BASIC_zynq_ultra_ps_e_0_0_vip_wrapper.v:356]
WARNING: [VRFC 10-3091] actual bit length 32 differs from formal bit length 128 for port 'MAXIGP2RDATA' [/media/steckler/xilinx_linux/RISCV_ZYNQ/V2/RVI20U32/RISCV/RISCV.ip_user_files/bd/BASIC/ip/BASIC_zynq_ultra_ps_e_0_0/sim/BASIC_zynq_ultra_ps_e_0_0_vip_wrapper.v:359]
WARNING: [VRFC 10-3091] actual bit length 2 differs from formal bit length 1 for port 'SAXIGP0ARLOCK' [/media/steckler/xilinx_linux/RISCV_ZYNQ/V2/RVI20U32/RISCV/RISCV.ip_user_files/bd/BASIC/ip/BASIC_zynq_ultra_ps_e_0_0/sim/BASIC_zynq_ultra_ps_e_0_0_vip_wrapper.v:386]
WARNING: [VRFC 10-3091] actual bit length 2 differs from formal bit length 1 for port 'SAXIGP0AWLOCK' [/media/steckler/xilinx_linux/RISCV_ZYNQ/V2/RVI20U32/RISCV/RISCV.ip_user_files/bd/BASIC/ip/BASIC_zynq_ultra_ps_e_0_0/sim/BASIC_zynq_ultra_ps_e_0_0_vip_wrapper.v:389]
WARNING: [VRFC 10-3091] actual bit length 32 differs from formal bit length 40 for port 'SAXIGP0ARADDR' [/media/steckler/xilinx_linux/RISCV_ZYNQ/V2/RVI20U32/RISCV/RISCV.ip_user_files/bd/BASIC/ip/BASIC_zynq_ultra_ps_e_0_0/sim/BASIC_zynq_ultra_ps_e_0_0_vip_wrapper.v:393]
WARNING: [VRFC 10-3091] actual bit length 32 differs from formal bit length 40 for port 'SAXIGP0AWADDR' [/media/steckler/xilinx_linux/RISCV_ZYNQ/V2/RVI20U32/RISCV/RISCV.ip_user_files/bd/BASIC/ip/BASIC_zynq_ultra_ps_e_0_0/sim/BASIC_zynq_ultra_ps_e_0_0_vip_wrapper.v:394]
WARNING: [VRFC 10-3091] actual bit length 32 differs from formal bit length 128 for port 'SAXIGP0WDATA' [/media/steckler/xilinx_linux/RISCV_ZYNQ/V2/RVI20U32/RISCV/RISCV.ip_user_files/bd/BASIC/ip/BASIC_zynq_ultra_ps_e_0_0/sim/BASIC_zynq_ultra_ps_e_0_0_vip_wrapper.v:395]
WARNING: [VRFC 10-3091] actual bit length 4 differs from formal bit length 8 for port 'SAXIGP0ARLEN' [/media/steckler/xilinx_linux/RISCV_ZYNQ/V2/RVI20U32/RISCV/RISCV.ip_user_files/bd/BASIC/ip/BASIC_zynq_ultra_ps_e_0_0/sim/BASIC_zynq_ultra_ps_e_0_0_vip_wrapper.v:397]
WARNING: [VRFC 10-3091] actual bit length 4 differs from formal bit length 8 for port 'SAXIGP0AWLEN' [/media/steckler/xilinx_linux/RISCV_ZYNQ/V2/RVI20U32/RISCV/RISCV.ip_user_files/bd/BASIC/ip/BASIC_zynq_ultra_ps_e_0_0/sim/BASIC_zynq_ultra_ps_e_0_0_vip_wrapper.v:400]
WARNING: [VRFC 10-3091] actual bit length 4 differs from formal bit length 16 for port 'SAXIGP0WSTRB' [/media/steckler/xilinx_linux/RISCV_ZYNQ/V2/RVI20U32/RISCV/RISCV.ip_user_files/bd/BASIC/ip/BASIC_zynq_ultra_ps_e_0_0/sim/BASIC_zynq_ultra_ps_e_0_0_vip_wrapper.v:402]
WARNING: [VRFC 10-3091] actual bit length 2 differs from formal bit length 1 for port 'SAXIGP1ARLOCK' [/media/steckler/xilinx_linux/RISCV_ZYNQ/V2/RVI20U32/RISCV/RISCV.ip_user_files/bd/BASIC/ip/BASIC_zynq_ultra_ps_e_0_0/sim/BASIC_zynq_ultra_ps_e_0_0_vip_wrapper.v:431]
WARNING: [VRFC 10-3091] actual bit length 2 differs from formal bit length 1 for port 'SAXIGP1AWLOCK' [/media/steckler/xilinx_linux/RISCV_ZYNQ/V2/RVI20U32/RISCV/RISCV.ip_user_files/bd/BASIC/ip/BASIC_zynq_ultra_ps_e_0_0/sim/BASIC_zynq_ultra_ps_e_0_0_vip_wrapper.v:434]
WARNING: [VRFC 10-3091] actual bit length 32 differs from formal bit length 40 for port 'SAXIGP1ARADDR' [/media/steckler/xilinx_linux/RISCV_ZYNQ/V2/RVI20U32/RISCV/RISCV.ip_user_files/bd/BASIC/ip/BASIC_zynq_ultra_ps_e_0_0/sim/BASIC_zynq_ultra_ps_e_0_0_vip_wrapper.v:438]
WARNING: [VRFC 10-3091] actual bit length 32 differs from formal bit length 40 for port 'SAXIGP1AWADDR' [/media/steckler/xilinx_linux/RISCV_ZYNQ/V2/RVI20U32/RISCV/RISCV.ip_user_files/bd/BASIC/ip/BASIC_zynq_ultra_ps_e_0_0/sim/BASIC_zynq_ultra_ps_e_0_0_vip_wrapper.v:439]
WARNING: [VRFC 10-3091] actual bit length 32 differs from formal bit length 128 for port 'SAXIGP1WDATA' [/media/steckler/xilinx_linux/RISCV_ZYNQ/V2/RVI20U32/RISCV/RISCV.ip_user_files/bd/BASIC/ip/BASIC_zynq_ultra_ps_e_0_0/sim/BASIC_zynq_ultra_ps_e_0_0_vip_wrapper.v:440]
WARNING: [VRFC 10-3091] actual bit length 4 differs from formal bit length 8 for port 'SAXIGP1ARLEN' [/media/steckler/xilinx_linux/RISCV_ZYNQ/V2/RVI20U32/RISCV/RISCV.ip_user_files/bd/BASIC/ip/BASIC_zynq_ultra_ps_e_0_0/sim/BASIC_zynq_ultra_ps_e_0_0_vip_wrapper.v:442]
WARNING: [VRFC 10-3091] actual bit length 4 differs from formal bit length 8 for port 'SAXIGP1AWLEN' [/media/steckler/xilinx_linux/RISCV_ZYNQ/V2/RVI20U32/RISCV/RISCV.ip_user_files/bd/BASIC/ip/BASIC_zynq_ultra_ps_e_0_0/sim/BASIC_zynq_ultra_ps_e_0_0_vip_wrapper.v:445]
WARNING: [VRFC 10-3091] actual bit length 4 differs from formal bit length 16 for port 'SAXIGP1WSTRB' [/media/steckler/xilinx_linux/RISCV_ZYNQ/V2/RVI20U32/RISCV/RISCV.ip_user_files/bd/BASIC/ip/BASIC_zynq_ultra_ps_e_0_0/sim/BASIC_zynq_ultra_ps_e_0_0_vip_wrapper.v:447]
WARNING: [VRFC 10-3091] actual bit length 2 differs from formal bit length 1 for port 'SAXIGP2ARLOCK' [/media/steckler/xilinx_linux/RISCV_ZYNQ/V2/RVI20U32/RISCV/RISCV.ip_user_files/bd/BASIC/ip/BASIC_zynq_ultra_ps_e_0_0/sim/BASIC_zynq_ultra_ps_e_0_0_vip_wrapper.v:476]
WARNING: [VRFC 10-3091] actual bit length 2 differs from formal bit length 1 for port 'SAXIGP2AWLOCK' [/media/steckler/xilinx_linux/RISCV_ZYNQ/V2/RVI20U32/RISCV/RISCV.ip_user_files/bd/BASIC/ip/BASIC_zynq_ultra_ps_e_0_0/sim/BASIC_zynq_ultra_ps_e_0_0_vip_wrapper.v:479]
WARNING: [VRFC 10-3091] actual bit length 32 differs from formal bit length 40 for port 'SAXIGP2ARADDR' [/media/steckler/xilinx_linux/RISCV_ZYNQ/V2/RVI20U32/RISCV/RISCV.ip_user_files/bd/BASIC/ip/BASIC_zynq_ultra_ps_e_0_0/sim/BASIC_zynq_ultra_ps_e_0_0_vip_wrapper.v:483]
WARNING: [VRFC 10-3091] actual bit length 32 differs from formal bit length 40 for port 'SAXIGP2AWADDR' [/media/steckler/xilinx_linux/RISCV_ZYNQ/V2/RVI20U32/RISCV/RISCV.ip_user_files/bd/BASIC/ip/BASIC_zynq_ultra_ps_e_0_0/sim/BASIC_zynq_ultra_ps_e_0_0_vip_wrapper.v:484]
WARNING: [VRFC 10-3091] actual bit length 32 differs from formal bit length 128 for port 'SAXIGP2WDATA' [/media/steckler/xilinx_linux/RISCV_ZYNQ/V2/RVI20U32/RISCV/RISCV.ip_user_files/bd/BASIC/ip/BASIC_zynq_ultra_ps_e_0_0/sim/BASIC_zynq_ultra_ps_e_0_0_vip_wrapper.v:485]
WARNING: [VRFC 10-3091] actual bit length 4 differs from formal bit length 8 for port 'SAXIGP2ARLEN' [/media/steckler/xilinx_linux/RISCV_ZYNQ/V2/RVI20U32/RISCV/RISCV.ip_user_files/bd/BASIC/ip/BASIC_zynq_ultra_ps_e_0_0/sim/BASIC_zynq_ultra_ps_e_0_0_vip_wrapper.v:487]
WARNING: [VRFC 10-3091] actual bit length 4 differs from formal bit length 8 for port 'SAXIGP2AWLEN' [/media/steckler/xilinx_linux/RISCV_ZYNQ/V2/RVI20U32/RISCV/RISCV.ip_user_files/bd/BASIC/ip/BASIC_zynq_ultra_ps_e_0_0/sim/BASIC_zynq_ultra_ps_e_0_0_vip_wrapper.v:490]
WARNING: [VRFC 10-3091] actual bit length 4 differs from formal bit length 16 for port 'SAXIGP2WSTRB' [/media/steckler/xilinx_linux/RISCV_ZYNQ/V2/RVI20U32/RISCV/RISCV.ip_user_files/bd/BASIC/ip/BASIC_zynq_ultra_ps_e_0_0/sim/BASIC_zynq_ultra_ps_e_0_0_vip_wrapper.v:492]
WARNING: [VRFC 10-3091] actual bit length 2 differs from formal bit length 1 for port 'SAXIGP3ARLOCK' [/media/steckler/xilinx_linux/RISCV_ZYNQ/V2/RVI20U32/RISCV/RISCV.ip_user_files/bd/BASIC/ip/BASIC_zynq_ultra_ps_e_0_0/sim/BASIC_zynq_ultra_ps_e_0_0_vip_wrapper.v:521]
WARNING: [VRFC 10-3091] actual bit length 2 differs from formal bit length 1 for port 'SAXIGP3AWLOCK' [/media/steckler/xilinx_linux/RISCV_ZYNQ/V2/RVI20U32/RISCV/RISCV.ip_user_files/bd/BASIC/ip/BASIC_zynq_ultra_ps_e_0_0/sim/BASIC_zynq_ultra_ps_e_0_0_vip_wrapper.v:524]
WARNING: [VRFC 10-3091] actual bit length 32 differs from formal bit length 40 for port 'SAXIGP3ARADDR' [/media/steckler/xilinx_linux/RISCV_ZYNQ/V2/RVI20U32/RISCV/RISCV.ip_user_files/bd/BASIC/ip/BASIC_zynq_ultra_ps_e_0_0/sim/BASIC_zynq_ultra_ps_e_0_0_vip_wrapper.v:528]
WARNING: [VRFC 10-3091] actual bit length 32 differs from formal bit length 40 for port 'SAXIGP3AWADDR' [/media/steckler/xilinx_linux/RISCV_ZYNQ/V2/RVI20U32/RISCV/RISCV.ip_user_files/bd/BASIC/ip/BASIC_zynq_ultra_ps_e_0_0/sim/BASIC_zynq_ultra_ps_e_0_0_vip_wrapper.v:529]
WARNING: [VRFC 10-3091] actual bit length 32 differs from formal bit length 128 for port 'SAXIGP3WDATA' [/media/steckler/xilinx_linux/RISCV_ZYNQ/V2/RVI20U32/RISCV/RISCV.ip_user_files/bd/BASIC/ip/BASIC_zynq_ultra_ps_e_0_0/sim/BASIC_zynq_ultra_ps_e_0_0_vip_wrapper.v:530]
WARNING: [VRFC 10-3091] actual bit length 4 differs from formal bit length 8 for port 'SAXIGP3ARLEN' [/media/steckler/xilinx_linux/RISCV_ZYNQ/V2/RVI20U32/RISCV/RISCV.ip_user_files/bd/BASIC/ip/BASIC_zynq_ultra_ps_e_0_0/sim/BASIC_zynq_ultra_ps_e_0_0_vip_wrapper.v:532]
WARNING: [VRFC 10-3091] actual bit length 4 differs from formal bit length 8 for port 'SAXIGP3AWLEN' [/media/steckler/xilinx_linux/RISCV_ZYNQ/V2/RVI20U32/RISCV/RISCV.ip_user_files/bd/BASIC/ip/BASIC_zynq_ultra_ps_e_0_0/sim/BASIC_zynq_ultra_ps_e_0_0_vip_wrapper.v:535]
WARNING: [VRFC 10-3091] actual bit length 4 differs from formal bit length 16 for port 'SAXIGP3WSTRB' [/media/steckler/xilinx_linux/RISCV_ZYNQ/V2/RVI20U32/RISCV/RISCV.ip_user_files/bd/BASIC/ip/BASIC_zynq_ultra_ps_e_0_0/sim/BASIC_zynq_ultra_ps_e_0_0_vip_wrapper.v:537]
WARNING: [VRFC 10-3091] actual bit length 2 differs from formal bit length 1 for port 'SAXIGP4ARLOCK' [/media/steckler/xilinx_linux/RISCV_ZYNQ/V2/RVI20U32/RISCV/RISCV.ip_user_files/bd/BASIC/ip/BASIC_zynq_ultra_ps_e_0_0/sim/BASIC_zynq_ultra_ps_e_0_0_vip_wrapper.v:566]
WARNING: [VRFC 10-3091] actual bit length 2 differs from formal bit length 1 for port 'SAXIGP4AWLOCK' [/media/steckler/xilinx_linux/RISCV_ZYNQ/V2/RVI20U32/RISCV/RISCV.ip_user_files/bd/BASIC/ip/BASIC_zynq_ultra_ps_e_0_0/sim/BASIC_zynq_ultra_ps_e_0_0_vip_wrapper.v:569]
WARNING: [VRFC 10-3091] actual bit length 32 differs from formal bit length 40 for port 'SAXIGP4ARADDR' [/media/steckler/xilinx_linux/RISCV_ZYNQ/V2/RVI20U32/RISCV/RISCV.ip_user_files/bd/BASIC/ip/BASIC_zynq_ultra_ps_e_0_0/sim/BASIC_zynq_ultra_ps_e_0_0_vip_wrapper.v:573]
WARNING: [VRFC 10-3091] actual bit length 32 differs from formal bit length 40 for port 'SAXIGP4AWADDR' [/media/steckler/xilinx_linux/RISCV_ZYNQ/V2/RVI20U32/RISCV/RISCV.ip_user_files/bd/BASIC/ip/BASIC_zynq_ultra_ps_e_0_0/sim/BASIC_zynq_ultra_ps_e_0_0_vip_wrapper.v:574]
WARNING: [VRFC 10-3091] actual bit length 32 differs from formal bit length 128 for port 'SAXIGP4WDATA' [/media/steckler/xilinx_linux/RISCV_ZYNQ/V2/RVI20U32/RISCV/RISCV.ip_user_files/bd/BASIC/ip/BASIC_zynq_ultra_ps_e_0_0/sim/BASIC_zynq_ultra_ps_e_0_0_vip_wrapper.v:575]
WARNING: [VRFC 10-3091] actual bit length 4 differs from formal bit length 8 for port 'SAXIGP4ARLEN' [/media/steckler/xilinx_linux/RISCV_ZYNQ/V2/RVI20U32/RISCV/RISCV.ip_user_files/bd/BASIC/ip/BASIC_zynq_ultra_ps_e_0_0/sim/BASIC_zynq_ultra_ps_e_0_0_vip_wrapper.v:577]
WARNING: [VRFC 10-3091] actual bit length 4 differs from formal bit length 8 for port 'SAXIGP4AWLEN' [/media/steckler/xilinx_linux/RISCV_ZYNQ/V2/RVI20U32/RISCV/RISCV.ip_user_files/bd/BASIC/ip/BASIC_zynq_ultra_ps_e_0_0/sim/BASIC_zynq_ultra_ps_e_0_0_vip_wrapper.v:580]
WARNING: [VRFC 10-3091] actual bit length 4 differs from formal bit length 16 for port 'SAXIGP4WSTRB' [/media/steckler/xilinx_linux/RISCV_ZYNQ/V2/RVI20U32/RISCV/RISCV.ip_user_files/bd/BASIC/ip/BASIC_zynq_ultra_ps_e_0_0/sim/BASIC_zynq_ultra_ps_e_0_0_vip_wrapper.v:582]
WARNING: [VRFC 10-3091] actual bit length 2 differs from formal bit length 1 for port 'SAXIGP5ARLOCK' [/media/steckler/xilinx_linux/RISCV_ZYNQ/V2/RVI20U32/RISCV/RISCV.ip_user_files/bd/BASIC/ip/BASIC_zynq_ultra_ps_e_0_0/sim/BASIC_zynq_ultra_ps_e_0_0_vip_wrapper.v:611]
WARNING: [VRFC 10-3091] actual bit length 2 differs from formal bit length 1 for port 'SAXIGP5AWLOCK' [/media/steckler/xilinx_linux/RISCV_ZYNQ/V2/RVI20U32/RISCV/RISCV.ip_user_files/bd/BASIC/ip/BASIC_zynq_ultra_ps_e_0_0/sim/BASIC_zynq_ultra_ps_e_0_0_vip_wrapper.v:614]
WARNING: [VRFC 10-3091] actual bit length 32 differs from formal bit length 40 for port 'SAXIGP5ARADDR' [/media/steckler/xilinx_linux/RISCV_ZYNQ/V2/RVI20U32/RISCV/RISCV.ip_user_files/bd/BASIC/ip/BASIC_zynq_ultra_ps_e_0_0/sim/BASIC_zynq_ultra_ps_e_0_0_vip_wrapper.v:618]
WARNING: [VRFC 10-3091] actual bit length 32 differs from formal bit length 40 for port 'SAXIGP5AWADDR' [/media/steckler/xilinx_linux/RISCV_ZYNQ/V2/RVI20U32/RISCV/RISCV.ip_user_files/bd/BASIC/ip/BASIC_zynq_ultra_ps_e_0_0/sim/BASIC_zynq_ultra_ps_e_0_0_vip_wrapper.v:619]
WARNING: [VRFC 10-3091] actual bit length 32 differs from formal bit length 128 for port 'SAXIGP5WDATA' [/media/steckler/xilinx_linux/RISCV_ZYNQ/V2/RVI20U32/RISCV/RISCV.ip_user_files/bd/BASIC/ip/BASIC_zynq_ultra_ps_e_0_0/sim/BASIC_zynq_ultra_ps_e_0_0_vip_wrapper.v:620]
WARNING: [VRFC 10-3091] actual bit length 4 differs from formal bit length 8 for port 'SAXIGP5ARLEN' [/media/steckler/xilinx_linux/RISCV_ZYNQ/V2/RVI20U32/RISCV/RISCV.ip_user_files/bd/BASIC/ip/BASIC_zynq_ultra_ps_e_0_0/sim/BASIC_zynq_ultra_ps_e_0_0_vip_wrapper.v:622]
WARNING: [VRFC 10-3091] actual bit length 4 differs from formal bit length 8 for port 'SAXIGP5AWLEN' [/media/steckler/xilinx_linux/RISCV_ZYNQ/V2/RVI20U32/RISCV/RISCV.ip_user_files/bd/BASIC/ip/BASIC_zynq_ultra_ps_e_0_0/sim/BASIC_zynq_ultra_ps_e_0_0_vip_wrapper.v:625]
WARNING: [VRFC 10-3091] actual bit length 4 differs from formal bit length 16 for port 'SAXIGP5WSTRB' [/media/steckler/xilinx_linux/RISCV_ZYNQ/V2/RVI20U32/RISCV/RISCV.ip_user_files/bd/BASIC/ip/BASIC_zynq_ultra_ps_e_0_0/sim/BASIC_zynq_ultra_ps_e_0_0_vip_wrapper.v:627]
WARNING: [VRFC 10-3091] actual bit length 2 differs from formal bit length 1 for port 'SAXIGP6ARLOCK' [/media/steckler/xilinx_linux/RISCV_ZYNQ/V2/RVI20U32/RISCV/RISCV.ip_user_files/bd/BASIC/ip/BASIC_zynq_ultra_ps_e_0_0/sim/BASIC_zynq_ultra_ps_e_0_0_vip_wrapper.v:656]
WARNING: [VRFC 10-3091] actual bit length 2 differs from formal bit length 1 for port 'SAXIGP6AWLOCK' [/media/steckler/xilinx_linux/RISCV_ZYNQ/V2/RVI20U32/RISCV/RISCV.ip_user_files/bd/BASIC/ip/BASIC_zynq_ultra_ps_e_0_0/sim/BASIC_zynq_ultra_ps_e_0_0_vip_wrapper.v:659]
WARNING: [VRFC 10-3091] actual bit length 32 differs from formal bit length 40 for port 'SAXIGP6ARADDR' [/media/steckler/xilinx_linux/RISCV_ZYNQ/V2/RVI20U32/RISCV/RISCV.ip_user_files/bd/BASIC/ip/BASIC_zynq_ultra_ps_e_0_0/sim/BASIC_zynq_ultra_ps_e_0_0_vip_wrapper.v:663]
WARNING: [VRFC 10-3091] actual bit length 32 differs from formal bit length 40 for port 'SAXIGP6AWADDR' [/media/steckler/xilinx_linux/RISCV_ZYNQ/V2/RVI20U32/RISCV/RISCV.ip_user_files/bd/BASIC/ip/BASIC_zynq_ultra_ps_e_0_0/sim/BASIC_zynq_ultra_ps_e_0_0_vip_wrapper.v:664]
WARNING: [VRFC 10-3091] actual bit length 32 differs from formal bit length 128 for port 'SAXIGP6WDATA' [/media/steckler/xilinx_linux/RISCV_ZYNQ/V2/RVI20U32/RISCV/RISCV.ip_user_files/bd/BASIC/ip/BASIC_zynq_ultra_ps_e_0_0/sim/BASIC_zynq_ultra_ps_e_0_0_vip_wrapper.v:665]
WARNING: [VRFC 10-3091] actual bit length 4 differs from formal bit length 8 for port 'SAXIGP6ARLEN' [/media/steckler/xilinx_linux/RISCV_ZYNQ/V2/RVI20U32/RISCV/RISCV.ip_user_files/bd/BASIC/ip/BASIC_zynq_ultra_ps_e_0_0/sim/BASIC_zynq_ultra_ps_e_0_0_vip_wrapper.v:667]
WARNING: [VRFC 10-3091] actual bit length 4 differs from formal bit length 8 for port 'SAXIGP6AWLEN' [/media/steckler/xilinx_linux/RISCV_ZYNQ/V2/RVI20U32/RISCV/RISCV.ip_user_files/bd/BASIC/ip/BASIC_zynq_ultra_ps_e_0_0/sim/BASIC_zynq_ultra_ps_e_0_0_vip_wrapper.v:670]
WARNING: [VRFC 10-3091] actual bit length 4 differs from formal bit length 16 for port 'SAXIGP6WSTRB' [/media/steckler/xilinx_linux/RISCV_ZYNQ/V2/RVI20U32/RISCV/RISCV.ip_user_files/bd/BASIC/ip/BASIC_zynq_ultra_ps_e_0_0/sim/BASIC_zynq_ultra_ps_e_0_0_vip_wrapper.v:672]
WARNING: [VRFC 10-3091] actual bit length 3 differs from formal bit length 5 for port 'SAXIACPARID' [/media/steckler/xilinx_linux/RISCV_ZYNQ/V2/RVI20U32/RISCV/RISCV.ip_user_files/bd/BASIC/ip/BASIC_zynq_ultra_ps_e_0_0/sim/BASIC_zynq_ultra_ps_e_0_0_vip_wrapper.v:693]
WARNING: [VRFC 10-3091] actual bit length 3 differs from formal bit length 5 for port 'SAXIACPAWID' [/media/steckler/xilinx_linux/RISCV_ZYNQ/V2/RVI20U32/RISCV/RISCV.ip_user_files/bd/BASIC/ip/BASIC_zynq_ultra_ps_e_0_0/sim/BASIC_zynq_ultra_ps_e_0_0_vip_wrapper.v:695]
WARNING: [VRFC 10-3091] actual bit length 32 differs from formal bit length 40 for port 'SAXIACPARADDR' [/media/steckler/xilinx_linux/RISCV_ZYNQ/V2/RVI20U32/RISCV/RISCV.ip_user_files/bd/BASIC/ip/BASIC_zynq_ultra_ps_e_0_0/sim/BASIC_zynq_ultra_ps_e_0_0_vip_wrapper.v:697]
WARNING: [VRFC 10-3091] actual bit length 32 differs from formal bit length 40 for port 'SAXIACPAWADDR' [/media/steckler/xilinx_linux/RISCV_ZYNQ/V2/RVI20U32/RISCV/RISCV.ip_user_files/bd/BASIC/ip/BASIC_zynq_ultra_ps_e_0_0/sim/BASIC_zynq_ultra_ps_e_0_0_vip_wrapper.v:698]
WARNING: [VRFC 10-3091] actual bit length 4 differs from formal bit length 8 for port 'SAXIACPARLEN' [/media/steckler/xilinx_linux/RISCV_ZYNQ/V2/RVI20U32/RISCV/RISCV.ip_user_files/bd/BASIC/ip/BASIC_zynq_ultra_ps_e_0_0/sim/BASIC_zynq_ultra_ps_e_0_0_vip_wrapper.v:700]
WARNING: [VRFC 10-3091] actual bit length 4 differs from formal bit length 8 for port 'SAXIACPAWLEN' [/media/steckler/xilinx_linux/RISCV_ZYNQ/V2/RVI20U32/RISCV/RISCV.ip_user_files/bd/BASIC/ip/BASIC_zynq_ultra_ps_e_0_0/sim/BASIC_zynq_ultra_ps_e_0_0_vip_wrapper.v:703]
WARNING: [VRFC 10-3091] actual bit length 2 differs from formal bit length 1 for port 'SAXIACPARLOCK' [/media/steckler/xilinx_linux/RISCV_ZYNQ/V2/RVI20U32/RISCV/RISCV.ip_user_files/bd/BASIC/ip/BASIC_zynq_ultra_ps_e_0_0/sim/BASIC_zynq_ultra_ps_e_0_0_vip_wrapper.v:706]
WARNING: [VRFC 10-3091] actual bit length 2 differs from formal bit length 1 for port 'SAXIACPAWLOCK' [/media/steckler/xilinx_linux/RISCV_ZYNQ/V2/RVI20U32/RISCV/RISCV.ip_user_files/bd/BASIC/ip/BASIC_zynq_ultra_ps_e_0_0/sim/BASIC_zynq_ultra_ps_e_0_0_vip_wrapper.v:709]
WARNING: [VRFC 10-3091] actual bit length 5 differs from formal bit length 2 for port 'SAXIACPARUSER' [/media/steckler/xilinx_linux/RISCV_ZYNQ/V2/RVI20U32/RISCV/RISCV.ip_user_files/bd/BASIC/ip/BASIC_zynq_ultra_ps_e_0_0/sim/BASIC_zynq_ultra_ps_e_0_0_vip_wrapper.v:711]
WARNING: [VRFC 10-3091] actual bit length 5 differs from formal bit length 2 for port 'SAXIACPAWUSER' [/media/steckler/xilinx_linux/RISCV_ZYNQ/V2/RVI20U32/RISCV/RISCV.ip_user_files/bd/BASIC/ip/BASIC_zynq_ultra_ps_e_0_0/sim/BASIC_zynq_ultra_ps_e_0_0_vip_wrapper.v:712]
WARNING: [VRFC 10-3091] actual bit length 64 differs from formal bit length 128 for port 'SAXIACPWDATA' [/media/steckler/xilinx_linux/RISCV_ZYNQ/V2/RVI20U32/RISCV/RISCV.ip_user_files/bd/BASIC/ip/BASIC_zynq_ultra_ps_e_0_0/sim/BASIC_zynq_ultra_ps_e_0_0_vip_wrapper.v:713]
WARNING: [VRFC 10-3091] actual bit length 8 differs from formal bit length 16 for port 'SAXIACPWSTRB' [/media/steckler/xilinx_linux/RISCV_ZYNQ/V2/RVI20U32/RISCV/RISCV.ip_user_files/bd/BASIC/ip/BASIC_zynq_ultra_ps_e_0_0/sim/BASIC_zynq_ultra_ps_e_0_0_vip_wrapper.v:714]
WARNING: [VRFC 10-3091] actual bit length 32 differs from formal bit length 1 for port 'S_AWREGION' [/scratch/proj/xbuilds/SWIP/2020.1_0602_1208/infra/XSIM/lin/.cxl.ip/incl/zynq_ultra_ps_e_vip_v1_0_7_axi_acp.sv:71]
WARNING: [VRFC 10-3091] actual bit length 32 differs from formal bit length 1 for port 'S_ARREGION' [/scratch/proj/xbuilds/SWIP/2020.1_0602_1208/infra/XSIM/lin/.cxl.ip/incl/zynq_ultra_ps_e_vip_v1_0_7_axi_acp.sv:72]
WARNING: [VRFC 10-3091] actual bit length 32 differs from formal bit length 1 for port 'S_WUSER' [/scratch/proj/xbuilds/SWIP/2020.1_0602_1208/infra/XSIM/lin/.cxl.ip/incl/zynq_ultra_ps_e_vip_v1_0_7_axi_acp.sv:74]
WARNING: [VRFC 10-3091] actual bit length 2 differs from formal bit length 1 for port 's_axi_awuser' [/wrk/2020.1/nightly/2020_05_27_2902540/packages/customer/vivado/data/ip/xilinx/zynq_ultra_ps_e_vip_v1_0/hdl/zynq_ultra_ps_e_vip_v1_0_vl_rfs.sv:6300]
WARNING: [VRFC 10-3091] actual bit length 1 differs from formal bit length 5 for port 's_axi_wid' [/wrk/2020.1/nightly/2020_05_27_2902540/packages/customer/vivado/data/ip/xilinx/zynq_ultra_ps_e_vip_v1_0/hdl/zynq_ultra_ps_e_vip_v1_0_vl_rfs.sv:6303]
WARNING: [VRFC 10-3091] actual bit length 2 differs from formal bit length 1 for port 's_axi_aruser' [/wrk/2020.1/nightly/2020_05_27_2902540/packages/customer/vivado/data/ip/xilinx/zynq_ultra_ps_e_vip_v1_0/hdl/zynq_ultra_ps_e_vip_v1_0_vl_rfs.sv:6325]
WARNING: [VRFC 10-3091] actual bit length 12 differs from formal bit length 5 for port 'm_axi_bid' [/wrk/2020.1/nightly/2020_05_27_2902540/packages/customer/vivado/data/ip/xilinx/zynq_ultra_ps_e_vip_v1_0/hdl/zynq_ultra_ps_e_vip_v1_0_vl_rfs.sv:6355]
WARNING: [VRFC 10-3091] actual bit length 12 differs from formal bit length 5 for port 'm_axi_rid' [/wrk/2020.1/nightly/2020_05_27_2902540/packages/customer/vivado/data/ip/xilinx/zynq_ultra_ps_e_vip_v1_0/hdl/zynq_ultra_ps_e_vip_v1_0_vl_rfs.sv:6373]
WARNING: [VRFC 10-3091] actual bit length 32 differs from formal bit length 128 for port 'm_axi_rdata' [/wrk/2020.1/nightly/2020_05_27_2902540/packages/customer/vivado/data/ip/xilinx/zynq_ultra_ps_e_vip_v1_0/hdl/zynq_ultra_ps_e_vip_v1_0_vl_rfs.sv:6374]
WARNING: [VRFC 10-3091] actual bit length 4 differs from formal bit length 2 for port 'S_RRESP' [/scratch/proj/xbuilds/SWIP/2020.1_0602_1208/infra/XSIM/lin/.cxl.ip/incl/zynq_ultra_ps_e_vip_v1_0_7_axi_ace.sv:64]
WARNING: [VRFC 10-3091] actual bit length 16 differs from formal bit length 15 for port 'S_AWUSER' [/scratch/proj/xbuilds/SWIP/2020.1_0602_1208/infra/XSIM/lin/.cxl.ip/incl/zynq_ultra_ps_e_vip_v1_0_7_axi_ace.sv:73]
WARNING: [VRFC 10-3091] actual bit length 16 differs from formal bit length 15 for port 'S_ARUSER' [/scratch/proj/xbuilds/SWIP/2020.1_0602_1208/infra/XSIM/lin/.cxl.ip/incl/zynq_ultra_ps_e_vip_v1_0_7_axi_ace.sv:76]
WARNING: [VRFC 10-3091] actual bit length 15 differs from formal bit length 1 for port 's_axi_awuser' [/wrk/2020.1/nightly/2020_05_27_2902540/packages/customer/vivado/data/ip/xilinx/zynq_ultra_ps_e_vip_v1_0/hdl/zynq_ultra_ps_e_vip_v1_0_vl_rfs.sv:4835]
WARNING: [VRFC 10-3091] actual bit length 1 differs from formal bit length 6 for port 's_axi_wid' [/wrk/2020.1/nightly/2020_05_27_2902540/packages/customer/vivado/data/ip/xilinx/zynq_ultra_ps_e_vip_v1_0/hdl/zynq_ultra_ps_e_vip_v1_0_vl_rfs.sv:4838]
WARNING: [VRFC 10-3091] actual bit length 15 differs from formal bit length 1 for port 's_axi_aruser' [/wrk/2020.1/nightly/2020_05_27_2902540/packages/customer/vivado/data/ip/xilinx/zynq_ultra_ps_e_vip_v1_0/hdl/zynq_ultra_ps_e_vip_v1_0_vl_rfs.sv:4860]
WARNING: [VRFC 10-3091] actual bit length 12 differs from formal bit length 6 for port 'm_axi_bid' [/wrk/2020.1/nightly/2020_05_27_2902540/packages/customer/vivado/data/ip/xilinx/zynq_ultra_ps_e_vip_v1_0/hdl/zynq_ultra_ps_e_vip_v1_0_vl_rfs.sv:4890]
WARNING: [VRFC 10-3091] actual bit length 12 differs from formal bit length 6 for port 'm_axi_rid' [/wrk/2020.1/nightly/2020_05_27_2902540/packages/customer/vivado/data/ip/xilinx/zynq_ultra_ps_e_vip_v1_0/hdl/zynq_ultra_ps_e_vip_v1_0_vl_rfs.sv:4908]
WARNING: [VRFC 10-3091] actual bit length 32 differs from formal bit length 128 for port 'm_axi_rdata' [/wrk/2020.1/nightly/2020_05_27_2902540/packages/customer/vivado/data/ip/xilinx/zynq_ultra_ps_e_vip_v1_0/hdl/zynq_ultra_ps_e_vip_v1_0_vl_rfs.sv:4909]
WARNING: [VRFC 10-3091] actual bit length 128 differs from formal bit length 64 for port 'S_WDATA' [/scratch/proj/xbuilds/SWIP/2020.1_0602_1208/infra/XSIM/lin/.cxl.ip/incl/zynq_ultra_ps_e_vip_v1_0_7_axi_gp.sv:41]
WARNING: [VRFC 10-3091] actual bit length 16 differs from formal bit length 8 for port 'S_WSTRB' [/scratch/proj/xbuilds/SWIP/2020.1_0602_1208/infra/XSIM/lin/.cxl.ip/incl/zynq_ultra_ps_e_vip_v1_0_7_axi_gp.sv:42]
WARNING: [VRFC 10-3091] actual bit length 128 differs from formal bit length 64 for port 'S_RDATA' [/scratch/proj/xbuilds/SWIP/2020.1_0602_1208/infra/XSIM/lin/.cxl.ip/incl/zynq_ultra_ps_e_vip_v1_0_7_axi_gp.sv:64]
WARNING: [VRFC 10-3091] actual bit length 32 differs from formal bit length 1 for port 'S_AWREGION' [/scratch/proj/xbuilds/SWIP/2020.1_0602_1208/infra/XSIM/lin/.cxl.ip/incl/zynq_ultra_ps_e_vip_v1_0_7_axi_gp.sv:72]
WARNING: [VRFC 10-3091] actual bit length 32 differs from formal bit length 1 for port 'S_ARREGION' [/scratch/proj/xbuilds/SWIP/2020.1_0602_1208/infra/XSIM/lin/.cxl.ip/incl/zynq_ultra_ps_e_vip_v1_0_7_axi_gp.sv:73]
WARNING: [VRFC 10-3091] actual bit length 32 differs from formal bit length 1 for port 'S_WUSER' [/scratch/proj/xbuilds/SWIP/2020.1_0602_1208/infra/XSIM/lin/.cxl.ip/incl/zynq_ultra_ps_e_vip_v1_0_7_axi_gp.sv:75]
WARNING: [VRFC 10-3091] actual bit length 32768 differs from formal bit length 16384 for port 'WR_DATA' [/scratch/proj/xbuilds/SWIP/2020.1_0602_1208/infra/XSIM/lin/.cxl.ip/incl/zynq_ultra_ps_e_vip_v1_0_7_axi_gp.sv:83]
WARNING: [VRFC 10-3091] actual bit length 4096 differs from formal bit length 2048 for port 'WR_DATA_STRB' [/scratch/proj/xbuilds/SWIP/2020.1_0602_1208/infra/XSIM/lin/.cxl.ip/incl/zynq_ultra_ps_e_vip_v1_0_7_axi_gp.sv:84]
WARNING: [VRFC 10-3091] actual bit length 32768 differs from formal bit length 16384 for port 'RD_DATA_DDR' [/scratch/proj/xbuilds/SWIP/2020.1_0602_1208/infra/XSIM/lin/.cxl.ip/incl/zynq_ultra_ps_e_vip_v1_0_7_axi_gp.sv:94]
WARNING: [VRFC 10-3091] actual bit length 32768 differs from formal bit length 16384 for port 'RD_DATA_OCM' [/scratch/proj/xbuilds/SWIP/2020.1_0602_1208/infra/XSIM/lin/.cxl.ip/incl/zynq_ultra_ps_e_vip_v1_0_7_axi_gp.sv:95]
WARNING: [VRFC 10-3091] actual bit length 32768 differs from formal bit length 16384 for port 'RD_DATA_REG' [/scratch/proj/xbuilds/SWIP/2020.1_0602_1208/infra/XSIM/lin/.cxl.ip/incl/zynq_ultra_ps_e_vip_v1_0_7_axi_gp.sv:96]
WARNING: [VRFC 10-3091] actual bit length 32 differs from formal bit length 1 for port 'S_AWREGION' [/scratch/proj/xbuilds/SWIP/2020.1_0602_1208/infra/XSIM/lin/.cxl.ip/incl/zynq_ultra_ps_e_vip_v1_0_7_axi_gp.sv:166]
WARNING: [VRFC 10-3091] actual bit length 32 differs from formal bit length 1 for port 'S_ARREGION' [/scratch/proj/xbuilds/SWIP/2020.1_0602_1208/infra/XSIM/lin/.cxl.ip/incl/zynq_ultra_ps_e_vip_v1_0_7_axi_gp.sv:167]
WARNING: [VRFC 10-3091] actual bit length 32 differs from formal bit length 1 for port 'S_WUSER' [/scratch/proj/xbuilds/SWIP/2020.1_0602_1208/infra/XSIM/lin/.cxl.ip/incl/zynq_ultra_ps_e_vip_v1_0_7_axi_gp.sv:169]
WARNING: [VRFC 10-3091] actual bit length 32 differs from formal bit length 1 for port 'S_AWREGION' [/scratch/proj/xbuilds/SWIP/2020.1_0602_1208/infra/XSIM/lin/.cxl.ip/incl/zynq_ultra_ps_e_vip_v1_0_7_axi_gp.sv:260]
WARNING: [VRFC 10-3091] actual bit length 32 differs from formal bit length 1 for port 'S_ARREGION' [/scratch/proj/xbuilds/SWIP/2020.1_0602_1208/infra/XSIM/lin/.cxl.ip/incl/zynq_ultra_ps_e_vip_v1_0_7_axi_gp.sv:261]
WARNING: [VRFC 10-3091] actual bit length 32 differs from formal bit length 1 for port 'S_WUSER' [/scratch/proj/xbuilds/SWIP/2020.1_0602_1208/infra/XSIM/lin/.cxl.ip/incl/zynq_ultra_ps_e_vip_v1_0_7_axi_gp.sv:263]
WARNING: [VRFC 10-3091] actual bit length 32 differs from formal bit length 1 for port 'S_AWREGION' [/scratch/proj/xbuilds/SWIP/2020.1_0602_1208/infra/XSIM/lin/.cxl.ip/incl/zynq_ultra_ps_e_vip_v1_0_7_axi_gp.sv:354]
WARNING: [VRFC 10-3091] actual bit length 32 differs from formal bit length 1 for port 'S_ARREGION' [/scratch/proj/xbuilds/SWIP/2020.1_0602_1208/infra/XSIM/lin/.cxl.ip/incl/zynq_ultra_ps_e_vip_v1_0_7_axi_gp.sv:355]
WARNING: [VRFC 10-3091] actual bit length 32 differs from formal bit length 1 for port 'S_WUSER' [/scratch/proj/xbuilds/SWIP/2020.1_0602_1208/infra/XSIM/lin/.cxl.ip/incl/zynq_ultra_ps_e_vip_v1_0_7_axi_gp.sv:357]
WARNING: [VRFC 10-3091] actual bit length 32 differs from formal bit length 1 for port 'S_AWREGION' [/scratch/proj/xbuilds/SWIP/2020.1_0602_1208/infra/XSIM/lin/.cxl.ip/incl/zynq_ultra_ps_e_vip_v1_0_7_axi_gp.sv:448]
WARNING: [VRFC 10-3091] actual bit length 32 differs from formal bit length 1 for port 'S_ARREGION' [/scratch/proj/xbuilds/SWIP/2020.1_0602_1208/infra/XSIM/lin/.cxl.ip/incl/zynq_ultra_ps_e_vip_v1_0_7_axi_gp.sv:449]
WARNING: [VRFC 10-3091] actual bit length 32 differs from formal bit length 1 for port 'S_WUSER' [/scratch/proj/xbuilds/SWIP/2020.1_0602_1208/infra/XSIM/lin/.cxl.ip/incl/zynq_ultra_ps_e_vip_v1_0_7_axi_gp.sv:451]
WARNING: [VRFC 10-3091] actual bit length 32 differs from formal bit length 1 for port 'S_AWREGION' [/scratch/proj/xbuilds/SWIP/2020.1_0602_1208/infra/XSIM/lin/.cxl.ip/incl/zynq_ultra_ps_e_vip_v1_0_7_axi_gp.sv:542]
WARNING: [VRFC 10-3091] actual bit length 32 differs from formal bit length 1 for port 'S_ARREGION' [/scratch/proj/xbuilds/SWIP/2020.1_0602_1208/infra/XSIM/lin/.cxl.ip/incl/zynq_ultra_ps_e_vip_v1_0_7_axi_gp.sv:543]
WARNING: [VRFC 10-3091] actual bit length 32 differs from formal bit length 1 for port 'S_WUSER' [/scratch/proj/xbuilds/SWIP/2020.1_0602_1208/infra/XSIM/lin/.cxl.ip/incl/zynq_ultra_ps_e_vip_v1_0_7_axi_gp.sv:545]
WARNING: [VRFC 10-3091] actual bit length 32 differs from formal bit length 1 for port 'S_AWREGION' [/scratch/proj/xbuilds/SWIP/2020.1_0602_1208/infra/XSIM/lin/.cxl.ip/incl/zynq_ultra_ps_e_vip_v1_0_7_axi_gp.sv:636]
WARNING: [VRFC 10-3091] actual bit length 32 differs from formal bit length 1 for port 'S_ARREGION' [/scratch/proj/xbuilds/SWIP/2020.1_0602_1208/infra/XSIM/lin/.cxl.ip/incl/zynq_ultra_ps_e_vip_v1_0_7_axi_gp.sv:637]
WARNING: [VRFC 10-3091] actual bit length 32 differs from formal bit length 1 for port 'S_WUSER' [/scratch/proj/xbuilds/SWIP/2020.1_0602_1208/infra/XSIM/lin/.cxl.ip/incl/zynq_ultra_ps_e_vip_v1_0_7_axi_gp.sv:639]
WARNING: [VRFC 10-3091] actual bit length 128 differs from formal bit length 32 for port 'M_WDATA' [/scratch/proj/xbuilds/SWIP/2020.1_0602_1208/infra/XSIM/lin/.cxl.ip/incl/zynq_ultra_ps_e_vip_v1_0_7_axi_gp.sv:700]
WARNING: [VRFC 10-3091] actual bit length 16 differs from formal bit length 4 for port 'M_WSTRB' [/scratch/proj/xbuilds/SWIP/2020.1_0602_1208/infra/XSIM/lin/.cxl.ip/incl/zynq_ultra_ps_e_vip_v1_0_7_axi_gp.sv:701]
WARNING: [VRFC 10-3091] actual bit length 128 differs from formal bit length 32 for port 'M_RDATA' [/scratch/proj/xbuilds/SWIP/2020.1_0602_1208/infra/XSIM/lin/.cxl.ip/incl/zynq_ultra_ps_e_vip_v1_0_7_axi_gp.sv:723]
WARNING: [VRFC 10-3091] actual bit length 16 differs from formal bit length 1 for port 'M_AWUSER' [/scratch/proj/xbuilds/SWIP/2020.1_0602_1208/infra/XSIM/lin/.cxl.ip/incl/zynq_ultra_ps_e_vip_v1_0_7_axi_gp.sv:733]
WARNING: [VRFC 10-3091] actual bit length 32 differs from formal bit length 1 for port 'M_BUSER' [/scratch/proj/xbuilds/SWIP/2020.1_0602_1208/infra/XSIM/lin/.cxl.ip/incl/zynq_ultra_ps_e_vip_v1_0_7_axi_gp.sv:735]
WARNING: [VRFC 10-3091] actual bit length 16 differs from formal bit length 1 for port 'M_ARUSER' [/scratch/proj/xbuilds/SWIP/2020.1_0602_1208/infra/XSIM/lin/.cxl.ip/incl/zynq_ultra_ps_e_vip_v1_0_7_axi_gp.sv:736]
WARNING: [VRFC 10-3091] actual bit length 32 differs from formal bit length 1 for port 'M_RUSER' [/scratch/proj/xbuilds/SWIP/2020.1_0602_1208/infra/XSIM/lin/.cxl.ip/incl/zynq_ultra_ps_e_vip_v1_0_7_axi_gp.sv:737]
WARNING: [VRFC 10-3091] actual bit length 12 differs from formal bit length 16 for port 's_axi_awid' [/wrk/2020.1/nightly/2020_05_27_2902540/packages/customer/vivado/data/ip/xilinx/zynq_ultra_ps_e_vip_v1_0/hdl/zynq_ultra_ps_e_vip_v1_0_vl_rfs.sv:7822]
WARNING: [VRFC 10-3091] actual bit length 32 differs from formal bit length 40 for port 's_axi_awaddr' [/wrk/2020.1/nightly/2020_05_27_2902540/packages/customer/vivado/data/ip/xilinx/zynq_ultra_ps_e_vip_v1_0/hdl/zynq_ultra_ps_e_vip_v1_0_vl_rfs.sv:7823]
WARNING: [VRFC 10-3091] actual bit length 4 differs from formal bit length 8 for port 's_axi_awlen' [/wrk/2020.1/nightly/2020_05_27_2902540/packages/customer/vivado/data/ip/xilinx/zynq_ultra_ps_e_vip_v1_0/hdl/zynq_ultra_ps_e_vip_v1_0_vl_rfs.sv:7824]
WARNING: [VRFC 10-3091] actual bit length 2 differs from formal bit length 1 for port 's_axi_awlock' [/wrk/2020.1/nightly/2020_05_27_2902540/packages/customer/vivado/data/ip/xilinx/zynq_ultra_ps_e_vip_v1_0/hdl/zynq_ultra_ps_e_vip_v1_0_vl_rfs.sv:7827]
WARNING: [VRFC 10-3091] actual bit length 12 differs from formal bit length 16 for port 's_axi_wid' [/wrk/2020.1/nightly/2020_05_27_2902540/packages/customer/vivado/data/ip/xilinx/zynq_ultra_ps_e_vip_v1_0/hdl/zynq_ultra_ps_e_vip_v1_0_vl_rfs.sv:7835]
WARNING: [VRFC 10-3091] actual bit length 12 differs from formal bit length 16 for port 's_axi_arid' [/wrk/2020.1/nightly/2020_05_27_2902540/packages/customer/vivado/data/ip/xilinx/zynq_ultra_ps_e_vip_v1_0/hdl/zynq_ultra_ps_e_vip_v1_0_vl_rfs.sv:7847]
WARNING: [VRFC 10-3091] actual bit length 32 differs from formal bit length 40 for port 's_axi_araddr' [/wrk/2020.1/nightly/2020_05_27_2902540/packages/customer/vivado/data/ip/xilinx/zynq_ultra_ps_e_vip_v1_0/hdl/zynq_ultra_ps_e_vip_v1_0_vl_rfs.sv:7848]
WARNING: [VRFC 10-3091] actual bit length 4 differs from formal bit length 8 for port 's_axi_arlen' [/wrk/2020.1/nightly/2020_05_27_2902540/packages/customer/vivado/data/ip/xilinx/zynq_ultra_ps_e_vip_v1_0/hdl/zynq_ultra_ps_e_vip_v1_0_vl_rfs.sv:7849]
WARNING: [VRFC 10-3091] actual bit length 2 differs from formal bit length 1 for port 's_axi_arlock' [/wrk/2020.1/nightly/2020_05_27_2902540/packages/customer/vivado/data/ip/xilinx/zynq_ultra_ps_e_vip_v1_0/hdl/zynq_ultra_ps_e_vip_v1_0_vl_rfs.sv:7852]
WARNING: [VRFC 10-3091] actual bit length 16 differs from formal bit length 1 for port 'M_AWUSER' [/scratch/proj/xbuilds/SWIP/2020.1_0602_1208/infra/XSIM/lin/.cxl.ip/incl/zynq_ultra_ps_e_vip_v1_0_7_axi_gp.sv:804]
WARNING: [VRFC 10-3091] actual bit length 32 differs from formal bit length 1 for port 'M_BUSER' [/scratch/proj/xbuilds/SWIP/2020.1_0602_1208/infra/XSIM/lin/.cxl.ip/incl/zynq_ultra_ps_e_vip_v1_0_7_axi_gp.sv:806]
WARNING: [VRFC 10-3091] actual bit length 16 differs from formal bit length 1 for port 'M_ARUSER' [/scratch/proj/xbuilds/SWIP/2020.1_0602_1208/infra/XSIM/lin/.cxl.ip/incl/zynq_ultra_ps_e_vip_v1_0_7_axi_gp.sv:807]
WARNING: [VRFC 10-3091] actual bit length 32 differs from formal bit length 1 for port 'M_RUSER' [/scratch/proj/xbuilds/SWIP/2020.1_0602_1208/infra/XSIM/lin/.cxl.ip/incl/zynq_ultra_ps_e_vip_v1_0_7_axi_gp.sv:808]
WARNING: [VRFC 10-3091] actual bit length 32 differs from formal bit length 128 for port 's_axi_wdata' [/wrk/2020.1/nightly/2020_05_27_2902540/packages/customer/vivado/data/ip/xilinx/zynq_ultra_ps_e_vip_v1_0/hdl/zynq_ultra_ps_e_vip_v1_0_vl_rfs.sv:7836]
WARNING: [VRFC 10-3091] actual bit length 4 differs from formal bit length 16 for port 's_axi_wstrb' [/wrk/2020.1/nightly/2020_05_27_2902540/packages/customer/vivado/data/ip/xilinx/zynq_ultra_ps_e_vip_v1_0/hdl/zynq_ultra_ps_e_vip_v1_0_vl_rfs.sv:7837]
WARNING: [VRFC 10-3091] actual bit length 128 differs from formal bit length 32 for port 'M_WDATA' [/scratch/proj/xbuilds/SWIP/2020.1_0602_1208/infra/XSIM/lin/.cxl.ip/incl/zynq_ultra_ps_e_vip_v1_0_7_axi_gp.sv:842]
WARNING: [VRFC 10-3091] actual bit length 16 differs from formal bit length 4 for port 'M_WSTRB' [/scratch/proj/xbuilds/SWIP/2020.1_0602_1208/infra/XSIM/lin/.cxl.ip/incl/zynq_ultra_ps_e_vip_v1_0_7_axi_gp.sv:843]
WARNING: [VRFC 10-3091] actual bit length 128 differs from formal bit length 32 for port 'M_RDATA' [/scratch/proj/xbuilds/SWIP/2020.1_0602_1208/infra/XSIM/lin/.cxl.ip/incl/zynq_ultra_ps_e_vip_v1_0_7_axi_gp.sv:865]
WARNING: [VRFC 10-3091] actual bit length 16 differs from formal bit length 1 for port 'M_AWUSER' [/scratch/proj/xbuilds/SWIP/2020.1_0602_1208/infra/XSIM/lin/.cxl.ip/incl/zynq_ultra_ps_e_vip_v1_0_7_axi_gp.sv:875]
WARNING: [VRFC 10-3091] actual bit length 32 differs from formal bit length 1 for port 'M_BUSER' [/scratch/proj/xbuilds/SWIP/2020.1_0602_1208/infra/XSIM/lin/.cxl.ip/incl/zynq_ultra_ps_e_vip_v1_0_7_axi_gp.sv:877]
WARNING: [VRFC 10-3091] actual bit length 16 differs from formal bit length 1 for port 'M_ARUSER' [/scratch/proj/xbuilds/SWIP/2020.1_0602_1208/infra/XSIM/lin/.cxl.ip/incl/zynq_ultra_ps_e_vip_v1_0_7_axi_gp.sv:878]
WARNING: [VRFC 10-3091] actual bit length 32 differs from formal bit length 1 for port 'M_RUSER' [/scratch/proj/xbuilds/SWIP/2020.1_0602_1208/infra/XSIM/lin/.cxl.ip/incl/zynq_ultra_ps_e_vip_v1_0_7_axi_gp.sv:879]
WARNING: [VRFC 10-3091] actual bit length 1 differs from formal bit length 4 for port 'wr_qos' [/wrk/2020.1/nightly/2020_05_27_2902540/packages/customer/vivado/data/ip/xilinx/zynq_ultra_ps_e_vip_v1_0/hdl/zynq_ultra_ps_e_vip_v1_0_vl_rfs.sv:3798]
WARNING: [VRFC 10-3091] actual bit length 1 differs from formal bit length 4 for port 'rd_qos' [/wrk/2020.1/nightly/2020_05_27_2902540/packages/customer/vivado/data/ip/xilinx/zynq_ultra_ps_e_vip_v1_0/hdl/zynq_ultra_ps_e_vip_v1_0_vl_rfs.sv:3805]
WARNING: [VRFC 10-3091] actual bit length 1 differs from formal bit length 4 for port 'wr_qos_1' [/wrk/2020.1/nightly/2020_05_27_2902540/packages/customer/vivado/data/ip/xilinx/zynq_ultra_ps_e_vip_v1_0/hdl/zynq_ultra_ps_e_vip_v1_0_vl_rfs.sv:3818]
WARNING: [VRFC 10-3091] actual bit length 1 differs from formal bit length 4 for port 'rd_qos_1' [/wrk/2020.1/nightly/2020_05_27_2902540/packages/customer/vivado/data/ip/xilinx/zynq_ultra_ps_e_vip_v1_0/hdl/zynq_ultra_ps_e_vip_v1_0_vl_rfs.sv:3825]
WARNING: [VRFC 10-5021] port 'mb_reset' is not connected on this instance [/media/steckler/xilinx_linux/RISCV_ZYNQ/V2/RVI20U32/RISCV/RISCV.ip_user_files/bd/BASIC/sim/BASIC.v:117]
WARNING: [VRFC 10-5021] port 'PSS_ALTO_CORE_PAD_CLK' is not connected on this instance [/media/steckler/xilinx_linux/RISCV_ZYNQ/V2/RVI20U32/RISCV/RISCV.ip_user_files/bd/BASIC/ip/BASIC_zynq_ultra_ps_e_0_0/sim/BASIC_zynq_ultra_ps_e_0_0_vip_wrapper.v:211]
WARNING: [VRFC 10-3283] element index 4096 into 'wrp_strb' is out of bounds [/wrk/2020.1/nightly/2020_05_27_2902540/packages/customer/vivado/data/ip/xilinx/zynq_ultra_ps_e_vip_v1_0/hdl/zynq_ultra_ps_e_vip_v1_0_vl_rfs.sv:6968]
WARNING: [VRFC 10-3705] select index 2 into 'wr_fifo_rd_ptr' is out of bounds [/wrk/2020.1/nightly/2020_05_27_2902540/packages/customer/vivado/data/ip/xilinx/zynq_ultra_ps_e_vip_v1_0/hdl/zynq_ultra_ps_e_vip_v1_0_vl_rfs.sv:7181]
WARNING: [VRFC 10-3705] select index 3 into 'ar_cnt' is out of bounds [/wrk/2020.1/nightly/2020_05_27_2902540/packages/customer/vivado/data/ip/xilinx/zynq_ultra_ps_e_vip_v1_0/hdl/zynq_ultra_ps_e_vip_v1_0_vl_rfs.sv:7320]
WARNING: [VRFC 10-3705] select index 3 into 'wr_rresp_cnt' is out of bounds [/wrk/2020.1/nightly/2020_05_27_2902540/packages/customer/vivado/data/ip/xilinx/zynq_ultra_ps_e_vip_v1_0/hdl/zynq_ultra_ps_e_vip_v1_0_vl_rfs.sv:7417]
WARNING: [VRFC 10-3705] select index 3 into 'rd_fifo_wr_ptr' is out of bounds [/wrk/2020.1/nightly/2020_05_27_2902540/packages/customer/vivado/data/ip/xilinx/zynq_ultra_ps_e_vip_v1_0/hdl/zynq_ultra_ps_e_vip_v1_0_vl_rfs.sv:7436]
WARNING: [VRFC 10-3705] select index 3 into 'rd_cnt' is out of bounds [/wrk/2020.1/nightly/2020_05_27_2902540/packages/customer/vivado/data/ip/xilinx/zynq_ultra_ps_e_vip_v1_0/hdl/zynq_ultra_ps_e_vip_v1_0_vl_rfs.sv:7577]
WARNING: [VRFC 10-3705] select index 3 into 'rresp_time_cnt' is out of bounds [/wrk/2020.1/nightly/2020_05_27_2902540/packages/customer/vivado/data/ip/xilinx/zynq_ultra_ps_e_vip_v1_0/hdl/zynq_ultra_ps_e_vip_v1_0_vl_rfs.sv:7582]
WARNING: [VRFC 10-3705] select index 3 into 'rd_fifo_rd_ptr' is out of bounds [/wrk/2020.1/nightly/2020_05_27_2902540/packages/customer/vivado/data/ip/xilinx/zynq_ultra_ps_e_vip_v1_0/hdl/zynq_ultra_ps_e_vip_v1_0_vl_rfs.sv:7587]
WARNING: [VRFC 10-3283] element index 4096 into 'wrp_strb' is out of bounds [/wrk/2020.1/nightly/2020_05_27_2902540/packages/customer/vivado/data/ip/xilinx/zynq_ultra_ps_e_vip_v1_0/hdl/zynq_ultra_ps_e_vip_v1_0_vl_rfs.sv:5492]
Completed static elaboration
Starting simulation data flow analysis
Completed simulation data flow analysis
Time Resolution for simulation is 1ps
Compiling package std.standard
Compiling package std.textio
Compiling package ieee.std_logic_1164
Compiling package ieee.numeric_std
Compiling package unisim.vcomponents
Compiling package ieee.vital_timing
Compiling package ieee.vital_primitives
Compiling package unisim.vpkg
Compiling package ieee.std_logic_arith
Compiling package synopsys.attributes
Compiling package ieee.std_logic_misc
Compiling package xilinx_vip.axi_vip_pkg
Compiling package xilinx_vip.xil_common_vip_pkg
Compiling package std.std
Compiling module xil_defaultlib.alu
Compiling module xil_defaultlib.BASIC_alu_0_0
Compiling module xil_defaultlib.branch
Compiling module xil_defaultlib.BASIC_branch_0_0
Compiling module xil_defaultlib.ex_mem_reg
Compiling module xil_defaultlib.BASIC_ex_mem_reg_1_0
Compiling module xil_defaultlib.forward_mux
Compiling module xil_defaultlib.BASIC_forward_mux_0_0
Compiling module xil_defaultlib.BASIC_forward_mux_0_1
Compiling module xil_defaultlib.BASIC_forward_mux_1_0
Compiling module xil_defaultlib.forwarding
Compiling module xil_defaultlib.BASIC_forwarding_0_0
Compiling module xil_defaultlib.operand_a_mux
Compiling module xil_defaultlib.BASIC_operand_a_mux_0_0
Compiling module xil_defaultlib.operand_b_mux
Compiling module xil_defaultlib.BASIC_operand_b_mux_0_0
Compiling module util_vector_logic_v2_0_1.util_vector_logic_v2_0_1_util_ve...
Compiling module xil_defaultlib.BASIC_util_vector_logic_0_1
Compiling module xil_defaultlib.RV32I_EX_imp_VZHXQ1
Compiling module xil_defaultlib.control
Compiling module xil_defaultlib.BASIC_control_0_0
Compiling module xil_defaultlib.decoder
Compiling module xil_defaultlib.BASIC_decoder_0_0
Compiling module xil_defaultlib.id_ex_reg
Compiling module xil_defaultlib.BASIC_id_ex_reg_0_1
Compiling module xil_defaultlib.imm_mux
Compiling module xil_defaultlib.BASIC_imm_mux_0_0
Compiling module xil_defaultlib.regfile
Compiling module xil_defaultlib.BASIC_regfile_0_0
Compiling module xlconstant_v1_1_7.xlconstant_v1_1_7_xlconstant(CON...
Compiling module xil_defaultlib.BASIC_xlconstant_3_2
Compiling module xil_defaultlib.RV32I_ID_imp_1HJBFQL
Compiling module blk_mem_gen_v8_4_4.blk_mem_gen_v8_4_4_output_stage(...
Compiling module blk_mem_gen_v8_4_4.blk_mem_gen_v8_4_4_output_stage(...
Compiling module blk_mem_gen_v8_4_4.blk_mem_gen_v8_4_4_softecc_outpu...
Compiling module blk_mem_gen_v8_4_4.blk_mem_gen_v8_4_4_mem_module(C_...
Compiling module blk_mem_gen_v8_4_4.blk_mem_gen_v8_4_4(C_FAMILY="zyn...
Compiling module xil_defaultlib.BASIC_blk_mem_gen_0_0
Compiling module xil_defaultlib.RV32I_ROM_MEMORY_imp_X8L5SE
Compiling module xil_defaultlib.branch_predictor_btb_bht(ENTRY_N...
Compiling module xil_defaultlib.BASIC_branch_predictor_btb_0_0
Compiling module xil_defaultlib.if_id_reg_default
Compiling module xil_defaultlib.BASIC_if_id_reg_0_0
Compiling module xil_defaultlib.pc_to_imem_addr(ADDR_W=11)
Compiling module xil_defaultlib.BASIC_pc_to_imem_addr_0_0
Compiling module xil_defaultlib.pc_unit
Compiling module xil_defaultlib.BASIC_pc_unit_0_0
Compiling module xil_defaultlib.BASIC_util_vector_logic_1_0
Compiling module util_vector_logic_v2_0_1.util_vector_logic_v2_0_1_util_ve...
Compiling module xil_defaultlib.BASIC_util_vector_logic_2_1
Compiling module xil_defaultlib.BASIC_util_vector_logic_3_0
Compiling module xlconstant_v1_1_7.xlconstant_v1_1_7_xlconstant(CON...
Compiling module xil_defaultlib.BASIC_xlconstant_2_0
Compiling module xil_defaultlib.RV32I_IF_imp_136QK4M
Compiling module xil_defaultlib.mem_stage
Compiling module xil_defaultlib.BASIC_mem_stage_0_0
Compiling module xil_defaultlib.mem_wb_reg
Compiling module xil_defaultlib.BASIC_mem_wb_reg_0_0
Compiling module xil_defaultlib.regfile_we_gen
Compiling module xil_defaultlib.BASIC_regfile_we_gen_0_0
Compiling module xil_defaultlib.BASIC_xlconstant_3_0
Compiling module xil_defaultlib.RV32I_MEM_imp_12Q40FU
Compiling module xil_defaultlib.wb_mux
Compiling module xil_defaultlib.BASIC_wb_mux_0_0
Compiling module xil_defaultlib.RV32I_WB_imp_98K1CZ
Compiling module xil_defaultlib.BASIC_ila_0_0
Compiling module xil_defaultlib.load_use_detection
Compiling module xil_defaultlib.BASIC_load_use_detection_0_0
Compiling module xil_defaultlib.priority_branch_OR_load_use
Compiling module xil_defaultlib.BASIC_priority_branch_OR_l_0_0
Compiling module xil_defaultlib.Core_RV32I_imp_1VYNK5M
Compiling module xil_defaultlib.gpio
Compiling module xil_defaultlib.BASIC_gpio_0_0
Compiling module xil_defaultlib.GPIO_imp_GTDX3I
Compiling module xil_defaultlib.mmio
Compiling module xil_defaultlib.BASIC_mmio_0_0
Compiling module util_vector_logic_v2_0_1.util_vector_logic_v2_0_1_util_ve...
Compiling module xil_defaultlib.BASIC_util_vector_logic_2_2
Compiling module xil_defaultlib.BASIC_xlconstant_3_1
Compiling module xil_defaultlib.MMIO_imp_LNKWBU
Compiling module xil_defaultlib.ram_data(WORDS=1024)
Compiling module xil_defaultlib.BASIC_ram_data_1_0
Compiling module xil_defaultlib.RV32I_RAM_MEMORY_imp_1A3BT4W
Compiling module xil_defaultlib.uart_tx(CLK_FREQ=10000000)
Compiling module xil_defaultlib.BASIC_uart_tx_0_0
Compiling module xil_defaultlib.UART_imp_OI5LS
Compiling architecture fdre_v of entity unisim.FDRE [fdre_default]
Compiling architecture fdre_v of entity unisim.FDRE [\FDRE(init='1')\]
Compiling architecture fdr_v of entity unisim.FDR [fdr_default]
Compiling architecture implementation of entity lib_cdc_v1_0_2.cdc_sync [\cdc_sync(c_vector_width=2,c_mtb...]
Compiling architecture srl16e_v of entity unisim.SRL16E [\SRL16E(init="1111111111111111")...]
Compiling architecture srl16_v of entity unisim.SRL16 [\SRL16(init="1111111111111111")(...]
Compiling architecture imp of entity proc_sys_reset_v5_0_13.lpf [\lpf(c_ext_rst_width=4,c_aux_rst...]
Compiling architecture imp of entity proc_sys_reset_v5_0_13.upcnt_n [\upcnt_n(c_size=6)\]
Compiling architecture imp of entity proc_sys_reset_v5_0_13.sequence_psr [sequence_psr_default]
Compiling architecture imp of entity proc_sys_reset_v5_0_13.proc_sys_reset [\proc_sys_reset(c_family="zynqup...]
Compiling architecture basic_proc_sys_reset_0_0_arch of entity xil_defaultlib.BASIC_proc_sys_reset_0_0 [basic_proc_sys_reset_0_0_default]
Compiling module xil_defaultlib.BASIC_util_vector_logic_2_0
Compiling module xil_defaultlib.BASIC_vio_0_0
Compiling module xil_defaultlib.BASIC_xlconstant_0_0
Compiling module xlslice_v1_0_2.xlslice_v1_0_2_xlslice(DIN_WIDTH...
Compiling module xil_defaultlib.BASIC_xlslice_0_0
Compiling module zynq_ultra_ps_e_vip_v1_0_7.zynq_ultra_ps_e_vip_v1_0_7_gen_r...
Compiling module zynq_ultra_ps_e_vip_v1_0_7.zynq_ultra_ps_e_vip_v1_0_7_gen_c...
Compiling module zynq_ultra_ps_e_vip_v1_0_7.zynq_ultra_ps_e_vip_v1_0_7_arb_w...
Compiling module zynq_ultra_ps_e_vip_v1_0_7.zynq_ultra_ps_e_vip_v1_0_7_arb_r...
Compiling module zynq_ultra_ps_e_vip_v1_0_7.zynq_ultra_ps_e_vip_v1_0_7_spars...
Compiling module zynq_ultra_ps_e_vip_v1_0_7.zynq_ultra_ps_e_vip_v1_0_7_ddrc_...
Compiling module zynq_ultra_ps_e_vip_v1_0_7.zynq_ultra_ps_e_vip_v1_0_7_ocm_m...
Compiling module zynq_ultra_ps_e_vip_v1_0_7.zynq_ultra_ps_e_vip_v1_0_7_ocmc_...
Compiling module zynq_ultra_ps_e_vip_v1_0_7.zynq_ultra_ps_e_vip_v1_0_7_reg_m...
Compiling module zynq_ultra_ps_e_vip_v1_0_7.zynq_ultra_ps_e_vip_v1_0_7_regc_...
Compiling module xilinx_vip.axi_vip_axi4pc(WADDR_WIDTH=40,RA...
Compiling module xilinx_vip.cb
Compiling module xilinx_vip.axi_vip_if(C_AXI_ADDR_WIDTH=40,C...
Compiling module axi_vip_v1_1_7.axi_vip_v1_1_7_top(C_AXI_INTERFA...
Compiling module zynq_ultra_ps_e_vip_v1_0_7.zynq_ultra_ps_e_vip_v1_0_7_axi_s...
Compiling module xilinx_vip.axi_vip_axi4pc(WADDR_WIDTH=40,RA...
Compiling module xilinx_vip.cb
Compiling module xilinx_vip.axi_vip_if(C_AXI_ADDR_WIDTH=40,C...
Compiling module axi_vip_v1_1_7.axi_vip_v1_1_7_top(C_AXI_INTERFA...
Compiling module zynq_ultra_ps_e_vip_v1_0_7.zynq_ultra_ps_e_vip_v1_0_7_axi_s...
Compiling module xilinx_vip.axi_vip_axi4pc(WADDR_WIDTH=40,RA...
Compiling module xilinx_vip.cb
Compiling module xilinx_vip.axi_vip_if(C_AXI_ADDR_WIDTH=40,C...
Compiling module axi_vip_v1_1_7.axi_vip_v1_1_7_top(C_AXI_INTERFA...
Compiling module zynq_ultra_ps_e_vip_v1_0_7.zynq_ultra_ps_e_vip_v1_0_7_axi_s...
Compiling module zynq_ultra_ps_e_vip_v1_0_7.zynq_ultra_ps_e_vip_v1_0_7_axi_s...
Compiling module zynq_ultra_ps_e_vip_v1_0_7.zynq_ultra_ps_e_vip_v1_0_7_axi_s...
Compiling module zynq_ultra_ps_e_vip_v1_0_7.zynq_ultra_ps_e_vip_v1_0_7_axi_s...
Compiling module zynq_ultra_ps_e_vip_v1_0_7.zynq_ultra_ps_e_vip_v1_0_7_axi_s...
Compiling module zynq_ultra_ps_e_vip_v1_0_7.zynq_ultra_ps_e_vip_v1_0_7_axi_s...
Compiling module zynq_ultra_ps_e_vip_v1_0_7.zynq_ultra_ps_e_vip_v1_0_7_axi_s...
Compiling module xilinx_vip.axi_vip_axi4pc(WADDR_WIDTH=40,RA...
Compiling module xilinx_vip.cb
Compiling module xilinx_vip.axi_vip_if(C_AXI_ADDR_WIDTH=40,C...
Compiling module axi_vip_v1_1_7.axi_vip_v1_1_7_top(C_AXI_INTERFA...
Compiling module zynq_ultra_ps_e_vip_v1_0_7.zynq_ultra_ps_e_vip_v1_0_7_axi_m...
Compiling module xilinx_vip.axi_vip_axi4pc(WADDR_WIDTH=40,RA...
Compiling module xilinx_vip.cb
Compiling module xilinx_vip.axi_vip_if(C_AXI_ADDR_WIDTH=40,C...
Compiling module axi_vip_v1_1_7.axi_vip_v1_1_7_top(C_AXI_INTERFA...
Compiling module zynq_ultra_ps_e_vip_v1_0_7.zynq_ultra_ps_e_vip_v1_0_7_axi_m...
Compiling module zynq_ultra_ps_e_vip_v1_0_7.zynq_ultra_ps_e_vip_v1_0_7_axi_m...
Compiling module zynq_ultra_ps_e_vip_v1_0_7.zynq_ultra_ps_e_vip_v1_0_7_arb_w...
Compiling module zynq_ultra_ps_e_vip_v1_0_7.zynq_ultra_ps_e_vip_v1_0_7_arb_r...
Compiling module zynq_ultra_ps_e_vip_v1_0_7.zynq_ultra_ps_e_vip_v1_0_7_arb_r...
Compiling module zynq_ultra_ps_e_vip_v1_0_7.zynq_ultra_ps_e_vip_v1_0_7_ddr_i...
Compiling module zynq_ultra_ps_e_vip_v1_0_7.zynq_ultra_ps_e_vip_v1_0_7_inter...
Compiling module zynq_ultra_ps_e_vip_v1_0_7.zynq_ultra_ps_e_vip_v1_0_7(C_FCL...
Compiling module xil_defaultlib.BASIC_zynq_ultra_ps_e_0_0
Compiling module xil_defaultlib.BASIC
Compiling module xil_defaultlib.BASIC_wrapper
Compiling module xil_defaultlib.glbl
Built simulation snapshot BASIC_wrapper_behav
