Duplicated file found; will not be sent for synthesis: /media/steckler/xilinx_linux/RISCV_ZYNQ/V2/RVI20U32/RISCV/RISCV.srcs/sources_1/bd/BASIC/ipshared/fcfc/hdl/xlconstant_v1_1_vl_rfs.v
Duplicated file found; will not be sent for synthesis: /media/steckler/xilinx_linux/RISCV_ZYNQ/V2/RVI20U32/RISCV/RISCV.srcs/sources_1/bd/BASIC/ipshared/2137/hdl/util_vector_logic_v2_0_vl_rfs.v
Duplicated file found; will not be sent for synthesis: /media/steckler/xilinx_linux/RISCV_ZYNQ/V2/RVI20U32/RISCV/RISCV.srcs/sources_1/bd/BASIC/ipshared/2985/hdl/blk_mem_gen_v8_4_vhsyn_rfs.vhd
Duplicated file found; will not be sent for synthesis: /media/steckler/xilinx_linux/RISCV_ZYNQ/V2/RVI20U32/RISCV/RISCV.srcs/sources_1/bd/BASIC/ipshared/1b7e/hdl/verilog/ltlib_v1_0_0_ver.vh
Duplicated file found; will not be sent for synthesis: /media/steckler/xilinx_linux/RISCV_ZYNQ/V2/RVI20U32/RISCV/RISCV.srcs/sources_1/bd/BASIC/ipshared/1b7e/hdl/verilog/ltlib_v1_0_0_lib_fn.vh
Duplicated file found; will not be sent for synthesis: /media/steckler/xilinx_linux/RISCV_ZYNQ/V2/RVI20U32/RISCV/RISCV.srcs/sources_1/bd/BASIC/ipshared/1b7e/hdl/ltlib_v1_0_vl_rfs.v
Duplicated file found; will not be sent for synthesis: /media/steckler/xilinx_linux/RISCV_ZYNQ/V2/RVI20U32/RISCV/RISCV.srcs/sources_1/bd/BASIC/ipshared/122e/hdl/verilog/xsdbs_v1_0_2_i2x.vh
Duplicated file found; will not be sent for synthesis: /media/steckler/xilinx_linux/RISCV_ZYNQ/V2/RVI20U32/RISCV/RISCV.srcs/sources_1/bd/BASIC/ipshared/122e/hdl/verilog/xsdbs_v1_0_2_in.vh
Duplicated file found; will not be sent for synthesis: /media/steckler/xilinx_linux/RISCV_ZYNQ/V2/RVI20U32/RISCV/RISCV.srcs/sources_1/bd/BASIC/ipshared/122e/hdl/xsdbs_v1_0_vl_rfs.v
Duplicated file found; will not be sent for synthesis: /media/steckler/xilinx_linux/RISCV_ZYNQ/V2/RVI20U32/RISCV/RISCV.srcs/sources_1/bd/BASIC/ipshared/2137/hdl/util_vector_logic_v2_0_vl_rfs.v
Duplicated file found; will not be sent for synthesis: /media/steckler/xilinx_linux/RISCV_ZYNQ/V2/RVI20U32/RISCV/RISCV.srcs/sources_1/bd/BASIC/ipshared/2137/hdl/util_vector_logic_v2_0_vl_rfs.v
Duplicated file found; will not be sent for synthesis: /media/steckler/xilinx_linux/RISCV_ZYNQ/V2/RVI20U32/RISCV/RISCV.srcs/sources_1/bd/BASIC/ipshared/fcfc/hdl/xlconstant_v1_1_vl_rfs.v
Duplicated file found; will not be sent for synthesis: /media/steckler/xilinx_linux/RISCV_ZYNQ/V2/RVI20U32/RISCV/RISCV.srcs/sources_1/bd/BASIC/ipshared/2137/hdl/util_vector_logic_v2_0_vl_rfs.v
Duplicated file found; will not be sent for synthesis: /media/steckler/xilinx_linux/RISCV_ZYNQ/V2/RVI20U32/RISCV/RISCV.srcs/sources_1/bd/BASIC/ipshared/2137/hdl/util_vector_logic_v2_0_vl_rfs.v
Duplicated file found; will not be sent for synthesis: /media/steckler/xilinx_linux/RISCV_ZYNQ/V2/RVI20U32/RISCV/RISCV.srcs/sources_1/bd/BASIC/ipshared/2137/hdl/util_vector_logic_v2_0_vl_rfs.v
Duplicated file found; will not be sent for synthesis: /media/steckler/xilinx_linux/RISCV_ZYNQ/V2/RVI20U32/RISCV/RISCV.srcs/sources_1/bd/BASIC/ipshared/fcfc/hdl/xlconstant_v1_1_vl_rfs.v
Duplicated file found; will not be sent for synthesis: /media/steckler/xilinx_linux/RISCV_ZYNQ/V2/RVI20U32/RISCV/RISCV.srcs/sources_1/bd/BASIC/ipshared/2137/hdl/util_vector_logic_v2_0_vl_rfs.v
Duplicated file found; will not be sent for synthesis: /media/steckler/xilinx_linux/RISCV_ZYNQ/V2/RVI20U32/RISCV/RISCV.srcs/sources_1/bd/BASIC/ipshared/fcfc/hdl/xlconstant_v1_1_vl_rfs.v
Duplicated file found; will not be sent for synthesis: /media/steckler/xilinx_linux/RISCV_ZYNQ/V2/RVI20U32/RISCV/RISCV.srcs/sources_1/bd/BASIC/ipshared/2137/hdl/util_vector_logic_v2_0_vl_rfs.v
Duplicated file found; will not be sent for synthesis: /media/steckler/xilinx_linux/RISCV_ZYNQ/V2/RVI20U32/RISCV/RISCV.srcs/sources_1/bd/BASIC/ipshared/2137/hdl/util_vector_logic_v2_0_vl_rfs.v
Duplicated file found; will not be sent for synthesis: /media/steckler/xilinx_linux/RISCV_ZYNQ/V2/RVI20U32/RISCV/RISCV.srcs/sources_1/bd/BASIC/ipshared/2137/hdl/util_vector_logic_v2_0_vl_rfs.v
Duplicated file found; will not be sent for synthesis: /media/steckler/xilinx_linux/RISCV_ZYNQ/V2/RVI20U32/RISCV/RISCV.srcs/sources_1/bd/BASIC/ipshared/2137/hdl/util_vector_logic_v2_0_vl_rfs.v
Duplicated file found; will not be sent for synthesis: /media/steckler/xilinx_linux/RISCV_ZYNQ/V2/RVI20U32/RISCV/RISCV.srcs/sources_1/bd/BASIC/ipshared/2137/hdl/util_vector_logic_v2_0_vl_rfs.v
CRC performance measure: elapsed=00:00:00s;;memory_peak=2966.898MB;;memory_gain=0.000MB
