INFO: [VRFC 10-2263] Analyzing SystemVerilog file "/media/steckler/xilinx_linux/RISCV_ZYNQ/RVI20U32/RVI20U32/CPU_V1/CPU_V1.srcs/sources_1/new/rv32i_mem_stage_types.sv" into library xil_defaultlib
INFO: [VRFC 10-2263] Analyzing SystemVerilog file "/media/steckler/xilinx_linux/RISCV_ZYNQ/RVI20U32/RVI20U32/CPU_V1/CPU_V1.srcs/sources_1/new/rv32i_mem_stage.sv" into library xil_defaultlib
INFO: [VRFC 10-311] analyzing module rv32i_mem_stage
INFO: [VRFC 10-2263] Analyzing SystemVerilog file "/media/steckler/xilinx_linux/RISCV_ZYNQ/RVI20U32/RVI20U32/CPU_V1/CPU_V1.srcs/sources_1/new/rv32i_mem_stage_flat.sv" into library xil_defaultlib
INFO: [VRFC 10-311] analyzing module rv32i_mem_stage_flat
INFO: [VRFC 10-2263] Analyzing Verilog file "/media/steckler/xilinx_linux/RISCV_ZYNQ/RVI20U32/RVI20U32/CPU_V1/CPU_V1.srcs/sources_1/new/rv32i_wb_mux_wrapper.v" into library xil_defaultlib
INFO: [VRFC 10-311] analyzing module rv32i_wb_mux_wrapper
INFO: [VRFC 10-2263] Analyzing Verilog file "/media/steckler/xilinx_linux/RISCV_ZYNQ/RVI20U32/RVI20U32/CPU_V1/CPU_V1.ip_user_files/bd/RISCV_SystemVerilog/ip/RISCV_SystemVerilog_pc_unit_wrapper_0_0/sim/RISCV_SystemVerilog_pc_unit_wrapper_0_0.v" into library xil_defaultlib
INFO: [VRFC 10-311] analyzing module RISCV_SystemVerilog_pc_unit_wrapper_0_0
INFO: [VRFC 10-2263] Analyzing Verilog file "/media/steckler/xilinx_linux/RISCV_ZYNQ/RVI20U32/RVI20U32/CPU_V1/CPU_V1.ip_user_files/bd/RISCV_SystemVerilog/ip/RISCV_SystemVerilog_pc_to_rom_addr_wrapp_0_0/sim/RISCV_SystemVerilog_pc_to_rom_addr_wrapp_0_0.v" into library xil_defaultlib
INFO: [VRFC 10-311] analyzing module RISCV_SystemVerilog_pc_to_rom_addr_wrapp_0_0
INFO: [VRFC 10-2263] Analyzing Verilog file "/media/steckler/xilinx_linux/RISCV_ZYNQ/RVI20U32/RVI20U32/CPU_V1/CPU_V1.ip_user_files/bd/RISCV_SystemVerilog/ip/RISCV_SystemVerilog_blk_mem_gen_0_0/sim/RISCV_SystemVerilog_blk_mem_gen_0_0.v" into library xil_defaultlib
INFO: [VRFC 10-311] analyzing module RISCV_SystemVerilog_blk_mem_gen_0_0
INFO: [VRFC 10-2263] Analyzing Verilog file "/media/steckler/xilinx_linux/RISCV_ZYNQ/RVI20U32/RVI20U32/CPU_V1/CPU_V1.ip_user_files/bd/RISCV_SystemVerilog/ip/RISCV_SystemVerilog_rv32i_if_id_reg_wrap_0_0/sim/RISCV_SystemVerilog_rv32i_if_id_reg_wrap_0_0.v" into library xil_defaultlib
INFO: [VRFC 10-311] analyzing module RISCV_SystemVerilog_rv32i_if_id_reg_wrap_0_0
INFO: [VRFC 10-2263] Analyzing Verilog file "/media/steckler/xilinx_linux/RISCV_ZYNQ/RVI20U32/RVI20U32/CPU_V1/CPU_V1.ip_user_files/bd/RISCV_SystemVerilog/ip/RISCV_SystemVerilog_util_vector_logic_0_0/sim/RISCV_SystemVerilog_util_vector_logic_0_0.v" into library xil_defaultlib
INFO: [VRFC 10-311] analyzing module RISCV_SystemVerilog_util_vector_logic_0_0
INFO: [VRFC 10-2263] Analyzing Verilog file "/media/steckler/xilinx_linux/RISCV_ZYNQ/RVI20U32/RVI20U32/CPU_V1/CPU_V1.ip_user_files/bd/RISCV_SystemVerilog/ip/RISCV_SystemVerilog_rv32i_decoder_wrapper_0_0/sim/RISCV_SystemVerilog_rv32i_decoder_wrapper_0_0.v" into library xil_defaultlib
INFO: [VRFC 10-311] analyzing module RISCV_SystemVerilog_rv32i_decoder_wrapper_0_0
INFO: [VRFC 10-2263] Analyzing Verilog file "/media/steckler/xilinx_linux/RISCV_ZYNQ/RVI20U32/RVI20U32/CPU_V1/CPU_V1.ip_user_files/bd/RISCV_SystemVerilog/ip/RISCV_SystemVerilog_rv32i_control_full_w_0_3/sim/RISCV_SystemVerilog_rv32i_control_full_w_0_3.v" into library xil_defaultlib
INFO: [VRFC 10-311] analyzing module RISCV_SystemVerilog_rv32i_control_full_w_0_3
INFO: [VRFC 10-2263] Analyzing Verilog file "/media/steckler/xilinx_linux/RISCV_ZYNQ/RVI20U32/RVI20U32/CPU_V1/CPU_V1.ip_user_files/bd/RISCV_SystemVerilog/ip/RISCV_SystemVerilog_rv32i_imm_mux_wrapper_0_0/sim/RISCV_SystemVerilog_rv32i_imm_mux_wrapper_0_0.v" into library xil_defaultlib
INFO: [VRFC 10-311] analyzing module RISCV_SystemVerilog_rv32i_imm_mux_wrapper_0_0
INFO: [VRFC 10-2263] Analyzing Verilog file "/media/steckler/xilinx_linux/RISCV_ZYNQ/RVI20U32/RVI20U32/CPU_V1/CPU_V1.ip_user_files/bd/RISCV_SystemVerilog/ip/RISCV_SystemVerilog_rv32i_regfile_wrapper_0_0/sim/RISCV_SystemVerilog_rv32i_regfile_wrapper_0_0.v" into library xil_defaultlib
INFO: [VRFC 10-311] analyzing module RISCV_SystemVerilog_rv32i_regfile_wrapper_0_0
INFO: [VRFC 10-2263] Analyzing Verilog file "/media/steckler/xilinx_linux/RISCV_ZYNQ/RVI20U32/RVI20U32/CPU_V1/CPU_V1.ip_user_files/bd/RISCV_SystemVerilog/ip/RISCV_SystemVerilog_rv32i_id_ex_reg_wrap_0_0/sim/RISCV_SystemVerilog_rv32i_id_ex_reg_wrap_0_0.v" into library xil_defaultlib
INFO: [VRFC 10-311] analyzing module RISCV_SystemVerilog_rv32i_id_ex_reg_wrap_0_0
INFO: [VRFC 10-2263] Analyzing Verilog file "/media/steckler/xilinx_linux/RISCV_ZYNQ/RVI20U32/RVI20U32/CPU_V1/CPU_V1.ip_user_files/bd/RISCV_SystemVerilog/ip/RISCV_SystemVerilog_rv32i_operand_a_mux_0_0/sim/RISCV_SystemVerilog_rv32i_operand_a_mux_0_0.v" into library xil_defaultlib
INFO: [VRFC 10-311] analyzing module RISCV_SystemVerilog_rv32i_operand_a_mux_0_0
INFO: [VRFC 10-2263] Analyzing Verilog file "/media/steckler/xilinx_linux/RISCV_ZYNQ/RVI20U32/RVI20U32/CPU_V1/CPU_V1.ip_user_files/bd/RISCV_SystemVerilog/ip/RISCV_SystemVerilog_rv32i_operand_b_mux_0_0/sim/RISCV_SystemVerilog_rv32i_operand_b_mux_0_0.v" into library xil_defaultlib
INFO: [VRFC 10-311] analyzing module RISCV_SystemVerilog_rv32i_operand_b_mux_0_0
INFO: [VRFC 10-2263] Analyzing Verilog file "/media/steckler/xilinx_linux/RISCV_ZYNQ/RVI20U32/RVI20U32/CPU_V1/CPU_V1.ip_user_files/bd/RISCV_SystemVerilog/ip/RISCV_SystemVerilog_rv32i_alu_wrapper_0_0/sim/RISCV_SystemVerilog_rv32i_alu_wrapper_0_0.v" into library xil_defaultlib
INFO: [VRFC 10-311] analyzing module RISCV_SystemVerilog_rv32i_alu_wrapper_0_0
INFO: [VRFC 10-2263] Analyzing Verilog file "/media/steckler/xilinx_linux/RISCV_ZYNQ/RVI20U32/RVI20U32/CPU_V1/CPU_V1.ip_user_files/bd/RISCV_SystemVerilog/ip/RISCV_SystemVerilog_rv32i_branch_unit_wr_0_0/sim/RISCV_SystemVerilog_rv32i_branch_unit_wr_0_0.v" into library xil_defaultlib
INFO: [VRFC 10-311] analyzing module RISCV_SystemVerilog_rv32i_branch_unit_wr_0_0
INFO: [VRFC 10-2263] Analyzing Verilog file "/media/steckler/xilinx_linux/RISCV_ZYNQ/RVI20U32/RVI20U32/CPU_V1/CPU_V1.ip_user_files/bd/RISCV_SystemVerilog/ip/RISCV_SystemVerilog_rv32i_ex_mem_reg_wra_0_0/sim/RISCV_SystemVerilog_rv32i_ex_mem_reg_wra_0_0.v" into library xil_defaultlib
INFO: [VRFC 10-311] analyzing module RISCV_SystemVerilog_rv32i_ex_mem_reg_wra_0_0
INFO: [VRFC 10-2263] Analyzing Verilog file "/media/steckler/xilinx_linux/RISCV_ZYNQ/RVI20U32/RVI20U32/CPU_V1/CPU_V1.ip_user_files/bd/RISCV_SystemVerilog/ip/RISCV_SystemVerilog_xlconstant_0_0/sim/RISCV_SystemVerilog_xlconstant_0_0.v" into library xil_defaultlib
INFO: [VRFC 10-311] analyzing module RISCV_SystemVerilog_xlconstant_0_0
INFO: [VRFC 10-2263] Analyzing Verilog file "/media/steckler/xilinx_linux/RISCV_ZYNQ/RVI20U32/RVI20U32/CPU_V1/CPU_V1.ip_user_files/bd/RISCV_SystemVerilog/ip/RISCV_SystemVerilog_rv32i_mem_stage_wrap_0_0/sim/RISCV_SystemVerilog_rv32i_mem_stage_wrap_0_0.v" into library xil_defaultlib
INFO: [VRFC 10-311] analyzing module RISCV_SystemVerilog_rv32i_mem_stage_wrap_0_0
INFO: [VRFC 10-2263] Analyzing Verilog file "/media/steckler/xilinx_linux/RISCV_ZYNQ/RVI20U32/RVI20U32/CPU_V1/CPU_V1.ip_user_files/bd/RISCV_SystemVerilog/ip/RISCV_SystemVerilog_rv32i_ram_datav_wrap_0_0/sim/RISCV_SystemVerilog_rv32i_ram_datav_wrap_0_0.v" into library xil_defaultlib
INFO: [VRFC 10-311] analyzing module RISCV_SystemVerilog_rv32i_ram_datav_wrap_0_0
INFO: [VRFC 10-2263] Analyzing Verilog file "/media/steckler/xilinx_linux/RISCV_ZYNQ/RVI20U32/RVI20U32/CPU_V1/CPU_V1.ip_user_files/bd/RISCV_SystemVerilog/ip/RISCV_SystemVerilog_rv32i_load_extender_0_0/sim/RISCV_SystemVerilog_rv32i_load_extender_0_0.v" into library xil_defaultlib
INFO: [VRFC 10-311] analyzing module RISCV_SystemVerilog_rv32i_load_extender_0_0
INFO: [VRFC 10-2263] Analyzing Verilog file "/media/steckler/xilinx_linux/RISCV_ZYNQ/RVI20U32/RVI20U32/CPU_V1/CPU_V1.ip_user_files/bd/RISCV_SystemVerilog/ip/RISCV_SystemVerilog_rv32i_mem_wb_reg_wra_0_0/sim/RISCV_SystemVerilog_rv32i_mem_wb_reg_wra_0_0.v" into library xil_defaultlib
INFO: [VRFC 10-311] analyzing module RISCV_SystemVerilog_rv32i_mem_wb_reg_wra_0_0
INFO: [VRFC 10-2263] Analyzing Verilog file "/media/steckler/xilinx_linux/RISCV_ZYNQ/RVI20U32/RVI20U32/CPU_V1/CPU_V1.ip_user_files/bd/RISCV_SystemVerilog/ip/RISCV_SystemVerilog_xlslice_0_2/sim/RISCV_SystemVerilog_xlslice_0_2.v" into library xil_defaultlib
INFO: [VRFC 10-311] analyzing module RISCV_SystemVerilog_xlslice_0_2
INFO: [VRFC 10-2263] Analyzing Verilog file "/media/steckler/xilinx_linux/RISCV_ZYNQ/RVI20U32/RVI20U32/CPU_V1/CPU_V1.ip_user_files/bd/RISCV_SystemVerilog/ip/RISCV_SystemVerilog_rv32i_wb_mux_wrapper_0_0/sim/RISCV_SystemVerilog_rv32i_wb_mux_wrapper_0_0.v" into library xil_defaultlib
INFO: [VRFC 10-311] analyzing module RISCV_SystemVerilog_rv32i_wb_mux_wrapper_0_0
INFO: [VRFC 10-2263] Analyzing Verilog file "/media/steckler/xilinx_linux/RISCV_ZYNQ/RVI20U32/RVI20U32/CPU_V1/CPU_V1.ip_user_files/bd/RISCV_SystemVerilog/ip/RISCV_SystemVerilog_xlconstant_0_1/sim/RISCV_SystemVerilog_xlconstant_0_1.v" into library xil_defaultlib
INFO: [VRFC 10-311] analyzing module RISCV_SystemVerilog_xlconstant_0_1
INFO: [VRFC 10-2263] Analyzing Verilog file "/media/steckler/xilinx_linux/RISCV_ZYNQ/RVI20U32/RVI20U32/CPU_V1/CPU_V1.ip_user_files/bd/RISCV_SystemVerilog/ip/RISCV_SystemVerilog_vio_0_0/sim/RISCV_SystemVerilog_vio_0_0.v" into library xil_defaultlib
INFO: [VRFC 10-311] analyzing module RISCV_SystemVerilog_vio_0_0
INFO: [VRFC 10-2263] Analyzing Verilog file "/media/steckler/xilinx_linux/RISCV_ZYNQ/RVI20U32/RVI20U32/CPU_V1/CPU_V1.ip_user_files/bd/RISCV_SystemVerilog/ip/RISCV_SystemVerilog_util_vector_logic_0_1/sim/RISCV_SystemVerilog_util_vector_logic_0_1.v" into library xil_defaultlib
INFO: [VRFC 10-311] analyzing module RISCV_SystemVerilog_util_vector_logic_0_1
INFO: [VRFC 10-2263] Analyzing Verilog file "/media/steckler/xilinx_linux/RISCV_ZYNQ/RVI20U32/RVI20U32/CPU_V1/CPU_V1.ip_user_files/bd/RISCV_SystemVerilog/ip/RISCV_SystemVerilog_zynq_ultra_ps_e_1_0/sim/RISCV_SystemVerilog_zynq_ultra_ps_e_1_0_vip_wrapper.v" into library xil_defaultlib
INFO: [VRFC 10-311] analyzing module RISCV_SystemVerilog_zynq_ultra_ps_e_1_0
INFO: [VRFC 10-2458] undeclared symbol pl_clk2, assumed default net type wire [/media/steckler/xilinx_linux/RISCV_ZYNQ/RVI20U32/RVI20U32/CPU_V1/CPU_V1.ip_user_files/bd/RISCV_SystemVerilog/ip/RISCV_SystemVerilog_zynq_ultra_ps_e_1_0/sim/RISCV_SystemVerilog_zynq_ultra_ps_e_1_0_vip_wrapper.v:192]
INFO: [VRFC 10-2458] undeclared symbol pl_clk3, assumed default net type wire [/media/steckler/xilinx_linux/RISCV_ZYNQ/RVI20U32/RVI20U32/CPU_V1/CPU_V1.ip_user_files/bd/RISCV_SystemVerilog/ip/RISCV_SystemVerilog_zynq_ultra_ps_e_1_0/sim/RISCV_SystemVerilog_zynq_ultra_ps_e_1_0_vip_wrapper.v:194]
INFO: [VRFC 10-2263] Analyzing Verilog file "/media/steckler/xilinx_linux/RISCV_ZYNQ/RVI20U32/RVI20U32/CPU_V1/CPU_V1.ip_user_files/bd/RISCV_SystemVerilog/ip/RISCV_SystemVerilog_xlconstant_0_2/sim/RISCV_SystemVerilog_xlconstant_0_2.v" into library xil_defaultlib
INFO: [VRFC 10-311] analyzing module RISCV_SystemVerilog_xlconstant_0_2
INFO: [VRFC 10-2263] Analyzing Verilog file "/media/steckler/xilinx_linux/RISCV_ZYNQ/RVI20U32/RVI20U32/CPU_V1/CPU_V1.ip_user_files/bd/RISCV_SystemVerilog/sim/RISCV_SystemVerilog.v" into library xil_defaultlib
INFO: [VRFC 10-311] analyzing module RISCV_SystemVerilog
INFO: [VRFC 10-311] analyzing module RV32I_EX_imp_159D1QK
INFO: [VRFC 10-311] analyzing module RV32I_ID_imp_141HFYN
INFO: [VRFC 10-311] analyzing module RV32I_IF_imp_P41UV7
INFO: [VRFC 10-311] analyzing module RV32I_MEM_imp_4PECDB
INFO: [VRFC 10-311] analyzing module RV32I_RESET_imp_M13CS2
INFO: [VRFC 10-311] analyzing module RV32I_WB_imp_12X75AE
INFO: [VRFC 10-2263] Analyzing Verilog file "/media/steckler/xilinx_linux/RISCV_ZYNQ/RVI20U32/RVI20U32/CPU_V1/CPU_V1.srcs/sources_1/bd/RISCV_SystemVerilog/hdl/RISCV_SystemVerilog_wrapper.v" into library xil_defaultlib
INFO: [VRFC 10-311] analyzing module RISCV_SystemVerilog_wrapper
