Vivado Simulator 2020.1
Copyright 1986-1999, 2001-2020 Xilinx, Inc. All Rights Reserved.
Running: /media/steckler/xilinx_linux/vivado_2020.1/Vivado/2020.1/bin/unwrapped/lnx64.o/xelab -wto 9575f41180e14107b52ae1c793f66669 --incr --debug typical --relax --mt 8 -L xil_defaultlib -L axi_infrastructure_v1_1_0 -L axi_vip_v1_1_7 -L zynq_ultra_ps_e_vip_v1_0_7 -L lib_cdc_v1_0_2 -L proc_sys_reset_v5_0_13 -L xlconstant_v1_1_7 -L util_vector_logic_v2_0_1 -L blk_mem_gen_v8_4_4 -L xilinx_vip -L unisims_ver -L unimacro_ver -L secureip -L xpm --snapshot Section_debug_wrapper_behav xil_defaultlib.Section_debug_wrapper xil_defaultlib.glbl -log elaborate.log 
Using 8 slave threads.
Starting static elaboration
Pass Through NonSizing Optimizer
WARNING: [VRFC 10-3091] actual bit length 32 differs from formal bit length 128 for port 'MAXIGP0WDATA' [/media/steckler/xilinx_linux/SDR_custom/SDR/Software/SDR_Firmware/CPU_N1_ONECYCLE_RISCV_2020_1_MYIR_BRAM_DP/CPU_V1/CPU_V1.ip_user_files/bd/Section_debug/ip/Section_debug_zynq_ultra_ps_e_1_0/sim/Section_debug_zynq_ultra_ps_e_1_0_vip_wrapper.v:254]
WARNING: [VRFC 10-3091] actual bit length 4 differs from formal bit length 16 for port 'MAXIGP0WSTRB' [/media/steckler/xilinx_linux/SDR_custom/SDR/Software/SDR_Firmware/CPU_N1_ONECYCLE_RISCV_2020_1_MYIR_BRAM_DP/CPU_V1/CPU_V1.ip_user_files/bd/Section_debug/ip/Section_debug_zynq_ultra_ps_e_1_0/sim/Section_debug_zynq_ultra_ps_e_1_0_vip_wrapper.v:262]
WARNING: [VRFC 10-3091] actual bit length 32 differs from formal bit length 128 for port 'MAXIGP0RDATA' [/media/steckler/xilinx_linux/SDR_custom/SDR/Software/SDR_Firmware/CPU_N1_ONECYCLE_RISCV_2020_1_MYIR_BRAM_DP/CPU_V1/CPU_V1.ip_user_files/bd/Section_debug/ip/Section_debug_zynq_ultra_ps_e_1_0/sim/Section_debug_zynq_ultra_ps_e_1_0_vip_wrapper.v:274]
WARNING: [VRFC 10-3091] actual bit length 12 differs from formal bit length 16 for port 'MAXIGP1BID' [/media/steckler/xilinx_linux/SDR_custom/SDR/Software/SDR_Firmware/CPU_N1_ONECYCLE_RISCV_2020_1_MYIR_BRAM_DP/CPU_V1/CPU_V1.ip_user_files/bd/Section_debug/ip/Section_debug_zynq_ultra_ps_e_1_0/sim/Section_debug_zynq_ultra_ps_e_1_0_vip_wrapper.v:310]
WARNING: [VRFC 10-3091] actual bit length 12 differs from formal bit length 16 for port 'MAXIGP1RID' [/media/steckler/xilinx_linux/SDR_custom/SDR/Software/SDR_Firmware/CPU_N1_ONECYCLE_RISCV_2020_1_MYIR_BRAM_DP/CPU_V1/CPU_V1.ip_user_files/bd/Section_debug/ip/Section_debug_zynq_ultra_ps_e_1_0/sim/Section_debug_zynq_ultra_ps_e_1_0_vip_wrapper.v:311]
WARNING: [VRFC 10-3091] actual bit length 32 differs from formal bit length 128 for port 'MAXIGP1RDATA' [/media/steckler/xilinx_linux/SDR_custom/SDR/Software/SDR_Firmware/CPU_N1_ONECYCLE_RISCV_2020_1_MYIR_BRAM_DP/CPU_V1/CPU_V1.ip_user_files/bd/Section_debug/ip/Section_debug_zynq_ultra_ps_e_1_0/sim/Section_debug_zynq_ultra_ps_e_1_0_vip_wrapper.v:314]
WARNING: [VRFC 10-3091] actual bit length 12 differs from formal bit length 16 for port 'MAXIGP2BID' [/media/steckler/xilinx_linux/SDR_custom/SDR/Software/SDR_Firmware/CPU_N1_ONECYCLE_RISCV_2020_1_MYIR_BRAM_DP/CPU_V1/CPU_V1.ip_user_files/bd/Section_debug/ip/Section_debug_zynq_ultra_ps_e_1_0/sim/Section_debug_zynq_ultra_ps_e_1_0_vip_wrapper.v:351]
WARNING: [VRFC 10-3091] actual bit length 12 differs from formal bit length 16 for port 'MAXIGP2RID' [/media/steckler/xilinx_linux/SDR_custom/SDR/Software/SDR_Firmware/CPU_N1_ONECYCLE_RISCV_2020_1_MYIR_BRAM_DP/CPU_V1/CPU_V1.ip_user_files/bd/Section_debug/ip/Section_debug_zynq_ultra_ps_e_1_0/sim/Section_debug_zynq_ultra_ps_e_1_0_vip_wrapper.v:352]
WARNING: [VRFC 10-3091] actual bit length 32 differs from formal bit length 128 for port 'MAXIGP2RDATA' [/media/steckler/xilinx_linux/SDR_custom/SDR/Software/SDR_Firmware/CPU_N1_ONECYCLE_RISCV_2020_1_MYIR_BRAM_DP/CPU_V1/CPU_V1.ip_user_files/bd/Section_debug/ip/Section_debug_zynq_ultra_ps_e_1_0/sim/Section_debug_zynq_ultra_ps_e_1_0_vip_wrapper.v:355]
WARNING: [VRFC 10-3091] actual bit length 2 differs from formal bit length 1 for port 'SAXIGP0ARLOCK' [/media/steckler/xilinx_linux/SDR_custom/SDR/Software/SDR_Firmware/CPU_N1_ONECYCLE_RISCV_2020_1_MYIR_BRAM_DP/CPU_V1/CPU_V1.ip_user_files/bd/Section_debug/ip/Section_debug_zynq_ultra_ps_e_1_0/sim/Section_debug_zynq_ultra_ps_e_1_0_vip_wrapper.v:382]
WARNING: [VRFC 10-3091] actual bit length 2 differs from formal bit length 1 for port 'SAXIGP0AWLOCK' [/media/steckler/xilinx_linux/SDR_custom/SDR/Software/SDR_Firmware/CPU_N1_ONECYCLE_RISCV_2020_1_MYIR_BRAM_DP/CPU_V1/CPU_V1.ip_user_files/bd/Section_debug/ip/Section_debug_zynq_ultra_ps_e_1_0/sim/Section_debug_zynq_ultra_ps_e_1_0_vip_wrapper.v:385]
WARNING: [VRFC 10-3091] actual bit length 32 differs from formal bit length 40 for port 'SAXIGP0ARADDR' [/media/steckler/xilinx_linux/SDR_custom/SDR/Software/SDR_Firmware/CPU_N1_ONECYCLE_RISCV_2020_1_MYIR_BRAM_DP/CPU_V1/CPU_V1.ip_user_files/bd/Section_debug/ip/Section_debug_zynq_ultra_ps_e_1_0/sim/Section_debug_zynq_ultra_ps_e_1_0_vip_wrapper.v:389]
WARNING: [VRFC 10-3091] actual bit length 32 differs from formal bit length 40 for port 'SAXIGP0AWADDR' [/media/steckler/xilinx_linux/SDR_custom/SDR/Software/SDR_Firmware/CPU_N1_ONECYCLE_RISCV_2020_1_MYIR_BRAM_DP/CPU_V1/CPU_V1.ip_user_files/bd/Section_debug/ip/Section_debug_zynq_ultra_ps_e_1_0/sim/Section_debug_zynq_ultra_ps_e_1_0_vip_wrapper.v:390]
WARNING: [VRFC 10-3091] actual bit length 32 differs from formal bit length 128 for port 'SAXIGP0WDATA' [/media/steckler/xilinx_linux/SDR_custom/SDR/Software/SDR_Firmware/CPU_N1_ONECYCLE_RISCV_2020_1_MYIR_BRAM_DP/CPU_V1/CPU_V1.ip_user_files/bd/Section_debug/ip/Section_debug_zynq_ultra_ps_e_1_0/sim/Section_debug_zynq_ultra_ps_e_1_0_vip_wrapper.v:391]
WARNING: [VRFC 10-3091] actual bit length 4 differs from formal bit length 8 for port 'SAXIGP0ARLEN' [/media/steckler/xilinx_linux/SDR_custom/SDR/Software/SDR_Firmware/CPU_N1_ONECYCLE_RISCV_2020_1_MYIR_BRAM_DP/CPU_V1/CPU_V1.ip_user_files/bd/Section_debug/ip/Section_debug_zynq_ultra_ps_e_1_0/sim/Section_debug_zynq_ultra_ps_e_1_0_vip_wrapper.v:393]
WARNING: [VRFC 10-3091] actual bit length 4 differs from formal bit length 8 for port 'SAXIGP0AWLEN' [/media/steckler/xilinx_linux/SDR_custom/SDR/Software/SDR_Firmware/CPU_N1_ONECYCLE_RISCV_2020_1_MYIR_BRAM_DP/CPU_V1/CPU_V1.ip_user_files/bd/Section_debug/ip/Section_debug_zynq_ultra_ps_e_1_0/sim/Section_debug_zynq_ultra_ps_e_1_0_vip_wrapper.v:396]
WARNING: [VRFC 10-3091] actual bit length 4 differs from formal bit length 16 for port 'SAXIGP0WSTRB' [/media/steckler/xilinx_linux/SDR_custom/SDR/Software/SDR_Firmware/CPU_N1_ONECYCLE_RISCV_2020_1_MYIR_BRAM_DP/CPU_V1/CPU_V1.ip_user_files/bd/Section_debug/ip/Section_debug_zynq_ultra_ps_e_1_0/sim/Section_debug_zynq_ultra_ps_e_1_0_vip_wrapper.v:398]
WARNING: [VRFC 10-3091] actual bit length 2 differs from formal bit length 1 for port 'SAXIGP1ARLOCK' [/media/steckler/xilinx_linux/SDR_custom/SDR/Software/SDR_Firmware/CPU_N1_ONECYCLE_RISCV_2020_1_MYIR_BRAM_DP/CPU_V1/CPU_V1.ip_user_files/bd/Section_debug/ip/Section_debug_zynq_ultra_ps_e_1_0/sim/Section_debug_zynq_ultra_ps_e_1_0_vip_wrapper.v:427]
WARNING: [VRFC 10-3091] actual bit length 2 differs from formal bit length 1 for port 'SAXIGP1AWLOCK' [/media/steckler/xilinx_linux/SDR_custom/SDR/Software/SDR_Firmware/CPU_N1_ONECYCLE_RISCV_2020_1_MYIR_BRAM_DP/CPU_V1/CPU_V1.ip_user_files/bd/Section_debug/ip/Section_debug_zynq_ultra_ps_e_1_0/sim/Section_debug_zynq_ultra_ps_e_1_0_vip_wrapper.v:430]
WARNING: [VRFC 10-3091] actual bit length 32 differs from formal bit length 40 for port 'SAXIGP1ARADDR' [/media/steckler/xilinx_linux/SDR_custom/SDR/Software/SDR_Firmware/CPU_N1_ONECYCLE_RISCV_2020_1_MYIR_BRAM_DP/CPU_V1/CPU_V1.ip_user_files/bd/Section_debug/ip/Section_debug_zynq_ultra_ps_e_1_0/sim/Section_debug_zynq_ultra_ps_e_1_0_vip_wrapper.v:434]
WARNING: [VRFC 10-3091] actual bit length 32 differs from formal bit length 40 for port 'SAXIGP1AWADDR' [/media/steckler/xilinx_linux/SDR_custom/SDR/Software/SDR_Firmware/CPU_N1_ONECYCLE_RISCV_2020_1_MYIR_BRAM_DP/CPU_V1/CPU_V1.ip_user_files/bd/Section_debug/ip/Section_debug_zynq_ultra_ps_e_1_0/sim/Section_debug_zynq_ultra_ps_e_1_0_vip_wrapper.v:435]
WARNING: [VRFC 10-3091] actual bit length 32 differs from formal bit length 128 for port 'SAXIGP1WDATA' [/media/steckler/xilinx_linux/SDR_custom/SDR/Software/SDR_Firmware/CPU_N1_ONECYCLE_RISCV_2020_1_MYIR_BRAM_DP/CPU_V1/CPU_V1.ip_user_files/bd/Section_debug/ip/Section_debug_zynq_ultra_ps_e_1_0/sim/Section_debug_zynq_ultra_ps_e_1_0_vip_wrapper.v:436]
WARNING: [VRFC 10-3091] actual bit length 4 differs from formal bit length 8 for port 'SAXIGP1ARLEN' [/media/steckler/xilinx_linux/SDR_custom/SDR/Software/SDR_Firmware/CPU_N1_ONECYCLE_RISCV_2020_1_MYIR_BRAM_DP/CPU_V1/CPU_V1.ip_user_files/bd/Section_debug/ip/Section_debug_zynq_ultra_ps_e_1_0/sim/Section_debug_zynq_ultra_ps_e_1_0_vip_wrapper.v:438]
WARNING: [VRFC 10-3091] actual bit length 4 differs from formal bit length 8 for port 'SAXIGP1AWLEN' [/media/steckler/xilinx_linux/SDR_custom/SDR/Software/SDR_Firmware/CPU_N1_ONECYCLE_RISCV_2020_1_MYIR_BRAM_DP/CPU_V1/CPU_V1.ip_user_files/bd/Section_debug/ip/Section_debug_zynq_ultra_ps_e_1_0/sim/Section_debug_zynq_ultra_ps_e_1_0_vip_wrapper.v:441]
WARNING: [VRFC 10-3091] actual bit length 4 differs from formal bit length 16 for port 'SAXIGP1WSTRB' [/media/steckler/xilinx_linux/SDR_custom/SDR/Software/SDR_Firmware/CPU_N1_ONECYCLE_RISCV_2020_1_MYIR_BRAM_DP/CPU_V1/CPU_V1.ip_user_files/bd/Section_debug/ip/Section_debug_zynq_ultra_ps_e_1_0/sim/Section_debug_zynq_ultra_ps_e_1_0_vip_wrapper.v:443]
WARNING: [VRFC 10-3091] actual bit length 2 differs from formal bit length 1 for port 'SAXIGP2ARLOCK' [/media/steckler/xilinx_linux/SDR_custom/SDR/Software/SDR_Firmware/CPU_N1_ONECYCLE_RISCV_2020_1_MYIR_BRAM_DP/CPU_V1/CPU_V1.ip_user_files/bd/Section_debug/ip/Section_debug_zynq_ultra_ps_e_1_0/sim/Section_debug_zynq_ultra_ps_e_1_0_vip_wrapper.v:472]
WARNING: [VRFC 10-3091] actual bit length 2 differs from formal bit length 1 for port 'SAXIGP2AWLOCK' [/media/steckler/xilinx_linux/SDR_custom/SDR/Software/SDR_Firmware/CPU_N1_ONECYCLE_RISCV_2020_1_MYIR_BRAM_DP/CPU_V1/CPU_V1.ip_user_files/bd/Section_debug/ip/Section_debug_zynq_ultra_ps_e_1_0/sim/Section_debug_zynq_ultra_ps_e_1_0_vip_wrapper.v:475]
WARNING: [VRFC 10-3091] actual bit length 32 differs from formal bit length 40 for port 'SAXIGP2ARADDR' [/media/steckler/xilinx_linux/SDR_custom/SDR/Software/SDR_Firmware/CPU_N1_ONECYCLE_RISCV_2020_1_MYIR_BRAM_DP/CPU_V1/CPU_V1.ip_user_files/bd/Section_debug/ip/Section_debug_zynq_ultra_ps_e_1_0/sim/Section_debug_zynq_ultra_ps_e_1_0_vip_wrapper.v:479]
WARNING: [VRFC 10-3091] actual bit length 32 differs from formal bit length 40 for port 'SAXIGP2AWADDR' [/media/steckler/xilinx_linux/SDR_custom/SDR/Software/SDR_Firmware/CPU_N1_ONECYCLE_RISCV_2020_1_MYIR_BRAM_DP/CPU_V1/CPU_V1.ip_user_files/bd/Section_debug/ip/Section_debug_zynq_ultra_ps_e_1_0/sim/Section_debug_zynq_ultra_ps_e_1_0_vip_wrapper.v:480]
WARNING: [VRFC 10-3091] actual bit length 32 differs from formal bit length 128 for port 'SAXIGP2WDATA' [/media/steckler/xilinx_linux/SDR_custom/SDR/Software/SDR_Firmware/CPU_N1_ONECYCLE_RISCV_2020_1_MYIR_BRAM_DP/CPU_V1/CPU_V1.ip_user_files/bd/Section_debug/ip/Section_debug_zynq_ultra_ps_e_1_0/sim/Section_debug_zynq_ultra_ps_e_1_0_vip_wrapper.v:481]
WARNING: [VRFC 10-3091] actual bit length 4 differs from formal bit length 8 for port 'SAXIGP2ARLEN' [/media/steckler/xilinx_linux/SDR_custom/SDR/Software/SDR_Firmware/CPU_N1_ONECYCLE_RISCV_2020_1_MYIR_BRAM_DP/CPU_V1/CPU_V1.ip_user_files/bd/Section_debug/ip/Section_debug_zynq_ultra_ps_e_1_0/sim/Section_debug_zynq_ultra_ps_e_1_0_vip_wrapper.v:483]
WARNING: [VRFC 10-3091] actual bit length 4 differs from formal bit length 8 for port 'SAXIGP2AWLEN' [/media/steckler/xilinx_linux/SDR_custom/SDR/Software/SDR_Firmware/CPU_N1_ONECYCLE_RISCV_2020_1_MYIR_BRAM_DP/CPU_V1/CPU_V1.ip_user_files/bd/Section_debug/ip/Section_debug_zynq_ultra_ps_e_1_0/sim/Section_debug_zynq_ultra_ps_e_1_0_vip_wrapper.v:486]
WARNING: [VRFC 10-3091] actual bit length 4 differs from formal bit length 16 for port 'SAXIGP2WSTRB' [/media/steckler/xilinx_linux/SDR_custom/SDR/Software/SDR_Firmware/CPU_N1_ONECYCLE_RISCV_2020_1_MYIR_BRAM_DP/CPU_V1/CPU_V1.ip_user_files/bd/Section_debug/ip/Section_debug_zynq_ultra_ps_e_1_0/sim/Section_debug_zynq_ultra_ps_e_1_0_vip_wrapper.v:488]
WARNING: [VRFC 10-3091] actual bit length 2 differs from formal bit length 1 for port 'SAXIGP3ARLOCK' [/media/steckler/xilinx_linux/SDR_custom/SDR/Software/SDR_Firmware/CPU_N1_ONECYCLE_RISCV_2020_1_MYIR_BRAM_DP/CPU_V1/CPU_V1.ip_user_files/bd/Section_debug/ip/Section_debug_zynq_ultra_ps_e_1_0/sim/Section_debug_zynq_ultra_ps_e_1_0_vip_wrapper.v:517]
WARNING: [VRFC 10-3091] actual bit length 2 differs from formal bit length 1 for port 'SAXIGP3AWLOCK' [/media/steckler/xilinx_linux/SDR_custom/SDR/Software/SDR_Firmware/CPU_N1_ONECYCLE_RISCV_2020_1_MYIR_BRAM_DP/CPU_V1/CPU_V1.ip_user_files/bd/Section_debug/ip/Section_debug_zynq_ultra_ps_e_1_0/sim/Section_debug_zynq_ultra_ps_e_1_0_vip_wrapper.v:520]
WARNING: [VRFC 10-3091] actual bit length 32 differs from formal bit length 40 for port 'SAXIGP3ARADDR' [/media/steckler/xilinx_linux/SDR_custom/SDR/Software/SDR_Firmware/CPU_N1_ONECYCLE_RISCV_2020_1_MYIR_BRAM_DP/CPU_V1/CPU_V1.ip_user_files/bd/Section_debug/ip/Section_debug_zynq_ultra_ps_e_1_0/sim/Section_debug_zynq_ultra_ps_e_1_0_vip_wrapper.v:524]
WARNING: [VRFC 10-3091] actual bit length 32 differs from formal bit length 40 for port 'SAXIGP3AWADDR' [/media/steckler/xilinx_linux/SDR_custom/SDR/Software/SDR_Firmware/CPU_N1_ONECYCLE_RISCV_2020_1_MYIR_BRAM_DP/CPU_V1/CPU_V1.ip_user_files/bd/Section_debug/ip/Section_debug_zynq_ultra_ps_e_1_0/sim/Section_debug_zynq_ultra_ps_e_1_0_vip_wrapper.v:525]
WARNING: [VRFC 10-3091] actual bit length 32 differs from formal bit length 128 for port 'SAXIGP3WDATA' [/media/steckler/xilinx_linux/SDR_custom/SDR/Software/SDR_Firmware/CPU_N1_ONECYCLE_RISCV_2020_1_MYIR_BRAM_DP/CPU_V1/CPU_V1.ip_user_files/bd/Section_debug/ip/Section_debug_zynq_ultra_ps_e_1_0/sim/Section_debug_zynq_ultra_ps_e_1_0_vip_wrapper.v:526]
WARNING: [VRFC 10-3091] actual bit length 4 differs from formal bit length 8 for port 'SAXIGP3ARLEN' [/media/steckler/xilinx_linux/SDR_custom/SDR/Software/SDR_Firmware/CPU_N1_ONECYCLE_RISCV_2020_1_MYIR_BRAM_DP/CPU_V1/CPU_V1.ip_user_files/bd/Section_debug/ip/Section_debug_zynq_ultra_ps_e_1_0/sim/Section_debug_zynq_ultra_ps_e_1_0_vip_wrapper.v:528]
WARNING: [VRFC 10-3091] actual bit length 4 differs from formal bit length 8 for port 'SAXIGP3AWLEN' [/media/steckler/xilinx_linux/SDR_custom/SDR/Software/SDR_Firmware/CPU_N1_ONECYCLE_RISCV_2020_1_MYIR_BRAM_DP/CPU_V1/CPU_V1.ip_user_files/bd/Section_debug/ip/Section_debug_zynq_ultra_ps_e_1_0/sim/Section_debug_zynq_ultra_ps_e_1_0_vip_wrapper.v:531]
WARNING: [VRFC 10-3091] actual bit length 4 differs from formal bit length 16 for port 'SAXIGP3WSTRB' [/media/steckler/xilinx_linux/SDR_custom/SDR/Software/SDR_Firmware/CPU_N1_ONECYCLE_RISCV_2020_1_MYIR_BRAM_DP/CPU_V1/CPU_V1.ip_user_files/bd/Section_debug/ip/Section_debug_zynq_ultra_ps_e_1_0/sim/Section_debug_zynq_ultra_ps_e_1_0_vip_wrapper.v:533]
WARNING: [VRFC 10-3091] actual bit length 2 differs from formal bit length 1 for port 'SAXIGP4ARLOCK' [/media/steckler/xilinx_linux/SDR_custom/SDR/Software/SDR_Firmware/CPU_N1_ONECYCLE_RISCV_2020_1_MYIR_BRAM_DP/CPU_V1/CPU_V1.ip_user_files/bd/Section_debug/ip/Section_debug_zynq_ultra_ps_e_1_0/sim/Section_debug_zynq_ultra_ps_e_1_0_vip_wrapper.v:562]
WARNING: [VRFC 10-3091] actual bit length 2 differs from formal bit length 1 for port 'SAXIGP4AWLOCK' [/media/steckler/xilinx_linux/SDR_custom/SDR/Software/SDR_Firmware/CPU_N1_ONECYCLE_RISCV_2020_1_MYIR_BRAM_DP/CPU_V1/CPU_V1.ip_user_files/bd/Section_debug/ip/Section_debug_zynq_ultra_ps_e_1_0/sim/Section_debug_zynq_ultra_ps_e_1_0_vip_wrapper.v:565]
WARNING: [VRFC 10-3091] actual bit length 32 differs from formal bit length 40 for port 'SAXIGP4ARADDR' [/media/steckler/xilinx_linux/SDR_custom/SDR/Software/SDR_Firmware/CPU_N1_ONECYCLE_RISCV_2020_1_MYIR_BRAM_DP/CPU_V1/CPU_V1.ip_user_files/bd/Section_debug/ip/Section_debug_zynq_ultra_ps_e_1_0/sim/Section_debug_zynq_ultra_ps_e_1_0_vip_wrapper.v:569]
WARNING: [VRFC 10-3091] actual bit length 32 differs from formal bit length 40 for port 'SAXIGP4AWADDR' [/media/steckler/xilinx_linux/SDR_custom/SDR/Software/SDR_Firmware/CPU_N1_ONECYCLE_RISCV_2020_1_MYIR_BRAM_DP/CPU_V1/CPU_V1.ip_user_files/bd/Section_debug/ip/Section_debug_zynq_ultra_ps_e_1_0/sim/Section_debug_zynq_ultra_ps_e_1_0_vip_wrapper.v:570]
WARNING: [VRFC 10-3091] actual bit length 32 differs from formal bit length 128 for port 'SAXIGP4WDATA' [/media/steckler/xilinx_linux/SDR_custom/SDR/Software/SDR_Firmware/CPU_N1_ONECYCLE_RISCV_2020_1_MYIR_BRAM_DP/CPU_V1/CPU_V1.ip_user_files/bd/Section_debug/ip/Section_debug_zynq_ultra_ps_e_1_0/sim/Section_debug_zynq_ultra_ps_e_1_0_vip_wrapper.v:571]
WARNING: [VRFC 10-3091] actual bit length 4 differs from formal bit length 8 for port 'SAXIGP4ARLEN' [/media/steckler/xilinx_linux/SDR_custom/SDR/Software/SDR_Firmware/CPU_N1_ONECYCLE_RISCV_2020_1_MYIR_BRAM_DP/CPU_V1/CPU_V1.ip_user_files/bd/Section_debug/ip/Section_debug_zynq_ultra_ps_e_1_0/sim/Section_debug_zynq_ultra_ps_e_1_0_vip_wrapper.v:573]
WARNING: [VRFC 10-3091] actual bit length 4 differs from formal bit length 8 for port 'SAXIGP4AWLEN' [/media/steckler/xilinx_linux/SDR_custom/SDR/Software/SDR_Firmware/CPU_N1_ONECYCLE_RISCV_2020_1_MYIR_BRAM_DP/CPU_V1/CPU_V1.ip_user_files/bd/Section_debug/ip/Section_debug_zynq_ultra_ps_e_1_0/sim/Section_debug_zynq_ultra_ps_e_1_0_vip_wrapper.v:576]
WARNING: [VRFC 10-3091] actual bit length 4 differs from formal bit length 16 for port 'SAXIGP4WSTRB' [/media/steckler/xilinx_linux/SDR_custom/SDR/Software/SDR_Firmware/CPU_N1_ONECYCLE_RISCV_2020_1_MYIR_BRAM_DP/CPU_V1/CPU_V1.ip_user_files/bd/Section_debug/ip/Section_debug_zynq_ultra_ps_e_1_0/sim/Section_debug_zynq_ultra_ps_e_1_0_vip_wrapper.v:578]
WARNING: [VRFC 10-3091] actual bit length 2 differs from formal bit length 1 for port 'SAXIGP5ARLOCK' [/media/steckler/xilinx_linux/SDR_custom/SDR/Software/SDR_Firmware/CPU_N1_ONECYCLE_RISCV_2020_1_MYIR_BRAM_DP/CPU_V1/CPU_V1.ip_user_files/bd/Section_debug/ip/Section_debug_zynq_ultra_ps_e_1_0/sim/Section_debug_zynq_ultra_ps_e_1_0_vip_wrapper.v:607]
WARNING: [VRFC 10-3091] actual bit length 2 differs from formal bit length 1 for port 'SAXIGP5AWLOCK' [/media/steckler/xilinx_linux/SDR_custom/SDR/Software/SDR_Firmware/CPU_N1_ONECYCLE_RISCV_2020_1_MYIR_BRAM_DP/CPU_V1/CPU_V1.ip_user_files/bd/Section_debug/ip/Section_debug_zynq_ultra_ps_e_1_0/sim/Section_debug_zynq_ultra_ps_e_1_0_vip_wrapper.v:610]
WARNING: [VRFC 10-3091] actual bit length 32 differs from formal bit length 40 for port 'SAXIGP5ARADDR' [/media/steckler/xilinx_linux/SDR_custom/SDR/Software/SDR_Firmware/CPU_N1_ONECYCLE_RISCV_2020_1_MYIR_BRAM_DP/CPU_V1/CPU_V1.ip_user_files/bd/Section_debug/ip/Section_debug_zynq_ultra_ps_e_1_0/sim/Section_debug_zynq_ultra_ps_e_1_0_vip_wrapper.v:614]
WARNING: [VRFC 10-3091] actual bit length 32 differs from formal bit length 40 for port 'SAXIGP5AWADDR' [/media/steckler/xilinx_linux/SDR_custom/SDR/Software/SDR_Firmware/CPU_N1_ONECYCLE_RISCV_2020_1_MYIR_BRAM_DP/CPU_V1/CPU_V1.ip_user_files/bd/Section_debug/ip/Section_debug_zynq_ultra_ps_e_1_0/sim/Section_debug_zynq_ultra_ps_e_1_0_vip_wrapper.v:615]
WARNING: [VRFC 10-3091] actual bit length 32 differs from formal bit length 128 for port 'SAXIGP5WDATA' [/media/steckler/xilinx_linux/SDR_custom/SDR/Software/SDR_Firmware/CPU_N1_ONECYCLE_RISCV_2020_1_MYIR_BRAM_DP/CPU_V1/CPU_V1.ip_user_files/bd/Section_debug/ip/Section_debug_zynq_ultra_ps_e_1_0/sim/Section_debug_zynq_ultra_ps_e_1_0_vip_wrapper.v:616]
WARNING: [VRFC 10-3091] actual bit length 4 differs from formal bit length 8 for port 'SAXIGP5ARLEN' [/media/steckler/xilinx_linux/SDR_custom/SDR/Software/SDR_Firmware/CPU_N1_ONECYCLE_RISCV_2020_1_MYIR_BRAM_DP/CPU_V1/CPU_V1.ip_user_files/bd/Section_debug/ip/Section_debug_zynq_ultra_ps_e_1_0/sim/Section_debug_zynq_ultra_ps_e_1_0_vip_wrapper.v:618]
WARNING: [VRFC 10-3091] actual bit length 4 differs from formal bit length 8 for port 'SAXIGP5AWLEN' [/media/steckler/xilinx_linux/SDR_custom/SDR/Software/SDR_Firmware/CPU_N1_ONECYCLE_RISCV_2020_1_MYIR_BRAM_DP/CPU_V1/CPU_V1.ip_user_files/bd/Section_debug/ip/Section_debug_zynq_ultra_ps_e_1_0/sim/Section_debug_zynq_ultra_ps_e_1_0_vip_wrapper.v:621]
WARNING: [VRFC 10-3091] actual bit length 4 differs from formal bit length 16 for port 'SAXIGP5WSTRB' [/media/steckler/xilinx_linux/SDR_custom/SDR/Software/SDR_Firmware/CPU_N1_ONECYCLE_RISCV_2020_1_MYIR_BRAM_DP/CPU_V1/CPU_V1.ip_user_files/bd/Section_debug/ip/Section_debug_zynq_ultra_ps_e_1_0/sim/Section_debug_zynq_ultra_ps_e_1_0_vip_wrapper.v:623]
WARNING: [VRFC 10-3091] actual bit length 2 differs from formal bit length 1 for port 'SAXIGP6ARLOCK' [/media/steckler/xilinx_linux/SDR_custom/SDR/Software/SDR_Firmware/CPU_N1_ONECYCLE_RISCV_2020_1_MYIR_BRAM_DP/CPU_V1/CPU_V1.ip_user_files/bd/Section_debug/ip/Section_debug_zynq_ultra_ps_e_1_0/sim/Section_debug_zynq_ultra_ps_e_1_0_vip_wrapper.v:652]
WARNING: [VRFC 10-3091] actual bit length 2 differs from formal bit length 1 for port 'SAXIGP6AWLOCK' [/media/steckler/xilinx_linux/SDR_custom/SDR/Software/SDR_Firmware/CPU_N1_ONECYCLE_RISCV_2020_1_MYIR_BRAM_DP/CPU_V1/CPU_V1.ip_user_files/bd/Section_debug/ip/Section_debug_zynq_ultra_ps_e_1_0/sim/Section_debug_zynq_ultra_ps_e_1_0_vip_wrapper.v:655]
WARNING: [VRFC 10-3091] actual bit length 32 differs from formal bit length 40 for port 'SAXIGP6ARADDR' [/media/steckler/xilinx_linux/SDR_custom/SDR/Software/SDR_Firmware/CPU_N1_ONECYCLE_RISCV_2020_1_MYIR_BRAM_DP/CPU_V1/CPU_V1.ip_user_files/bd/Section_debug/ip/Section_debug_zynq_ultra_ps_e_1_0/sim/Section_debug_zynq_ultra_ps_e_1_0_vip_wrapper.v:659]
WARNING: [VRFC 10-3091] actual bit length 32 differs from formal bit length 40 for port 'SAXIGP6AWADDR' [/media/steckler/xilinx_linux/SDR_custom/SDR/Software/SDR_Firmware/CPU_N1_ONECYCLE_RISCV_2020_1_MYIR_BRAM_DP/CPU_V1/CPU_V1.ip_user_files/bd/Section_debug/ip/Section_debug_zynq_ultra_ps_e_1_0/sim/Section_debug_zynq_ultra_ps_e_1_0_vip_wrapper.v:660]
WARNING: [VRFC 10-3091] actual bit length 32 differs from formal bit length 128 for port 'SAXIGP6WDATA' [/media/steckler/xilinx_linux/SDR_custom/SDR/Software/SDR_Firmware/CPU_N1_ONECYCLE_RISCV_2020_1_MYIR_BRAM_DP/CPU_V1/CPU_V1.ip_user_files/bd/Section_debug/ip/Section_debug_zynq_ultra_ps_e_1_0/sim/Section_debug_zynq_ultra_ps_e_1_0_vip_wrapper.v:661]
WARNING: [VRFC 10-3091] actual bit length 4 differs from formal bit length 8 for port 'SAXIGP6ARLEN' [/media/steckler/xilinx_linux/SDR_custom/SDR/Software/SDR_Firmware/CPU_N1_ONECYCLE_RISCV_2020_1_MYIR_BRAM_DP/CPU_V1/CPU_V1.ip_user_files/bd/Section_debug/ip/Section_debug_zynq_ultra_ps_e_1_0/sim/Section_debug_zynq_ultra_ps_e_1_0_vip_wrapper.v:663]
WARNING: [VRFC 10-3091] actual bit length 4 differs from formal bit length 8 for port 'SAXIGP6AWLEN' [/media/steckler/xilinx_linux/SDR_custom/SDR/Software/SDR_Firmware/CPU_N1_ONECYCLE_RISCV_2020_1_MYIR_BRAM_DP/CPU_V1/CPU_V1.ip_user_files/bd/Section_debug/ip/Section_debug_zynq_ultra_ps_e_1_0/sim/Section_debug_zynq_ultra_ps_e_1_0_vip_wrapper.v:666]
WARNING: [VRFC 10-3091] actual bit length 4 differs from formal bit length 16 for port 'SAXIGP6WSTRB' [/media/steckler/xilinx_linux/SDR_custom/SDR/Software/SDR_Firmware/CPU_N1_ONECYCLE_RISCV_2020_1_MYIR_BRAM_DP/CPU_V1/CPU_V1.ip_user_files/bd/Section_debug/ip/Section_debug_zynq_ultra_ps_e_1_0/sim/Section_debug_zynq_ultra_ps_e_1_0_vip_wrapper.v:668]
WARNING: [VRFC 10-3091] actual bit length 3 differs from formal bit length 5 for port 'SAXIACPARID' [/media/steckler/xilinx_linux/SDR_custom/SDR/Software/SDR_Firmware/CPU_N1_ONECYCLE_RISCV_2020_1_MYIR_BRAM_DP/CPU_V1/CPU_V1.ip_user_files/bd/Section_debug/ip/Section_debug_zynq_ultra_ps_e_1_0/sim/Section_debug_zynq_ultra_ps_e_1_0_vip_wrapper.v:689]
WARNING: [VRFC 10-3091] actual bit length 3 differs from formal bit length 5 for port 'SAXIACPAWID' [/media/steckler/xilinx_linux/SDR_custom/SDR/Software/SDR_Firmware/CPU_N1_ONECYCLE_RISCV_2020_1_MYIR_BRAM_DP/CPU_V1/CPU_V1.ip_user_files/bd/Section_debug/ip/Section_debug_zynq_ultra_ps_e_1_0/sim/Section_debug_zynq_ultra_ps_e_1_0_vip_wrapper.v:691]
WARNING: [VRFC 10-3091] actual bit length 32 differs from formal bit length 40 for port 'SAXIACPARADDR' [/media/steckler/xilinx_linux/SDR_custom/SDR/Software/SDR_Firmware/CPU_N1_ONECYCLE_RISCV_2020_1_MYIR_BRAM_DP/CPU_V1/CPU_V1.ip_user_files/bd/Section_debug/ip/Section_debug_zynq_ultra_ps_e_1_0/sim/Section_debug_zynq_ultra_ps_e_1_0_vip_wrapper.v:693]
WARNING: [VRFC 10-3091] actual bit length 32 differs from formal bit length 40 for port 'SAXIACPAWADDR' [/media/steckler/xilinx_linux/SDR_custom/SDR/Software/SDR_Firmware/CPU_N1_ONECYCLE_RISCV_2020_1_MYIR_BRAM_DP/CPU_V1/CPU_V1.ip_user_files/bd/Section_debug/ip/Section_debug_zynq_ultra_ps_e_1_0/sim/Section_debug_zynq_ultra_ps_e_1_0_vip_wrapper.v:694]
WARNING: [VRFC 10-3091] actual bit length 4 differs from formal bit length 8 for port 'SAXIACPARLEN' [/media/steckler/xilinx_linux/SDR_custom/SDR/Software/SDR_Firmware/CPU_N1_ONECYCLE_RISCV_2020_1_MYIR_BRAM_DP/CPU_V1/CPU_V1.ip_user_files/bd/Section_debug/ip/Section_debug_zynq_ultra_ps_e_1_0/sim/Section_debug_zynq_ultra_ps_e_1_0_vip_wrapper.v:696]
WARNING: [VRFC 10-3091] actual bit length 4 differs from formal bit length 8 for port 'SAXIACPAWLEN' [/media/steckler/xilinx_linux/SDR_custom/SDR/Software/SDR_Firmware/CPU_N1_ONECYCLE_RISCV_2020_1_MYIR_BRAM_DP/CPU_V1/CPU_V1.ip_user_files/bd/Section_debug/ip/Section_debug_zynq_ultra_ps_e_1_0/sim/Section_debug_zynq_ultra_ps_e_1_0_vip_wrapper.v:699]
WARNING: [VRFC 10-3091] actual bit length 2 differs from formal bit length 1 for port 'SAXIACPARLOCK' [/media/steckler/xilinx_linux/SDR_custom/SDR/Software/SDR_Firmware/CPU_N1_ONECYCLE_RISCV_2020_1_MYIR_BRAM_DP/CPU_V1/CPU_V1.ip_user_files/bd/Section_debug/ip/Section_debug_zynq_ultra_ps_e_1_0/sim/Section_debug_zynq_ultra_ps_e_1_0_vip_wrapper.v:702]
WARNING: [VRFC 10-3091] actual bit length 2 differs from formal bit length 1 for port 'SAXIACPAWLOCK' [/media/steckler/xilinx_linux/SDR_custom/SDR/Software/SDR_Firmware/CPU_N1_ONECYCLE_RISCV_2020_1_MYIR_BRAM_DP/CPU_V1/CPU_V1.ip_user_files/bd/Section_debug/ip/Section_debug_zynq_ultra_ps_e_1_0/sim/Section_debug_zynq_ultra_ps_e_1_0_vip_wrapper.v:705]
WARNING: [VRFC 10-3091] actual bit length 5 differs from formal bit length 2 for port 'SAXIACPARUSER' [/media/steckler/xilinx_linux/SDR_custom/SDR/Software/SDR_Firmware/CPU_N1_ONECYCLE_RISCV_2020_1_MYIR_BRAM_DP/CPU_V1/CPU_V1.ip_user_files/bd/Section_debug/ip/Section_debug_zynq_ultra_ps_e_1_0/sim/Section_debug_zynq_ultra_ps_e_1_0_vip_wrapper.v:707]
WARNING: [VRFC 10-3091] actual bit length 5 differs from formal bit length 2 for port 'SAXIACPAWUSER' [/media/steckler/xilinx_linux/SDR_custom/SDR/Software/SDR_Firmware/CPU_N1_ONECYCLE_RISCV_2020_1_MYIR_BRAM_DP/CPU_V1/CPU_V1.ip_user_files/bd/Section_debug/ip/Section_debug_zynq_ultra_ps_e_1_0/sim/Section_debug_zynq_ultra_ps_e_1_0_vip_wrapper.v:708]
WARNING: [VRFC 10-3091] actual bit length 64 differs from formal bit length 128 for port 'SAXIACPWDATA' [/media/steckler/xilinx_linux/SDR_custom/SDR/Software/SDR_Firmware/CPU_N1_ONECYCLE_RISCV_2020_1_MYIR_BRAM_DP/CPU_V1/CPU_V1.ip_user_files/bd/Section_debug/ip/Section_debug_zynq_ultra_ps_e_1_0/sim/Section_debug_zynq_ultra_ps_e_1_0_vip_wrapper.v:709]
WARNING: [VRFC 10-3091] actual bit length 8 differs from formal bit length 16 for port 'SAXIACPWSTRB' [/media/steckler/xilinx_linux/SDR_custom/SDR/Software/SDR_Firmware/CPU_N1_ONECYCLE_RISCV_2020_1_MYIR_BRAM_DP/CPU_V1/CPU_V1.ip_user_files/bd/Section_debug/ip/Section_debug_zynq_ultra_ps_e_1_0/sim/Section_debug_zynq_ultra_ps_e_1_0_vip_wrapper.v:710]
WARNING: [VRFC 10-3091] actual bit length 32 differs from formal bit length 1 for port 'S_AWREGION' [/scratch/proj/xbuilds/SWIP/2020.1_0602_1208/infra/XSIM/lin/.cxl.ip/incl/zynq_ultra_ps_e_vip_v1_0_7_axi_acp.sv:71]
WARNING: [VRFC 10-3091] actual bit length 32 differs from formal bit length 1 for port 'S_ARREGION' [/scratch/proj/xbuilds/SWIP/2020.1_0602_1208/infra/XSIM/lin/.cxl.ip/incl/zynq_ultra_ps_e_vip_v1_0_7_axi_acp.sv:72]
WARNING: [VRFC 10-3091] actual bit length 32 differs from formal bit length 1 for port 'S_WUSER' [/scratch/proj/xbuilds/SWIP/2020.1_0602_1208/infra/XSIM/lin/.cxl.ip/incl/zynq_ultra_ps_e_vip_v1_0_7_axi_acp.sv:74]
WARNING: [VRFC 10-3091] actual bit length 2 differs from formal bit length 1 for port 's_axi_awuser' [/wrk/2020.1/nightly/2020_05_27_2902540/packages/customer/vivado/data/ip/xilinx/zynq_ultra_ps_e_vip_v1_0/hdl/zynq_ultra_ps_e_vip_v1_0_vl_rfs.sv:6300]
WARNING: [VRFC 10-3091] actual bit length 1 differs from formal bit length 5 for port 's_axi_wid' [/wrk/2020.1/nightly/2020_05_27_2902540/packages/customer/vivado/data/ip/xilinx/zynq_ultra_ps_e_vip_v1_0/hdl/zynq_ultra_ps_e_vip_v1_0_vl_rfs.sv:6303]
WARNING: [VRFC 10-3091] actual bit length 2 differs from formal bit length 1 for port 's_axi_aruser' [/wrk/2020.1/nightly/2020_05_27_2902540/packages/customer/vivado/data/ip/xilinx/zynq_ultra_ps_e_vip_v1_0/hdl/zynq_ultra_ps_e_vip_v1_0_vl_rfs.sv:6325]
WARNING: [VRFC 10-3091] actual bit length 12 differs from formal bit length 5 for port 'm_axi_bid' [/wrk/2020.1/nightly/2020_05_27_2902540/packages/customer/vivado/data/ip/xilinx/zynq_ultra_ps_e_vip_v1_0/hdl/zynq_ultra_ps_e_vip_v1_0_vl_rfs.sv:6355]
WARNING: [VRFC 10-3091] actual bit length 12 differs from formal bit length 5 for port 'm_axi_rid' [/wrk/2020.1/nightly/2020_05_27_2902540/packages/customer/vivado/data/ip/xilinx/zynq_ultra_ps_e_vip_v1_0/hdl/zynq_ultra_ps_e_vip_v1_0_vl_rfs.sv:6373]
WARNING: [VRFC 10-3091] actual bit length 32 differs from formal bit length 128 for port 'm_axi_rdata' [/wrk/2020.1/nightly/2020_05_27_2902540/packages/customer/vivado/data/ip/xilinx/zynq_ultra_ps_e_vip_v1_0/hdl/zynq_ultra_ps_e_vip_v1_0_vl_rfs.sv:6374]
WARNING: [VRFC 10-3091] actual bit length 4 differs from formal bit length 2 for port 'S_RRESP' [/scratch/proj/xbuilds/SWIP/2020.1_0602_1208/infra/XSIM/lin/.cxl.ip/incl/zynq_ultra_ps_e_vip_v1_0_7_axi_ace.sv:64]
WARNING: [VRFC 10-3091] actual bit length 16 differs from formal bit length 15 for port 'S_AWUSER' [/scratch/proj/xbuilds/SWIP/2020.1_0602_1208/infra/XSIM/lin/.cxl.ip/incl/zynq_ultra_ps_e_vip_v1_0_7_axi_ace.sv:73]
WARNING: [VRFC 10-3091] actual bit length 16 differs from formal bit length 15 for port 'S_ARUSER' [/scratch/proj/xbuilds/SWIP/2020.1_0602_1208/infra/XSIM/lin/.cxl.ip/incl/zynq_ultra_ps_e_vip_v1_0_7_axi_ace.sv:76]
WARNING: [VRFC 10-3091] actual bit length 15 differs from formal bit length 1 for port 's_axi_awuser' [/wrk/2020.1/nightly/2020_05_27_2902540/packages/customer/vivado/data/ip/xilinx/zynq_ultra_ps_e_vip_v1_0/hdl/zynq_ultra_ps_e_vip_v1_0_vl_rfs.sv:4835]
WARNING: [VRFC 10-3091] actual bit length 1 differs from formal bit length 6 for port 's_axi_wid' [/wrk/2020.1/nightly/2020_05_27_2902540/packages/customer/vivado/data/ip/xilinx/zynq_ultra_ps_e_vip_v1_0/hdl/zynq_ultra_ps_e_vip_v1_0_vl_rfs.sv:4838]
WARNING: [VRFC 10-3091] actual bit length 15 differs from formal bit length 1 for port 's_axi_aruser' [/wrk/2020.1/nightly/2020_05_27_2902540/packages/customer/vivado/data/ip/xilinx/zynq_ultra_ps_e_vip_v1_0/hdl/zynq_ultra_ps_e_vip_v1_0_vl_rfs.sv:4860]
WARNING: [VRFC 10-3091] actual bit length 12 differs from formal bit length 6 for port 'm_axi_bid' [/wrk/2020.1/nightly/2020_05_27_2902540/packages/customer/vivado/data/ip/xilinx/zynq_ultra_ps_e_vip_v1_0/hdl/zynq_ultra_ps_e_vip_v1_0_vl_rfs.sv:4890]
WARNING: [VRFC 10-3091] actual bit length 12 differs from formal bit length 6 for port 'm_axi_rid' [/wrk/2020.1/nightly/2020_05_27_2902540/packages/customer/vivado/data/ip/xilinx/zynq_ultra_ps_e_vip_v1_0/hdl/zynq_ultra_ps_e_vip_v1_0_vl_rfs.sv:4908]
WARNING: [VRFC 10-3091] actual bit length 32 differs from formal bit length 128 for port 'm_axi_rdata' [/wrk/2020.1/nightly/2020_05_27_2902540/packages/customer/vivado/data/ip/xilinx/zynq_ultra_ps_e_vip_v1_0/hdl/zynq_ultra_ps_e_vip_v1_0_vl_rfs.sv:4909]
WARNING: [VRFC 10-3091] actual bit length 128 differs from formal bit length 64 for port 'S_WDATA' [/scratch/proj/xbuilds/SWIP/2020.1_0602_1208/infra/XSIM/lin/.cxl.ip/incl/zynq_ultra_ps_e_vip_v1_0_7_axi_gp.sv:41]
WARNING: [VRFC 10-3091] actual bit length 16 differs from formal bit length 8 for port 'S_WSTRB' [/scratch/proj/xbuilds/SWIP/2020.1_0602_1208/infra/XSIM/lin/.cxl.ip/incl/zynq_ultra_ps_e_vip_v1_0_7_axi_gp.sv:42]
WARNING: [VRFC 10-3091] actual bit length 128 differs from formal bit length 64 for port 'S_RDATA' [/scratch/proj/xbuilds/SWIP/2020.1_0602_1208/infra/XSIM/lin/.cxl.ip/incl/zynq_ultra_ps_e_vip_v1_0_7_axi_gp.sv:64]
WARNING: [VRFC 10-3091] actual bit length 32 differs from formal bit length 1 for port 'S_AWREGION' [/scratch/proj/xbuilds/SWIP/2020.1_0602_1208/infra/XSIM/lin/.cxl.ip/incl/zynq_ultra_ps_e_vip_v1_0_7_axi_gp.sv:72]
WARNING: [VRFC 10-3091] actual bit length 32 differs from formal bit length 1 for port 'S_ARREGION' [/scratch/proj/xbuilds/SWIP/2020.1_0602_1208/infra/XSIM/lin/.cxl.ip/incl/zynq_ultra_ps_e_vip_v1_0_7_axi_gp.sv:73]
WARNING: [VRFC 10-3091] actual bit length 32 differs from formal bit length 1 for port 'S_WUSER' [/scratch/proj/xbuilds/SWIP/2020.1_0602_1208/infra/XSIM/lin/.cxl.ip/incl/zynq_ultra_ps_e_vip_v1_0_7_axi_gp.sv:75]
WARNING: [VRFC 10-3091] actual bit length 32768 differs from formal bit length 16384 for port 'WR_DATA' [/scratch/proj/xbuilds/SWIP/2020.1_0602_1208/infra/XSIM/lin/.cxl.ip/incl/zynq_ultra_ps_e_vip_v1_0_7_axi_gp.sv:83]
WARNING: [VRFC 10-3091] actual bit length 4096 differs from formal bit length 2048 for port 'WR_DATA_STRB' [/scratch/proj/xbuilds/SWIP/2020.1_0602_1208/infra/XSIM/lin/.cxl.ip/incl/zynq_ultra_ps_e_vip_v1_0_7_axi_gp.sv:84]
WARNING: [VRFC 10-3091] actual bit length 32768 differs from formal bit length 16384 for port 'RD_DATA_DDR' [/scratch/proj/xbuilds/SWIP/2020.1_0602_1208/infra/XSIM/lin/.cxl.ip/incl/zynq_ultra_ps_e_vip_v1_0_7_axi_gp.sv:94]
WARNING: [VRFC 10-3091] actual bit length 32768 differs from formal bit length 16384 for port 'RD_DATA_OCM' [/scratch/proj/xbuilds/SWIP/2020.1_0602_1208/infra/XSIM/lin/.cxl.ip/incl/zynq_ultra_ps_e_vip_v1_0_7_axi_gp.sv:95]
WARNING: [VRFC 10-3091] actual bit length 32768 differs from formal bit length 16384 for port 'RD_DATA_REG' [/scratch/proj/xbuilds/SWIP/2020.1_0602_1208/infra/XSIM/lin/.cxl.ip/incl/zynq_ultra_ps_e_vip_v1_0_7_axi_gp.sv:96]
WARNING: [VRFC 10-3091] actual bit length 32 differs from formal bit length 1 for port 'S_AWREGION' [/scratch/proj/xbuilds/SWIP/2020.1_0602_1208/infra/XSIM/lin/.cxl.ip/incl/zynq_ultra_ps_e_vip_v1_0_7_axi_gp.sv:166]
WARNING: [VRFC 10-3091] actual bit length 32 differs from formal bit length 1 for port 'S_ARREGION' [/scratch/proj/xbuilds/SWIP/2020.1_0602_1208/infra/XSIM/lin/.cxl.ip/incl/zynq_ultra_ps_e_vip_v1_0_7_axi_gp.sv:167]
WARNING: [VRFC 10-3091] actual bit length 32 differs from formal bit length 1 for port 'S_WUSER' [/scratch/proj/xbuilds/SWIP/2020.1_0602_1208/infra/XSIM/lin/.cxl.ip/incl/zynq_ultra_ps_e_vip_v1_0_7_axi_gp.sv:169]
WARNING: [VRFC 10-3091] actual bit length 32 differs from formal bit length 1 for port 'S_AWREGION' [/scratch/proj/xbuilds/SWIP/2020.1_0602_1208/infra/XSIM/lin/.cxl.ip/incl/zynq_ultra_ps_e_vip_v1_0_7_axi_gp.sv:260]
WARNING: [VRFC 10-3091] actual bit length 32 differs from formal bit length 1 for port 'S_ARREGION' [/scratch/proj/xbuilds/SWIP/2020.1_0602_1208/infra/XSIM/lin/.cxl.ip/incl/zynq_ultra_ps_e_vip_v1_0_7_axi_gp.sv:261]
WARNING: [VRFC 10-3091] actual bit length 32 differs from formal bit length 1 for port 'S_WUSER' [/scratch/proj/xbuilds/SWIP/2020.1_0602_1208/infra/XSIM/lin/.cxl.ip/incl/zynq_ultra_ps_e_vip_v1_0_7_axi_gp.sv:263]
WARNING: [VRFC 10-3091] actual bit length 32 differs from formal bit length 1 for port 'S_AWREGION' [/scratch/proj/xbuilds/SWIP/2020.1_0602_1208/infra/XSIM/lin/.cxl.ip/incl/zynq_ultra_ps_e_vip_v1_0_7_axi_gp.sv:354]
WARNING: [VRFC 10-3091] actual bit length 32 differs from formal bit length 1 for port 'S_ARREGION' [/scratch/proj/xbuilds/SWIP/2020.1_0602_1208/infra/XSIM/lin/.cxl.ip/incl/zynq_ultra_ps_e_vip_v1_0_7_axi_gp.sv:355]
WARNING: [VRFC 10-3091] actual bit length 32 differs from formal bit length 1 for port 'S_WUSER' [/scratch/proj/xbuilds/SWIP/2020.1_0602_1208/infra/XSIM/lin/.cxl.ip/incl/zynq_ultra_ps_e_vip_v1_0_7_axi_gp.sv:357]
WARNING: [VRFC 10-3091] actual bit length 32 differs from formal bit length 1 for port 'S_AWREGION' [/scratch/proj/xbuilds/SWIP/2020.1_0602_1208/infra/XSIM/lin/.cxl.ip/incl/zynq_ultra_ps_e_vip_v1_0_7_axi_gp.sv:448]
WARNING: [VRFC 10-3091] actual bit length 32 differs from formal bit length 1 for port 'S_ARREGION' [/scratch/proj/xbuilds/SWIP/2020.1_0602_1208/infra/XSIM/lin/.cxl.ip/incl/zynq_ultra_ps_e_vip_v1_0_7_axi_gp.sv:449]
WARNING: [VRFC 10-3091] actual bit length 32 differs from formal bit length 1 for port 'S_WUSER' [/scratch/proj/xbuilds/SWIP/2020.1_0602_1208/infra/XSIM/lin/.cxl.ip/incl/zynq_ultra_ps_e_vip_v1_0_7_axi_gp.sv:451]
WARNING: [VRFC 10-3091] actual bit length 32 differs from formal bit length 1 for port 'S_AWREGION' [/scratch/proj/xbuilds/SWIP/2020.1_0602_1208/infra/XSIM/lin/.cxl.ip/incl/zynq_ultra_ps_e_vip_v1_0_7_axi_gp.sv:542]
WARNING: [VRFC 10-3091] actual bit length 32 differs from formal bit length 1 for port 'S_ARREGION' [/scratch/proj/xbuilds/SWIP/2020.1_0602_1208/infra/XSIM/lin/.cxl.ip/incl/zynq_ultra_ps_e_vip_v1_0_7_axi_gp.sv:543]
WARNING: [VRFC 10-3091] actual bit length 32 differs from formal bit length 1 for port 'S_WUSER' [/scratch/proj/xbuilds/SWIP/2020.1_0602_1208/infra/XSIM/lin/.cxl.ip/incl/zynq_ultra_ps_e_vip_v1_0_7_axi_gp.sv:545]
WARNING: [VRFC 10-3091] actual bit length 32 differs from formal bit length 1 for port 'S_AWREGION' [/scratch/proj/xbuilds/SWIP/2020.1_0602_1208/infra/XSIM/lin/.cxl.ip/incl/zynq_ultra_ps_e_vip_v1_0_7_axi_gp.sv:636]
WARNING: [VRFC 10-3091] actual bit length 32 differs from formal bit length 1 for port 'S_ARREGION' [/scratch/proj/xbuilds/SWIP/2020.1_0602_1208/infra/XSIM/lin/.cxl.ip/incl/zynq_ultra_ps_e_vip_v1_0_7_axi_gp.sv:637]
WARNING: [VRFC 10-3091] actual bit length 32 differs from formal bit length 1 for port 'S_WUSER' [/scratch/proj/xbuilds/SWIP/2020.1_0602_1208/infra/XSIM/lin/.cxl.ip/incl/zynq_ultra_ps_e_vip_v1_0_7_axi_gp.sv:639]
WARNING: [VRFC 10-3091] actual bit length 128 differs from formal bit length 32 for port 'M_WDATA' [/scratch/proj/xbuilds/SWIP/2020.1_0602_1208/infra/XSIM/lin/.cxl.ip/incl/zynq_ultra_ps_e_vip_v1_0_7_axi_gp.sv:700]
WARNING: [VRFC 10-3091] actual bit length 16 differs from formal bit length 4 for port 'M_WSTRB' [/scratch/proj/xbuilds/SWIP/2020.1_0602_1208/infra/XSIM/lin/.cxl.ip/incl/zynq_ultra_ps_e_vip_v1_0_7_axi_gp.sv:701]
WARNING: [VRFC 10-3091] actual bit length 128 differs from formal bit length 32 for port 'M_RDATA' [/scratch/proj/xbuilds/SWIP/2020.1_0602_1208/infra/XSIM/lin/.cxl.ip/incl/zynq_ultra_ps_e_vip_v1_0_7_axi_gp.sv:723]
WARNING: [VRFC 10-3091] actual bit length 16 differs from formal bit length 1 for port 'M_AWUSER' [/scratch/proj/xbuilds/SWIP/2020.1_0602_1208/infra/XSIM/lin/.cxl.ip/incl/zynq_ultra_ps_e_vip_v1_0_7_axi_gp.sv:733]
WARNING: [VRFC 10-3091] actual bit length 32 differs from formal bit length 1 for port 'M_BUSER' [/scratch/proj/xbuilds/SWIP/2020.1_0602_1208/infra/XSIM/lin/.cxl.ip/incl/zynq_ultra_ps_e_vip_v1_0_7_axi_gp.sv:735]
WARNING: [VRFC 10-3091] actual bit length 16 differs from formal bit length 1 for port 'M_ARUSER' [/scratch/proj/xbuilds/SWIP/2020.1_0602_1208/infra/XSIM/lin/.cxl.ip/incl/zynq_ultra_ps_e_vip_v1_0_7_axi_gp.sv:736]
WARNING: [VRFC 10-3091] actual bit length 32 differs from formal bit length 1 for port 'M_RUSER' [/scratch/proj/xbuilds/SWIP/2020.1_0602_1208/infra/XSIM/lin/.cxl.ip/incl/zynq_ultra_ps_e_vip_v1_0_7_axi_gp.sv:737]
WARNING: [VRFC 10-3091] actual bit length 12 differs from formal bit length 16 for port 's_axi_awid' [/wrk/2020.1/nightly/2020_05_27_2902540/packages/customer/vivado/data/ip/xilinx/zynq_ultra_ps_e_vip_v1_0/hdl/zynq_ultra_ps_e_vip_v1_0_vl_rfs.sv:7822]
WARNING: [VRFC 10-3091] actual bit length 32 differs from formal bit length 40 for port 's_axi_awaddr' [/wrk/2020.1/nightly/2020_05_27_2902540/packages/customer/vivado/data/ip/xilinx/zynq_ultra_ps_e_vip_v1_0/hdl/zynq_ultra_ps_e_vip_v1_0_vl_rfs.sv:7823]
WARNING: [VRFC 10-3091] actual bit length 4 differs from formal bit length 8 for port 's_axi_awlen' [/wrk/2020.1/nightly/2020_05_27_2902540/packages/customer/vivado/data/ip/xilinx/zynq_ultra_ps_e_vip_v1_0/hdl/zynq_ultra_ps_e_vip_v1_0_vl_rfs.sv:7824]
WARNING: [VRFC 10-3091] actual bit length 2 differs from formal bit length 1 for port 's_axi_awlock' [/wrk/2020.1/nightly/2020_05_27_2902540/packages/customer/vivado/data/ip/xilinx/zynq_ultra_ps_e_vip_v1_0/hdl/zynq_ultra_ps_e_vip_v1_0_vl_rfs.sv:7827]
WARNING: [VRFC 10-3091] actual bit length 12 differs from formal bit length 16 for port 's_axi_wid' [/wrk/2020.1/nightly/2020_05_27_2902540/packages/customer/vivado/data/ip/xilinx/zynq_ultra_ps_e_vip_v1_0/hdl/zynq_ultra_ps_e_vip_v1_0_vl_rfs.sv:7835]
WARNING: [VRFC 10-3091] actual bit length 12 differs from formal bit length 16 for port 's_axi_arid' [/wrk/2020.1/nightly/2020_05_27_2902540/packages/customer/vivado/data/ip/xilinx/zynq_ultra_ps_e_vip_v1_0/hdl/zynq_ultra_ps_e_vip_v1_0_vl_rfs.sv:7847]
WARNING: [VRFC 10-3091] actual bit length 32 differs from formal bit length 40 for port 's_axi_araddr' [/wrk/2020.1/nightly/2020_05_27_2902540/packages/customer/vivado/data/ip/xilinx/zynq_ultra_ps_e_vip_v1_0/hdl/zynq_ultra_ps_e_vip_v1_0_vl_rfs.sv:7848]
WARNING: [VRFC 10-3091] actual bit length 4 differs from formal bit length 8 for port 's_axi_arlen' [/wrk/2020.1/nightly/2020_05_27_2902540/packages/customer/vivado/data/ip/xilinx/zynq_ultra_ps_e_vip_v1_0/hdl/zynq_ultra_ps_e_vip_v1_0_vl_rfs.sv:7849]
WARNING: [VRFC 10-3091] actual bit length 2 differs from formal bit length 1 for port 's_axi_arlock' [/wrk/2020.1/nightly/2020_05_27_2902540/packages/customer/vivado/data/ip/xilinx/zynq_ultra_ps_e_vip_v1_0/hdl/zynq_ultra_ps_e_vip_v1_0_vl_rfs.sv:7852]
WARNING: [VRFC 10-3091] actual bit length 16 differs from formal bit length 1 for port 'M_AWUSER' [/scratch/proj/xbuilds/SWIP/2020.1_0602_1208/infra/XSIM/lin/.cxl.ip/incl/zynq_ultra_ps_e_vip_v1_0_7_axi_gp.sv:804]
WARNING: [VRFC 10-3091] actual bit length 32 differs from formal bit length 1 for port 'M_BUSER' [/scratch/proj/xbuilds/SWIP/2020.1_0602_1208/infra/XSIM/lin/.cxl.ip/incl/zynq_ultra_ps_e_vip_v1_0_7_axi_gp.sv:806]
WARNING: [VRFC 10-3091] actual bit length 16 differs from formal bit length 1 for port 'M_ARUSER' [/scratch/proj/xbuilds/SWIP/2020.1_0602_1208/infra/XSIM/lin/.cxl.ip/incl/zynq_ultra_ps_e_vip_v1_0_7_axi_gp.sv:807]
WARNING: [VRFC 10-3091] actual bit length 32 differs from formal bit length 1 for port 'M_RUSER' [/scratch/proj/xbuilds/SWIP/2020.1_0602_1208/infra/XSIM/lin/.cxl.ip/incl/zynq_ultra_ps_e_vip_v1_0_7_axi_gp.sv:808]
WARNING: [VRFC 10-3091] actual bit length 32 differs from formal bit length 128 for port 's_axi_wdata' [/wrk/2020.1/nightly/2020_05_27_2902540/packages/customer/vivado/data/ip/xilinx/zynq_ultra_ps_e_vip_v1_0/hdl/zynq_ultra_ps_e_vip_v1_0_vl_rfs.sv:7836]
WARNING: [VRFC 10-3091] actual bit length 4 differs from formal bit length 16 for port 's_axi_wstrb' [/wrk/2020.1/nightly/2020_05_27_2902540/packages/customer/vivado/data/ip/xilinx/zynq_ultra_ps_e_vip_v1_0/hdl/zynq_ultra_ps_e_vip_v1_0_vl_rfs.sv:7837]
WARNING: [VRFC 10-3091] actual bit length 128 differs from formal bit length 32 for port 'M_WDATA' [/scratch/proj/xbuilds/SWIP/2020.1_0602_1208/infra/XSIM/lin/.cxl.ip/incl/zynq_ultra_ps_e_vip_v1_0_7_axi_gp.sv:842]
WARNING: [VRFC 10-3091] actual bit length 16 differs from formal bit length 4 for port 'M_WSTRB' [/scratch/proj/xbuilds/SWIP/2020.1_0602_1208/infra/XSIM/lin/.cxl.ip/incl/zynq_ultra_ps_e_vip_v1_0_7_axi_gp.sv:843]
WARNING: [VRFC 10-3091] actual bit length 128 differs from formal bit length 32 for port 'M_RDATA' [/scratch/proj/xbuilds/SWIP/2020.1_0602_1208/infra/XSIM/lin/.cxl.ip/incl/zynq_ultra_ps_e_vip_v1_0_7_axi_gp.sv:865]
WARNING: [VRFC 10-3091] actual bit length 16 differs from formal bit length 1 for port 'M_AWUSER' [/scratch/proj/xbuilds/SWIP/2020.1_0602_1208/infra/XSIM/lin/.cxl.ip/incl/zynq_ultra_ps_e_vip_v1_0_7_axi_gp.sv:875]
WARNING: [VRFC 10-3091] actual bit length 32 differs from formal bit length 1 for port 'M_BUSER' [/scratch/proj/xbuilds/SWIP/2020.1_0602_1208/infra/XSIM/lin/.cxl.ip/incl/zynq_ultra_ps_e_vip_v1_0_7_axi_gp.sv:877]
WARNING: [VRFC 10-3091] actual bit length 16 differs from formal bit length 1 for port 'M_ARUSER' [/scratch/proj/xbuilds/SWIP/2020.1_0602_1208/infra/XSIM/lin/.cxl.ip/incl/zynq_ultra_ps_e_vip_v1_0_7_axi_gp.sv:878]
WARNING: [VRFC 10-3091] actual bit length 32 differs from formal bit length 1 for port 'M_RUSER' [/scratch/proj/xbuilds/SWIP/2020.1_0602_1208/infra/XSIM/lin/.cxl.ip/incl/zynq_ultra_ps_e_vip_v1_0_7_axi_gp.sv:879]
WARNING: [VRFC 10-3091] actual bit length 1 differs from formal bit length 4 for port 'wr_qos' [/wrk/2020.1/nightly/2020_05_27_2902540/packages/customer/vivado/data/ip/xilinx/zynq_ultra_ps_e_vip_v1_0/hdl/zynq_ultra_ps_e_vip_v1_0_vl_rfs.sv:3798]
WARNING: [VRFC 10-3091] actual bit length 1 differs from formal bit length 4 for port 'rd_qos' [/wrk/2020.1/nightly/2020_05_27_2902540/packages/customer/vivado/data/ip/xilinx/zynq_ultra_ps_e_vip_v1_0/hdl/zynq_ultra_ps_e_vip_v1_0_vl_rfs.sv:3805]
WARNING: [VRFC 10-3091] actual bit length 1 differs from formal bit length 4 for port 'wr_qos_1' [/wrk/2020.1/nightly/2020_05_27_2902540/packages/customer/vivado/data/ip/xilinx/zynq_ultra_ps_e_vip_v1_0/hdl/zynq_ultra_ps_e_vip_v1_0_vl_rfs.sv:3818]
WARNING: [VRFC 10-3091] actual bit length 1 differs from formal bit length 4 for port 'rd_qos_1' [/wrk/2020.1/nightly/2020_05_27_2902540/packages/customer/vivado/data/ip/xilinx/zynq_ultra_ps_e_vip_v1_0/hdl/zynq_ultra_ps_e_vip_v1_0_vl_rfs.sv:3825]
WARNING: [VRFC 10-5021] port 'mb_reset' is not connected on this instance [/media/steckler/xilinx_linux/SDR_custom/SDR/Software/SDR_Firmware/CPU_N1_ONECYCLE_RISCV_2020_1_MYIR_BRAM_DP/CPU_V1/CPU_V1.ip_user_files/bd/Section_debug/sim/Section_debug.v:334]
WARNING: [VRFC 10-5021] port 'PSS_ALTO_CORE_PAD_CLK' is not connected on this instance [/media/steckler/xilinx_linux/SDR_custom/SDR/Software/SDR_Firmware/CPU_N1_ONECYCLE_RISCV_2020_1_MYIR_BRAM_DP/CPU_V1/CPU_V1.ip_user_files/bd/Section_debug/ip/Section_debug_zynq_ultra_ps_e_1_0/sim/Section_debug_zynq_ultra_ps_e_1_0_vip_wrapper.v:207]
WARNING: [VRFC 10-3283] element index 4096 into 'wrp_strb' is out of bounds [/wrk/2020.1/nightly/2020_05_27_2902540/packages/customer/vivado/data/ip/xilinx/zynq_ultra_ps_e_vip_v1_0/hdl/zynq_ultra_ps_e_vip_v1_0_vl_rfs.sv:6968]
WARNING: [VRFC 10-3705] select index 2 into 'wr_fifo_rd_ptr' is out of bounds [/wrk/2020.1/nightly/2020_05_27_2902540/packages/customer/vivado/data/ip/xilinx/zynq_ultra_ps_e_vip_v1_0/hdl/zynq_ultra_ps_e_vip_v1_0_vl_rfs.sv:7181]
WARNING: [VRFC 10-3705] select index 3 into 'ar_cnt' is out of bounds [/wrk/2020.1/nightly/2020_05_27_2902540/packages/customer/vivado/data/ip/xilinx/zynq_ultra_ps_e_vip_v1_0/hdl/zynq_ultra_ps_e_vip_v1_0_vl_rfs.sv:7320]
WARNING: [VRFC 10-3705] select index 3 into 'wr_rresp_cnt' is out of bounds [/wrk/2020.1/nightly/2020_05_27_2902540/packages/customer/vivado/data/ip/xilinx/zynq_ultra_ps_e_vip_v1_0/hdl/zynq_ultra_ps_e_vip_v1_0_vl_rfs.sv:7417]
WARNING: [VRFC 10-3705] select index 3 into 'rd_fifo_wr_ptr' is out of bounds [/wrk/2020.1/nightly/2020_05_27_2902540/packages/customer/vivado/data/ip/xilinx/zynq_ultra_ps_e_vip_v1_0/hdl/zynq_ultra_ps_e_vip_v1_0_vl_rfs.sv:7436]
WARNING: [VRFC 10-3705] select index 3 into 'rd_cnt' is out of bounds [/wrk/2020.1/nightly/2020_05_27_2902540/packages/customer/vivado/data/ip/xilinx/zynq_ultra_ps_e_vip_v1_0/hdl/zynq_ultra_ps_e_vip_v1_0_vl_rfs.sv:7577]
WARNING: [VRFC 10-3705] select index 3 into 'rresp_time_cnt' is out of bounds [/wrk/2020.1/nightly/2020_05_27_2902540/packages/customer/vivado/data/ip/xilinx/zynq_ultra_ps_e_vip_v1_0/hdl/zynq_ultra_ps_e_vip_v1_0_vl_rfs.sv:7582]
WARNING: [VRFC 10-3705] select index 3 into 'rd_fifo_rd_ptr' is out of bounds [/wrk/2020.1/nightly/2020_05_27_2902540/packages/customer/vivado/data/ip/xilinx/zynq_ultra_ps_e_vip_v1_0/hdl/zynq_ultra_ps_e_vip_v1_0_vl_rfs.sv:7587]
WARNING: [VRFC 10-3283] element index 4096 into 'wrp_strb' is out of bounds [/wrk/2020.1/nightly/2020_05_27_2902540/packages/customer/vivado/data/ip/xilinx/zynq_ultra_ps_e_vip_v1_0/hdl/zynq_ultra_ps_e_vip_v1_0_vl_rfs.sv:5492]
Completed static elaboration
Starting simulation data flow analysis
Completed simulation data flow analysis
Time Resolution for simulation is 1ps
Compiling package std.standard
Compiling package std.textio
Compiling package ieee.std_logic_1164
Compiling package ieee.numeric_std
Compiling package unisim.vcomponents
Compiling package ieee.vital_timing
Compiling package ieee.vital_primitives
Compiling package unisim.vpkg
Compiling package ieee.std_logic_arith
Compiling package synopsys.attributes
Compiling package ieee.std_logic_misc
Compiling package xilinx_vip.axi_vip_pkg
Compiling package xilinx_vip.xil_common_vip_pkg
Compiling package std.std
Compiling module xil_defaultlib.rv32i_control_full
Compiling module xil_defaultlib.Section_debug_rv32i_control_full...
Compiling module xil_defaultlib.rv32i_decoder
Compiling module xil_defaultlib.Section_debug_rv32i_decoder_0_0
Compiling module xil_defaultlib.rv32i_imm_mux
Compiling module xil_defaultlib.Section_debug_rv32i_imm_mux_0_0
Compiling module xil_defaultlib.rv32i_regfile
Compiling module xil_defaultlib.Section_debug_rv32i_regfile_0_0
Compiling module xil_defaultlib.RV32I_ID_imp_1LKARB6
Compiling module blk_mem_gen_v8_4_4.blk_mem_gen_v8_4_4_output_stage(...
Compiling module blk_mem_gen_v8_4_4.blk_mem_gen_v8_4_4_output_stage(...
Compiling module blk_mem_gen_v8_4_4.blk_mem_gen_v8_4_4_softecc_outpu...
Compiling module blk_mem_gen_v8_4_4.blk_mem_gen_v8_4_4_mem_module(C_...
Compiling module blk_mem_gen_v8_4_4.blk_mem_gen_v8_4_4(C_FAMILY="zyn...
Compiling module xil_defaultlib.Section_debug_blk_mem_gen_0_1
Compiling module xil_defaultlib.pc_to_rom_addr(ADDR_W=11)
Compiling module xil_defaultlib.Section_debug_pc_to_rom_addr_0_1
Compiling module xil_defaultlib.pc_unit
Compiling module xil_defaultlib.Section_debug_pc_unit_0_0
Compiling module xil_defaultlib.rv32i_if_id_reg
Compiling module xil_defaultlib.Section_debug_rv32i_if_id_reg_0_...
Compiling module xlconstant_v1_1_7.xlconstant_v1_1_7_xlconstant
Compiling module xil_defaultlib.Section_debug_xlconstant_3_0
Compiling module xil_defaultlib.Section_debug_xlconstant_3_2
Compiling module xil_defaultlib.RV32I_IF_imp_CSF23Z
Compiling module xil_defaultlib.Section_debug_ila_0_0
Compiling architecture fdre_v of entity unisim.FDRE [fdre_default]
Compiling architecture fdre_v of entity unisim.FDRE [\FDRE(init='1')\]
Compiling architecture fdr_v of entity unisim.FDR [fdr_default]
Compiling architecture implementation of entity lib_cdc_v1_0_2.cdc_sync [\cdc_sync(c_vector_width=2,c_mtb...]
Compiling architecture srl16e_v of entity unisim.SRL16E [\SRL16E(init="1111111111111111")...]
Compiling architecture srl16_v of entity unisim.SRL16 [\SRL16(init="1111111111111111")(...]
Compiling architecture imp of entity proc_sys_reset_v5_0_13.lpf [\lpf(c_ext_rst_width=4,c_aux_rst...]
Compiling architecture imp of entity proc_sys_reset_v5_0_13.upcnt_n [\upcnt_n(c_size=6)\]
Compiling architecture imp of entity proc_sys_reset_v5_0_13.sequence_psr [sequence_psr_default]
Compiling architecture imp of entity proc_sys_reset_v5_0_13.proc_sys_reset [\proc_sys_reset(c_family="zynqup...]
Compiling architecture section_debug_proc_sys_reset_0_0_arch of entity xil_defaultlib.Section_debug_proc_sys_reset_0_0 [section_debug_proc_sys_reset_0_0...]
Compiling module xil_defaultlib.rv32i_id_ex_reg
Compiling module xil_defaultlib.Section_debug_rv32i_id_ex_reg_0_...
Compiling module xil_defaultlib.rv32i_pc_redirect
Compiling module xil_defaultlib.Section_debug_rv32i_pc_redirect_...
Compiling module util_vector_logic_v2_0_1.util_vector_logic_v2_0_1_util_ve...
Compiling module xil_defaultlib.Section_debug_util_vector_logic_...
Compiling module xil_defaultlib.Section_debug_vio_0_0
Compiling module xil_defaultlib.Section_debug_xlconstant_0_0
Compiling module xil_defaultlib.Section_debug_xlconstant_4_0
Compiling module zynq_ultra_ps_e_vip_v1_0_7.zynq_ultra_ps_e_vip_v1_0_7_gen_r...
Compiling module zynq_ultra_ps_e_vip_v1_0_7.zynq_ultra_ps_e_vip_v1_0_7_gen_c...
Compiling module zynq_ultra_ps_e_vip_v1_0_7.zynq_ultra_ps_e_vip_v1_0_7_arb_w...
Compiling module zynq_ultra_ps_e_vip_v1_0_7.zynq_ultra_ps_e_vip_v1_0_7_arb_r...
Compiling module zynq_ultra_ps_e_vip_v1_0_7.zynq_ultra_ps_e_vip_v1_0_7_spars...
Compiling module zynq_ultra_ps_e_vip_v1_0_7.zynq_ultra_ps_e_vip_v1_0_7_ddrc_...
Compiling module zynq_ultra_ps_e_vip_v1_0_7.zynq_ultra_ps_e_vip_v1_0_7_ocm_m...
Compiling module zynq_ultra_ps_e_vip_v1_0_7.zynq_ultra_ps_e_vip_v1_0_7_ocmc_...
Compiling module zynq_ultra_ps_e_vip_v1_0_7.zynq_ultra_ps_e_vip_v1_0_7_reg_m...
Compiling module zynq_ultra_ps_e_vip_v1_0_7.zynq_ultra_ps_e_vip_v1_0_7_regc_...
Compiling module xilinx_vip.axi_vip_axi4pc(WADDR_WIDTH=40,RA...
Compiling module xilinx_vip.cb
Compiling module xilinx_vip.axi_vip_if(C_AXI_ADDR_WIDTH=40,C...
Compiling module axi_vip_v1_1_7.axi_vip_v1_1_7_top(C_AXI_INTERFA...
Compiling module zynq_ultra_ps_e_vip_v1_0_7.zynq_ultra_ps_e_vip_v1_0_7_axi_s...
Compiling module xilinx_vip.axi_vip_axi4pc(WADDR_WIDTH=40,RA...
Compiling module xilinx_vip.cb
Compiling module xilinx_vip.axi_vip_if(C_AXI_ADDR_WIDTH=40,C...
Compiling module axi_vip_v1_1_7.axi_vip_v1_1_7_top(C_AXI_INTERFA...
Compiling module zynq_ultra_ps_e_vip_v1_0_7.zynq_ultra_ps_e_vip_v1_0_7_axi_s...
Compiling module xilinx_vip.axi_vip_axi4pc(WADDR_WIDTH=40,RA...
Compiling module xilinx_vip.cb
Compiling module xilinx_vip.axi_vip_if(C_AXI_ADDR_WIDTH=40,C...
Compiling module axi_vip_v1_1_7.axi_vip_v1_1_7_top(C_AXI_INTERFA...
Compiling module zynq_ultra_ps_e_vip_v1_0_7.zynq_ultra_ps_e_vip_v1_0_7_axi_s...
Compiling module zynq_ultra_ps_e_vip_v1_0_7.zynq_ultra_ps_e_vip_v1_0_7_axi_s...
Compiling module zynq_ultra_ps_e_vip_v1_0_7.zynq_ultra_ps_e_vip_v1_0_7_axi_s...
Compiling module zynq_ultra_ps_e_vip_v1_0_7.zynq_ultra_ps_e_vip_v1_0_7_axi_s...
Compiling module zynq_ultra_ps_e_vip_v1_0_7.zynq_ultra_ps_e_vip_v1_0_7_axi_s...
Compiling module zynq_ultra_ps_e_vip_v1_0_7.zynq_ultra_ps_e_vip_v1_0_7_axi_s...
Compiling module zynq_ultra_ps_e_vip_v1_0_7.zynq_ultra_ps_e_vip_v1_0_7_axi_s...
Compiling module xilinx_vip.axi_vip_axi4pc(WADDR_WIDTH=40,RA...
Compiling module xilinx_vip.cb
Compiling module xilinx_vip.axi_vip_if(C_AXI_ADDR_WIDTH=40,C...
Compiling module axi_vip_v1_1_7.axi_vip_v1_1_7_top(C_AXI_INTERFA...
Compiling module zynq_ultra_ps_e_vip_v1_0_7.zynq_ultra_ps_e_vip_v1_0_7_axi_m...
Compiling module xilinx_vip.axi_vip_axi4pc(WADDR_WIDTH=40,RA...
Compiling module xilinx_vip.cb
Compiling module xilinx_vip.axi_vip_if(C_AXI_ADDR_WIDTH=40,C...
Compiling module axi_vip_v1_1_7.axi_vip_v1_1_7_top(C_AXI_INTERFA...
Compiling module zynq_ultra_ps_e_vip_v1_0_7.zynq_ultra_ps_e_vip_v1_0_7_axi_m...
Compiling module zynq_ultra_ps_e_vip_v1_0_7.zynq_ultra_ps_e_vip_v1_0_7_axi_m...
Compiling module zynq_ultra_ps_e_vip_v1_0_7.zynq_ultra_ps_e_vip_v1_0_7_arb_w...
Compiling module zynq_ultra_ps_e_vip_v1_0_7.zynq_ultra_ps_e_vip_v1_0_7_arb_r...
Compiling module zynq_ultra_ps_e_vip_v1_0_7.zynq_ultra_ps_e_vip_v1_0_7_arb_r...
Compiling module zynq_ultra_ps_e_vip_v1_0_7.zynq_ultra_ps_e_vip_v1_0_7_ddr_i...
Compiling module zynq_ultra_ps_e_vip_v1_0_7.zynq_ultra_ps_e_vip_v1_0_7_inter...
Compiling module zynq_ultra_ps_e_vip_v1_0_7.zynq_ultra_ps_e_vip_v1_0_7(C_FCL...
Compiling module xil_defaultlib.Section_debug_zynq_ultra_ps_e_1_...
Compiling module xil_defaultlib.Section_debug
Compiling module xil_defaultlib.Section_debug_wrapper
Compiling module xil_defaultlib.glbl
Built simulation snapshot Section_debug_wrapper_behav
