
*** Running vivado
    with args -log RV32_IF_EX.vds -m64 -product Vivado -mode batch -messageDb vivado.pb -notrace -source RV32_IF_EX.tcl


****** Vivado v2020.1 (64-bit)
  **** SW Build 2902540 on Wed May 27 19:54:35 MDT 2020
  **** IP Build 2902112 on Wed May 27 22:43:36 MDT 2020
    ** Copyright 1986-2020 Xilinx, Inc. All Rights Reserved.

source RV32_IF_EX.tcl -notrace
INFO: [IP_Flow 19-234] Refreshing IP repositories
INFO: [IP_Flow 19-1704] No user IP repositories specified
INFO: [IP_Flow 19-2313] Loaded Vivado IP repository '/media/steckler/xilinx_linux/vitis_2020.1/Vivado/2020.1/data/ip'.
INFO: [IP_Flow 19-234] Refreshing IP repositories
INFO: [IP_Flow 19-1704] No user IP repositories specified
INFO: [IP_Flow 19-5107] Inferred bus interface 'rst' of definition 'xilinx.com:signal:reset:1.0' (from Xilinx Repository).
INFO: [IP_Flow 19-5107] Inferred bus interface 'clk' of definition 'xilinx.com:signal:clock:1.0' (from Xilinx Repository).
INFO: [IP_Flow 19-4728] Bus Interface 'clk': Added interface parameter 'ASSOCIATED_RESET' with value 'rst'.
WARNING: [IP_Flow 19-5661] Bus Interface 'clk' does not have any bus interfaces associated with it.
INFO: [IP_Flow 19-234] Refreshing IP repositories
INFO: [IP_Flow 19-1704] No user IP repositories specified
INFO: [IP_Flow 19-5107] Inferred bus interface 'clk' of definition 'xilinx.com:signal:clock:1.0' (from Xilinx Repository).
WARNING: [IP_Flow 19-5661] Bus Interface 'clk' does not have any bus interfaces associated with it.
INFO: [IP_Flow 19-234] Refreshing IP repositories
INFO: [IP_Flow 19-1704] No user IP repositories specified
INFO: [IP_Flow 19-234] Refreshing IP repositories
INFO: [IP_Flow 19-1704] No user IP repositories specified
INFO: [IP_Flow 19-234] Refreshing IP repositories
INFO: [IP_Flow 19-1704] No user IP repositories specified
INFO: [IP_Flow 19-234] Refreshing IP repositories
INFO: [IP_Flow 19-1704] No user IP repositories specified
INFO: [IP_Flow 19-5107] Inferred bus interface 'rst' of definition 'xilinx.com:signal:reset:1.0' (from Xilinx Repository).
INFO: [IP_Flow 19-5107] Inferred bus interface 'clk' of definition 'xilinx.com:signal:clock:1.0' (from Xilinx Repository).
INFO: [IP_Flow 19-4728] Bus Interface 'clk': Added interface parameter 'ASSOCIATED_RESET' with value 'rst'.
WARNING: [IP_Flow 19-5661] Bus Interface 'clk' does not have any bus interfaces associated with it.
INFO: [IP_Flow 19-234] Refreshing IP repositories
INFO: [IP_Flow 19-1704] No user IP repositories specified
INFO: [IP_Flow 19-234] Refreshing IP repositories
INFO: [IP_Flow 19-1704] No user IP repositories specified
INFO: [IP_Flow 19-5151] The Range '31:0' is present in all ports of the interface 'rd'. It is assumed that this is meant to declare an array of interface. If this is not the desired behaviour, switch of this feature by disabling the parameter 'ips.enableInterfaceArrayInference'.
INFO: [IP_Flow 19-5151] The Range '31:0' is present in all ports of the interface 'rs1'. It is assumed that this is meant to declare an array of interface. If this is not the desired behaviour, switch of this feature by disabling the parameter 'ips.enableInterfaceArrayInference'.
INFO: [IP_Flow 19-5151] The Range '31:0' is present in all ports of the interface 'rs2'. It is assumed that this is meant to declare an array of interface. If this is not the desired behaviour, switch of this feature by disabling the parameter 'ips.enableInterfaceArrayInference'.
INFO: [IP_Flow 19-5107] Inferred bus interface 'clk' of definition 'xilinx.com:signal:clock:1.0' (from Xilinx Repository).
WARNING: [IP_Flow 19-5661] Bus Interface 'clk' does not have any bus interfaces associated with it.
INFO: [IP_Flow 19-234] Refreshing IP repositories
INFO: [IP_Flow 19-1704] No user IP repositories specified
INFO: [IP_Flow 19-5107] Inferred bus interface 'rst' of definition 'xilinx.com:signal:reset:1.0' (from Xilinx Repository).
INFO: [IP_Flow 19-5107] Inferred bus interface 'clk' of definition 'xilinx.com:signal:clock:1.0' (from Xilinx Repository).
INFO: [IP_Flow 19-4728] Bus Interface 'clk': Added interface parameter 'ASSOCIATED_RESET' with value 'rst'.
WARNING: [IP_Flow 19-5661] Bus Interface 'clk' does not have any bus interfaces associated with it.
INFO: [IP_Flow 19-234] Refreshing IP repositories
INFO: [IP_Flow 19-1704] No user IP repositories specified
add_files: Time (s): cpu = 00:00:20 ; elapsed = 00:00:13 . Memory (MB): peak = 2304.020 ; gain = 152.078 ; free physical = 4757 ; free virtual = 25613
Command: synth_design -top RV32_IF_EX -part xczu5ev-sfvc784-2-i -mode out_of_context
Starting synth_design
WARNING: [Vivado_Tcl 4-393] The 'Synthesis' target of the following IPs are stale, please generate the output products using the generate_target or synth_ip command before running synth_design.
/media/steckler/xilinx_linux/RISCV_ZYNQ/V2/RVI20U32/RV32I_COCOTB/RV32I_RELESED/RV32/RV32.srcs/sources_1/bd/RV32_IF_EX/RV32_IF_EX.bd

WARNING: [Vivado_Tcl 4-393] The 'Implementation' target of the following IPs are stale, please generate the output products using the generate_target or synth_ip command before running synth_design.
/media/steckler/xilinx_linux/RISCV_ZYNQ/V2/RVI20U32/RV32I_COCOTB/RV32I_RELESED/RV32/RV32.srcs/sources_1/bd/RV32_IF_EX/RV32_IF_EX.bd

Attempting to get a license for feature 'Synthesis' and/or device 'xczu5ev'
INFO: [Common 17-349] Got license for feature 'Synthesis' and/or device 'xczu5ev'
INFO: [Device 21-403] Loading part xczu5ev-sfvc784-2-i
INFO: [Synth 8-7079] Multithreading enabled for synth_design using a maximum of 4 processes.
INFO: [Synth 8-7078] Launching helper process for spawning children vivado processes
INFO: [Synth 8-7075] Helper process launched with PID 13409
---------------------------------------------------------------------------------
Starting RTL Elaboration : Time (s): cpu = 00:00:04 ; elapsed = 00:00:05 . Memory (MB): peak = 2625.262 ; gain = 9.902 ; free physical = 3531 ; free virtual = 24533
---------------------------------------------------------------------------------
INFO: [Synth 8-6157] synthesizing module 'RV32_IF_EX' [/media/steckler/xilinx_linux/RISCV_ZYNQ/V2/RVI20U32/RV32I_COCOTB/RV32I_RELESED/RV32/RV32.srcs/sources_1/bd/RV32_IF_EX/synth/RV32_IF_EX.v:13]
INFO: [Synth 8-6157] synthesizing module 'RV32_IF_EX_control_0_0' [/media/steckler/xilinx_linux/RISCV_ZYNQ/V2/RVI20U32/RV32I_COCOTB/RV32I_RELESED/RV32/RV32.srcs/sources_1/bd/RV32_IF_EX/ip/RV32_IF_EX_control_0_0/synth/RV32_IF_EX_control_0_0.v:58]
INFO: [Synth 8-6157] synthesizing module 'control' [/media/steckler/xilinx_linux/RISCV_ZYNQ/V2/RVI20U32/RV32I_COCOTB/RV32I_RELESED/RV32/RV32.srcs/sources_1/new/control.v:3]
	Parameter IMM_I bound to: 3'b000 
	Parameter IMM_S bound to: 3'b001 
	Parameter IMM_B bound to: 3'b010 
	Parameter IMM_U bound to: 3'b011 
	Parameter IMM_J bound to: 3'b100 
	Parameter A_RS1 bound to: 2'b00 
	Parameter A_PC bound to: 2'b01 
	Parameter A_ZERO bound to: 2'b10 
	Parameter B_RS2 bound to: 2'b00 
	Parameter B_IMM bound to: 2'b01 
	Parameter B_4 bound to: 2'b10 
	Parameter WB_ALU bound to: 3'b000 
	Parameter WB_MEM bound to: 3'b001 
	Parameter WB_PC4 bound to: 3'b010 
	Parameter WB_IMM bound to: 3'b011 
	Parameter ALU_ADD bound to: 4'b0000 
	Parameter ALU_SUB bound to: 4'b0001 
	Parameter ALU_AND bound to: 4'b0010 
	Parameter ALU_OR bound to: 4'b0011 
	Parameter ALU_XOR bound to: 4'b0100 
	Parameter ALU_SLL bound to: 4'b0101 
	Parameter ALU_SRL bound to: 4'b0110 
	Parameter ALU_SRA bound to: 4'b0111 
	Parameter ALU_SLT bound to: 4'b1000 
	Parameter ALU_SLTU bound to: 4'b1001 
	Parameter SZ_B bound to: 2'b00 
	Parameter SZ_H bound to: 2'b01 
	Parameter SZ_W bound to: 2'b10 
INFO: [Synth 8-155] case statement is not full and has no default [/media/steckler/xilinx_linux/RISCV_ZYNQ/V2/RVI20U32/RV32I_COCOTB/RV32I_RELESED/RV32/RV32.srcs/sources_1/new/control.v:146]
INFO: [Synth 8-155] case statement is not full and has no default [/media/steckler/xilinx_linux/RISCV_ZYNQ/V2/RVI20U32/RV32I_COCOTB/RV32I_RELESED/RV32/RV32.srcs/sources_1/new/control.v:81]
INFO: [Synth 8-6155] done synthesizing module 'control' (1#1) [/media/steckler/xilinx_linux/RISCV_ZYNQ/V2/RVI20U32/RV32I_COCOTB/RV32I_RELESED/RV32/RV32.srcs/sources_1/new/control.v:3]
INFO: [Synth 8-6155] done synthesizing module 'RV32_IF_EX_control_0_0' (2#1) [/media/steckler/xilinx_linux/RISCV_ZYNQ/V2/RVI20U32/RV32I_COCOTB/RV32I_RELESED/RV32/RV32.srcs/sources_1/bd/RV32_IF_EX/ip/RV32_IF_EX_control_0_0/synth/RV32_IF_EX_control_0_0.v:58]
INFO: [Synth 8-6157] synthesizing module 'RV32_IF_EX_decoder_0_0' [/media/steckler/xilinx_linux/RISCV_ZYNQ/V2/RVI20U32/RV32I_COCOTB/RV32I_RELESED/RV32/RV32.srcs/sources_1/bd/RV32_IF_EX/ip/RV32_IF_EX_decoder_0_0/synth/RV32_IF_EX_decoder_0_0.v:58]
INFO: [Synth 8-6157] synthesizing module 'decoder' [/media/steckler/xilinx_linux/RISCV_ZYNQ/V2/RVI20U32/RV32I_COCOTB/RV32I_RELESED/RV32/RV32.srcs/sources_1/new/decoder.v:3]
	Parameter FMT_R bound to: 3'b000 
	Parameter FMT_I bound to: 3'b001 
	Parameter FMT_S bound to: 3'b010 
	Parameter FMT_B bound to: 3'b011 
	Parameter FMT_U bound to: 3'b100 
	Parameter FMT_J bound to: 3'b101 
	Parameter FMT_UNKNOWN bound to: 3'b111 
INFO: [Synth 8-6155] done synthesizing module 'decoder' (3#1) [/media/steckler/xilinx_linux/RISCV_ZYNQ/V2/RVI20U32/RV32I_COCOTB/RV32I_RELESED/RV32/RV32.srcs/sources_1/new/decoder.v:3]
INFO: [Synth 8-6155] done synthesizing module 'RV32_IF_EX_decoder_0_0' (4#1) [/media/steckler/xilinx_linux/RISCV_ZYNQ/V2/RVI20U32/RV32I_COCOTB/RV32I_RELESED/RV32/RV32.srcs/sources_1/bd/RV32_IF_EX/ip/RV32_IF_EX_decoder_0_0/synth/RV32_IF_EX_decoder_0_0.v:58]
WARNING: [Synth 8-7071] port 'rs1_used' of module 'RV32_IF_EX_decoder_0_0' is unconnected for instance 'decoder_0' [/media/steckler/xilinx_linux/RISCV_ZYNQ/V2/RVI20U32/RV32I_COCOTB/RV32I_RELESED/RV32/RV32.srcs/sources_1/bd/RV32_IF_EX/synth/RV32_IF_EX.v:171]
WARNING: [Synth 8-7071] port 'rs2_used' of module 'RV32_IF_EX_decoder_0_0' is unconnected for instance 'decoder_0' [/media/steckler/xilinx_linux/RISCV_ZYNQ/V2/RVI20U32/RV32I_COCOTB/RV32I_RELESED/RV32/RV32.srcs/sources_1/bd/RV32_IF_EX/synth/RV32_IF_EX.v:171]
WARNING: [Synth 8-7023] instance 'decoder_0' of module 'RV32_IF_EX_decoder_0_0' has 17 connections declared, but only 15 given [/media/steckler/xilinx_linux/RISCV_ZYNQ/V2/RVI20U32/RV32I_COCOTB/RV32I_RELESED/RV32/RV32.srcs/sources_1/bd/RV32_IF_EX/synth/RV32_IF_EX.v:171]
INFO: [Synth 8-6157] synthesizing module 'RV32_IF_EX_id_ex_reg_0_0' [/media/steckler/xilinx_linux/RISCV_ZYNQ/V2/RVI20U32/RV32I_COCOTB/RV32I_RELESED/RV32/RV32.srcs/sources_1/bd/RV32_IF_EX/ip/RV32_IF_EX_id_ex_reg_0_0/synth/RV32_IF_EX_id_ex_reg_0_0.v:58]
INFO: [Synth 8-6157] synthesizing module 'id_ex_reg' [/media/steckler/xilinx_linux/RISCV_ZYNQ/V2/RVI20U32/RV32I_COCOTB/RV32I_RELESED/RV32/RV32.srcs/sources_1/new/id_ex_reg.v:3]
INFO: [Synth 8-6155] done synthesizing module 'id_ex_reg' (5#1) [/media/steckler/xilinx_linux/RISCV_ZYNQ/V2/RVI20U32/RV32I_COCOTB/RV32I_RELESED/RV32/RV32.srcs/sources_1/new/id_ex_reg.v:3]
INFO: [Synth 8-6155] done synthesizing module 'RV32_IF_EX_id_ex_reg_0_0' (6#1) [/media/steckler/xilinx_linux/RISCV_ZYNQ/V2/RVI20U32/RV32I_COCOTB/RV32I_RELESED/RV32/RV32.srcs/sources_1/bd/RV32_IF_EX/ip/RV32_IF_EX_id_ex_reg_0_0/synth/RV32_IF_EX_id_ex_reg_0_0.v:58]
WARNING: [Synth 8-7071] port 'ex_pred_next_pc' of module 'RV32_IF_EX_id_ex_reg_0_0' is unconnected for instance 'id_ex_reg_0' [/media/steckler/xilinx_linux/RISCV_ZYNQ/V2/RVI20U32/RV32I_COCOTB/RV32I_RELESED/RV32/RV32.srcs/sources_1/bd/RV32_IF_EX/synth/RV32_IF_EX.v:187]
WARNING: [Synth 8-7071] port 'ex_imm_u' of module 'RV32_IF_EX_id_ex_reg_0_0' is unconnected for instance 'id_ex_reg_0' [/media/steckler/xilinx_linux/RISCV_ZYNQ/V2/RVI20U32/RV32I_COCOTB/RV32I_RELESED/RV32/RV32.srcs/sources_1/bd/RV32_IF_EX/synth/RV32_IF_EX.v:187]
WARNING: [Synth 8-7071] port 'ex_op_a_sel' of module 'RV32_IF_EX_id_ex_reg_0_0' is unconnected for instance 'id_ex_reg_0' [/media/steckler/xilinx_linux/RISCV_ZYNQ/V2/RVI20U32/RV32I_COCOTB/RV32I_RELESED/RV32/RV32.srcs/sources_1/bd/RV32_IF_EX/synth/RV32_IF_EX.v:187]
WARNING: [Synth 8-7071] port 'ex_op_b_sel' of module 'RV32_IF_EX_id_ex_reg_0_0' is unconnected for instance 'id_ex_reg_0' [/media/steckler/xilinx_linux/RISCV_ZYNQ/V2/RVI20U32/RV32I_COCOTB/RV32I_RELESED/RV32/RV32.srcs/sources_1/bd/RV32_IF_EX/synth/RV32_IF_EX.v:187]
WARNING: [Synth 8-7071] port 'ex_branch_en' of module 'RV32_IF_EX_id_ex_reg_0_0' is unconnected for instance 'id_ex_reg_0' [/media/steckler/xilinx_linux/RISCV_ZYNQ/V2/RVI20U32/RV32I_COCOTB/RV32I_RELESED/RV32/RV32.srcs/sources_1/bd/RV32_IF_EX/synth/RV32_IF_EX.v:187]
WARNING: [Synth 8-7071] port 'ex_branch_funct3' of module 'RV32_IF_EX_id_ex_reg_0_0' is unconnected for instance 'id_ex_reg_0' [/media/steckler/xilinx_linux/RISCV_ZYNQ/V2/RVI20U32/RV32I_COCOTB/RV32I_RELESED/RV32/RV32.srcs/sources_1/bd/RV32_IF_EX/synth/RV32_IF_EX.v:187]
WARNING: [Synth 8-7071] port 'ex_jal' of module 'RV32_IF_EX_id_ex_reg_0_0' is unconnected for instance 'id_ex_reg_0' [/media/steckler/xilinx_linux/RISCV_ZYNQ/V2/RVI20U32/RV32I_COCOTB/RV32I_RELESED/RV32/RV32.srcs/sources_1/bd/RV32_IF_EX/synth/RV32_IF_EX.v:187]
WARNING: [Synth 8-7071] port 'ex_jalr' of module 'RV32_IF_EX_id_ex_reg_0_0' is unconnected for instance 'id_ex_reg_0' [/media/steckler/xilinx_linux/RISCV_ZYNQ/V2/RVI20U32/RV32I_COCOTB/RV32I_RELESED/RV32/RV32.srcs/sources_1/bd/RV32_IF_EX/synth/RV32_IF_EX.v:187]
WARNING: [Synth 8-7071] port 'ex_mem_re' of module 'RV32_IF_EX_id_ex_reg_0_0' is unconnected for instance 'id_ex_reg_0' [/media/steckler/xilinx_linux/RISCV_ZYNQ/V2/RVI20U32/RV32I_COCOTB/RV32I_RELESED/RV32/RV32.srcs/sources_1/bd/RV32_IF_EX/synth/RV32_IF_EX.v:187]
WARNING: [Synth 8-7071] port 'ex_mem_we' of module 'RV32_IF_EX_id_ex_reg_0_0' is unconnected for instance 'id_ex_reg_0' [/media/steckler/xilinx_linux/RISCV_ZYNQ/V2/RVI20U32/RV32I_COCOTB/RV32I_RELESED/RV32/RV32.srcs/sources_1/bd/RV32_IF_EX/synth/RV32_IF_EX.v:187]
WARNING: [Synth 8-7071] port 'ex_mem_size' of module 'RV32_IF_EX_id_ex_reg_0_0' is unconnected for instance 'id_ex_reg_0' [/media/steckler/xilinx_linux/RISCV_ZYNQ/V2/RVI20U32/RV32I_COCOTB/RV32I_RELESED/RV32/RV32.srcs/sources_1/bd/RV32_IF_EX/synth/RV32_IF_EX.v:187]
WARNING: [Synth 8-7071] port 'ex_mem_unsigned' of module 'RV32_IF_EX_id_ex_reg_0_0' is unconnected for instance 'id_ex_reg_0' [/media/steckler/xilinx_linux/RISCV_ZYNQ/V2/RVI20U32/RV32I_COCOTB/RV32I_RELESED/RV32/RV32.srcs/sources_1/bd/RV32_IF_EX/synth/RV32_IF_EX.v:187]
WARNING: [Synth 8-7071] port 'ex_illegal_instr' of module 'RV32_IF_EX_id_ex_reg_0_0' is unconnected for instance 'id_ex_reg_0' [/media/steckler/xilinx_linux/RISCV_ZYNQ/V2/RVI20U32/RV32I_COCOTB/RV32I_RELESED/RV32/RV32.srcs/sources_1/bd/RV32_IF_EX/synth/RV32_IF_EX.v:187]
WARNING: [Synth 8-7071] port 'ex_wb_sel' of module 'RV32_IF_EX_id_ex_reg_0_0' is unconnected for instance 'id_ex_reg_0' [/media/steckler/xilinx_linux/RISCV_ZYNQ/V2/RVI20U32/RV32I_COCOTB/RV32I_RELESED/RV32/RV32.srcs/sources_1/bd/RV32_IF_EX/synth/RV32_IF_EX.v:187]
WARNING: [Synth 8-7023] instance 'id_ex_reg_0' of module 'RV32_IF_EX_id_ex_reg_0_0' has 56 connections declared, but only 42 given [/media/steckler/xilinx_linux/RISCV_ZYNQ/V2/RVI20U32/RV32I_COCOTB/RV32I_RELESED/RV32/RV32.srcs/sources_1/bd/RV32_IF_EX/synth/RV32_IF_EX.v:187]
INFO: [Synth 8-6157] synthesizing module 'RV32_IF_EX_if_id_reg_0_0' [/media/steckler/xilinx_linux/RISCV_ZYNQ/V2/RVI20U32/RV32I_COCOTB/RV32I_RELESED/RV32/RV32.srcs/sources_1/bd/RV32_IF_EX/ip/RV32_IF_EX_if_id_reg_0_0/synth/RV32_IF_EX_if_id_reg_0_0.v:58]
INFO: [Synth 8-6157] synthesizing module 'if_id_reg' [/media/steckler/xilinx_linux/RISCV_ZYNQ/V2/RVI20U32/RV32I_COCOTB/RV32I_RELESED/RV32/RV32.srcs/sources_1/new/if_id_reg.v:3]
	Parameter NOP bound to: 19 - type: integer 
INFO: [Synth 8-6155] done synthesizing module 'if_id_reg' (7#1) [/media/steckler/xilinx_linux/RISCV_ZYNQ/V2/RVI20U32/RV32I_COCOTB/RV32I_RELESED/RV32/RV32.srcs/sources_1/new/if_id_reg.v:3]
INFO: [Synth 8-6155] done synthesizing module 'RV32_IF_EX_if_id_reg_0_0' (8#1) [/media/steckler/xilinx_linux/RISCV_ZYNQ/V2/RVI20U32/RV32I_COCOTB/RV32I_RELESED/RV32/RV32.srcs/sources_1/bd/RV32_IF_EX/ip/RV32_IF_EX_if_id_reg_0_0/synth/RV32_IF_EX_if_id_reg_0_0.v:58]
INFO: [Synth 8-6157] synthesizing module 'RV32_IF_EX_imm_mux_0_0' [/media/steckler/xilinx_linux/RISCV_ZYNQ/V2/RVI20U32/RV32I_COCOTB/RV32I_RELESED/RV32/RV32.srcs/sources_1/bd/RV32_IF_EX/ip/RV32_IF_EX_imm_mux_0_0/synth/RV32_IF_EX_imm_mux_0_0.v:58]
INFO: [Synth 8-6157] synthesizing module 'imm_mux' [/media/steckler/xilinx_linux/RISCV_ZYNQ/V2/RVI20U32/RV32I_COCOTB/RV32I_RELESED/RV32/RV32.srcs/sources_1/new/imm_mux.v:3]
	Parameter IMM_I bound to: 3'b000 
	Parameter IMM_S bound to: 3'b001 
	Parameter IMM_B bound to: 3'b010 
	Parameter IMM_U bound to: 3'b011 
	Parameter IMM_J bound to: 3'b100 
INFO: [Synth 8-6155] done synthesizing module 'imm_mux' (9#1) [/media/steckler/xilinx_linux/RISCV_ZYNQ/V2/RVI20U32/RV32I_COCOTB/RV32I_RELESED/RV32/RV32.srcs/sources_1/new/imm_mux.v:3]
INFO: [Synth 8-6155] done synthesizing module 'RV32_IF_EX_imm_mux_0_0' (10#1) [/media/steckler/xilinx_linux/RISCV_ZYNQ/V2/RVI20U32/RV32I_COCOTB/RV32I_RELESED/RV32/RV32.srcs/sources_1/bd/RV32_IF_EX/ip/RV32_IF_EX_imm_mux_0_0/synth/RV32_IF_EX_imm_mux_0_0.v:58]
INFO: [Synth 8-6157] synthesizing module 'RV32_IF_EX_pc_to_imem_addr_0_0' [/media/steckler/xilinx_linux/RISCV_ZYNQ/V2/RVI20U32/RV32I_COCOTB/RV32I_RELESED/RV32/RV32.srcs/sources_1/bd/RV32_IF_EX/ip/RV32_IF_EX_pc_to_imem_addr_0_0/synth/RV32_IF_EX_pc_to_imem_addr_0_0.v:58]
INFO: [Synth 8-6157] synthesizing module 'pc_to_imem_addr' [/media/steckler/xilinx_linux/RISCV_ZYNQ/V2/RVI20U32/RV32I_COCOTB/RV32I_RELESED/RV32/RV32.srcs/sources_1/new/pc_to_imem_addr.v:3]
	Parameter ADDR_W bound to: 11 - type: integer 
INFO: [Synth 8-6155] done synthesizing module 'pc_to_imem_addr' (11#1) [/media/steckler/xilinx_linux/RISCV_ZYNQ/V2/RVI20U32/RV32I_COCOTB/RV32I_RELESED/RV32/RV32.srcs/sources_1/new/pc_to_imem_addr.v:3]
INFO: [Synth 8-6155] done synthesizing module 'RV32_IF_EX_pc_to_imem_addr_0_0' (12#1) [/media/steckler/xilinx_linux/RISCV_ZYNQ/V2/RVI20U32/RV32I_COCOTB/RV32I_RELESED/RV32/RV32.srcs/sources_1/bd/RV32_IF_EX/ip/RV32_IF_EX_pc_to_imem_addr_0_0/synth/RV32_IF_EX_pc_to_imem_addr_0_0.v:58]
INFO: [Synth 8-6157] synthesizing module 'RV32_IF_EX_pc_unit_0_0' [/media/steckler/xilinx_linux/RISCV_ZYNQ/V2/RVI20U32/RV32I_COCOTB/RV32I_RELESED/RV32/RV32.srcs/sources_1/bd/RV32_IF_EX/ip/RV32_IF_EX_pc_unit_0_0/synth/RV32_IF_EX_pc_unit_0_0.v:58]
INFO: [Synth 8-6157] synthesizing module 'pc_unit' [/media/steckler/xilinx_linux/RISCV_ZYNQ/V2/RVI20U32/RV32I_COCOTB/RV32I_RELESED/RV32/RV32.srcs/sources_1/new/pc_unit.v:3]
	Parameter RESET_PC bound to: 0 - type: integer 
INFO: [Synth 8-6155] done synthesizing module 'pc_unit' (13#1) [/media/steckler/xilinx_linux/RISCV_ZYNQ/V2/RVI20U32/RV32I_COCOTB/RV32I_RELESED/RV32/RV32.srcs/sources_1/new/pc_unit.v:3]
INFO: [Synth 8-6155] done synthesizing module 'RV32_IF_EX_pc_unit_0_0' (14#1) [/media/steckler/xilinx_linux/RISCV_ZYNQ/V2/RVI20U32/RV32I_COCOTB/RV32I_RELESED/RV32/RV32.srcs/sources_1/bd/RV32_IF_EX/ip/RV32_IF_EX_pc_unit_0_0/synth/RV32_IF_EX_pc_unit_0_0.v:58]
INFO: [Synth 8-6157] synthesizing module 'RV32_IF_EX_regfile_0_0' [/media/steckler/xilinx_linux/RISCV_ZYNQ/V2/RVI20U32/RV32I_COCOTB/RV32I_RELESED/RV32/RV32.srcs/sources_1/bd/RV32_IF_EX/ip/RV32_IF_EX_regfile_0_0/synth/RV32_IF_EX_regfile_0_0.v:58]
INFO: [Synth 8-6157] synthesizing module 'regfile' [/media/steckler/xilinx_linux/RISCV_ZYNQ/V2/RVI20U32/RV32I_COCOTB/RV32I_RELESED/RV32/RV32.srcs/sources_1/new/regfile.v:3]
INFO: [Synth 8-6155] done synthesizing module 'regfile' (15#1) [/media/steckler/xilinx_linux/RISCV_ZYNQ/V2/RVI20U32/RV32I_COCOTB/RV32I_RELESED/RV32/RV32.srcs/sources_1/new/regfile.v:3]
INFO: [Synth 8-6155] done synthesizing module 'RV32_IF_EX_regfile_0_0' (16#1) [/media/steckler/xilinx_linux/RISCV_ZYNQ/V2/RVI20U32/RV32I_COCOTB/RV32I_RELESED/RV32/RV32.srcs/sources_1/bd/RV32_IF_EX/ip/RV32_IF_EX_regfile_0_0/synth/RV32_IF_EX_regfile_0_0.v:58]
INFO: [Synth 8-6157] synthesizing module 'RV32_IF_EX_rom_memory_0_0' [/media/steckler/xilinx_linux/RISCV_ZYNQ/V2/RVI20U32/RV32I_COCOTB/RV32I_RELESED/RV32/RV32.srcs/sources_1/bd/RV32_IF_EX/ip/RV32_IF_EX_rom_memory_0_0/synth/RV32_IF_EX_rom_memory_0_0.v:58]
INFO: [Synth 8-6157] synthesizing module 'rom_memory' [/media/steckler/xilinx_linux/RISCV_ZYNQ/V2/RVI20U32/RV32I_COCOTB/RV32I_RELESED/RV32/RV32.srcs/sources_1/new/rom_memory.v:3]
	Parameter DATA_WIDTH bound to: 32 - type: integer 
	Parameter ADDR_WIDTH bound to: 11 - type: integer 
	Parameter DEPTH bound to: 2048 - type: integer 
	Parameter MEM_FILE bound to: /media/steckler/xilinx_linux/RISCV_ZYNQ/V2/RVI20U32/rv32i_vscode/prog_asm.mem - type: string 
INFO: [Synth 8-3876] $readmem data file '/media/steckler/xilinx_linux/RISCV_ZYNQ/V2/RVI20U32/rv32i_vscode/prog_asm.mem' is read successfully [/media/steckler/xilinx_linux/RISCV_ZYNQ/V2/RVI20U32/RV32I_COCOTB/RV32I_RELESED/RV32/RV32.srcs/sources_1/new/rom_memory.v:18]
INFO: [Synth 8-6155] done synthesizing module 'rom_memory' (17#1) [/media/steckler/xilinx_linux/RISCV_ZYNQ/V2/RVI20U32/RV32I_COCOTB/RV32I_RELESED/RV32/RV32.srcs/sources_1/new/rom_memory.v:3]
INFO: [Synth 8-6155] done synthesizing module 'RV32_IF_EX_rom_memory_0_0' (18#1) [/media/steckler/xilinx_linux/RISCV_ZYNQ/V2/RVI20U32/RV32I_COCOTB/RV32I_RELESED/RV32/RV32.srcs/sources_1/bd/RV32_IF_EX/ip/RV32_IF_EX_rom_memory_0_0/synth/RV32_IF_EX_rom_memory_0_0.v:58]
INFO: [Synth 8-6157] synthesizing module 'RV32_IF_EX_sim_constant_0_0' [/media/steckler/xilinx_linux/RISCV_ZYNQ/V2/RVI20U32/RV32I_COCOTB/RV32I_RELESED/RV32/RV32.srcs/sources_1/bd/RV32_IF_EX/ip/RV32_IF_EX_sim_constant_0_0/synth/RV32_IF_EX_sim_constant_0_0.v:58]
INFO: [Synth 8-6157] synthesizing module 'sim_constant' [/media/steckler/xilinx_linux/RISCV_ZYNQ/V2/RVI20U32/RV32I_COCOTB/RV32I_RELESED/RV32/RV32.srcs/sources_1/new/sim_constant.v:7]
	Parameter WIDTH bound to: 1 - type: integer 
	Parameter VALUE bound to: 1 - type: integer 
INFO: [Synth 8-6155] done synthesizing module 'sim_constant' (19#1) [/media/steckler/xilinx_linux/RISCV_ZYNQ/V2/RVI20U32/RV32I_COCOTB/RV32I_RELESED/RV32/RV32.srcs/sources_1/new/sim_constant.v:7]
INFO: [Synth 8-6155] done synthesizing module 'RV32_IF_EX_sim_constant_0_0' (20#1) [/media/steckler/xilinx_linux/RISCV_ZYNQ/V2/RVI20U32/RV32I_COCOTB/RV32I_RELESED/RV32/RV32.srcs/sources_1/bd/RV32_IF_EX/ip/RV32_IF_EX_sim_constant_0_0/synth/RV32_IF_EX_sim_constant_0_0.v:58]
INFO: [Synth 8-6157] synthesizing module 'RV32_IF_EX_sim_constant_0_1' [/media/steckler/xilinx_linux/RISCV_ZYNQ/V2/RVI20U32/RV32I_COCOTB/RV32I_RELESED/RV32/RV32.srcs/sources_1/bd/RV32_IF_EX/ip/RV32_IF_EX_sim_constant_0_1/synth/RV32_IF_EX_sim_constant_0_1.v:58]
INFO: [Synth 8-6157] synthesizing module 'sim_constant__parameterized0' [/media/steckler/xilinx_linux/RISCV_ZYNQ/V2/RVI20U32/RV32I_COCOTB/RV32I_RELESED/RV32/RV32.srcs/sources_1/new/sim_constant.v:7]
	Parameter WIDTH bound to: 1 - type: integer 
	Parameter VALUE bound to: 0 - type: integer 
INFO: [Synth 8-6155] done synthesizing module 'sim_constant__parameterized0' (20#1) [/media/steckler/xilinx_linux/RISCV_ZYNQ/V2/RVI20U32/RV32I_COCOTB/RV32I_RELESED/RV32/RV32.srcs/sources_1/new/sim_constant.v:7]
INFO: [Synth 8-6155] done synthesizing module 'RV32_IF_EX_sim_constant_0_1' (21#1) [/media/steckler/xilinx_linux/RISCV_ZYNQ/V2/RVI20U32/RV32I_COCOTB/RV32I_RELESED/RV32/RV32.srcs/sources_1/bd/RV32_IF_EX/ip/RV32_IF_EX_sim_constant_0_1/synth/RV32_IF_EX_sim_constant_0_1.v:58]
INFO: [Synth 8-6157] synthesizing module 'RV32_IF_EX_sim_constant_1_0' [/media/steckler/xilinx_linux/RISCV_ZYNQ/V2/RVI20U32/RV32I_COCOTB/RV32I_RELESED/RV32/RV32.srcs/sources_1/bd/RV32_IF_EX/ip/RV32_IF_EX_sim_constant_1_0/synth/RV32_IF_EX_sim_constant_1_0.v:58]
INFO: [Synth 8-6155] done synthesizing module 'RV32_IF_EX_sim_constant_1_0' (22#1) [/media/steckler/xilinx_linux/RISCV_ZYNQ/V2/RVI20U32/RV32I_COCOTB/RV32I_RELESED/RV32/RV32.srcs/sources_1/bd/RV32_IF_EX/ip/RV32_IF_EX_sim_constant_1_0/synth/RV32_IF_EX_sim_constant_1_0.v:58]
INFO: [Synth 8-6155] done synthesizing module 'RV32_IF_EX' (23#1) [/media/steckler/xilinx_linux/RISCV_ZYNQ/V2/RVI20U32/RV32I_COCOTB/RV32I_RELESED/RV32/RV32.srcs/sources_1/bd/RV32_IF_EX/synth/RV32_IF_EX.v:13]
---------------------------------------------------------------------------------
Finished RTL Elaboration : Time (s): cpu = 00:00:05 ; elapsed = 00:00:07 . Memory (MB): peak = 2667.199 ; gain = 51.840 ; free physical = 3591 ; free virtual = 24582
---------------------------------------------------------------------------------
---------------------------------------------------------------------------------
Start Handling Custom Attributes
---------------------------------------------------------------------------------
---------------------------------------------------------------------------------
Finished Handling Custom Attributes : Time (s): cpu = 00:00:06 ; elapsed = 00:00:08 . Memory (MB): peak = 2687.043 ; gain = 71.684 ; free physical = 3544 ; free virtual = 24535
---------------------------------------------------------------------------------
---------------------------------------------------------------------------------
Finished RTL Optimization Phase 1 : Time (s): cpu = 00:00:06 ; elapsed = 00:00:08 . Memory (MB): peak = 2687.043 ; gain = 71.684 ; free physical = 3544 ; free virtual = 24535
---------------------------------------------------------------------------------
Netlist sorting complete. Time (s): cpu = 00:00:00.02 ; elapsed = 00:00:00.03 . Memory (MB): peak = 2687.043 ; gain = 0.000 ; free physical = 3528 ; free virtual = 24520
INFO: [Project 1-570] Preparing netlist for logic optimization

Processing XDC Constraints
Initializing timing engine
Parsing XDC File [/media/steckler/xilinx_linux/RISCV_ZYNQ/V2/RVI20U32/RV32I_COCOTB/RV32I_RELESED/RV32/RV32.srcs/sources_1/bd/RV32_IF_EX/RV32_IF_EX_ooc.xdc]
Finished Parsing XDC File [/media/steckler/xilinx_linux/RISCV_ZYNQ/V2/RVI20U32/RV32I_COCOTB/RV32I_RELESED/RV32/RV32.srcs/sources_1/bd/RV32_IF_EX/RV32_IF_EX_ooc.xdc]
Parsing XDC File [/media/steckler/xilinx_linux/RISCV_ZYNQ/V2/RVI20U32/RV32I_COCOTB/RV32I_RELESED/RV32/RV32.runs/RV32_IF_EX_synth_1/dont_touch.xdc]
Finished Parsing XDC File [/media/steckler/xilinx_linux/RISCV_ZYNQ/V2/RVI20U32/RV32I_COCOTB/RV32I_RELESED/RV32/RV32.runs/RV32_IF_EX_synth_1/dont_touch.xdc]
Completed Processing XDC Constraints

Netlist sorting complete. Time (s): cpu = 00:00:00 ; elapsed = 00:00:00 . Memory (MB): peak = 2827.715 ; gain = 0.000 ; free physical = 3515 ; free virtual = 24504
INFO: [Project 1-111] Unisim Transformation Summary:
No Unisim elements were transformed.

Constraint Validation Runtime : Time (s): cpu = 00:00:00.03 ; elapsed = 00:00:00.04 . Memory (MB): peak = 2827.715 ; gain = 0.000 ; free physical = 3515 ; free virtual = 24504
---------------------------------------------------------------------------------
Finished Constraint Validation : Time (s): cpu = 00:00:14 ; elapsed = 00:00:19 . Memory (MB): peak = 2827.715 ; gain = 212.355 ; free physical = 3512 ; free virtual = 24503
---------------------------------------------------------------------------------
---------------------------------------------------------------------------------
Start Loading Part and Timing Information
---------------------------------------------------------------------------------
Loading part: xczu5ev-sfvc784-2-i
INFO: [Synth 8-6742] Reading net delay rules and data
---------------------------------------------------------------------------------
Finished Loading Part and Timing Information : Time (s): cpu = 00:00:14 ; elapsed = 00:00:20 . Memory (MB): peak = 2827.715 ; gain = 212.355 ; free physical = 3515 ; free virtual = 24506
---------------------------------------------------------------------------------
---------------------------------------------------------------------------------
Start Applying 'set_property' XDC Constraints
---------------------------------------------------------------------------------
Applied set_property DONT_TOUCH = true for if_id_reg_0. (constraint file  auto generated constraint, line ).
Applied set_property DONT_TOUCH = true for pc_to_imem_addr_0. (constraint file  auto generated constraint, line ).
Applied set_property DONT_TOUCH = true for pc_unit_0. (constraint file  auto generated constraint, line ).
Applied set_property DONT_TOUCH = true for rom_memory_0. (constraint file  auto generated constraint, line ).
Applied set_property DONT_TOUCH = true for sim_constant_0. (constraint file  auto generated constraint, line ).
Applied set_property DONT_TOUCH = true for control_0. (constraint file  auto generated constraint, line ).
Applied set_property DONT_TOUCH = true for decoder_0. (constraint file  auto generated constraint, line ).
Applied set_property DONT_TOUCH = true for id_ex_reg_0. (constraint file  auto generated constraint, line ).
Applied set_property DONT_TOUCH = true for imm_mux_0. (constraint file  auto generated constraint, line ).
Applied set_property DONT_TOUCH = true for regfile_0. (constraint file  auto generated constraint, line ).
Applied set_property DONT_TOUCH = true for sim_constant_1. (constraint file  auto generated constraint, line ).
Applied set_property DONT_TOUCH = true for sim_constant_2. (constraint file  auto generated constraint, line ).
---------------------------------------------------------------------------------
Finished applying 'set_property' XDC Constraints : Time (s): cpu = 00:00:14 ; elapsed = 00:00:20 . Memory (MB): peak = 2827.715 ; gain = 212.355 ; free physical = 3513 ; free virtual = 24504
---------------------------------------------------------------------------------
INFO: [Synth 8-6904] The RAM "regfile:/regs_reg" of size (depth=32 x width=32) is automatically implemented using LUTRAM. BRAM implementation would be inefficient 
---------------------------------------------------------------------------------
Finished RTL Optimization Phase 2 : Time (s): cpu = 00:00:15 ; elapsed = 00:00:20 . Memory (MB): peak = 2827.715 ; gain = 212.355 ; free physical = 3548 ; free virtual = 24540
---------------------------------------------------------------------------------
---------------------------------------------------------------------------------
Start RTL Component Statistics 
---------------------------------------------------------------------------------
Detailed RTL Component Info : 
+---Adders : 
	   2 Input   32 Bit       Adders := 1     
+---Registers : 
	               32 Bit    Registers := 11    
	                8 Bit    Registers := 1     
	                5 Bit    Registers := 3     
	                4 Bit    Registers := 1     
	                3 Bit    Registers := 2     
	                2 Bit    Registers := 3     
	                1 Bit    Registers := 9     
+---RAMs : 
	             1024 Bit	(32 X 32 bit)          RAMs := 1     
+---ROMs : 
	                    ROMs := 1     
+---Muxes : 
	   2 Input   32 Bit        Muxes := 7     
	   8 Input    4 Bit        Muxes := 2     
	  11 Input    4 Bit        Muxes := 1     
	   2 Input    3 Bit        Muxes := 2     
	  11 Input    3 Bit        Muxes := 2     
	  11 Input    2 Bit        Muxes := 4     
	   6 Input    2 Bit        Muxes := 1     
	   2 Input    2 Bit        Muxes := 1     
	   4 Input    2 Bit        Muxes := 1     
	  11 Input    1 Bit        Muxes := 8     
	   2 Input    1 Bit        Muxes := 4     
	   6 Input    1 Bit        Muxes := 1     
---------------------------------------------------------------------------------
Finished RTL Component Statistics 
---------------------------------------------------------------------------------
---------------------------------------------------------------------------------
Start Part Resource Summary
---------------------------------------------------------------------------------
Part Resources:
DSPs: 1248 (col length:96)
BRAMs: 288 (col length: RAMB18 96 RAMB36 48)
---------------------------------------------------------------------------------
Finished Part Resource Summary
---------------------------------------------------------------------------------
---------------------------------------------------------------------------------
Start Cross Boundary and Area Optimization
---------------------------------------------------------------------------------
INFO: [Synth 8-6904] The RAM "regfile_0/inst/regs_reg" of size (depth=32 x width=32) is automatically implemented using LUTRAM. BRAM implementation would be inefficient 
---------------------------------------------------------------------------------
Finished Cross Boundary and Area Optimization : Time (s): cpu = 00:00:20 ; elapsed = 00:00:26 . Memory (MB): peak = 2827.715 ; gain = 212.355 ; free physical = 3556 ; free virtual = 24540
---------------------------------------------------------------------------------
---------------------------------------------------------------------------------
Start ROM, RAM, DSP and Shift Register Reporting
---------------------------------------------------------------------------------

ROM: Preliminary Mapping	Report
+--------------------------+----------------+---------------+----------------+
|Module Name               | RTL Object     | Depth x Width | Implemented As | 
+--------------------------+----------------+---------------+----------------+
|RV32_IF_EX_rom_memory_0_0 | inst/instr_reg | 2048x8        | Block RAM      | 
|RV32_IF_EX_rom_memory_0_0 | inst/instr_reg | 2048x8        | Block RAM      | 
+--------------------------+----------------+---------------+----------------+


Distributed RAM: Preliminary Mapping	Report (see note below)
+------------+---------------+-----------+----------------------+---------------+
|Module Name | RTL Object    | Inference | Size (Depth x Width) | Primitives    | 
+------------+---------------+-----------+----------------------+---------------+
|regfile_0   | inst/regs_reg | Implied   | 32 x 32              | RAM32M16 x 6	 | 
+------------+---------------+-----------+----------------------+---------------+

Note: The table above is a preliminary report that shows the Distributed RAMs at the current stage of the synthesis flow. Some Distributed RAMs may be reimplemented as non Distributed RAM primitives later in the synthesis flow. Multiple instantiated RAMs are reported only once.
---------------------------------------------------------------------------------
Finished ROM, RAM, DSP and Shift Register Reporting
---------------------------------------------------------------------------------
---------------------------------------------------------------------------------
Start Applying XDC Timing Constraints
---------------------------------------------------------------------------------
---------------------------------------------------------------------------------
Finished Applying XDC Timing Constraints : Time (s): cpu = 00:00:39 ; elapsed = 00:01:02 . Memory (MB): peak = 3223.465 ; gain = 608.105 ; free physical = 2967 ; free virtual = 23952
---------------------------------------------------------------------------------
---------------------------------------------------------------------------------
Start Timing Optimization
---------------------------------------------------------------------------------
---------------------------------------------------------------------------------
Finished Timing Optimization : Time (s): cpu = 00:00:39 ; elapsed = 00:01:02 . Memory (MB): peak = 3223.465 ; gain = 608.105 ; free physical = 2967 ; free virtual = 23953
---------------------------------------------------------------------------------
---------------------------------------------------------------------------------
Start ROM, RAM, DSP and Shift Register Reporting
---------------------------------------------------------------------------------

Distributed RAM: Final Mapping	Report
+------------+---------------+-----------+----------------------+---------------+
|Module Name | RTL Object    | Inference | Size (Depth x Width) | Primitives    | 
+------------+---------------+-----------+----------------------+---------------+
|regfile_0   | inst/regs_reg | Implied   | 32 x 32              | RAM32M16 x 6	 | 
+------------+---------------+-----------+----------------------+---------------+

---------------------------------------------------------------------------------
Finished ROM, RAM, DSP and Shift Register Reporting
---------------------------------------------------------------------------------
---------------------------------------------------------------------------------
Start Technology Mapping
---------------------------------------------------------------------------------
INFO: [Synth 8-7052] The timing for the instance rom_memory_0/inst/instr_reg (implemented as a Block RAM) might be sub-optimal as no optional output register could be merged into the ram block. Providing additional output register may help in improving timing.
---------------------------------------------------------------------------------
Finished Technology Mapping : Time (s): cpu = 00:00:39 ; elapsed = 00:01:03 . Memory (MB): peak = 3244.512 ; gain = 629.152 ; free physical = 2983 ; free virtual = 23963
---------------------------------------------------------------------------------
---------------------------------------------------------------------------------
Start IO Insertion
---------------------------------------------------------------------------------
---------------------------------------------------------------------------------
Start Flattening Before IO Insertion
---------------------------------------------------------------------------------
---------------------------------------------------------------------------------
Finished Flattening Before IO Insertion
---------------------------------------------------------------------------------
---------------------------------------------------------------------------------
Start Final Netlist Cleanup
---------------------------------------------------------------------------------
---------------------------------------------------------------------------------
Finished Final Netlist Cleanup
---------------------------------------------------------------------------------
---------------------------------------------------------------------------------
Finished IO Insertion : Time (s): cpu = 00:00:42 ; elapsed = 00:01:05 . Memory (MB): peak = 3250.449 ; gain = 635.090 ; free physical = 2978 ; free virtual = 23951
---------------------------------------------------------------------------------
---------------------------------------------------------------------------------
Start Renaming Generated Instances
---------------------------------------------------------------------------------
---------------------------------------------------------------------------------
Finished Renaming Generated Instances : Time (s): cpu = 00:00:42 ; elapsed = 00:01:05 . Memory (MB): peak = 3250.449 ; gain = 635.090 ; free physical = 2978 ; free virtual = 23951
---------------------------------------------------------------------------------
---------------------------------------------------------------------------------
Start Rebuilding User Hierarchy
---------------------------------------------------------------------------------
---------------------------------------------------------------------------------
Finished Rebuilding User Hierarchy : Time (s): cpu = 00:00:42 ; elapsed = 00:01:05 . Memory (MB): peak = 3250.449 ; gain = 635.090 ; free physical = 2978 ; free virtual = 23951
---------------------------------------------------------------------------------
---------------------------------------------------------------------------------
Start Renaming Generated Ports
---------------------------------------------------------------------------------
---------------------------------------------------------------------------------
Finished Renaming Generated Ports : Time (s): cpu = 00:00:42 ; elapsed = 00:01:05 . Memory (MB): peak = 3250.449 ; gain = 635.090 ; free physical = 2978 ; free virtual = 23951
---------------------------------------------------------------------------------
---------------------------------------------------------------------------------
Start Handling Custom Attributes
---------------------------------------------------------------------------------
---------------------------------------------------------------------------------
Finished Handling Custom Attributes : Time (s): cpu = 00:00:42 ; elapsed = 00:01:05 . Memory (MB): peak = 3250.449 ; gain = 635.090 ; free physical = 2978 ; free virtual = 23951
---------------------------------------------------------------------------------
---------------------------------------------------------------------------------
Start Renaming Generated Nets
---------------------------------------------------------------------------------
---------------------------------------------------------------------------------
Finished Renaming Generated Nets : Time (s): cpu = 00:00:42 ; elapsed = 00:01:05 . Memory (MB): peak = 3250.449 ; gain = 635.090 ; free physical = 2978 ; free virtual = 23951
---------------------------------------------------------------------------------
---------------------------------------------------------------------------------
Start Writing Synthesis Report
---------------------------------------------------------------------------------

Report BlackBoxes: 
+-+--------------+----------+
| |BlackBox name |Instances |
+-+--------------+----------+
+-+--------------+----------+

Report Cell Usage: 
+------+---------+------+
|      |Cell     |Count |
+------+---------+------+
|1     |CARRY8   |     8|
|2     |LUT1     |     3|
|3     |LUT2     |   101|
|4     |LUT3     |     4|
|5     |LUT4     |     7|
|6     |LUT5     |    17|
|7     |LUT6     |   141|
|8     |RAM32M16 |     6|
|9     |RAMB18E2 |     1|
|10    |FDCE     |   123|
|11    |FDPE     |     3|
|12    |FDRE     |   293|
|13    |FDSE     |     3|
+------+---------+------+
---------------------------------------------------------------------------------
Finished Writing Synthesis Report : Time (s): cpu = 00:00:42 ; elapsed = 00:01:05 . Memory (MB): peak = 3250.449 ; gain = 635.090 ; free physical = 2978 ; free virtual = 23951
---------------------------------------------------------------------------------
Synthesis finished with 0 errors, 0 critical warnings and 0 warnings.
Synthesis Optimization Runtime : Time (s): cpu = 00:00:38 ; elapsed = 00:01:00 . Memory (MB): peak = 3250.449 ; gain = 494.418 ; free physical = 3019 ; free virtual = 23991
Synthesis Optimization Complete : Time (s): cpu = 00:00:42 ; elapsed = 00:01:05 . Memory (MB): peak = 3250.457 ; gain = 635.090 ; free physical = 3019 ; free virtual = 23991
INFO: [Project 1-571] Translating synthesized netlist
Netlist sorting complete. Time (s): cpu = 00:00:00.01 ; elapsed = 00:00:00.01 . Memory (MB): peak = 3261.418 ; gain = 0.000 ; free physical = 3120 ; free virtual = 24066
INFO: [Netlist 29-17] Analyzing 14 Unisim elements for replacement
INFO: [Netlist 29-28] Unisim Transformation completed in 0 CPU seconds
INFO: [Project 1-570] Preparing netlist for logic optimization
INFO: [Opt 31-138] Pushed 0 inverter(s) to 0 load pin(s).
Netlist sorting complete. Time (s): cpu = 00:00:00 ; elapsed = 00:00:00 . Memory (MB): peak = 3308.309 ; gain = 0.000 ; free physical = 3059 ; free virtual = 24006
INFO: [Project 1-111] Unisim Transformation Summary:
  A total of 6 instances were transformed.
  RAM32M16 => RAM32M16 (RAMD32(x14), RAMS32(x2)): 6 instances

INFO: [Common 17-83] Releasing license: Synthesis
106 Infos, 30 Warnings, 0 Critical Warnings and 0 Errors encountered.
synth_design completed successfully
synth_design: Time (s): cpu = 00:00:55 ; elapsed = 00:01:21 . Memory (MB): peak = 3308.309 ; gain = 1004.289 ; free physical = 3194 ; free virtual = 24141
INFO: [Coretcl 2-1174] Renamed 18 cell refs.
INFO: [Common 17-1381] The checkpoint '/media/steckler/xilinx_linux/RISCV_ZYNQ/V2/RVI20U32/RV32I_COCOTB/RV32I_RELESED/RV32/RV32.runs/RV32_IF_EX_synth_1/RV32_IF_EX.dcp' has been generated.
INFO: [runtcl-4] Executing : report_utilization -file RV32_IF_EX_utilization_synth.rpt -pb RV32_IF_EX_utilization_synth.pb
INFO: [Common 17-206] Exiting Vivado at Sat May 30 00:31:45 2026...
