Vivado Simulator 2020.1
Copyright 1986-1999, 2001-2020 Xilinx, Inc. All Rights Reserved.
Running: /media/steckler/xilinx_linux/vitis_2020.1/Vivado/2020.1/bin/unwrapped/lnx64.o/xelab -wto 665df9eb1049412aba2015d1f4da0e51 --incr --debug all --relax --mt 8 -L xil_defaultlib -L xlconstant_v1_1_7 -L unisims_ver -L unimacro_ver -L secureip -L xpm --snapshot tb_top_behav xil_defaultlib.tb_top xil_defaultlib.glbl -log elaborate.log 
Using 8 slave threads.
Starting static elaboration
Pass Through NonSizing Optimizer
WARNING: [VRFC 10-5021] port 'SW1' is not connected on this instance [/media/steckler/xilinx_linux/RISCV_ZYNQ/V2/RVI20U32/RV32I_COCOTB/RISCV_ FOR_COCOTB/RISCV.srcs/sim_1/new/tb_top.v:16]
Completed static elaboration
Starting simulation data flow analysis
Completed simulation data flow analysis
Time Resolution for simulation is 1ps
Compiling module xil_defaultlib.alu
Compiling module xil_defaultlib.BASIC_alu_0_0
Compiling module xil_defaultlib.branch
Compiling module xil_defaultlib.BASIC_branch_0_0
Compiling module xil_defaultlib.ex_mem_reg
Compiling module xil_defaultlib.BASIC_ex_mem_reg_1_0
Compiling module xil_defaultlib.forward_mux
Compiling module xil_defaultlib.BASIC_forward_mux_0_0
Compiling module xil_defaultlib.BASIC_forward_mux_0_1
Compiling module xil_defaultlib.BASIC_forward_mux_1_0
Compiling module xil_defaultlib.forwarding
Compiling module xil_defaultlib.BASIC_forwarding_0_0
Compiling module xil_defaultlib.operand_a_mux
Compiling module xil_defaultlib.BASIC_operand_a_mux_0_0
Compiling module xil_defaultlib.operand_b_mux
Compiling module xil_defaultlib.BASIC_operand_b_mux_0_0
Compiling module xil_defaultlib.sim_constant
Compiling module xil_defaultlib.BASIC_sim_constant_0_3
Compiling module xil_defaultlib.util_vector_and
Compiling module xil_defaultlib.BASIC_util_vector_and_0_5
Compiling module xil_defaultlib.BASIC_util_vector_and_0_6
Compiling module xil_defaultlib.RV32I_EX_imp_VZHXQ1
Compiling module xil_defaultlib.control
Compiling module xil_defaultlib.BASIC_control_0_0
Compiling module xil_defaultlib.decoder
Compiling module xil_defaultlib.BASIC_decoder_0_0
Compiling module xil_defaultlib.id_ex_reg
Compiling module xil_defaultlib.BASIC_id_ex_reg_0_1
Compiling module xil_defaultlib.imm_mux
Compiling module xil_defaultlib.BASIC_imm_mux_0_0
Compiling module xil_defaultlib.regfile
Compiling module xil_defaultlib.BASIC_regfile_0_0
Compiling module xil_defaultlib.RV32I_ID_imp_1HJBFQL
Compiling module xil_defaultlib.branch_predictor_btb_bht(ENTRY_N...
Compiling module xil_defaultlib.BASIC_branch_predictor_btb_0_0
Compiling module xil_defaultlib.if_id_reg_default
Compiling module xil_defaultlib.BASIC_if_id_reg_0_0
Compiling module xil_defaultlib.pc_to_imem_addr(ADDR_W=11)
Compiling module xil_defaultlib.BASIC_pc_to_imem_addr_0_0
Compiling module xil_defaultlib.pc_unit
Compiling module xil_defaultlib.BASIC_pc_unit_0_0
Compiling module xil_defaultlib.rom_memory
Compiling module xil_defaultlib.BASIC_rom_memory_0_0
Compiling module xil_defaultlib.BASIC_util_vector_and_0_1
Compiling module xil_defaultlib.BASIC_util_vector_and_0_2
Compiling module xil_defaultlib.util_vector_not
Compiling module xil_defaultlib.BASIC_util_vector_not_0_1
Compiling module xil_defaultlib.BASIC_util_vector_not_0_2
Compiling module xil_defaultlib.util_vector_or
Compiling module xil_defaultlib.BASIC_util_vector_or_0_1
Compiling module xil_defaultlib.BASIC_util_vector_or_0_2
Compiling module xlconstant_v1_1_7.xlconstant_v1_1_7_xlconstant(CON...
Compiling module xil_defaultlib.BASIC_xlconstant_2_0
Compiling module xil_defaultlib.RV32I_IF_imp_136QK4M
Compiling module xil_defaultlib.mem_stage
Compiling module xil_defaultlib.BASIC_mem_stage_0_0
Compiling module xil_defaultlib.mem_wb_reg
Compiling module xil_defaultlib.BASIC_mem_wb_reg_0_0
Compiling module xil_defaultlib.regfile_we_gen
Compiling module xil_defaultlib.BASIC_regfile_we_gen_0_0
Compiling module xil_defaultlib.BASIC_sim_constant_0_4
Compiling module xil_defaultlib.RV32I_MEM_imp_12Q40FU
Compiling module xil_defaultlib.wb_mux
Compiling module xil_defaultlib.BASIC_wb_mux_0_0
Compiling module xil_defaultlib.RV32I_WB_imp_98K1CZ
Compiling module xil_defaultlib.load_use_detection
Compiling module xil_defaultlib.BASIC_load_use_detection_0_0
Compiling module xil_defaultlib.priority_branch_OR_load_use
Compiling module xil_defaultlib.BASIC_priority_branch_OR_l_0_0
Compiling module xil_defaultlib.Core_RV32I_imp_1VYNK5M
Compiling module xil_defaultlib.gpio
Compiling module xil_defaultlib.BASIC_gpio_0_0
Compiling module xil_defaultlib.GPIO_imp_GTDX3I
Compiling module xil_defaultlib.mem_bus_registered
Compiling module xil_defaultlib.BASIC_mem_bus_registered_0_0
Compiling module xil_defaultlib.MMIO_imp_LNKWBU
Compiling module xil_defaultlib.csr_access_unit
Compiling module xil_defaultlib.BASIC_csr_access_unit_0_0
Compiling module xil_defaultlib.csr_file
Compiling module xil_defaultlib.BASIC_csr_file_0_0
Compiling module xil_defaultlib.csr_regfile_wb_mux
Compiling module xil_defaultlib.BASIC_csr_regfile_wb_mux_0_0
Compiling module xil_defaultlib.exception_mux
Compiling module xil_defaultlib.BASIC_exception_mux_0_0
Compiling module xil_defaultlib.mem_exception_merge
Compiling module xil_defaultlib.BASIC_mem_exception_merge_0_0
Compiling module xil_defaultlib.privileged_pc_redirect_mux
Compiling module xil_defaultlib.BASIC_privileged_pc_redire_0_0
Compiling module xil_defaultlib.system_decoder
Compiling module xil_defaultlib.BASIC_system_decoder_0_0
Compiling module xil_defaultlib.trap_controller
Compiling module xil_defaultlib.BASIC_trap_controller_0_0
Compiling module xil_defaultlib.BASIC_util_vector_and_0_3
Compiling module xil_defaultlib.BASIC_util_vector_not_0_3
Compiling module xil_defaultlib.PRIVILEGED_imp_TDUXP9
Compiling module xil_defaultlib.ram_data(WORDS=1024)
Compiling module xil_defaultlib.BASIC_ram_data_1_0
Compiling module xil_defaultlib.RV32I_RAM_MEMORY_imp_1A3BT4W
Compiling module xil_defaultlib.timer(RESET_CMP=32'b010111001111...
Compiling module xil_defaultlib.BASIC_timer_0_0
Compiling module xil_defaultlib.TIMER_imp_1X1AELV
Compiling module xil_defaultlib.uart_tx(CLK_FREQ=190474289)
Compiling module xil_defaultlib.BASIC_uart_tx_0_0
Compiling module xil_defaultlib.UART_imp_OI5LS
Compiling module xil_defaultlib.xlconcat_8
Compiling module xil_defaultlib.BASIC_xlconcat_8_0_0
Compiling module xil_defaultlib.xlslice_2bit
Compiling module xil_defaultlib.BASIC_xlslice_2bit_0_0
Compiling module xil_defaultlib.BASIC
Compiling module xil_defaultlib.BASIC_wrapper
Compiling module xil_defaultlib.tb_top
Compiling module xil_defaultlib.glbl
Built simulation snapshot tb_top_behav
