23:06:27 INFO  : Launching XSCT server: xsct -n  -interactive /media/steckler/xilinx_linux/SDR_custom/SDR/Software/SDR_Firmware/CPU_N1_ONECYCLE_RISCV_2020_1_MYIR_BRAM_DP/CPU_V1/vitis/temp_xsdb_launch_script.tcl
23:06:28 INFO  : Registering command handlers for Vitis TCF services
23:06:30 INFO  : Platform repository initialization has completed.
23:06:30 INFO  : XSCT server has started successfully.
23:06:31 INFO  : plnx-install-location is set to ''
23:06:31 INFO  : Successfully done setting XSCT server connection channel  
23:06:31 INFO  : Successfully done query RDI_DATADIR 
23:06:31 INFO  : Successfully done setting workspace for the tool. 
23:08:52 INFO  : Result from executing command 'getProjects': bootloader_RV32I
23:08:52 INFO  : Result from executing command 'getPlatforms': 
23:09:36 INFO  : Result from executing command 'getProjects': bootloader_RV32I
23:09:36 INFO  : Result from executing command 'getPlatforms': bootloader_RV32I|/media/steckler/xilinx_linux/SDR_custom/SDR/Software/SDR_Firmware/CPU_N1_ONECYCLE_RISCV_2020_1_MYIR_BRAM_DP/CPU_V1/vitis/bootloader_RV32I/export/bootloader_RV32I/bootloader_RV32I.xpfm
23:13:03 INFO  : Checking for BSP changes to sync application flags for project 'RV32I'...
23:13:06 ERROR : (XSDB Server)readelf: Error: '/media/steckler/xilinx_linux/SDR_custom/SDR/Software/SDR_Firmware/CPU_N1_ONECYCLE_RISCV_2020_1_MYIR_BRAM_DP/CPU_V1/vitis/bootloader_RV32I/export/bootloader_RV32I/sw/bootloader_RV32I/boot/fsbl.elf': No such file

23:16:36 INFO  : Checking for BSP changes to sync application flags for project 'RV32I'...
23:16:38 ERROR : (XSDB Server)readelf: Error: '/media/steckler/xilinx_linux/SDR_custom/SDR/Software/SDR_Firmware/CPU_N1_ONECYCLE_RISCV_2020_1_MYIR_BRAM_DP/CPU_V1/vitis/bootloader_RV32I/export/bootloader_RV32I/sw/bootloader_RV32I/boot/fsbl.elf': No such file

23:23:30 INFO  : Checking for BSP changes to sync application flags for project 'RV32I'...
23:23:32 ERROR : (XSDB Server)readelf: Error: '/media/steckler/xilinx_linux/SDR_custom/SDR/Software/SDR_Firmware/CPU_N1_ONECYCLE_RISCV_2020_1_MYIR_BRAM_DP/CPU_V1/vitis/bootloader_RV32I/export/bootloader_RV32I/sw/bootloader_RV32I/boot/fsbl.elf': No such file

23:25:20 INFO  : Connected to target on host '127.0.0.1' and port '3121'.
23:25:20 INFO  : 'targets -set -filter {jtag_cable_name =~ "Digilent JTAG-HS3 210299B71C1B" && level==0 && jtag_device_ctx=="jsn-JTAG-HS3-210299B71C1B-04720093-0"}' command is executed.
23:25:25 INFO  : FPGA configured successfully with bitstream "/media/steckler/xilinx_linux/SDR_custom/SDR/Software/SDR_Firmware/CPU_N1_ONECYCLE_RISCV_2020_1_MYIR_BRAM_DP/CPU_V1/vitis/RV32I/_ide/bitstream/Sections_wrapper.bit"
23:26:52 INFO  : Result from executing command 'getProjects': bootloader_RV32I
23:26:52 INFO  : Result from executing command 'getPlatforms': bootloader_RV32I|/media/steckler/xilinx_linux/SDR_custom/SDR/Software/SDR_Firmware/CPU_N1_ONECYCLE_RISCV_2020_1_MYIR_BRAM_DP/CPU_V1/vitis/bootloader_RV32I/export/bootloader_RV32I/bootloader_RV32I.xpfm
23:26:55 INFO  : Checking for BSP changes to sync application flags for project 'RV32I'...
23:27:45 INFO  : Connected to target on host '127.0.0.1' and port '3121'.
23:27:45 INFO  : ----------------XSDB Script----------------
connect -url tcp:127.0.0.1:3121
----------------End of Script----------------

23:27:45 ERROR : Can't run initialization as FSBL file is not found in the platform. Please make sure that FSBL is generated in the platform.
23:29:35 INFO  : Result from executing command 'getProjects': bootloader_RV32I
23:29:35 INFO  : Result from executing command 'getPlatforms': bootloader_RV32I|/media/steckler/xilinx_linux/SDR_custom/SDR/Software/SDR_Firmware/CPU_N1_ONECYCLE_RISCV_2020_1_MYIR_BRAM_DP/CPU_V1/vitis/bootloader_RV32I/export/bootloader_RV32I/bootloader_RV32I.xpfm
23:29:38 INFO  : Checking for BSP changes to sync application flags for project 'RV32I'...
23:30:27 INFO  : Checking for BSP changes to sync application flags for project 'RV32I'...
23:30:29 ERROR : (XSDB Server)readelf: Error: '/media/steckler/xilinx_linux/SDR_custom/SDR/Software/SDR_Firmware/CPU_N1_ONECYCLE_RISCV_2020_1_MYIR_BRAM_DP/CPU_V1/vitis/bootloader_RV32I/export/bootloader_RV32I/sw/bootloader_RV32I/boot/fsbl.elf': No such file

