Copyright 1986-2020 Xilinx, Inc. All Rights Reserved.
-----------------------------------------------------------------------------------------------------------------------
| Tool Version : Vivado v.2020.1 (lin64) Build 2902540 Wed May 27 19:54:35 MDT 2020
| Date         : Sat May  9 21:57:34 2026
| Host         : steckler-Default-string running 64-bit Ubuntu 18.04.6 LTS
| Command      : report_utilization -file BASIC_wrapper_utilization_placed.rpt -pb BASIC_wrapper_utilization_placed.pb
| Design       : BASIC_wrapper
| Device       : xczu5evsfvc784-2
| Design State : Fully Placed
-----------------------------------------------------------------------------------------------------------------------

Utilization Design Information

Table of Contents
-----------------
1. CLB Logic
1.1 Summary of Registers by Type
2. CLB Logic Distribution
3. BLOCKRAM
4. ARITHMETIC
5. I/O
6. CLOCK
7. ADVANCED
8. CONFIGURATION
9. Primitives
10. Black Boxes
11. Instantiated Netlists

1. CLB Logic
------------

+----------------------------+------+-------+-----------+-------+
|          Site Type         | Used | Fixed | Available | Util% |
+----------------------------+------+-------+-----------+-------+
| CLB LUTs                   | 3290 |     0 |    117120 |  2.81 |
|   LUT as Logic             | 2581 |     0 |    117120 |  2.20 |
|   LUT as Memory            |  709 |     0 |     57600 |  1.23 |
|     LUT as Distributed RAM |  592 |     0 |           |       |
|     LUT as Shift Register  |  117 |     0 |           |       |
| CLB Registers              | 3336 |     0 |    234240 |  1.42 |
|   Register as Flip Flop    | 3336 |     0 |    234240 |  1.42 |
|   Register as Latch        |    0 |     0 |    234240 |  0.00 |
| CARRY8                     |   64 |     0 |     14640 |  0.44 |
| F7 Muxes                   |  301 |     0 |     58560 |  0.51 |
| F8 Muxes                   |  128 |     0 |     29280 |  0.44 |
| F9 Muxes                   |   64 |     0 |     14640 |  0.44 |
+----------------------------+------+-------+-----------+-------+


1.1 Summary of Registers by Type
--------------------------------

+-------+--------------+-------------+--------------+
| Total | Clock Enable | Synchronous | Asynchronous |
+-------+--------------+-------------+--------------+
| 0     |            _ |           - |            - |
| 0     |            _ |           - |          Set |
| 0     |            _ |           - |        Reset |
| 0     |            _ |         Set |            - |
| 0     |            _ |       Reset |            - |
| 0     |          Yes |           - |            - |
| 40    |          Yes |           - |          Set |
| 209   |          Yes |           - |        Reset |
| 28    |          Yes |         Set |            - |
| 3059  |          Yes |       Reset |            - |
+-------+--------------+-------------+--------------+


2. CLB Logic Distribution
-------------------------

+--------------------------------------------+------+-------+-----------+-------+
|                  Site Type                 | Used | Fixed | Available | Util% |
+--------------------------------------------+------+-------+-----------+-------+
| CLB                                        |  742 |     0 |     14640 |  5.07 |
|   CLBL                                     |  515 |     0 |           |       |
|   CLBM                                     |  227 |     0 |           |       |
| LUT as Logic                               | 2581 |     0 |    117120 |  2.20 |
|   using O5 output only                     |   55 |       |           |       |
|   using O6 output only                     | 2017 |       |           |       |
|   using O5 and O6                          |  509 |       |           |       |
| LUT as Memory                              |  709 |     0 |     57600 |  1.23 |
|   LUT as Distributed RAM                   |  592 |     0 |           |       |
|     using O5 output only                   |    0 |       |           |       |
|     using O6 output only                   |  512 |       |           |       |
|     using O5 and O6                        |   80 |       |           |       |
|   LUT as Shift Register                    |  117 |     0 |           |       |
|     using O5 output only                   |    0 |       |           |       |
|     using O6 output only                   |   37 |       |           |       |
|     using O5 and O6                        |   80 |       |           |       |
| CLB Registers                              | 3336 |     0 |    234240 |  1.42 |
|   Register driven from within the CLB      | 1522 |       |           |       |
|   Register driven from outside the CLB     | 1814 |       |           |       |
|     LUT in front of the register is unused | 1294 |       |           |       |
|     LUT in front of the register is used   |  520 |       |           |       |
| Unique Control Sets                        |  160 |       |     29280 |  0.55 |
+--------------------------------------------+------+-------+-----------+-------+
* * Note: Available Control Sets calculated as Slices * 2, Review the Control Sets Report for more information regarding control sets.


3. BLOCKRAM
-----------

+-------------------+------+-------+-----------+-------+
|     Site Type     | Used | Fixed | Available | Util% |
+-------------------+------+-------+-----------+-------+
| Block RAM Tile    |  3.5 |     0 |       144 |  2.43 |
|   RAMB36/FIFO*    |    3 |     0 |       144 |  2.08 |
|     RAMB36E2 only |    3 |       |           |       |
|   RAMB18          |    1 |     0 |       288 |  0.35 |
|     RAMB18E2 only |    1 |       |           |       |
| URAM              |    0 |     0 |        64 |  0.00 |
+-------------------+------+-------+-----------+-------+
* Note: Each Block RAM Tile only has one FIFO logic available and therefore can accommodate only one FIFO36E2 or one FIFO18E2. However, if a FIFO18E2 occupies a Block RAM Tile, that tile can still accommodate a RAMB18E2


4. ARITHMETIC
-------------

+-----------+------+-------+-----------+-------+
| Site Type | Used | Fixed | Available | Util% |
+-----------+------+-------+-----------+-------+
| DSPs      |    0 |     0 |      1248 |  0.00 |
+-----------+------+-------+-----------+-------+


5. I/O
------

+------------------+------+-------+-----------+-------+
|     Site Type    | Used | Fixed | Available | Util% |
+------------------+------+-------+-----------+-------+
| Bonded IOB       |    2 |     2 |       252 |  0.79 |
| HPIOB_M          |    0 |     0 |        72 |  0.00 |
| HPIOB_S          |    1 |     1 |        72 |  1.39 |
|   INPUT          |    0 |       |           |       |
|   OUTPUT         |    1 |       |           |       |
|   BIDIR          |    0 |       |           |       |
| HDIOB_M          |    0 |     0 |        48 |  0.00 |
| HDIOB_S          |    0 |     0 |        48 |  0.00 |
| HPIOB_SNGL       |    1 |     1 |        12 |  8.33 |
|   INPUT          |    0 |       |           |       |
|   OUTPUT         |    1 |       |           |       |
|   BIDIR          |    0 |       |           |       |
| HPIOBDIFFINBUF   |    0 |     0 |        96 |  0.00 |
| HPIOBDIFFOUTBUF  |    0 |     0 |        96 |  0.00 |
| HDIOBDIFFINBUF   |    0 |     0 |        48 |  0.00 |
| BITSLICE_CONTROL |    0 |     0 |        32 |  0.00 |
| BITSLICE_RX_TX   |    0 |     0 |       208 |  0.00 |
| BITSLICE_TX      |    0 |     0 |        32 |  0.00 |
| RIU_OR           |    0 |     0 |        16 |  0.00 |
+------------------+------+-------+-----------+-------+


6. CLOCK
--------

+----------------------+------+-------+-----------+-------+
|       Site Type      | Used | Fixed | Available | Util% |
+----------------------+------+-------+-----------+-------+
| GLOBAL CLOCK BUFFERs |    2 |     0 |       352 |  0.57 |
|   BUFGCE             |    1 |     0 |       112 |  0.89 |
|   BUFGCE_DIV         |    0 |     0 |        16 |  0.00 |
|   BUFG_GT            |    0 |     0 |        96 |  0.00 |
|   BUFG_PS            |    1 |     0 |        96 |  1.04 |
|   BUFGCTRL*          |    0 |     0 |        32 |  0.00 |
| PLL                  |    0 |     0 |         8 |  0.00 |
| MMCM                 |    0 |     0 |         4 |  0.00 |
+----------------------+------+-------+-----------+-------+
* Note: Each used BUFGCTRL counts as two GLOBAL CLOCK BUFFERs. This table does not include global clocking resources, only buffer cell usage. See the Clock Utilization Report (report_clock_utilization) for detailed accounting of global clocking resource availability.


7. ADVANCED
-----------

+-----------------+------+-------+-----------+--------+
|    Site Type    | Used | Fixed | Available |  Util% |
+-----------------+------+-------+-----------+--------+
| GTHE4_CHANNEL   |    0 |     0 |         4 |   0.00 |
| GTHE4_COMMON    |    0 |     0 |         1 |   0.00 |
| OBUFDS_GTE4     |    0 |     0 |         2 |   0.00 |
| OBUFDS_GTE4_ADV |    0 |     0 |         2 |   0.00 |
| PCIE40E4        |    0 |     0 |         2 |   0.00 |
| PS8             |    1 |     0 |         1 | 100.00 |
| SYSMONE4        |    0 |     0 |         1 |   0.00 |
| VCU             |    0 |     0 |         1 |   0.00 |
+-----------------+------+-------+-----------+--------+


8. CONFIGURATION
----------------

+-------------+------+-------+-----------+-------+
|  Site Type  | Used | Fixed | Available | Util% |
+-------------+------+-------+-----------+-------+
| BSCANE2     |    1 |     0 |         4 | 25.00 |
| DNA_PORTE2  |    0 |     0 |         1 |  0.00 |
| EFUSE_USR   |    0 |     0 |         1 |  0.00 |
| FRAME_ECCE4 |    0 |     0 |         1 |  0.00 |
| ICAPE3      |    0 |     0 |         2 |  0.00 |
| MASTER_JTAG |    0 |     0 |         1 |  0.00 |
| STARTUPE3   |    0 |     0 |         1 |  0.00 |
+-------------+------+-------+-----------+-------+


9. Primitives
-------------

+----------+------+---------------------+
| Ref Name | Used | Functional Category |
+----------+------+---------------------+
| FDRE     | 3059 |            Register |
| LUT6     | 1134 |                 CLB |
| LUT4     |  668 |                 CLB |
| RAMS64E1 |  512 |                 CLB |
| LUT5     |  450 |                 CLB |
| LUT2     |  414 |                 CLB |
| LUT3     |  374 |                 CLB |
| MUXF7    |  301 |                 CLB |
| FDCE     |  209 |            Register |
| RAMD32   |  140 |                 CLB |
| MUXF8    |  128 |                 CLB |
| SRL16E   |  109 |                 CLB |
| SRLC32E  |   86 |                 CLB |
| MUXF9    |   64 |                 CLB |
| CARRY8   |   64 |                 CLB |
| LUT1     |   50 |                 CLB |
| FDPE     |   40 |            Register |
| FDSE     |   28 |            Register |
| RAMS32   |   20 |                 CLB |
| RAMB36E2 |    3 |           Block Ram |
| SRLC16E  |    2 |                 CLB |
| OBUF     |    2 |                 I/O |
| RAMB18E2 |    1 |           Block Ram |
| PS8      |    1 |            Advanced |
| BUFG_PS  |    1 |               Clock |
| BUFGCE   |    1 |               Clock |
| BSCANE2  |    1 |       Configuration |
+----------+------+---------------------+


10. Black Boxes
---------------

+----------+------+
| Ref Name | Used |
+----------+------+


11. Instantiated Netlists
-------------------------

+----------+------+
| Ref Name | Used |
+----------+------+
| dbg_hub  |    1 |
| BASIC    |    1 |
+----------+------+


