
*** Running vivado
    with args -log RV32_IF_ID_sim_constant_0_0.vds -m64 -product Vivado -mode batch -messageDb vivado.pb -notrace -source RV32_IF_ID_sim_constant_0_0.tcl


****** Vivado v2020.1 (64-bit)
  **** SW Build 2902540 on Wed May 27 19:54:35 MDT 2020
  **** IP Build 2902112 on Wed May 27 22:43:36 MDT 2020
    ** Copyright 1986-2020 Xilinx, Inc. All Rights Reserved.

source RV32_IF_ID_sim_constant_0_0.tcl -notrace
Command: synth_design -top RV32_IF_ID_sim_constant_0_0 -part xczu5ev-sfvc784-2-i -mode out_of_context
Starting synth_design
WARNING: [IP_Flow 19-3571] IP 'RV32_IF_ID_sim_constant_0_0' is restricted:
* Module reference is stale and needs refreshing.
Attempting to get a license for feature 'Synthesis' and/or device 'xczu5ev'
INFO: [Common 17-349] Got license for feature 'Synthesis' and/or device 'xczu5ev'
INFO: [Synth 8-7079] Multithreading enabled for synth_design using a maximum of 4 processes.
INFO: [Synth 8-7078] Launching helper process for spawning children vivado processes
INFO: [Synth 8-7075] Helper process launched with PID 28408
---------------------------------------------------------------------------------
Starting Synthesize : Time (s): cpu = 00:00:05 ; elapsed = 00:00:07 . Memory (MB): peak = 2152.098 ; gain = 0.000 ; free physical = 1755 ; free virtual = 19454
---------------------------------------------------------------------------------
INFO: [Synth 8-6157] synthesizing module 'RV32_IF_ID_sim_constant_0_0' [/media/steckler/xilinx_linux/RISCV_ZYNQ/V2/RVI20U32/RV32I_COCOTB/OLD/RV32I_RELESED/RV32/RV32.srcs/sources_1/bd/RV32_IF_ID/ip/RV32_IF_ID_sim_constant_0_0/synth/RV32_IF_ID_sim_constant_0_0.v:58]
INFO: [Synth 8-6157] synthesizing module 'sim_constant' [/media/steckler/xilinx_linux/RISCV_ZYNQ/V2/RVI20U32/RV32I_COCOTB/OLD/RV32I_RELESED/RV32/RV32.srcs/sources_1/new/sim_constant.v:7]
	Parameter WIDTH bound to: 1 - type: integer 
	Parameter VALUE bound to: 1 - type: integer 
INFO: [Synth 8-6155] done synthesizing module 'sim_constant' (1#1) [/media/steckler/xilinx_linux/RISCV_ZYNQ/V2/RVI20U32/RV32I_COCOTB/OLD/RV32I_RELESED/RV32/RV32.srcs/sources_1/new/sim_constant.v:7]
INFO: [Synth 8-6155] done synthesizing module 'RV32_IF_ID_sim_constant_0_0' (2#1) [/media/steckler/xilinx_linux/RISCV_ZYNQ/V2/RVI20U32/RV32I_COCOTB/OLD/RV32I_RELESED/RV32/RV32.srcs/sources_1/bd/RV32_IF_ID/ip/RV32_IF_ID_sim_constant_0_0/synth/RV32_IF_ID_sim_constant_0_0.v:58]
---------------------------------------------------------------------------------
Finished Synthesize : Time (s): cpu = 00:00:06 ; elapsed = 00:00:08 . Memory (MB): peak = 2152.098 ; gain = 0.000 ; free physical = 2827 ; free virtual = 20577
---------------------------------------------------------------------------------
---------------------------------------------------------------------------------
Finished Constraint Validation : Time (s): cpu = 00:00:06 ; elapsed = 00:00:09 . Memory (MB): peak = 2152.098 ; gain = 0.000 ; free physical = 2778 ; free virtual = 20543
---------------------------------------------------------------------------------
---------------------------------------------------------------------------------
Start Loading Part and Timing Information
---------------------------------------------------------------------------------
Loading part: xczu5ev-sfvc784-2-i
INFO: [Synth 8-6742] Reading net delay rules and data
INFO: [Device 21-403] Loading part xczu5ev-sfvc784-2-i
---------------------------------------------------------------------------------
Finished Loading Part and Timing Information : Time (s): cpu = 00:00:06 ; elapsed = 00:00:09 . Memory (MB): peak = 2159.941 ; gain = 7.844 ; free physical = 2755 ; free virtual = 20520
---------------------------------------------------------------------------------
---------------------------------------------------------------------------------
Finished RTL Optimization Phase 2 : Time (s): cpu = 00:00:06 ; elapsed = 00:00:09 . Memory (MB): peak = 2159.941 ; gain = 7.844 ; free physical = 2746 ; free virtual = 20511
---------------------------------------------------------------------------------
No constraint files found.
---------------------------------------------------------------------------------
Start RTL Component Statistics 
---------------------------------------------------------------------------------
Detailed RTL Component Info : 
---------------------------------------------------------------------------------
Finished RTL Component Statistics 
---------------------------------------------------------------------------------
---------------------------------------------------------------------------------
Start Part Resource Summary
---------------------------------------------------------------------------------
Part Resources:
DSPs: 1248 (col length:96)
BRAMs: 288 (col length: RAMB18 96 RAMB36 48)
---------------------------------------------------------------------------------
Finished Part Resource Summary
---------------------------------------------------------------------------------
No constraint files found.
---------------------------------------------------------------------------------
Start Cross Boundary and Area Optimization
---------------------------------------------------------------------------------
---------------------------------------------------------------------------------
Finished Cross Boundary and Area Optimization : Time (s): cpu = 00:00:17 ; elapsed = 00:00:30 . Memory (MB): peak = 2755.855 ; gain = 603.758 ; free physical = 300 ; free virtual = 17076
---------------------------------------------------------------------------------
No constraint files found.
---------------------------------------------------------------------------------
Start Timing Optimization
---------------------------------------------------------------------------------
---------------------------------------------------------------------------------
Finished Timing Optimization : Time (s): cpu = 00:00:17 ; elapsed = 00:00:30 . Memory (MB): peak = 2755.855 ; gain = 603.758 ; free physical = 243 ; free virtual = 17029
---------------------------------------------------------------------------------
---------------------------------------------------------------------------------
Start Technology Mapping
---------------------------------------------------------------------------------
---------------------------------------------------------------------------------
Finished Technology Mapping : Time (s): cpu = 00:00:17 ; elapsed = 00:00:30 . Memory (MB): peak = 2755.855 ; gain = 603.758 ; free physical = 250 ; free virtual = 17037
---------------------------------------------------------------------------------
---------------------------------------------------------------------------------
Start IO Insertion
---------------------------------------------------------------------------------
---------------------------------------------------------------------------------
Start Flattening Before IO Insertion
---------------------------------------------------------------------------------
---------------------------------------------------------------------------------
Finished Flattening Before IO Insertion
---------------------------------------------------------------------------------
---------------------------------------------------------------------------------
Start Final Netlist Cleanup
---------------------------------------------------------------------------------
---------------------------------------------------------------------------------
Finished Final Netlist Cleanup
---------------------------------------------------------------------------------
---------------------------------------------------------------------------------
Finished IO Insertion : Time (s): cpu = 00:00:21 ; elapsed = 00:00:34 . Memory (MB): peak = 2755.855 ; gain = 603.758 ; free physical = 174 ; free virtual = 17028
---------------------------------------------------------------------------------
---------------------------------------------------------------------------------
Start Renaming Generated Instances
---------------------------------------------------------------------------------
---------------------------------------------------------------------------------
Finished Renaming Generated Instances : Time (s): cpu = 00:00:21 ; elapsed = 00:00:34 . Memory (MB): peak = 2755.855 ; gain = 603.758 ; free physical = 173 ; free virtual = 17028
---------------------------------------------------------------------------------
---------------------------------------------------------------------------------
Start Rebuilding User Hierarchy
---------------------------------------------------------------------------------
---------------------------------------------------------------------------------
Finished Rebuilding User Hierarchy : Time (s): cpu = 00:00:21 ; elapsed = 00:00:34 . Memory (MB): peak = 2755.855 ; gain = 603.758 ; free physical = 173 ; free virtual = 17027
---------------------------------------------------------------------------------
---------------------------------------------------------------------------------
Start Renaming Generated Ports
---------------------------------------------------------------------------------
---------------------------------------------------------------------------------
Finished Renaming Generated Ports : Time (s): cpu = 00:00:21 ; elapsed = 00:00:34 . Memory (MB): peak = 2755.855 ; gain = 603.758 ; free physical = 173 ; free virtual = 17027
---------------------------------------------------------------------------------
---------------------------------------------------------------------------------
Start Handling Custom Attributes
---------------------------------------------------------------------------------
---------------------------------------------------------------------------------
Finished Handling Custom Attributes : Time (s): cpu = 00:00:21 ; elapsed = 00:00:34 . Memory (MB): peak = 2755.855 ; gain = 603.758 ; free physical = 172 ; free virtual = 17028
---------------------------------------------------------------------------------
---------------------------------------------------------------------------------
Start Renaming Generated Nets
---------------------------------------------------------------------------------
---------------------------------------------------------------------------------
Finished Renaming Generated Nets : Time (s): cpu = 00:00:21 ; elapsed = 00:00:34 . Memory (MB): peak = 2755.855 ; gain = 603.758 ; free physical = 172 ; free virtual = 17028
---------------------------------------------------------------------------------
---------------------------------------------------------------------------------
Start Writing Synthesis Report
---------------------------------------------------------------------------------

Report BlackBoxes: 
+-+--------------+----------+
| |BlackBox name |Instances |
+-+--------------+----------+
+-+--------------+----------+

Report Cell Usage: 
+-+-----+------+
| |Cell |Count |
+-+-----+------+
+-+-----+------+

Report Instance Areas: 
+------+---------+-------+------+
|      |Instance |Module |Cells |
+------+---------+-------+------+
|1     |top      |       |     0|
+------+---------+-------+------+
---------------------------------------------------------------------------------
Finished Writing Synthesis Report : Time (s): cpu = 00:00:21 ; elapsed = 00:00:34 . Memory (MB): peak = 2755.855 ; gain = 603.758 ; free physical = 171 ; free virtual = 17027
---------------------------------------------------------------------------------
Synthesis finished with 0 errors, 0 critical warnings and 0 warnings.
Synthesis Optimization Runtime : Time (s): cpu = 00:00:21 ; elapsed = 00:00:34 . Memory (MB): peak = 2755.855 ; gain = 603.758 ; free physical = 170 ; free virtual = 17027
Synthesis Optimization Complete : Time (s): cpu = 00:00:21 ; elapsed = 00:00:34 . Memory (MB): peak = 2755.863 ; gain = 603.758 ; free physical = 169 ; free virtual = 17027
INFO: [Project 1-571] Translating synthesized netlist
Netlist sorting complete. Time (s): cpu = 00:00:00 ; elapsed = 00:00:00 . Memory (MB): peak = 2755.863 ; gain = 0.000 ; free physical = 153 ; free virtual = 17012
INFO: [Project 1-570] Preparing netlist for logic optimization
INFO: [Opt 31-138] Pushed 0 inverter(s) to 0 load pin(s).
Netlist sorting complete. Time (s): cpu = 00:00:00 ; elapsed = 00:00:00 . Memory (MB): peak = 2755.863 ; gain = 0.000 ; free physical = 253 ; free virtual = 17085
INFO: [Project 1-111] Unisim Transformation Summary:
No Unisim elements were transformed.

INFO: [Common 17-83] Releasing license: Synthesis
15 Infos, 1 Warnings, 0 Critical Warnings and 0 Errors encountered.
synth_design completed successfully
synth_design: Time (s): cpu = 00:00:29 ; elapsed = 00:00:39 . Memory (MB): peak = 2755.863 ; gain = 603.926 ; free physical = 839 ; free virtual = 17680
INFO: [Timing 38-35] Done setting XDC timing constraints.
INFO: [Common 17-1381] The checkpoint '/media/steckler/xilinx_linux/RISCV_ZYNQ/V2/RVI20U32/RV32I_COCOTB/OLD/RV32I_RELESED/RV32/RV32.runs/RV32_IF_ID_sim_constant_0_0_synth_1/RV32_IF_ID_sim_constant_0_0.dcp' has been generated.
write_checkpoint: Time (s): cpu = 00:00:03 ; elapsed = 00:00:06 . Memory (MB): peak = 2851.902 ; gain = 96.039 ; free physical = 145 ; free virtual = 16872
WARNING: [Common 17-576] 'use_project_ipc' is deprecated. This option is deprecated and no longer used.
INFO: [Common 17-1381] The checkpoint '/media/steckler/xilinx_linux/RISCV_ZYNQ/V2/RVI20U32/RV32I_COCOTB/OLD/RV32I_RELESED/RV32/RV32.runs/RV32_IF_ID_sim_constant_0_0_synth_1/RV32_IF_ID_sim_constant_0_0.dcp' has been generated.
INFO: [runtcl-4] Executing : report_utilization -file RV32_IF_ID_sim_constant_0_0_utilization_synth.rpt -pb RV32_IF_ID_sim_constant_0_0_utilization_synth.pb
INFO: [Common 17-206] Exiting Vivado at Fri May 29 20:40:37 2026...
