Copyright 1986-2020 Xilinx, Inc. All Rights Reserved.
-------------------------------------------------------------------------------------------
| Tool Version : Vivado v.2020.1 (lin64) Build 2902540 Wed May 27 19:54:35 MDT 2020
| Date         : Fri Jun 19 23:45:43 2026
| Host         : steckler-Default-string running 64-bit Ubuntu 18.04.6 LTS
| Command      : report_control_sets -verbose -file RV32MI_wrapper_control_sets_placed.rpt
| Design       : RV32MI_wrapper
| Device       : xczu5ev
-------------------------------------------------------------------------------------------

Control Set Information

Table of Contents
-----------------
1. Summary
2. Histogram
3. Flip-Flop Distribution
4. Detailed Control Set Information

1. Summary
----------

+----------------------------------------------------------+-------+
|                          Status                          | Count |
+----------------------------------------------------------+-------+
| Total control sets                                       |   158 |
|    Minimum number of control sets                        |   158 |
|    Addition due to synthesis replication                 |     0 |
|    Addition due to physical synthesis replication        |     0 |
| Unused register locations in slices containing registers |   124 |
+----------------------------------------------------------+-------+
* Control sets can be merged at opt_design using control_set_merge or merge_equivalent_drivers
** Run report_qor_suggestions for automated merging and remapping suggestions


2. Histogram
------------

+--------------------+-------+
|       Fanout       | Count |
+--------------------+-------+
| Total control sets |   158 |
| >= 0 to < 4        |    35 |
| >= 4 to < 6        |     9 |
| >= 6 to < 8        |     4 |
| >= 8 to < 10       |    17 |
| >= 10 to < 12      |     3 |
| >= 12 to < 14      |     2 |
| >= 14 to < 16      |     3 |
| >= 16              |    85 |
+--------------------+-------+
* Control sets can be remapped at either synth_design or opt_design


3. Flip-Flop Distribution
-------------------------

+--------------+-----------------------+------------------------+-----------------+--------------+
| Clock Enable | Synchronous Set/Reset | Asynchronous Set/Reset | Total Registers | Total Slices |
+--------------+-----------------------+------------------------+-----------------+--------------+
| No           | No                    | No                     |             320 |           80 |
| No           | No                    | Yes                    |             127 |           36 |
| No           | Yes                   | No                     |             368 |           98 |
| Yes          | No                    | No                     |            1105 |          249 |
| Yes          | No                    | Yes                    |             116 |           28 |
| Yes          | Yes                   | No                     |            1564 |          338 |
+--------------+-----------------------+------------------------+-----------------+--------------+


4. Detailed Control Set Information
-----------------------------------

+------------------------------------------+----------------------------------------------------------------------------------------------------------------------------------------------------------------------------------------------------------------------------------------------------------+-----------------------------------------------------------------------------------------------------------------------------------------------------------------------------------------------------------------------------------------+------------------+----------------+--------------+
|               Clock Signal               |                                                                                                                       Enable Signal                                                                                                                      |                                                                                                             Set/Reset Signal                                                                                                            | Slice Load Count | Bel Load Count | Bels / Slice |
+------------------------------------------+----------------------------------------------------------------------------------------------------------------------------------------------------------------------------------------------------------------------------------------------------------+-----------------------------------------------------------------------------------------------------------------------------------------------------------------------------------------------------------------------------------------+------------------+----------------+--------------+
|  dbg_hub/inst/BSCANID.u_xsdbm_id/itck_i  |                                                                                                                                                                                                                                                          | dbg_hub/inst/BSCANID.u_xsdbm_id/CORE_XSDB.UUT_MASTER/U_ICON_INTERFACE/U_CMD6_RD/U_RD_FIFO/SUBCORE_FIFO.xsdbm_v3_0_0_rdfifo_inst/inst_fifo_gen/gconvfifo.rf/grf.rf/rstblk/rst_rd_reg2                                                    |                1 |              1 |         1.00 |
|  RV32MI_i/zynq_ultra_ps_e_0/inst/pl_clk0 |                                                                                                                                                                                                                                                          | dbg_hub/inst/BSCANID.u_xsdbm_id/CORE_XSDB.UUT_MASTER/U_ICON_INTERFACE/U_CMD6_RD/U_RD_FIFO/SUBCORE_FIFO.xsdbm_v3_0_0_rdfifo_inst/inst_fifo_gen/gconvfifo.rf/grf.rf/rstblk/rst_wr_reg2                                                    |                1 |              1 |         1.00 |
|  dbg_hub/inst/BSCANID.u_xsdbm_id/itck_i  |                                                                                                                                                                                                                                                          | dbg_hub/inst/BSCANID.u_xsdbm_id/CORE_XSDB.UUT_MASTER/U_ICON_INTERFACE/U_CMD6_WR/U_WR_FIFO/SUBCORE_FIFO.xsdbm_v3_0_0_wrfifo_inst/inst_fifo_gen/gconvfifo.rf/grf.rf/rstblk/rst_wr_reg2                                                    |                1 |              1 |         1.00 |
|  dbg_hub/inst/BSCANID.u_xsdbm_id/itck_i  | dbg_hub/inst/BSCANID.u_xsdbm_id/SWITCH_N_EXT_BSCAN.bscan_switch/temp_curid[28]_i_1_n_0                                                                                                                                                                   |                                                                                                                                                                                                                                         |                1 |              1 |         1.00 |
|  dbg_hub/inst/BSCANID.u_xsdbm_id/itck_i  |                                                                                                                                                                                                                                                          | dbg_hub/inst/BSCANID.u_xsdbm_id/SWITCH_N_EXT_BSCAN.bscan_inst/s_bscan_reset                                                                                                                                                             |                1 |              1 |         1.00 |
|  RV32MI_i/zynq_ultra_ps_e_0/inst/pl_clk0 |                                                                                                                                                                                                                                                          | dbg_hub/inst/BSCANID.u_xsdbm_id/CORE_XSDB.UUT_MASTER/U_ICON_INTERFACE/U_CMD6_WR/U_WR_FIFO/SUBCORE_FIFO.xsdbm_v3_0_0_wrfifo_inst/inst_fifo_gen/gconvfifo.rf/grf.rf/rstblk/rst_rd_reg2                                                    |                1 |              1 |         1.00 |
|  RV32MI_i/zynq_ultra_ps_e_0/inst/pl_clk0 |                                                                                                                                                                                                                                                          | dbg_hub/inst/BSCANID.u_xsdbm_id/CORE_XSDB.UUT_MASTER/U_XSDB_BUS_CONTROLLER/clr_rd_req                                                                                                                                                   |                1 |              1 |         1.00 |
|  RV32MI_i/zynq_ultra_ps_e_0/inst/pl_clk0 |                                                                                                                                                                                                                                                          | dbg_hub/inst/BSCANID.u_xsdbm_id/CORE_XSDB.UUT_MASTER/U_XSDB_BUS_CONTROLLER/clr_abort_rd                                                                                                                                                 |                1 |              1 |         1.00 |
|  RV32MI_i/zynq_ultra_ps_e_0/inst/pl_clk0 | RV32MI_i/PRIVILEGED/csr_use_detection_0/inst/stall_cnt0                                                                                                                                                                                                  | RV32MI_i/PRIVILEGED/csr_use_detection_0/inst/stall_cnt[1]                                                                                                                                                                               |                1 |              2 |         2.00 |
|  RV32MI_i/zynq_ultra_ps_e_0/inst/pl_clk0 | RV32MI_i/UART/uart_0/inst/FSM_sequential_rx_state[1]_i_1_n_0                                                                                                                                                                                             | RV32MI_i/util_vector_logic_2/Res[0]                                                                                                                                                                                                     |                1 |              2 |         2.00 |
|  dbg_hub/inst/BSCANID.u_xsdbm_id/itck_i  |                                                                                                                                                                                                                                                          | dbg_hub/inst/BSCANID.u_xsdbm_id/CORE_XSDB.UUT_MASTER/U_ICON_INTERFACE/rddata_rst                                                                                                                                                        |                1 |              2 |         2.00 |
|  dbg_hub/inst/BSCANID.u_xsdbm_id/itck_i  |                                                                                                                                                                                                                                                          | dbg_hub/inst/BSCANID.u_xsdbm_id/CORE_XSDB.UUT_MASTER/U_ICON_INTERFACE/wrdata_rst                                                                                                                                                        |                1 |              2 |         2.00 |
|  dbg_hub/inst/BSCANID.u_xsdbm_id/itck_i  | dbg_hub/inst/BSCANID.u_xsdbm_id/SWITCH_N_EXT_BSCAN.bscan_switch/id_state[1]_i_1_n_0                                                                                                                                                                      | dbg_hub/inst/BSCANID.u_xsdbm_id/SWITCH_N_EXT_BSCAN.bscan_inst/s_bscan_reset                                                                                                                                                             |                1 |              2 |         2.00 |
|  RV32MI_i/zynq_ultra_ps_e_0/inst/pl_clk0 | RV32MI_i/vio_0/inst/PROBE_OUT_ALL_INST/Committ_2                                                                                                                                                                                                         | RV32MI_i/vio_0/inst/DECODER_INST/SR[0]                                                                                                                                                                                                  |                1 |              2 |         2.00 |
|  RV32MI_i/zynq_ultra_ps_e_0/inst/pl_clk0 |                                                                                                                                                                                                                                                          | dbg_hub/inst/BSCANID.u_xsdbm_id/CORE_XSDB.UUT_MASTER/U_ICON_INTERFACE/U_CMD6_WR/U_WR_FIFO/SUBCORE_FIFO.xsdbm_v3_0_0_wrfifo_inst/inst_fifo_gen/gconvfifo.rf/grf.rf/rstblk/rd_rst_reg[2]                                                  |                1 |              2 |         2.00 |
|  dbg_hub/inst/BSCANID.u_xsdbm_id/itck_i  | dbg_hub/inst/BSCANID.u_xsdbm_id/CORE_XSDB.UUT_MASTER/U_ICON_INTERFACE/U_CMD1/icn_cmd_en_temp                                                                                                                                                             |                                                                                                                                                                                                                                         |                1 |              2 |         2.00 |
|  RV32MI_i/zynq_ultra_ps_e_0/inst/pl_clk0 |                                                                                                                                                                                                                                                          | dbg_hub/inst/BSCANID.u_xsdbm_id/CORE_XSDB.UUT_MASTER/U_ICON_INTERFACE/rddata_rst                                                                                                                                                        |                1 |              2 |         2.00 |
|  RV32MI_i/zynq_ultra_ps_e_0/inst/pl_clk0 |                                                                                                                                                                                                                                                          | dbg_hub/inst/BSCANID.u_xsdbm_id/CORE_XSDB.UUT_MASTER/U_ICON_INTERFACE/wrdata_rst                                                                                                                                                        |                1 |              2 |         2.00 |
|  RV32MI_i/zynq_ultra_ps_e_0/inst/pl_clk0 | dbg_hub/inst/BSCANID.u_xsdbm_id/CORE_XSDB.UUT_MASTER/U_XSDB_BUS_CONTROLLER/U_TIMER/in_normal_mode                                                                                                                                                        | dbg_hub/inst/BSCANID.u_xsdbm_id/CORE_XSDB.UUT_MASTER/U_ICON_INTERFACE/U_CMD1/ctl_reg[0]                                                                                                                                                 |                1 |              2 |         2.00 |
|  RV32MI_i/zynq_ultra_ps_e_0/inst/pl_clk0 |                                                                                                                                                                                                                                                          | RV32MI_i/vio_0/inst/DECODER_INST/SR[0]                                                                                                                                                                                                  |                1 |              2 |         2.00 |
|  RV32MI_i/zynq_ultra_ps_e_0/inst/pl_clk0 | dbg_hub/inst/BSCANID.u_xsdbm_id/CORE_XSDB.UUT_MASTER/U_ICON_INTERFACE/U_CMD1/ctl_reg[1]_i_1_n_0                                                                                                                                                          |                                                                                                                                                                                                                                         |                1 |              2 |         2.00 |
|  dbg_hub/inst/BSCANID.u_xsdbm_id/itck_i  | dbg_hub/inst/BSCANID.u_xsdbm_id/CORE_XSDB.UUT_MASTER/U_ICON_INTERFACE/U_CMD3/icn_cmd_en_temp                                                                                                                                                             |                                                                                                                                                                                                                                         |                2 |              3 |         1.50 |
|  dbg_hub/inst/BSCANID.u_xsdbm_id/itck_i  |                                                                                                                                                                                                                                                          | dbg_hub/inst/BSCANID.u_xsdbm_id/CORE_XSDB.UUT_MASTER/U_ICON_INTERFACE/U_CMD6_WR/U_WR_FIFO/SUBCORE_FIFO.xsdbm_v3_0_0_wrfifo_inst/inst_fifo_gen/gconvfifo.rf/grf.rf/rstblk/ngwrdrst.grst.g7serrst.gwrrd_rst_sync_stage[2].wrst_inst/AS[0] |                1 |              3 |         3.00 |
|  dbg_hub/inst/BSCANID.u_xsdbm_id/itck_i  | dbg_hub/inst/BSCANID.u_xsdbm_id/CORE_XSDB.UUT_MASTER/U_ICON_INTERFACE/U_CMD7_STAT/icn_cmd_en_temp                                                                                                                                                        |                                                                                                                                                                                                                                         |                2 |              3 |         1.50 |
|  dbg_hub/inst/BSCANID.u_xsdbm_id/itck_i  |                                                                                                                                                                                                                                                          | dbg_hub/inst/BSCANID.u_xsdbm_id/CORE_XSDB.UUT_MASTER/U_ICON_INTERFACE/U_CMD6_RD/U_RD_FIFO/SUBCORE_FIFO.xsdbm_v3_0_0_rdfifo_inst/inst_fifo_gen/gconvfifo.rf/grf.rf/rstblk/ngwrdrst.grst.g7serrst.gwrrd_rst_sync_stage[2].rrst_inst/AS[0] |                2 |              3 |         1.50 |
|  dbg_hub/inst/BSCANID.u_xsdbm_id/itck_i  | dbg_hub/inst/BSCANID.u_xsdbm_id/CORE_XSDB.UUT_MASTER/U_ICON_INTERFACE/U_CMD7_CTL/icn_cmd_en_temp                                                                                                                                                         | dbg_hub/inst/BSCANID.u_xsdbm_id/CORE_XSDB.UUT_MASTER/U_ICON_INTERFACE/U_CMD1/ctl_reg[0]                                                                                                                                                 |                1 |              3 |         3.00 |
|  RV32MI_i/zynq_ultra_ps_e_0/inst/pl_clk0 | RV32MI_i/TIMER/timer_0/inst/timer_enable4_out                                                                                                                                                                                                            | RV32MI_i/util_vector_logic_2/Res[0]                                                                                                                                                                                                     |                3 |              3 |         1.00 |
|  RV32MI_i/zynq_ultra_ps_e_0/inst/pl_clk0 | RV32MI_i/UART/uart_0/inst/rx_bit_idx                                                                                                                                                                                                                     | RV32MI_i/util_vector_logic_2/Res[0]                                                                                                                                                                                                     |                2 |              3 |         1.50 |
|  RV32MI_i/zynq_ultra_ps_e_0/inst/pl_clk0 |                                                                                                                                                                                                                                                          | dbg_hub/inst/BSCANID.u_xsdbm_id/CORE_XSDB.UUT_MASTER/U_ICON_INTERFACE/U_CMD6_RD/U_RD_FIFO/SUBCORE_FIFO.xsdbm_v3_0_0_rdfifo_inst/inst_fifo_gen/gconvfifo.rf/grf.rf/rstblk/ngwrdrst.grst.g7serrst.gwrrd_rst_sync_stage[2].wrst_inst/AS[0] |                1 |              3 |         3.00 |
|  RV32MI_i/zynq_ultra_ps_e_0/inst/pl_clk0 | RV32MI_i/vio_0/inst/DECODER_INST/wr_control_reg                                                                                                                                                                                                          | dbg_hub/inst/BSCANID.u_xsdbm_id/CORE_XSDB.UUT_MASTER/U_XSDB_BUS_CONTROLLER/sl_iport0_o[0]                                                                                                                                               |                1 |              3 |         3.00 |
|  RV32MI_i/zynq_ultra_ps_e_0/inst/pl_clk0 |                                                                                                                                                                                                                                                          | dbg_hub/inst/BSCANID.u_xsdbm_id/CORE_XSDB.UUT_MASTER/U_ICON_INTERFACE/U_CMD6_WR/U_WR_FIFO/SUBCORE_FIFO.xsdbm_v3_0_0_wrfifo_inst/inst_fifo_gen/gconvfifo.rf/grf.rf/rstblk/ngwrdrst.grst.g7serrst.gwrrd_rst_sync_stage[2].rrst_inst/AS[0] |                1 |              3 |         3.00 |
|  RV32MI_i/zynq_ultra_ps_e_0/inst/pl_clk0 | dbg_hub/inst/BSCANID.u_xsdbm_id/CORE_XSDB.UUT_MASTER/U_ICON_INTERFACE/U_CMD3/stat_reg_ld_temp_1_reg_n_0                                                                                                                                                  |                                                                                                                                                                                                                                         |                3 |              3 |         1.00 |
|  RV32MI_i/zynq_ultra_ps_e_0/inst/pl_clk0 |                                                                                                                                                                                                                                                          | dbg_hub/inst/BSCANID.u_xsdbm_id/CORE_XSDB.UUT_MASTER/U_XSDB_BUS_CONTROLLER/sl_iport0_o[0]                                                                                                                                               |                1 |              3 |         3.00 |
|  RV32MI_i/zynq_ultra_ps_e_0/inst/pl_clk0 | dbg_hub/inst/BSCANID.u_xsdbm_id/CORE_XSDB.UUT_MASTER/U_ICON_INTERFACE/U_CMD7_CTL/ctl_reg[2]_i_1_n_0                                                                                                                                                      | dbg_hub/inst/BSCANID.u_xsdbm_id/CORE_XSDB.UUT_MASTER/U_ICON_INTERFACE/U_CMD1/ctl_reg[0]                                                                                                                                                 |                1 |              3 |         3.00 |
|  RV32MI_i/zynq_ultra_ps_e_0/inst/pl_clk0 | dbg_hub/inst/BSCANID.u_xsdbm_id/CORE_XSDB.UUT_MASTER/U_ICON_INTERFACE/U_CMD7_STAT/stat_reg_ld_temp_1_reg_n_0                                                                                                                                             |                                                                                                                                                                                                                                         |                3 |              3 |         1.00 |
|  RV32MI_i/zynq_ultra_ps_e_0/inst/pl_clk0 | RV32MI_i/UART/uart_0/inst/tx_bit_idx[3]_i_1_n_0                                                                                                                                                                                                          | RV32MI_i/UART/uart_0/inst/tx_clk_cnt[31]_i_1_n_0                                                                                                                                                                                        |                1 |              4 |         4.00 |
|  dbg_hub/inst/BSCANID.u_xsdbm_id/itck_i  |                                                                                                                                                                                                                                                          | dbg_hub/inst/BSCANID.u_xsdbm_id/CORE_XSDB.UUT_MASTER/U_ICON_INTERFACE/icn_cmd_en[3]_i_1_n_0                                                                                                                                             |                1 |              4 |         4.00 |
|  dbg_hub/inst/BSCANID.u_xsdbm_id/itck_i  |                                                                                                                                                                                                                                                          | dbg_hub/inst/BSCANID.u_xsdbm_id/CORE_XSDB.U_ICON/U_CMD/SYNC_reg                                                                                                                                                                         |                1 |              4 |         4.00 |
|  RV32MI_i/zynq_ultra_ps_e_0/inst/pl_clk0 | dbg_hub/inst/BSCANID.u_xsdbm_id/CORE_XSDB.UUT_MASTER/U_ICON_INTERFACE/U_CMD2/stat_reg_ld_temp_1                                                                                                                                                          |                                                                                                                                                                                                                                         |                4 |              4 |         1.00 |
|  RV32MI_i/zynq_ultra_ps_e_0/inst/pl_clk0 |                                                                                                                                                                                                                                                          | RV32MI_i/proc_sys_reset_0/U0/EXT_LPF/lpf_int                                                                                                                                                                                            |                1 |              4 |         4.00 |
|  dbg_hub/inst/BSCANID.u_xsdbm_id/itck_i  |                                                                                                                                                                                                                                                          | dbg_hub/inst/BSCANID.u_xsdbm_id/CORE_XSDB.UUT_MASTER/U_ICON_INTERFACE/U_CMD5/shift_reg_in_reg[17]_0[0]                                                                                                                                  |                1 |              4 |         4.00 |
|  RV32MI_i/zynq_ultra_ps_e_0/inst/pl_clk0 |                                                                                                                                                                                                                                                          | RV32MI_i/vio_0/inst/PROBE_OUT_ALL_INST/G_PROBE_OUT[0].wr_probe_out[0]_i_5_0                                                                                                                                                             |                1 |              4 |         4.00 |
|  dbg_hub/inst/BSCANID.u_xsdbm_id/itck_i  |                                                                                                                                                                                                                                                          | dbg_hub/inst/BSCANID.u_xsdbm_id/CORE_XSDB.UUT_MASTER/U_ICON_INTERFACE/U_CMD5/SR[0]                                                                                                                                                      |                1 |              4 |         4.00 |
|  dbg_hub/inst/BSCANID.u_xsdbm_id/itck_i  | dbg_hub/inst/BSCANID.u_xsdbm_id/CORE_XSDB.UUT_MASTER/U_ICON_INTERFACE/U_CMD2/icn_cmd_en_temp                                                                                                                                                             |                                                                                                                                                                                                                                         |                2 |              4 |         2.00 |
|  RV32MI_i/zynq_ultra_ps_e_0/inst/pl_clk0 | RV32MI_i/proc_sys_reset_0/U0/SEQ/seq_cnt_en                                                                                                                                                                                                              | RV32MI_i/proc_sys_reset_0/U0/SEQ/seq_clr                                                                                                                                                                                                |                1 |              6 |         6.00 |
|  dbg_hub/inst/BSCANID.u_xsdbm_id/itck_i  |                                                                                                                                                                                                                                                          | dbg_hub/inst/BSCANID.u_xsdbm_id/CORE_XSDB.U_ICON/U_CMD/SR[0]                                                                                                                                                                            |                1 |              6 |         6.00 |
|  dbg_hub/inst/BSCANID.u_xsdbm_id/itck_i  | dbg_hub/inst/BSCANID.u_xsdbm_id/SWITCH_N_EXT_BSCAN.bscan_inst/s_bscan_sel                                                                                                                                                                                | dbg_hub/inst/BSCANID.u_xsdbm_id/SWITCH_N_EXT_BSCAN.bscan_inst/s_bscan_reset                                                                                                                                                             |                2 |              6 |         3.00 |
|  dbg_hub/inst/BSCANID.u_xsdbm_id/itck_i  |                                                                                                                                                                                                                                                          | dbg_hub/inst/BSCANID.u_xsdbm_id/CORE_XSDB.UUT_MASTER/U_ICON_INTERFACE/icn_cmd_en_reg_n_0_[0]                                                                                                                                            |                2 |              7 |         3.50 |
|  RV32MI_i/zynq_ultra_ps_e_0/inst/pl_clk0 | RV32MI_i/TIMER/timer_0/inst/timer_value[7]_i_1_n_0                                                                                                                                                                                                       | RV32MI_i/util_vector_logic_2/Res[0]                                                                                                                                                                                                     |                3 |              8 |         2.67 |
|  RV32MI_i/zynq_ultra_ps_e_0/inst/pl_clk0 |                                                                                                                                                                                                                                                          | dbg_hub/inst/BSCANID.u_xsdbm_id/CORE_XSDB.UUT_MASTER/U_XSDB_BUS_CONTROLLER/timer_rst                                                                                                                                                    |                1 |              8 |         8.00 |
|  RV32MI_i/zynq_ultra_ps_e_0/inst/pl_clk0 | RV32MI_i/TIMER/timer_0/inst/p_0_in[7]                                                                                                                                                                                                                    | RV32MI_i/util_vector_logic_2/Res[0]                                                                                                                                                                                                     |                4 |              8 |         2.00 |
|  RV32MI_i/zynq_ultra_ps_e_0/inst/pl_clk0 | RV32MI_i/TIMER/timer_0/inst/p_0_in[15]                                                                                                                                                                                                                   | RV32MI_i/util_vector_logic_2/Res[0]                                                                                                                                                                                                     |                4 |              8 |         2.00 |
|  RV32MI_i/zynq_ultra_ps_e_0/inst/pl_clk0 | RV32MI_i/TIMER/timer_0/inst/p_0_in[23]                                                                                                                                                                                                                   | RV32MI_i/util_vector_logic_2/Res[0]                                                                                                                                                                                                     |                4 |              8 |         2.00 |
|  RV32MI_i/zynq_ultra_ps_e_0/inst/pl_clk0 | RV32MI_i/TIMER/timer_0/inst/p_0_in[31]                                                                                                                                                                                                                   | RV32MI_i/util_vector_logic_2/Res[0]                                                                                                                                                                                                     |                3 |              8 |         2.67 |
|  RV32MI_i/zynq_ultra_ps_e_0/inst/pl_clk0 | RV32MI_i/GPIO/gpio_0/inst/rdata0                                                                                                                                                                                                                         | RV32MI_i/util_vector_logic_2/Res[0]                                                                                                                                                                                                     |                4 |              8 |         2.00 |
|  RV32MI_i/zynq_ultra_ps_e_0/inst/pl_clk0 | RV32MI_i/UART/uart_0/inst/rx_data_q_1                                                                                                                                                                                                                    | RV32MI_i/util_vector_logic_2/Res[0]                                                                                                                                                                                                     |                4 |              8 |         2.00 |
|  dbg_hub/inst/BSCANID.u_xsdbm_id/itck_i  | dbg_hub/inst/BSCANID.u_xsdbm_id/CORE_XSDB.UUT_MASTER/U_ICON_INTERFACE/U_CMD6_RD/U_RD_FIFO/SUBCORE_FIFO.xsdbm_v3_0_0_rdfifo_inst/inst_fifo_gen/gconvfifo.rf/grf.rf/gntv_or_sync_fifo.gl0.rd/gr1.gr1_int.rfwft/E[0]                                        | dbg_hub/inst/BSCANID.u_xsdbm_id/CORE_XSDB.UUT_MASTER/U_ICON_INTERFACE/U_CMD6_RD/U_RD_FIFO/SUBCORE_FIFO.xsdbm_v3_0_0_rdfifo_inst/inst_fifo_gen/gconvfifo.rf/grf.rf/rstblk/rd_rst_reg[2]                                                  |                1 |              8 |         8.00 |
|  RV32MI_i/zynq_ultra_ps_e_0/inst/pl_clk0 | RV32MI_i/TIMER/timer_0/inst/timer_value[31]_i_1_n_0                                                                                                                                                                                                      | RV32MI_i/util_vector_logic_2/Res[0]                                                                                                                                                                                                     |                4 |              8 |         2.00 |
|  RV32MI_i/zynq_ultra_ps_e_0/inst/pl_clk0 | RV32MI_i/TIMER/timer_0/inst/timer_value[23]_i_1_n_0                                                                                                                                                                                                      | RV32MI_i/util_vector_logic_2/Res[0]                                                                                                                                                                                                     |                4 |              8 |         2.00 |
|  RV32MI_i/zynq_ultra_ps_e_0/inst/pl_clk0 | RV32MI_i/TIMER/timer_0/inst/timer_value[15]_i_1_n_0                                                                                                                                                                                                      | RV32MI_i/util_vector_logic_2/Res[0]                                                                                                                                                                                                     |                3 |              8 |         2.67 |
|  dbg_hub/inst/BSCANID.u_xsdbm_id/itck_i  |                                                                                                                                                                                                                                                          | dbg_hub/inst/BSCANID.u_xsdbm_id/SWITCH_N_EXT_BSCAN.bscan_switch/counter[7]_i_1_n_0                                                                                                                                                      |                2 |              8 |         4.00 |
|  dbg_hub/inst/BSCANID.u_xsdbm_id/itck_i  |                                                                                                                                                                                                                                                          | dbg_hub/inst/BSCANID.u_xsdbm_id/CORE_XSDB.U_ICON/iDATA_CMD                                                                                                                                                                              |                1 |              8 |         8.00 |
|  RV32MI_i/zynq_ultra_ps_e_0/inst/pl_clk0 | RV32MI_i/GPIO/gpio_0/inst/gpio_dir[7]_i_1_n_0                                                                                                                                                                                                            | RV32MI_i/util_vector_logic_2/Res[0]                                                                                                                                                                                                     |                4 |              8 |         2.00 |
|  RV32MI_i/zynq_ultra_ps_e_0/inst/pl_clk0 | dbg_hub/inst/BSCANID.u_xsdbm_id/CORE_XSDB.UUT_MASTER/U_ICON_INTERFACE/U_CMD6_WR/U_WR_FIFO/SUBCORE_FIFO.xsdbm_v3_0_0_wrfifo_inst/inst_fifo_gen/gconvfifo.rf/grf.rf/gntv_or_sync_fifo.gl0.rd/gras.rsts/E[0]                                                | dbg_hub/inst/BSCANID.u_xsdbm_id/CORE_XSDB.UUT_MASTER/U_ICON_INTERFACE/U_CMD6_WR/U_WR_FIFO/SUBCORE_FIFO.xsdbm_v3_0_0_wrfifo_inst/inst_fifo_gen/gconvfifo.rf/grf.rf/rstblk/rd_rst_reg[2]                                                  |                2 |              8 |         4.00 |
|  RV32MI_i/zynq_ultra_ps_e_0/inst/pl_clk0 | RV32MI_i/UART/uart_0/inst/tx_shifter[8]_i_1_n_0                                                                                                                                                                                                          |                                                                                                                                                                                                                                         |                2 |              9 |         4.50 |
|  dbg_hub/inst/BSCANID.u_xsdbm_id/itck_i  | dbg_hub/inst/BSCANID.u_xsdbm_id/CORE_XSDB.U_ICON/U_CMD/iTARGET_CE                                                                                                                                                                                        | dbg_hub/inst/BSCANID.u_xsdbm_id/SWITCH_N_EXT_BSCAN.bscan_switch/m_bscan_sel[0]                                                                                                                                                          |                2 |             10 |         5.00 |
|  RV32MI_i/zynq_ultra_ps_e_0/inst/pl_clk0 | RV32MI_i/GPIO/gpio_0/inst/gpio_out[7]_i_1_n_0                                                                                                                                                                                                            | RV32MI_i/util_vector_logic_2/Res[0]                                                                                                                                                                                                     |                7 |             10 |         1.43 |
|  dbg_hub/inst/BSCANID.u_xsdbm_id/itck_i  |                                                                                                                                                                                                                                                          | dbg_hub/inst/BSCANID.u_xsdbm_id/CORE_XSDB.UUT_MASTER/U_ICON_INTERFACE/U_CMD6_RD/U_RD_FIFO/SUBCORE_FIFO.xsdbm_v3_0_0_rdfifo_inst/inst_fifo_gen/gconvfifo.rf/grf.rf/rstblk/rd_rst_reg[2]                                                  |                3 |             10 |         3.33 |
|  RV32MI_i/zynq_ultra_ps_e_0/inst/pl_clk0 | dbg_hub/inst/BSCANID.u_xsdbm_id/CORE_XSDB.UUT_MASTER/U_ICON_INTERFACE/U_CMD6_RD/U_RD_FIFO/SUBCORE_FIFO.xsdbm_v3_0_0_rdfifo_inst/inst_fifo_gen/gconvfifo.rf/grf.rf/gntv_or_sync_fifo.gl0.wr/gwas.wsts/E[0]                                                | dbg_hub/inst/BSCANID.u_xsdbm_id/CORE_XSDB.UUT_MASTER/U_ICON_INTERFACE/U_CMD6_RD/U_RD_FIFO/SUBCORE_FIFO.xsdbm_v3_0_0_rdfifo_inst/inst_fifo_gen/gconvfifo.rf/grf.rf/rstblk/wr_rst_reg[1]                                                  |                1 |             12 |        12.00 |
|  dbg_hub/inst/BSCANID.u_xsdbm_id/itck_i  | dbg_hub/inst/BSCANID.u_xsdbm_id/CORE_XSDB.UUT_MASTER/U_ICON_INTERFACE/U_CMD6_WR/U_WR_FIFO/SUBCORE_FIFO.xsdbm_v3_0_0_wrfifo_inst/inst_fifo_gen/gconvfifo.rf/grf.rf/gntv_or_sync_fifo.gl0.wr/gwas.wsts/E[0]                                                | dbg_hub/inst/BSCANID.u_xsdbm_id/CORE_XSDB.UUT_MASTER/U_ICON_INTERFACE/U_CMD6_WR/U_WR_FIFO/SUBCORE_FIFO.xsdbm_v3_0_0_wrfifo_inst/inst_fifo_gen/gconvfifo.rf/grf.rf/rstblk/wr_rst_reg[1]                                                  |                1 |             12 |        12.00 |
|  RV32MI_i/zynq_ultra_ps_e_0/inst/pl_clk0 |                                                                                                                                                                                                                                                          | RV32MI_i/vio_0/inst/DECODER_INST/xsdb_addr_8_p2                                                                                                                                                                                         |                3 |             15 |         5.00 |
|  RV32MI_i/zynq_ultra_ps_e_0/inst/pl_clk0 | RV32MI_i/Core_RV32I/RV32I_IF/util_vector_or_1/Res[0]                                                                                                                                                                                                     |                                                                                                                                                                                                                                         |                7 |             15 |         2.14 |
|  RV32MI_i/zynq_ultra_ps_e_0/inst/pl_clk0 | RV32MI_i/Core_RV32I/RV32I_IF/util_vector_or_1/Res[0]                                                                                                                                                                                                     | RV32MI_i/Core_RV32I/RV32I_IF/rom_memory_0/inst/dout[26]_i_1_n_0                                                                                                                                                                         |               11 |             15 |         1.36 |
|  dbg_hub/inst/BSCANID.u_xsdbm_id/itck_i  | dbg_hub/inst/BSCANID.u_xsdbm_id/CORE_XSDB.UUT_MASTER/U_ICON_INTERFACE/U_CMD5/E[0]                                                                                                                                                                        | dbg_hub/inst/BSCANID.u_xsdbm_id/CORE_XSDB.UUT_MASTER/U_ICON_INTERFACE/rddata_rst                                                                                                                                                        |                4 |             16 |         4.00 |
|  RV32MI_i/zynq_ultra_ps_e_0/inst/pl_clk0 | dbg_hub/inst/BSCANID.u_xsdbm_id/CORE_XSDB.UUT_MASTER/U_ICON_INTERFACE/U_CMD6_WR/U_WR_FIFO/SUBCORE_FIFO.xsdbm_v3_0_0_wrfifo_inst/inst_fifo_gen/gconvfifo.rf/grf.rf/gntv_or_sync_fifo.gl0.rd/gras.rsts/E[0]                                                |                                                                                                                                                                                                                                         |                6 |             16 |         2.67 |
|  dbg_hub/inst/BSCANID.u_xsdbm_id/itck_i  |                                                                                                                                                                                                                                                          | dbg_hub/inst/BSCANID.u_xsdbm_id/CORE_XSDB.UUT_MASTER/U_ICON_INTERFACE/U_CMD6_RD/U_RD_FIFO/SUBCORE_FIFO.xsdbm_v3_0_0_rdfifo_inst/inst_fifo_gen/gconvfifo.rf/grf.rf/rstblk/rd_rst_reg[1]                                                  |                3 |             16 |         5.33 |
|  RV32MI_i/zynq_ultra_ps_e_0/inst/pl_clk0 | RV32MI_i/vio_0/inst/U_XSDB_SLAVE/reg_test0                                                                                                                                                                                                               |                                                                                                                                                                                                                                         |               10 |             16 |         1.60 |
|  RV32MI_i/zynq_ultra_ps_e_0/inst/pl_clk0 |                                                                                                                                                                                                                                                          | dbg_hub/inst/BSCANID.u_xsdbm_id/CORE_XSDB.UUT_MASTER/U_ICON_INTERFACE/U_CMD6_WR/U_WR_FIFO/SUBCORE_FIFO.xsdbm_v3_0_0_wrfifo_inst/inst_fifo_gen/gconvfifo.rf/grf.rf/rstblk/rd_rst_reg[1]                                                  |                2 |             16 |         8.00 |
|  RV32MI_i/zynq_ultra_ps_e_0/inst/pl_clk0 | RV32MI_i/vio_0/inst/DECODER_INST/wr_probe_out_modified                                                                                                                                                                                                   | RV32MI_i/vio_0/inst/DECODER_INST/SR[0]                                                                                                                                                                                                  |                3 |             16 |         5.33 |
|  dbg_hub/inst/BSCANID.u_xsdbm_id/itck_i  | dbg_hub/inst/BSCANID.u_xsdbm_id/CORE_XSDB.UUT_MASTER/U_ICON_INTERFACE/U_CMD5/icn_cmd_en_reg[6][0]                                                                                                                                                        | dbg_hub/inst/BSCANID.u_xsdbm_id/CORE_XSDB.UUT_MASTER/U_ICON_INTERFACE/wrdata_rst                                                                                                                                                        |                2 |             16 |         8.00 |
|  dbg_hub/inst/BSCANID.u_xsdbm_id/itck_i  | dbg_hub/inst/BSCANID.u_xsdbm_id/CORE_XSDB.UUT_MASTER/U_ICON_INTERFACE/U_CMD6_RD/U_RD_FIFO/SUBCORE_FIFO.xsdbm_v3_0_0_rdfifo_inst/inst_fifo_gen/gconvfifo.rf/grf.rf/gntv_or_sync_fifo.gl0.rd/gr1.gr1_int.rfwft/E[0]                                        |                                                                                                                                                                                                                                         |                5 |             16 |         3.20 |
|  dbg_hub/inst/BSCANID.u_xsdbm_id/itck_i  | dbg_hub/inst/BSCANID.u_xsdbm_id/CORE_XSDB.UUT_MASTER/U_ICON_INTERFACE/U_CMD6_RD/U_RD_FIFO/SUBCORE_FIFO.xsdbm_v3_0_0_rdfifo_inst/inst_fifo_gen/gconvfifo.rf/grf.rf/gntv_or_sync_fifo.gl0.rd/gr1.gr1_int.rfwft/ngwrdrst.grst.g7serrst.rd_rst_reg_reg[0][0] |                                                                                                                                                                                                                                         |                5 |             16 |         3.20 |
|  RV32MI_i/zynq_ultra_ps_e_0/inst/pl_clk0 | dbg_hub/inst/BSCANID.u_xsdbm_id/CORE_XSDB.UUT_MASTER/U_XSDB_BUS_CONTROLLER/dec_wdc_r_reg_0                                                                                                                                                               | dbg_hub/inst/BSCANID.u_xsdbm_id/CORE_XSDB.UUT_MASTER/U_ICON_INTERFACE/U_CMD1/ctl_reg[0]                                                                                                                                                 |                3 |             17 |         5.67 |
|  RV32MI_i/zynq_ultra_ps_e_0/inst/pl_clk0 | dbg_hub/inst/BSCANID.u_xsdbm_id/CORE_XSDB.UUT_MASTER/U_XSDB_BUS_CONTROLLER/inc_addr_r_reg_0                                                                                                                                                              | dbg_hub/inst/BSCANID.u_xsdbm_id/CORE_XSDB.UUT_MASTER/U_ICON_INTERFACE/U_CMD1/ctl_reg[0]                                                                                                                                                 |                3 |             17 |         5.67 |
|  RV32MI_i/zynq_ultra_ps_e_0/inst/pl_clk0 | dbg_hub/inst/BSCANID.u_xsdbm_id/CORE_XSDB.UUT_MASTER/U_ICON_INTERFACE/U_CMD5/ctl_reg[17]_i_1_n_0                                                                                                                                                         | dbg_hub/inst/BSCANID.u_xsdbm_id/CORE_XSDB.UUT_MASTER/U_ICON_INTERFACE/U_CMD1/ctl_reg[0]                                                                                                                                                 |                5 |             18 |         3.60 |
|  RV32MI_i/zynq_ultra_ps_e_0/inst/pl_clk0 |                                                                                                                                                                                                                                                          | dbg_hub/inst/BSCANID.u_xsdbm_id/CORE_XSDB.UUT_MASTER/U_ICON_INTERFACE/U_CMD6_RD/U_RD_FIFO/SUBCORE_FIFO.xsdbm_v3_0_0_rdfifo_inst/inst_fifo_gen/gconvfifo.rf/grf.rf/rstblk/wr_rst_reg[0]                                                  |                6 |             18 |         3.00 |
|  dbg_hub/inst/BSCANID.u_xsdbm_id/itck_i  | dbg_hub/inst/BSCANID.u_xsdbm_id/CORE_XSDB.UUT_MASTER/U_ICON_INTERFACE/U_CMD5/icn_cmd_en_temp                                                                                                                                                             | dbg_hub/inst/BSCANID.u_xsdbm_id/CORE_XSDB.UUT_MASTER/U_ICON_INTERFACE/U_CMD1/ctl_reg[0]                                                                                                                                                 |                2 |             18 |         9.00 |
|  dbg_hub/inst/BSCANID.u_xsdbm_id/itck_i  |                                                                                                                                                                                                                                                          | dbg_hub/inst/BSCANID.u_xsdbm_id/CORE_XSDB.UUT_MASTER/U_ICON_INTERFACE/U_CMD6_WR/U_WR_FIFO/SUBCORE_FIFO.xsdbm_v3_0_0_wrfifo_inst/inst_fifo_gen/gconvfifo.rf/grf.rf/rstblk/wr_rst_reg[0]                                                  |                3 |             18 |         6.00 |
|  RV32MI_i/zynq_ultra_ps_e_0/inst/pl_clk0 |                                                                                                                                                                                                                                                          | dbg_hub/inst/BSCANID.u_xsdbm_id/CORE_XSDB.UUT_MASTER/U_ICON_INTERFACE/U_CMD1/ctl_reg[0]                                                                                                                                                 |               12 |             25 |         2.08 |
|  RV32MI_i/zynq_ultra_ps_e_0/inst/pl_clk0 | dbg_hub/inst/BSCANID.u_xsdbm_id/CORE_XSDB.UUT_MASTER/U_ICON_INTERFACE/U_CMD4/ctl_reg[27]_i_1_n_0                                                                                                                                                         | dbg_hub/inst/BSCANID.u_xsdbm_id/CORE_XSDB.UUT_MASTER/U_ICON_INTERFACE/U_CMD1/ctl_reg[0]                                                                                                                                                 |                4 |             28 |         7.00 |
|  dbg_hub/inst/BSCANID.u_xsdbm_id/itck_i  | dbg_hub/inst/BSCANID.u_xsdbm_id/CORE_XSDB.UUT_MASTER/U_ICON_INTERFACE/U_CMD4/icn_cmd_en_temp                                                                                                                                                             | dbg_hub/inst/BSCANID.u_xsdbm_id/CORE_XSDB.UUT_MASTER/U_ICON_INTERFACE/U_CMD1/ctl_reg[0]                                                                                                                                                 |                2 |             28 |        14.00 |
|  RV32MI_i/zynq_ultra_ps_e_0/inst/pl_clk0 | RV32MI_i/PRIVILEGED/csr_file_0/inst/mstatus[31]_i_1_n_0                                                                                                                                                                                                  | RV32MI_i/util_vector_logic_2/Res[0]                                                                                                                                                                                                     |               19 |             30 |         1.58 |
|  dbg_hub/inst/BSCANID.u_xsdbm_id/itck_i  | dbg_hub/inst/BSCANID.u_xsdbm_id/SWITCH_N_EXT_BSCAN.bscan_switch/temp_curid[28]_i_1_n_0                                                                                                                                                                   | dbg_hub/inst/BSCANID.u_xsdbm_id/SWITCH_N_EXT_BSCAN.bscan_switch/temp_curid[31]_i_1_n_0                                                                                                                                                  |                5 |             31 |         6.20 |
|  RV32MI_i/zynq_ultra_ps_e_0/inst/pl_clk0 | RV32MI_i/PRIVILEGED/csr_file_0/inst/p_0_in[31]                                                                                                                                                                                                           | RV32MI_i/util_vector_logic_2/Res[0]                                                                                                                                                                                                     |               12 |             31 |         2.58 |
|  RV32MI_i/zynq_ultra_ps_e_0/inst/pl_clk0 | RV32MI_i/Core_RV32I/RV32I_ID/regfile_0/inst/regs[21][31]_i_1_n_0                                                                                                                                                                                         |                                                                                                                                                                                                                                         |               26 |             32 |         1.23 |
|  RV32MI_i/zynq_ultra_ps_e_0/inst/pl_clk0 | RV32MI_i/Core_RV32I/RV32I_ID/regfile_0/inst/regs[3][31]_i_1_n_0                                                                                                                                                                                          |                                                                                                                                                                                                                                         |               19 |             32 |         1.68 |
|  RV32MI_i/zynq_ultra_ps_e_0/inst/pl_clk0 | RV32MI_i/Core_RV32I/RV32I_ID/regfile_0/inst/regs[1][31]_i_1_n_0                                                                                                                                                                                          |                                                                                                                                                                                                                                         |               22 |             32 |         1.45 |
|  RV32MI_i/zynq_ultra_ps_e_0/inst/pl_clk0 | RV32MI_i/Core_RV32I/RV32I_ID/regfile_0/inst/regs[26][31]_i_1_n_0                                                                                                                                                                                         |                                                                                                                                                                                                                                         |               25 |             32 |         1.28 |
|  dbg_hub/inst/BSCANID.u_xsdbm_id/itck_i  |                                                                                                                                                                                                                                                          | dbg_hub/inst/BSCANID.u_xsdbm_id/SWITCH_N_EXT_BSCAN.bscan_switch/shiftreg[31]_i_1_n_0                                                                                                                                                    |                8 |             32 |         4.00 |
|  dbg_hub/inst/BSCANID.u_xsdbm_id/itck_i  | dbg_hub/inst/BSCANID.u_xsdbm_id/CORE_XSDB.UUT_MASTER/U_ICON_INTERFACE/U_CMD6_WR/U_WR_FIFO/SUBCORE_FIFO.xsdbm_v3_0_0_wrfifo_inst/inst_fifo_gen/gconvfifo.rf/grf.rf/gntv_or_sync_fifo.gl0.wr/gwas.wsts/E[0]                                                |                                                                                                                                                                                                                                         |                2 |             32 |        16.00 |
|  RV32MI_i/zynq_ultra_ps_e_0/inst/pl_clk0 | RV32MI_i/MMIO/mem_bus_registered_0/inst/mem_rsp_rdata[31]_i_1_n_0                                                                                                                                                                                        | RV32MI_i/util_vector_logic_2/Res[0]                                                                                                                                                                                                     |               17 |             32 |         1.88 |
|  RV32MI_i/zynq_ultra_ps_e_0/inst/pl_clk0 | RV32MI_i/Core_RV32I/RV32I_ID/regfile_0/inst/regs[7][31]_i_1_n_0                                                                                                                                                                                          |                                                                                                                                                                                                                                         |               19 |             32 |         1.68 |
|  RV32MI_i/zynq_ultra_ps_e_0/inst/pl_clk0 | RV32MI_i/Core_RV32I/RV32I_ID/regfile_0/inst/regs[19][31]_i_1_n_0                                                                                                                                                                                         |                                                                                                                                                                                                                                         |               27 |             32 |         1.19 |
|  RV32MI_i/zynq_ultra_ps_e_0/inst/pl_clk0 | RV32MI_i/Core_RV32I/RV32I_ID/regfile_0/inst/regs[31][31]_i_1_n_0                                                                                                                                                                                         |                                                                                                                                                                                                                                         |               24 |             32 |         1.33 |
|  RV32MI_i/zynq_ultra_ps_e_0/inst/pl_clk0 | RV32MI_i/Core_RV32I/RV32I_ID/regfile_0/inst/regs[20][31]_i_1_n_0                                                                                                                                                                                         |                                                                                                                                                                                                                                         |               26 |             32 |         1.23 |
|  RV32MI_i/zynq_ultra_ps_e_0/inst/pl_clk0 | RV32MI_i/Core_RV32I/RV32I_ID/regfile_0/inst/regs[13][31]_i_1_n_0                                                                                                                                                                                         |                                                                                                                                                                                                                                         |               27 |             32 |         1.19 |
|  RV32MI_i/zynq_ultra_ps_e_0/inst/pl_clk0 | RV32MI_i/Core_RV32I/RV32I_ID/regfile_0/inst/regs[6][31]_i_1_n_0                                                                                                                                                                                          |                                                                                                                                                                                                                                         |               26 |             32 |         1.23 |
|  RV32MI_i/zynq_ultra_ps_e_0/inst/pl_clk0 | RV32MI_i/Core_RV32I/RV32I_ID/regfile_0/inst/regs[28][31]_i_1_n_0                                                                                                                                                                                         |                                                                                                                                                                                                                                         |               22 |             32 |         1.45 |
|  RV32MI_i/zynq_ultra_ps_e_0/inst/pl_clk0 | RV32MI_i/UART/uart_0/inst/tx_busy_q_reg_0                                                                                                                                                                                                                | RV32MI_i/UART/uart_0/inst/tx_clk_cnt[31]_i_1_n_0                                                                                                                                                                                        |                6 |             32 |         5.33 |
|  RV32MI_i/zynq_ultra_ps_e_0/inst/pl_clk0 | RV32MI_i/Core_RV32I/RV32I_ID/regfile_0/inst/regs[15][31]_i_1_n_0                                                                                                                                                                                         |                                                                                                                                                                                                                                         |               22 |             32 |         1.45 |
|  RV32MI_i/zynq_ultra_ps_e_0/inst/pl_clk0 | RV32MI_i/Core_RV32I/RV32I_ID/regfile_0/inst/regs[24][31]_i_1_n_0                                                                                                                                                                                         |                                                                                                                                                                                                                                         |               23 |             32 |         1.39 |
|  RV32MI_i/zynq_ultra_ps_e_0/inst/pl_clk0 | RV32MI_i/Core_RV32I/RV32I_ID/regfile_0/inst/regs[22][31]_i_1_n_0                                                                                                                                                                                         |                                                                                                                                                                                                                                         |               25 |             32 |         1.28 |
|  RV32MI_i/zynq_ultra_ps_e_0/inst/pl_clk0 | RV32MI_i/Core_RV32I/RV32I_IF/util_vector_and_1/Res[0]                                                                                                                                                                                                    | RV32MI_i/util_vector_logic_2/Res[0]                                                                                                                                                                                                     |               14 |             32 |         2.29 |
|  RV32MI_i/zynq_ultra_ps_e_0/inst/pl_clk0 | RV32MI_i/Core_RV32I/RV32I_ID/regfile_0/inst/regs[25][31]_i_1_n_0                                                                                                                                                                                         |                                                                                                                                                                                                                                         |               18 |             32 |         1.78 |
|  RV32MI_i/zynq_ultra_ps_e_0/inst/pl_clk0 | RV32MI_i/Core_RV32I/RV32I_ID/regfile_0/inst/regs[18][31]_i_1_n_0                                                                                                                                                                                         |                                                                                                                                                                                                                                         |               27 |             32 |         1.19 |
|  RV32MI_i/zynq_ultra_ps_e_0/inst/pl_clk0 | RV32MI_i/Core_RV32I/RV32I_ID/regfile_0/inst/regs[30][31]_i_1_n_0                                                                                                                                                                                         |                                                                                                                                                                                                                                         |               23 |             32 |         1.39 |
|  RV32MI_i/zynq_ultra_ps_e_0/inst/pl_clk0 | RV32MI_i/Core_RV32I/RV32I_ID/regfile_0/inst/regs[8][31]_i_1_n_0                                                                                                                                                                                          |                                                                                                                                                                                                                                         |               25 |             32 |         1.28 |
|  RV32MI_i/zynq_ultra_ps_e_0/inst/pl_clk0 | RV32MI_i/Core_RV32I/RV32I_ID/regfile_0/inst/regs[12][31]_i_1_n_0                                                                                                                                                                                         |                                                                                                                                                                                                                                         |               23 |             32 |         1.39 |
|  dbg_hub/inst/BSCANID.u_xsdbm_id/itck_i  | dbg_hub/inst/BSCANID.u_xsdbm_id/SWITCH_N_EXT_BSCAN.bscan_switch/bscanid[31]_i_1_n_0                                                                                                                                                                      | dbg_hub/inst/BSCANID.u_xsdbm_id/SWITCH_N_EXT_BSCAN.bscan_inst/s_bscan_reset                                                                                                                                                             |                5 |             32 |         6.40 |
|  RV32MI_i/zynq_ultra_ps_e_0/inst/pl_clk0 | RV32MI_i/Core_RV32I/RV32I_MEM/mem_stage_0/inst/mem_resp_valid5_out                                                                                                                                                                                       | RV32MI_i/Core_RV32I/RV32I_MEM/mem_stage_0/inst/mem_resp_rdata[31]_i_1_n_0                                                                                                                                                               |               10 |             32 |         3.20 |
|  RV32MI_i/zynq_ultra_ps_e_0/inst/pl_clk0 | RV32MI_i/PRIVILEGED/csr_file_0/inst/mtval[31]_i_1_n_0                                                                                                                                                                                                    | RV32MI_i/util_vector_logic_2/Res[0]                                                                                                                                                                                                     |               21 |             32 |         1.52 |
|  RV32MI_i/zynq_ultra_ps_e_0/inst/pl_clk0 | RV32MI_i/PRIVILEGED/csr_file_0/inst/mscratch[31]_i_1_n_0                                                                                                                                                                                                 | RV32MI_i/util_vector_logic_2/Res[0]                                                                                                                                                                                                     |               12 |             32 |         2.67 |
|  RV32MI_i/zynq_ultra_ps_e_0/inst/pl_clk0 | RV32MI_i/PRIVILEGED/csr_file_0/inst/mie[31]_i_1_n_0                                                                                                                                                                                                      | RV32MI_i/util_vector_logic_2/Res[0]                                                                                                                                                                                                     |               11 |             32 |         2.91 |
|  RV32MI_i/zynq_ultra_ps_e_0/inst/pl_clk0 | RV32MI_i/PRIVILEGED/csr_file_0/inst/mepc[31]_i_1_n_0                                                                                                                                                                                                     | RV32MI_i/util_vector_logic_2/Res[0]                                                                                                                                                                                                     |               14 |             32 |         2.29 |
|  RV32MI_i/zynq_ultra_ps_e_0/inst/pl_clk0 | RV32MI_i/PRIVILEGED/csr_file_0/inst/mcause[31]_i_1_n_0                                                                                                                                                                                                   | RV32MI_i/util_vector_logic_2/Res[0]                                                                                                                                                                                                     |               17 |             32 |         1.88 |
|  RV32MI_i/zynq_ultra_ps_e_0/inst/pl_clk0 | RV32MI_i/MMIO/mem_bus_registered_0/inst/ram_valid                                                                                                                                                                                                        | RV32MI_i/util_vector_logic_2/Res[0]                                                                                                                                                                                                     |               27 |             32 |         1.19 |
|  RV32MI_i/zynq_ultra_ps_e_0/inst/pl_clk0 | RV32MI_i/Core_RV32I/RV32I_ID/regfile_0/inst/regs[27][31]_i_1_n_0                                                                                                                                                                                         |                                                                                                                                                                                                                                         |               26 |             32 |         1.23 |
|  RV32MI_i/zynq_ultra_ps_e_0/inst/pl_clk0 | RV32MI_i/Core_RV32I/RV32I_ID/regfile_0/inst/regs[16][31]_i_1_n_0                                                                                                                                                                                         |                                                                                                                                                                                                                                         |               25 |             32 |         1.28 |
|  RV32MI_i/zynq_ultra_ps_e_0/inst/pl_clk0 | RV32MI_i/Core_RV32I/RV32I_ID/regfile_0/inst/regs[29][31]_i_1_n_0                                                                                                                                                                                         |                                                                                                                                                                                                                                         |               21 |             32 |         1.52 |
|  RV32MI_i/zynq_ultra_ps_e_0/inst/pl_clk0 | RV32MI_i/Core_RV32I/RV32I_ID/regfile_0/inst/regs[9][31]_i_1_n_0                                                                                                                                                                                          |                                                                                                                                                                                                                                         |               21 |             32 |         1.52 |
|  RV32MI_i/zynq_ultra_ps_e_0/inst/pl_clk0 | RV32MI_i/Core_RV32I/RV32I_ID/regfile_0/inst/regs[23][31]_i_1_n_0                                                                                                                                                                                         |                                                                                                                                                                                                                                         |               24 |             32 |         1.33 |
|  RV32MI_i/zynq_ultra_ps_e_0/inst/pl_clk0 | RV32MI_i/Core_RV32I/RV32I_ID/regfile_0/inst/regs[11][31]_i_1_n_0                                                                                                                                                                                         |                                                                                                                                                                                                                                         |               25 |             32 |         1.28 |
|  RV32MI_i/zynq_ultra_ps_e_0/inst/pl_clk0 | RV32MI_i/Core_RV32I/RV32I_ID/regfile_0/inst/regs[14][31]_i_1_n_0                                                                                                                                                                                         |                                                                                                                                                                                                                                         |               20 |             32 |         1.60 |
|  RV32MI_i/zynq_ultra_ps_e_0/inst/pl_clk0 | RV32MI_i/Core_RV32I/RV32I_ID/regfile_0/inst/regs[10][31]_i_1_n_0                                                                                                                                                                                         |                                                                                                                                                                                                                                         |               22 |             32 |         1.45 |
|  RV32MI_i/zynq_ultra_ps_e_0/inst/pl_clk0 | dbg_hub/inst/BSCANID.u_xsdbm_id/CORE_XSDB.UUT_MASTER/U_ICON_INTERFACE/U_CMD6_RD/U_RD_FIFO/SUBCORE_FIFO.xsdbm_v3_0_0_rdfifo_inst/inst_fifo_gen/gconvfifo.rf/grf.rf/gntv_or_sync_fifo.gl0.wr/gwas.wsts/E[0]                                                |                                                                                                                                                                                                                                         |                2 |             32 |        16.00 |
|  RV32MI_i/zynq_ultra_ps_e_0/inst/pl_clk0 | RV32MI_i/Core_RV32I/RV32I_ID/regfile_0/inst/regs[2][31]_i_1_n_0                                                                                                                                                                                          |                                                                                                                                                                                                                                         |               23 |             32 |         1.39 |
|  RV32MI_i/zynq_ultra_ps_e_0/inst/pl_clk0 | RV32MI_i/Core_RV32I/RV32I_ID/regfile_0/inst/regs[17][31]_i_1_n_0                                                                                                                                                                                         |                                                                                                                                                                                                                                         |               25 |             32 |         1.28 |
|  RV32MI_i/zynq_ultra_ps_e_0/inst/pl_clk0 | RV32MI_i/Core_RV32I/RV32I_ID/regfile_0/inst/regs[5][31]_i_1_n_0                                                                                                                                                                                          |                                                                                                                                                                                                                                         |               25 |             32 |         1.28 |
|  RV32MI_i/zynq_ultra_ps_e_0/inst/pl_clk0 | RV32MI_i/Core_RV32I/RV32I_ID/regfile_0/inst/regs[4][31]_i_1_n_0                                                                                                                                                                                          |                                                                                                                                                                                                                                         |               21 |             32 |         1.52 |
|  RV32MI_i/zynq_ultra_ps_e_0/inst/pl_clk0 | RV32MI_i/PRIVILEGED/csr_file_0/inst/mtvec[31]_i_1_n_0                                                                                                                                                                                                    | RV32MI_i/util_vector_logic_2/Res[0]                                                                                                                                                                                                     |               13 |             32 |         2.46 |
|  RV32MI_i/zynq_ultra_ps_e_0/inst/pl_clk0 |                                                                                                                                                                                                                                                          | RV32MI_i/MMIO/mem_bus_registered_0/inst/mem_rsp_valid_i_1_n_0                                                                                                                                                                           |                7 |             34 |         4.86 |
|  dbg_hub/inst/BSCANID.u_xsdbm_id/itck_i  | dbg_hub/inst/BSCANID.u_xsdbm_id/SWITCH_N_EXT_BSCAN.id_state[1]_i_1_n_0                                                                                                                                                                                   | dbg_hub/inst/BSCANID.u_xsdbm_id/SWITCH_N_EXT_BSCAN.bscan_inst/s_bscan_reset                                                                                                                                                             |                6 |             34 |         5.67 |
|  RV32MI_i/zynq_ultra_ps_e_0/inst/pl_clk0 | RV32MI_i/MMIO/mem_bus_registered_0/inst/addr_q[31]_i_1_n_0                                                                                                                                                                                               | RV32MI_i/util_vector_logic_2/Res[0]                                                                                                                                                                                                     |               15 |             49 |         3.27 |
|  dbg_hub/inst/BSCANID.u_xsdbm_id/itck_i  |                                                                                                                                                                                                                                                          |                                                                                                                                                                                                                                         |               31 |             63 |         2.03 |
|  RV32MI_i/zynq_ultra_ps_e_0/inst/pl_clk0 | RV32MI_i/RV32I_RAM_MEMORY/ram_data_1/inst/mem2_reg_0_511_0_0_i_1_n_0                                                                                                                                                                                     |                                                                                                                                                                                                                                         |                8 |             64 |         8.00 |
|  RV32MI_i/zynq_ultra_ps_e_0/inst/pl_clk0 | RV32MI_i/RV32I_RAM_MEMORY/ram_data_1/inst/mem3_reg_512_1023_0_0_i_1_n_0                                                                                                                                                                                  |                                                                                                                                                                                                                                         |                8 |             64 |         8.00 |
|  RV32MI_i/zynq_ultra_ps_e_0/inst/pl_clk0 | RV32MI_i/RV32I_RAM_MEMORY/ram_data_1/inst/mem3_reg_0_511_0_0_i_1_n_0                                                                                                                                                                                     |                                                                                                                                                                                                                                         |                8 |             64 |         8.00 |
|  RV32MI_i/zynq_ultra_ps_e_0/inst/pl_clk0 | RV32MI_i/RV32I_RAM_MEMORY/ram_data_1/inst/mem2_reg_512_1023_0_0_i_1_n_0                                                                                                                                                                                  |                                                                                                                                                                                                                                         |                8 |             64 |         8.00 |
|  RV32MI_i/zynq_ultra_ps_e_0/inst/pl_clk0 | RV32MI_i/RV32I_RAM_MEMORY/ram_data_1/inst/mem1_reg_512_1023_0_0_i_1_n_0                                                                                                                                                                                  |                                                                                                                                                                                                                                         |                8 |             64 |         8.00 |
|  RV32MI_i/zynq_ultra_ps_e_0/inst/pl_clk0 | RV32MI_i/RV32I_RAM_MEMORY/ram_data_1/inst/mem1_reg_0_511_0_0_i_1_n_0                                                                                                                                                                                     |                                                                                                                                                                                                                                         |                8 |             64 |         8.00 |
|  RV32MI_i/zynq_ultra_ps_e_0/inst/pl_clk0 | RV32MI_i/RV32I_RAM_MEMORY/ram_data_1/inst/mem0_reg_512_1023_0_0_i_1_n_0                                                                                                                                                                                  |                                                                                                                                                                                                                                         |                8 |             64 |         8.00 |
|  RV32MI_i/zynq_ultra_ps_e_0/inst/pl_clk0 | RV32MI_i/RV32I_RAM_MEMORY/ram_data_1/inst/mem0_reg_0_511_0_0_i_1_n_0                                                                                                                                                                                     |                                                                                                                                                                                                                                         |                8 |             64 |         8.00 |
|  RV32MI_i/zynq_ultra_ps_e_0/inst/pl_clk0 | RV32MI_i/Core_RV32I/RV32I_MEM/mem_stage_0/inst/mem_q_valid6_out                                                                                                                                                                                          | RV32MI_i/util_vector_logic_2/Res[0]                                                                                                                                                                                                     |               31 |             97 |         3.13 |
|  RV32MI_i/zynq_ultra_ps_e_0/inst/pl_clk0 | RV32MI_i/Core_RV32I/RV32I_IF/util_vector_or_1/Res[0]                                                                                                                                                                                                     | RV32MI_i/Core_RV32I/RV32I_IF/if_id_reg_0/inst/id_pc_out[31]_i_1_n_0                                                                                                                                                                     |               16 |            160 |        10.00 |
|  RV32MI_i/zynq_ultra_ps_e_0/inst/pl_clk0 |                                                                                                                                                                                                                                                          | RV32MI_i/util_vector_logic_2/Res[0]                                                                                                                                                                                                     |               65 |            216 |         3.32 |
|  RV32MI_i/zynq_ultra_ps_e_0/inst/pl_clk0 | RV32MI_i/Core_RV32I/RV32I_MEM/mem_stage_0/inst/mem_stall_req                                                                                                                                                                                             | RV32MI_i/util_vector_logic_2/Res[0]                                                                                                                                                                                                     |              108 |            237 |         2.19 |
|  RV32MI_i/zynq_ultra_ps_e_0/inst/pl_clk0 | RV32MI_i/Core_RV32I/RV32I_MEM/mem_stage_0/inst/mem_stall_req                                                                                                                                                                                             | RV32MI_i/Core_RV32I/RV32I_ID/id_ex_reg/inst/ex_valid_i_1_n_0                                                                                                                                                                            |               40 |            249 |         6.22 |
|  RV32MI_i/zynq_ultra_ps_e_0/inst/pl_clk0 |                                                                                                                                                                                                                                                          |                                                                                                                                                                                                                                         |               50 |            258 |         5.16 |
+------------------------------------------+----------------------------------------------------------------------------------------------------------------------------------------------------------------------------------------------------------------------------------------------------------+-----------------------------------------------------------------------------------------------------------------------------------------------------------------------------------------------------------------------------------------+------------------+----------------+--------------+


