rm -f results.xml
"make" -f Makefile results.xml
make[1]: se entra en el directorio '/media/steckler/xilinx_linux/RISCV_ZYNQ/V2/RVI20U32/RV32I_COCOTB/COCOTB'
mkdir -p sim_build
/usr/bin/iverilog -o sim_build/sim.vvp -s RISCV_COCOTB_wrapper -g2012 -f sim_build/cmds.f  /media/steckler/xilinx_linux/RISCV_ZYNQ/V2/RVI20U32/RV32I_COCOTB/COCOTB/rtl/core/RISCV_COCOTB_util_vector_and_1_1.v /media/steckler/xilinx_linux/RISCV_ZYNQ/V2/RVI20U32/RV32I_COCOTB/COCOTB/rtl/core/RISCV_COCOTB_mem_wb_reg_0_0.v /media/steckler/xilinx_linux/RISCV_ZYNQ/V2/RVI20U32/RV32I_COCOTB/COCOTB/rtl/core/RISCV_COCOTB_sim_constant_0_1.v /media/steckler/xilinx_linux/RISCV_ZYNQ/V2/RVI20U32/RV32I_COCOTB/COCOTB/rtl/core/id_ex_reg.v /media/steckler/xilinx_linux/RISCV_ZYNQ/V2/RVI20U32/RV32I_COCOTB/COCOTB/rtl/core/csr_use_detection.v /media/steckler/xilinx_linux/RISCV_ZYNQ/V2/RVI20U32/RV32I_COCOTB/COCOTB/rtl/core/wb_mux.v /media/steckler/xilinx_linux/RISCV_ZYNQ/V2/RVI20U32/RV32I_COCOTB/COCOTB/rtl/core/util_vector_or.v /media/steckler/xilinx_linux/RISCV_ZYNQ/V2/RVI20U32/RV32I_COCOTB/COCOTB/rtl/core/RISCV_COCOTB_privileged_pc_redire_0_0.v /media/steckler/xilinx_linux/RISCV_ZYNQ/V2/RVI20U32/RV32I_COCOTB/COCOTB/rtl/core/util_vector_and.v /media/steckler/xilinx_linux/RISCV_ZYNQ/V2/RVI20U32/RV32I_COCOTB/COCOTB/rtl/core/RISCV_COCOTB_csr_use_detection_0_0.v /media/steckler/xilinx_linux/RISCV_ZYNQ/V2/RVI20U32/RV32I_COCOTB/COCOTB/rtl/core/csr_file.v /media/steckler/xilinx_linux/RISCV_ZYNQ/V2/RVI20U32/RV32I_COCOTB/COCOTB/rtl/core/RISCV_COCOTB_priority_branch_OR_l_0_0.v /media/steckler/xilinx_linux/RISCV_ZYNQ/V2/RVI20U32/RV32I_COCOTB/COCOTB/rtl/core/RISCV_COCOTB_constant_zero_0_1.v /media/steckler/xilinx_linux/RISCV_ZYNQ/V2/RVI20U32/RV32I_COCOTB/COCOTB/rtl/core/csr_access_unit.v /media/steckler/xilinx_linux/RISCV_ZYNQ/V2/RVI20U32/RV32I_COCOTB/COCOTB/rtl/core/uart.v /media/steckler/xilinx_linux/RISCV_ZYNQ/V2/RVI20U32/RV32I_COCOTB/COCOTB/rtl/core/RISCV_COCOTB_util_vector_or_0_1.v /media/steckler/xilinx_linux/RISCV_ZYNQ/V2/RVI20U32/RV32I_COCOTB/COCOTB/rtl/core/priority_branch_OR_load_use.v /media/steckler/xilinx_linux/RISCV_ZYNQ/V2/RVI20U32/RV32I_COCOTB/COCOTB/rtl/core/branch.v /media/steckler/xilinx_linux/RISCV_ZYNQ/V2/RVI20U32/RV32I_COCOTB/COCOTB/rtl/core/RISCV_COCOTB_mem_bus_registered_0_0.v /media/steckler/xilinx_linux/RISCV_ZYNQ/V2/RVI20U32/RV32I_COCOTB/COCOTB/rtl/core/mem_exception_merge.v /media/steckler/xilinx_linux/RISCV_ZYNQ/V2/RVI20U32/RV32I_COCOTB/COCOTB/rtl/core/RISCV_COCOTB_constant_zero_0_2.v /media/steckler/xilinx_linux/RISCV_ZYNQ/V2/RVI20U32/RV32I_COCOTB/COCOTB/rtl/core/RISCV_COCOTB_regfile_0_0.v /media/steckler/xilinx_linux/RISCV_ZYNQ/V2/RVI20U32/RV32I_COCOTB/COCOTB/rtl/core/RISCV_COCOTB_alu_0_0.v /media/steckler/xilinx_linux/RISCV_ZYNQ/V2/RVI20U32/RV32I_COCOTB/COCOTB/rtl/core/RISCV_COCOTB_util_vector_not_0_1.v /media/steckler/xilinx_linux/RISCV_ZYNQ/V2/RVI20U32/RV32I_COCOTB/COCOTB/rtl/core/regfile_we_gen.v /media/steckler/xilinx_linux/RISCV_ZYNQ/V2/RVI20U32/RV32I_COCOTB/COCOTB/rtl/core/RISCV_COCOTB_pc_to_imem_addr_0_0.v /media/steckler/xilinx_linux/RISCV_ZYNQ/V2/RVI20U32/RV32I_COCOTB/COCOTB/rtl/core/pc_to_imem_addr.v /media/steckler/xilinx_linux/RISCV_ZYNQ/V2/RVI20U32/RV32I_COCOTB/COCOTB/rtl/core/RISCV_COCOTB_imm_mux_0_0.v /media/steckler/xilinx_linux/RISCV_ZYNQ/V2/RVI20U32/RV32I_COCOTB/COCOTB/rtl/core/exception_mux.v /media/steckler/xilinx_linux/RISCV_ZYNQ/V2/RVI20U32/RV32I_COCOTB/COCOTB/rtl/core/RISCV_COCOTB_util_vector_and_0_1.v /media/steckler/xilinx_linux/RISCV_ZYNQ/V2/RVI20U32/RV32I_COCOTB/COCOTB/rtl/core/RISCV_COCOTB_xlconstant_3_0.v /media/steckler/xilinx_linux/RISCV_ZYNQ/V2/RVI20U32/RV32I_COCOTB/COCOTB/rtl/core/RISCV_COCOTB_operand_b_mux_0_0.v /media/steckler/xilinx_linux/RISCV_ZYNQ/V2/RVI20U32/RV32I_COCOTB/COCOTB/rtl/core/RISCV_COCOTB_branch_predictor_btb_0_0.v /media/steckler/xilinx_linux/RISCV_ZYNQ/V2/RVI20U32/RV32I_COCOTB/COCOTB/rtl/core/RISCV_COCOTB_timer_0_0.v /media/steckler/xilinx_linux/RISCV_ZYNQ/V2/RVI20U32/RV32I_COCOTB/COCOTB/rtl/core/regfile.v /media/steckler/xilinx_linux/RISCV_ZYNQ/V2/RVI20U32/RV32I_COCOTB/COCOTB/rtl/core/sim_constant.v /media/steckler/xilinx_linux/RISCV_ZYNQ/V2/RVI20U32/RV32I_COCOTB/COCOTB/rtl/core/constant_zero.v /media/steckler/xilinx_linux/RISCV_ZYNQ/V2/RVI20U32/RV32I_COCOTB/COCOTB/rtl/core/RISCV_COCOTB_csr_access_unit_0_0.v /media/steckler/xilinx_linux/RISCV_ZYNQ/V2/RVI20U32/RV32I_COCOTB/COCOTB/rtl/core/RISCV_COCOTB_util_vector_not_1_0.v /media/steckler/xilinx_linux/RISCV_ZYNQ/V2/RVI20U32/RV32I_COCOTB/COCOTB/rtl/core/RISCV_COCOTB_util_vector_and_0_0.v /media/steckler/xilinx_linux/RISCV_ZYNQ/V2/RVI20U32/RV32I_COCOTB/COCOTB/rtl/core/RISCV_COCOTB_csr_file_0_0.v /media/steckler/xilinx_linux/RISCV_ZYNQ/V2/RVI20U32/RV32I_COCOTB/COCOTB/rtl/core/RISCV_COCOTB_util_vector_or_0_0.v /media/steckler/xilinx_linux/RISCV_ZYNQ/V2/RVI20U32/RV32I_COCOTB/COCOTB/rtl/core/mem_stage.v /media/steckler/xilinx_linux/RISCV_ZYNQ/V2/RVI20U32/RV32I_COCOTB/COCOTB/rtl/core/RISCV_COCOTB_system_decoder_0_0.v /media/steckler/xilinx_linux/RISCV_ZYNQ/V2/RVI20U32/RV32I_COCOTB/COCOTB/rtl/core/decoder.v /media/steckler/xilinx_linux/RISCV_ZYNQ/V2/RVI20U32/RV32I_COCOTB/COCOTB/rtl/core/rom_memory.v /media/steckler/xilinx_linux/RISCV_ZYNQ/V2/RVI20U32/RV32I_COCOTB/COCOTB/rtl/core/timer.v /media/steckler/xilinx_linux/RISCV_ZYNQ/V2/RVI20U32/RV32I_COCOTB/COCOTB/rtl/core/constant_one.v /media/steckler/xilinx_linux/RISCV_ZYNQ/V2/RVI20U32/RV32I_COCOTB/COCOTB/rtl/core/RISCV_COCOTB_util_vector_and_0_2.v /media/steckler/xilinx_linux/RISCV_ZYNQ/V2/RVI20U32/RV32I_COCOTB/COCOTB/rtl/core/RISCV_COCOTB_forward_mux_1_0.v /media/steckler/xilinx_linux/RISCV_ZYNQ/V2/RVI20U32/RV32I_COCOTB/COCOTB/rtl/core/RISCV_COCOTB_operand_a_mux_0_0.v /media/steckler/xilinx_linux/RISCV_ZYNQ/V2/RVI20U32/RV32I_COCOTB/COCOTB/rtl/core/RISCV_COCOTB_util_vector_and_0_3.v /media/steckler/xilinx_linux/RISCV_ZYNQ/V2/RVI20U32/RV32I_COCOTB/COCOTB/rtl/core/gpio.v /media/steckler/xilinx_linux/RISCV_ZYNQ/V2/RVI20U32/RV32I_COCOTB/COCOTB/rtl/core/operand_a_mux.v /media/steckler/xilinx_linux/RISCV_ZYNQ/V2/RVI20U32/RV32I_COCOTB/COCOTB/rtl/core/RISCV_COCOTB_util_vector_and_0_4.v /media/steckler/xilinx_linux/RISCV_ZYNQ/V2/RVI20U32/RV32I_COCOTB/COCOTB/rtl/core/RISCV_COCOTB_if_id_reg_0_0.v /media/steckler/xilinx_linux/RISCV_ZYNQ/V2/RVI20U32/RV32I_COCOTB/COCOTB/rtl/core/RISCV_COCOTB_wrapper.v /media/steckler/xilinx_linux/RISCV_ZYNQ/V2/RVI20U32/RV32I_COCOTB/COCOTB/rtl/core/RISCV_COCOTB_wb_mux_0_0.v /media/steckler/xilinx_linux/RISCV_ZYNQ/V2/RVI20U32/RV32I_COCOTB/COCOTB/rtl/core/load_use_detection.v /media/steckler/xilinx_linux/RISCV_ZYNQ/V2/RVI20U32/RV32I_COCOTB/COCOTB/rtl/core/util_vector_not.v /media/steckler/xilinx_linux/RISCV_ZYNQ/V2/RVI20U32/RV32I_COCOTB/COCOTB/rtl/core/RISCV_COCOTB_regfile_we_gen_0_0.v /media/steckler/xilinx_linux/RISCV_ZYNQ/V2/RVI20U32/RV32I_COCOTB/COCOTB/rtl/core/RISCV_COCOTB_csr_regfile_wb_mux_0_0.v /media/steckler/xilinx_linux/RISCV_ZYNQ/V2/RVI20U32/RV32I_COCOTB/COCOTB/rtl/core/control.v /media/steckler/xilinx_linux/RISCV_ZYNQ/V2/RVI20U32/RV32I_COCOTB/COCOTB/rtl/core/RISCV_COCOTB_ex_mem_reg_0.v /media/steckler/xilinx_linux/RISCV_ZYNQ/V2/RVI20U32/RV32I_COCOTB/COCOTB/rtl/core/RISCV_COCOTB_forward_mux_2_0.v /media/steckler/xilinx_linux/RISCV_ZYNQ/V2/RVI20U32/RV32I_COCOTB/COCOTB/rtl/core/alu.v /media/steckler/xilinx_linux/RISCV_ZYNQ/V2/RVI20U32/RV32I_COCOTB/COCOTB/rtl/core/RISCV_COCOTB_control_0_0.v /media/steckler/xilinx_linux/RISCV_ZYNQ/V2/RVI20U32/RV32I_COCOTB/COCOTB/rtl/core/RISCV_COCOTB_forward_mux_0_0.v /media/steckler/xilinx_linux/RISCV_ZYNQ/V2/RVI20U32/RV32I_COCOTB/COCOTB/rtl/core/RISCV_COCOTB_constant_one_0_0.v /media/steckler/xilinx_linux/RISCV_ZYNQ/V2/RVI20U32/RV32I_COCOTB/COCOTB/rtl/core/RISCV_COCOTB_util_vector_and_1_0.v /media/steckler/xilinx_linux/RISCV_ZYNQ/V2/RVI20U32/RV32I_COCOTB/COCOTB/rtl/core/operand_b_mux.v /media/steckler/xilinx_linux/RISCV_ZYNQ/V2/RVI20U32/RV32I_COCOTB/COCOTB/rtl/core/system_decoder.v /media/steckler/xilinx_linux/RISCV_ZYNQ/V2/RVI20U32/RV32I_COCOTB/COCOTB/rtl/core/ex_mem_reg.v /media/steckler/xilinx_linux/RISCV_ZYNQ/V2/RVI20U32/RV32I_COCOTB/COCOTB/rtl/core/RISCV_COCOTB_sim_constant_0_0.v /media/steckler/xilinx_linux/RISCV_ZYNQ/V2/RVI20U32/RV32I_COCOTB/COCOTB/rtl/core/RISCV_COCOTB_ram_data_1_0.v /media/steckler/xilinx_linux/RISCV_ZYNQ/V2/RVI20U32/RV32I_COCOTB/COCOTB/rtl/core/RISCV_COCOTB_xlconcat_8_0_0.v /media/steckler/xilinx_linux/RISCV_ZYNQ/V2/RVI20U32/RV32I_COCOTB/COCOTB/rtl/core/privileged_pc_redirect_mux.v /media/steckler/xilinx_linux/RISCV_ZYNQ/V2/RVI20U32/RV32I_COCOTB/COCOTB/rtl/core/RISCV_COCOTB_xlconstant_3_1.v /media/steckler/xilinx_linux/RISCV_ZYNQ/V2/RVI20U32/RV32I_COCOTB/COCOTB/rtl/core/forward_mux.v /media/steckler/xilinx_linux/RISCV_ZYNQ/V2/RVI20U32/RV32I_COCOTB/COCOTB/rtl/core/RISCV_COCOTB_gpio_0_0.v /media/steckler/xilinx_linux/RISCV_ZYNQ/V2/RVI20U32/RV32I_COCOTB/COCOTB/rtl/core/RISCV_COCOTB_id_ex_reg_0.v /media/steckler/xilinx_linux/RISCV_ZYNQ/V2/RVI20U32/RV32I_COCOTB/COCOTB/rtl/core/RISCV_COCOTB_constant_zero_0_0.v /media/steckler/xilinx_linux/RISCV_ZYNQ/V2/RVI20U32/RV32I_COCOTB/COCOTB/rtl/core/RISCV_COCOTB_trap_controller_0_0.v /media/steckler/xilinx_linux/RISCV_ZYNQ/V2/RVI20U32/RV32I_COCOTB/COCOTB/rtl/core/RISCV_COCOTB_pc_unit_0_0.v /media/steckler/xilinx_linux/RISCV_ZYNQ/V2/RVI20U32/RV32I_COCOTB/COCOTB/rtl/core/forwarding.v /media/steckler/xilinx_linux/RISCV_ZYNQ/V2/RVI20U32/RV32I_COCOTB/COCOTB/rtl/core/RISCV_COCOTB_util_vector_not_0_2.v /media/steckler/xilinx_linux/RISCV_ZYNQ/V2/RVI20U32/RV32I_COCOTB/COCOTB/rtl/core/RISCV_COCOTB_load_use_detection_0_0.v /media/steckler/xilinx_linux/RISCV_ZYNQ/V2/RVI20U32/RV32I_COCOTB/COCOTB/rtl/core/RISCV_COCOTB_util_vector_not_0_0.v /media/steckler/xilinx_linux/RISCV_ZYNQ/V2/RVI20U32/RV32I_COCOTB/COCOTB/rtl/core/branch_predictor_btb_bht.v /media/steckler/xilinx_linux/RISCV_ZYNQ/V2/RVI20U32/RV32I_COCOTB/COCOTB/rtl/core/imm_mux.v /media/steckler/xilinx_linux/RISCV_ZYNQ/V2/RVI20U32/RV32I_COCOTB/COCOTB/rtl/core/ram_data.v /media/steckler/xilinx_linux/RISCV_ZYNQ/V2/RVI20U32/RV32I_COCOTB/COCOTB/rtl/core/mem_wb_reg.v /media/steckler/xilinx_linux/RISCV_ZYNQ/V2/RVI20U32/RV32I_COCOTB/COCOTB/rtl/core/csr_regfile_wb_mux.v /media/steckler/xilinx_linux/RISCV_ZYNQ/V2/RVI20U32/RV32I_COCOTB/COCOTB/rtl/core/xlconcat_8.v /media/steckler/xilinx_linux/RISCV_ZYNQ/V2/RVI20U32/RV32I_COCOTB/COCOTB/rtl/core/RISCV_COCOTB_decoder_0_0.v /media/steckler/xilinx_linux/RISCV_ZYNQ/V2/RVI20U32/RV32I_COCOTB/COCOTB/rtl/core/RISCV_COCOTB_rom_memory_0_0.v /media/steckler/xilinx_linux/RISCV_ZYNQ/V2/RVI20U32/RV32I_COCOTB/COCOTB/rtl/core/RISCV_COCOTB_branch_0_0.v /media/steckler/xilinx_linux/RISCV_ZYNQ/V2/RVI20U32/RV32I_COCOTB/COCOTB/rtl/core/if_id_reg.v /media/steckler/xilinx_linux/RISCV_ZYNQ/V2/RVI20U32/RV32I_COCOTB/COCOTB/rtl/core/trap_controller.v /media/steckler/xilinx_linux/RISCV_ZYNQ/V2/RVI20U32/RV32I_COCOTB/COCOTB/rtl/core/RISCV_COCOTB_uart_0_0.v /media/steckler/xilinx_linux/RISCV_ZYNQ/V2/RVI20U32/RV32I_COCOTB/COCOTB/rtl/core/RISCV_COCOTB_xlslice_2bit_0_0.v /media/steckler/xilinx_linux/RISCV_ZYNQ/V2/RVI20U32/RV32I_COCOTB/COCOTB/rtl/core/mem_bus_registered.v /media/steckler/xilinx_linux/RISCV_ZYNQ/V2/RVI20U32/RV32I_COCOTB/COCOTB/rtl/core/RISCV_COCOTB_util_vector_or_1_0.v /media/steckler/xilinx_linux/RISCV_ZYNQ/V2/RVI20U32/RV32I_COCOTB/COCOTB/rtl/core/RISCV_COCOTB_mem_exception_merge_0_0.v /media/steckler/xilinx_linux/RISCV_ZYNQ/V2/RVI20U32/RV32I_COCOTB/COCOTB/rtl/core/xlslice_2bit.v /media/steckler/xilinx_linux/RISCV_ZYNQ/V2/RVI20U32/RV32I_COCOTB/COCOTB/rtl/core/RISCV_COCOTB_forwarding_0_0.v /media/steckler/xilinx_linux/RISCV_ZYNQ/V2/RVI20U32/RV32I_COCOTB/COCOTB/rtl/core/RISCV_COCOTB_exception_mux_0_0.v /media/steckler/xilinx_linux/RISCV_ZYNQ/V2/RVI20U32/RV32I_COCOTB/COCOTB/rtl/core/RISCV_COCOTB_mem_stage_0_0.v /media/steckler/xilinx_linux/RISCV_ZYNQ/V2/RVI20U32/RV32I_COCOTB/COCOTB/rtl/core/RISCV_COCOTB.v /media/steckler/xilinx_linux/RISCV_ZYNQ/V2/RVI20U32/RV32I_COCOTB/COCOTB/rtl/core/pc_unit.v
/home/steckler/.local/lib/python3.6/site-packages/cocotb_tools/makefiles/simulators/Makefile.icarus:65: Using MODULE is deprecated, please use COCOTB_TEST_MODULES instead.
rm -f results.xml
COCOTB_TEST_MODULES=regression COCOTB_TESTCASE= COCOTB_TEST_FILTER= COCOTB_TOPLEVEL=RISCV_COCOTB_wrapper TOPLEVEL_LANG=verilog \
         /usr/bin/vvp -M /home/steckler/.local/lib/python3.6/site-packages/cocotb/libs -m libcocotbvpi_icarus   sim_build/sim.vvp   
     -.--ns INFO     gpi                                ..mbed/gpi_embed.cpp:94   in _embed_init_python              Using Python 3.6.15 interpreter at /usr/bin/python3
     -.--ns INFO     gpi                                ../gpi/GpiCommon.cpp:79   in gpi_print_registered_impl       VPI registered
     0.00ns INFO     cocotb                             Running on Icarus Verilog version 10.1 (stable)
     0.00ns WARNING  gpi                                vpi_iterate returned NULL for type vpiInstance for object NULL
     0.00ns INFO     cocotb                             Seeding Python random module with 1780671223
     0.00ns INFO     cocotb                             Initialized cocotb v2.0.1 from /home/steckler/.local/lib/python3.6/site-packages/cocotb
     0.00ns INFO     cocotb.regression                  pytest not found, install it to enable better AssertionError messages
     0.00ns INFO     cocotb                             Running tests
     0.00ns INFO     cocotb.regression                  running regression.regression (1/1)
     0.00ns INFO     cocotb.RISCV_COCOTB_wrapper        TEST_NAME = rv32ui-p-add
   140.00ns INFO     cocotb.RISCV_COCOTB_wrapper        DEBUG inicial después de reset:
   140.00ns INFO     cocotb.RISCV_COCOTB_wrapper        ========== DEBUG STATE ==========
   140.00ns INFO     cocotb.RISCV_COCOTB_wrapper        PC_IF: 0x80000050
   140.00ns INFO     cocotb.RISCV_COCOTB_wrapper        EX_PC: 0x00000000
   140.00ns INFO     cocotb.RISCV_COCOTB_wrapper        EX_INSTR: 0x00000013
   140.00ns INFO     cocotb.RISCV_COCOTB_wrapper        DMEM_ADDR: 0x80000004
   140.00ns INFO     cocotb.RISCV_COCOTB_wrapper        DMEM_WDATA: 0x00000000
   140.00ns INFO     cocotb.RISCV_COCOTB_wrapper        ROM_ADDR: 0x00000014
   140.00ns INFO     cocotb.RISCV_COCOTB_wrapper        ROM_DOUT: 0x03FF0863
   140.00ns INFO     cocotb.RISCV_COCOTB_wrapper        IF_ID_INSTR: 0x00000013
   140.00ns INFO     cocotb.RISCV_COCOTB_wrapper        IF_ID_PC: 0x00000000
   140.00ns WARNING  gpi                                VPI: Not able to map type vpiFunction(20) to object.
   140.00ns WARNING  gpi                                Unable to create apply_be via any registered implementation
   140.00ns INFO     cocotb.RISCV_COCOTB_wrapper        X3_GP: NO_ENCONTRADA
   140.00ns INFO     cocotb.RISCV_COCOTB_wrapper        X4_TP: NO_ENCONTRADA
   140.00ns INFO     cocotb.RISCV_COCOTB_wrapper        X5_T0: NO_ENCONTRADA
   140.00ns INFO     cocotb.RISCV_COCOTB_wrapper        EX_VALID: 0
   140.00ns INFO     cocotb.RISCV_COCOTB_wrapper        EX_ILLEGAL: 0
   140.00ns INFO     cocotb.RISCV_COCOTB_wrapper        EX_EXCEPTION_VALID: 0
   140.00ns INFO     cocotb.RISCV_COCOTB_wrapper        MEM_EXCEPTION_VALID: 0
   140.00ns INFO     cocotb.RISCV_COCOTB_wrapper        TRAP_ENTER: 0
   140.00ns INFO     cocotb.RISCV_COCOTB_wrapper        TRAP_FLUSH: 0
   140.00ns INFO     cocotb.RISCV_COCOTB_wrapper        PC_EN: 1
   140.00ns INFO     cocotb.RISCV_COCOTB_wrapper        STALL: 0
   140.00ns INFO     cocotb.RISCV_COCOTB_wrapper        FLUSH: 0
   140.00ns INFO     cocotb.RISCV_COCOTB_wrapper        IF_ID_HOLD: 0
   140.00ns INFO     cocotb.RISCV_COCOTB_wrapper        =================================
   140.00ns INFO     cocotb.RISCV_COCOTB_wrapper        Detectando PASS/FAIL oficial también por gp/x3
   140.00ns INFO     cocotb.RISCV_COCOTB_wrapper        Esperando PASS/FAIL oficial RISC-V...
   140.00ns INFO     cocotb.RISCV_COCOTB_wrapper        TOHOST_ADDRS = 0x80001000, 0x00001000
   150.00ns INFO     cocotb.RISCV_COCOTB_wrapper        [GP_WRITE] cycle=0 gp <= 0x00000000
   150.00ns INFO     cocotb.RISCV_COCOTB_wrapper        [cycle=0] PIPE PC=0x80000058 ROM_ADDR=0x00000016 ROM_DOUT=0x00000113 IF_ID_INSTR=0x00000093 IF_ID_PC=0x80000050 EX_PC=0x00000000 EX_INSTR=0x00000013 EX_VALID=0 OP3_STALL_NET=0 MEM_STALL_REQ_TOP=0 MEM_STAGE_STALL_REQ=0 IF_STALL=0 PC_EN=1 HOLD=0 FLUSH=0 BUBBLE=0 DMEM_VALID=0 DMEM_WE=0 DMEM_ADDR=0x00000000 DMEM_WDATA=0x00000000 
   160.00ns INFO     cocotb.RISCV_COCOTB_wrapper        [cycle=1] PIPE PC=0x8000005C ROM_ADDR=0x00000017 ROM_DOUT=0x00000193 IF_ID_INSTR=0x00000113 IF_ID_PC=0x80000054 EX_PC=0x80000050 EX_INSTR=0x00000093 EX_VALID=1 OP3_STALL_NET=0 MEM_STALL_REQ_TOP=0 MEM_STAGE_STALL_REQ=0 IF_STALL=0 PC_EN=1 HOLD=0 FLUSH=0 BUBBLE=0 DMEM_VALID=0 DMEM_WE=0 DMEM_ADDR=0x00000000 DMEM_WDATA=0x00000000 
   170.00ns INFO     cocotb.RISCV_COCOTB_wrapper        [cycle=2] PIPE PC=0x80000060 ROM_ADDR=0x00000018 ROM_DOUT=0x00000213 IF_ID_INSTR=0x00000193 IF_ID_PC=0x80000058 EX_PC=0x80000054 EX_INSTR=0x00000113 EX_VALID=1 OP3_STALL_NET=0 MEM_STALL_REQ_TOP=0 MEM_STAGE_STALL_REQ=0 IF_STALL=0 PC_EN=1 HOLD=0 FLUSH=0 BUBBLE=0 DMEM_VALID=0 DMEM_WE=0 DMEM_ADDR=0x00000000 DMEM_WDATA=0x00000000 
   180.00ns INFO     cocotb.RISCV_COCOTB_wrapper        [cycle=3] PIPE PC=0x80000064 ROM_ADDR=0x00000019 ROM_DOUT=0x00000293 IF_ID_INSTR=0x00000213 IF_ID_PC=0x8000005C EX_PC=0x80000058 EX_INSTR=0x00000193 EX_VALID=1 OP3_STALL_NET=0 MEM_STALL_REQ_TOP=0 MEM_STAGE_STALL_REQ=0 IF_STALL=0 PC_EN=1 HOLD=0 FLUSH=0 BUBBLE=0 DMEM_VALID=0 DMEM_WE=0 DMEM_ADDR=0x00000000 DMEM_WDATA=0x00000000 
   190.00ns INFO     cocotb.RISCV_COCOTB_wrapper        [cycle=4] PIPE PC=0x80000068 ROM_ADDR=0x0000001A ROM_DOUT=0x00000313 IF_ID_INSTR=0x00000293 IF_ID_PC=0x80000060 EX_PC=0x8000005C EX_INSTR=0x00000213 EX_VALID=1 OP3_STALL_NET=0 MEM_STALL_REQ_TOP=0 MEM_STAGE_STALL_REQ=0 IF_STALL=0 PC_EN=1 HOLD=0 FLUSH=0 BUBBLE=0 DMEM_VALID=0 DMEM_WE=0 DMEM_ADDR=0x00000000 DMEM_WDATA=0x00000000 
   200.00ns INFO     cocotb.RISCV_COCOTB_wrapper        [cycle=5] PIPE PC=0x8000006C ROM_ADDR=0x0000001B ROM_DOUT=0x00000393 IF_ID_INSTR=0x00000313 IF_ID_PC=0x80000064 EX_PC=0x80000060 EX_INSTR=0x00000293 EX_VALID=1 OP3_STALL_NET=0 MEM_STALL_REQ_TOP=0 MEM_STAGE_STALL_REQ=0 IF_STALL=0 PC_EN=1 HOLD=0 FLUSH=0 BUBBLE=0 DMEM_VALID=0 DMEM_WE=0 DMEM_ADDR=0x00000000 DMEM_WDATA=0x00000000 
   210.00ns INFO     cocotb.RISCV_COCOTB_wrapper        [cycle=6] PIPE PC=0x80000070 ROM_ADDR=0x0000001C ROM_DOUT=0x00000413 IF_ID_INSTR=0x00000393 IF_ID_PC=0x80000068 EX_PC=0x80000064 EX_INSTR=0x00000313 EX_VALID=1 OP3_STALL_NET=0 MEM_STALL_REQ_TOP=0 MEM_STAGE_STALL_REQ=0 IF_STALL=0 PC_EN=1 HOLD=0 FLUSH=0 BUBBLE=0 DMEM_VALID=0 DMEM_WE=0 DMEM_ADDR=0x00000000 DMEM_WDATA=0x00000000 
   220.00ns INFO     cocotb.RISCV_COCOTB_wrapper        [cycle=7] PIPE PC=0x80000074 ROM_ADDR=0x0000001D ROM_DOUT=0x00000493 IF_ID_INSTR=0x00000413 IF_ID_PC=0x8000006C EX_PC=0x80000068 EX_INSTR=0x00000393 EX_VALID=1 OP3_STALL_NET=0 MEM_STALL_REQ_TOP=0 MEM_STAGE_STALL_REQ=0 IF_STALL=0 PC_EN=1 HOLD=0 FLUSH=0 BUBBLE=0 DMEM_VALID=0 DMEM_WE=0 DMEM_ADDR=0x00000000 DMEM_WDATA=0x00000000 
   230.00ns INFO     cocotb.RISCV_COCOTB_wrapper        [cycle=8] PIPE PC=0x80000078 ROM_ADDR=0x0000001E ROM_DOUT=0x00000513 IF_ID_INSTR=0x00000493 IF_ID_PC=0x80000070 EX_PC=0x8000006C EX_INSTR=0x00000413 EX_VALID=1 OP3_STALL_NET=0 MEM_STALL_REQ_TOP=0 MEM_STAGE_STALL_REQ=0 IF_STALL=0 PC_EN=1 HOLD=0 FLUSH=0 BUBBLE=0 DMEM_VALID=0 DMEM_WE=0 DMEM_ADDR=0x00000000 DMEM_WDATA=0x00000000 
   240.00ns INFO     cocotb.RISCV_COCOTB_wrapper        [cycle=9] PIPE PC=0x8000007C ROM_ADDR=0x0000001F ROM_DOUT=0x00000593 IF_ID_INSTR=0x00000513 IF_ID_PC=0x80000074 EX_PC=0x80000070 EX_INSTR=0x00000493 EX_VALID=1 OP3_STALL_NET=0 MEM_STALL_REQ_TOP=0 MEM_STAGE_STALL_REQ=0 IF_STALL=0 PC_EN=1 HOLD=0 FLUSH=0 BUBBLE=0 DMEM_VALID=0 DMEM_WE=0 DMEM_ADDR=0x00000000 DMEM_WDATA=0x00000000 
   250.00ns INFO     cocotb.RISCV_COCOTB_wrapper        [cycle=10] PIPE PC=0x80000080 ROM_ADDR=0x00000020 ROM_DOUT=0x00000613 IF_ID_INSTR=0x00000593 IF_ID_PC=0x80000078 EX_PC=0x80000074 EX_INSTR=0x00000513 EX_VALID=1 OP3_STALL_NET=0 MEM_STALL_REQ_TOP=0 MEM_STAGE_STALL_REQ=0 IF_STALL=0 PC_EN=1 HOLD=0 FLUSH=0 BUBBLE=0 DMEM_VALID=0 DMEM_WE=0 DMEM_ADDR=0x00000000 DMEM_WDATA=0x00000000 
   260.00ns INFO     cocotb.RISCV_COCOTB_wrapper        [cycle=11] PIPE PC=0x80000084 ROM_ADDR=0x00000021 ROM_DOUT=0x00000693 IF_ID_INSTR=0x00000613 IF_ID_PC=0x8000007C EX_PC=0x80000078 EX_INSTR=0x00000593 EX_VALID=1 OP3_STALL_NET=0 MEM_STALL_REQ_TOP=0 MEM_STAGE_STALL_REQ=0 IF_STALL=0 PC_EN=1 HOLD=0 FLUSH=0 BUBBLE=0 DMEM_VALID=0 DMEM_WE=0 DMEM_ADDR=0x00000000 DMEM_WDATA=0x00000000 
   270.00ns INFO     cocotb.RISCV_COCOTB_wrapper        [cycle=12] PIPE PC=0x80000088 ROM_ADDR=0x00000022 ROM_DOUT=0x00000713 IF_ID_INSTR=0x00000693 IF_ID_PC=0x80000080 EX_PC=0x8000007C EX_INSTR=0x00000613 EX_VALID=1 OP3_STALL_NET=0 MEM_STALL_REQ_TOP=0 MEM_STAGE_STALL_REQ=0 IF_STALL=0 PC_EN=1 HOLD=0 FLUSH=0 BUBBLE=0 DMEM_VALID=0 DMEM_WE=0 DMEM_ADDR=0x00000000 DMEM_WDATA=0x00000000 
   280.00ns INFO     cocotb.RISCV_COCOTB_wrapper        [cycle=13] PIPE PC=0x8000008C ROM_ADDR=0x00000023 ROM_DOUT=0x00000793 IF_ID_INSTR=0x00000713 IF_ID_PC=0x80000084 EX_PC=0x80000080 EX_INSTR=0x00000693 EX_VALID=1 OP3_STALL_NET=0 MEM_STALL_REQ_TOP=0 MEM_STAGE_STALL_REQ=0 IF_STALL=0 PC_EN=1 HOLD=0 FLUSH=0 BUBBLE=0 DMEM_VALID=0 DMEM_WE=0 DMEM_ADDR=0x00000000 DMEM_WDATA=0x00000000 
   290.00ns INFO     cocotb.RISCV_COCOTB_wrapper        [cycle=14] PIPE PC=0x80000090 ROM_ADDR=0x00000024 ROM_DOUT=0x00000813 IF_ID_INSTR=0x00000793 IF_ID_PC=0x80000088 EX_PC=0x80000084 EX_INSTR=0x00000713 EX_VALID=1 OP3_STALL_NET=0 MEM_STALL_REQ_TOP=0 MEM_STAGE_STALL_REQ=0 IF_STALL=0 PC_EN=1 HOLD=0 FLUSH=0 BUBBLE=0 DMEM_VALID=0 DMEM_WE=0 DMEM_ADDR=0x00000000 DMEM_WDATA=0x00000000 
   300.00ns INFO     cocotb.RISCV_COCOTB_wrapper        [cycle=15] PIPE PC=0x80000094 ROM_ADDR=0x00000025 ROM_DOUT=0x00000893 IF_ID_INSTR=0x00000813 IF_ID_PC=0x8000008C EX_PC=0x80000088 EX_INSTR=0x00000793 EX_VALID=1 OP3_STALL_NET=0 MEM_STALL_REQ_TOP=0 MEM_STAGE_STALL_REQ=0 IF_STALL=0 PC_EN=1 HOLD=0 FLUSH=0 BUBBLE=0 DMEM_VALID=0 DMEM_WE=0 DMEM_ADDR=0x00000000 DMEM_WDATA=0x00000000 
   310.00ns INFO     cocotb.RISCV_COCOTB_wrapper        [cycle=16] PIPE PC=0x80000098 ROM_ADDR=0x00000026 ROM_DOUT=0x00000913 IF_ID_INSTR=0x00000893 IF_ID_PC=0x80000090 EX_PC=0x8000008C EX_INSTR=0x00000813 EX_VALID=1 OP3_STALL_NET=0 MEM_STALL_REQ_TOP=0 MEM_STAGE_STALL_REQ=0 IF_STALL=0 PC_EN=1 HOLD=0 FLUSH=0 BUBBLE=0 DMEM_VALID=0 DMEM_WE=0 DMEM_ADDR=0x00000000 DMEM_WDATA=0x00000000 
   320.00ns INFO     cocotb.RISCV_COCOTB_wrapper        [cycle=17] PIPE PC=0x8000009C ROM_ADDR=0x00000027 ROM_DOUT=0x00000993 IF_ID_INSTR=0x00000913 IF_ID_PC=0x80000094 EX_PC=0x80000090 EX_INSTR=0x00000893 EX_VALID=1 OP3_STALL_NET=0 MEM_STALL_REQ_TOP=0 MEM_STAGE_STALL_REQ=0 IF_STALL=0 PC_EN=1 HOLD=0 FLUSH=0 BUBBLE=0 DMEM_VALID=0 DMEM_WE=0 DMEM_ADDR=0x00000000 DMEM_WDATA=0x00000000 
   330.00ns INFO     cocotb.RISCV_COCOTB_wrapper        [cycle=18] PIPE PC=0x800000A0 ROM_ADDR=0x00000028 ROM_DOUT=0x00000A13 IF_ID_INSTR=0x00000993 IF_ID_PC=0x80000098 EX_PC=0x80000094 EX_INSTR=0x00000913 EX_VALID=1 OP3_STALL_NET=0 MEM_STALL_REQ_TOP=0 MEM_STAGE_STALL_REQ=0 IF_STALL=0 PC_EN=1 HOLD=0 FLUSH=0 BUBBLE=0 DMEM_VALID=0 DMEM_WE=0 DMEM_ADDR=0x00000000 DMEM_WDATA=0x00000000 
   340.00ns INFO     cocotb.RISCV_COCOTB_wrapper        [cycle=19] PIPE PC=0x800000A4 ROM_ADDR=0x00000029 ROM_DOUT=0x00000A93 IF_ID_INSTR=0x00000A13 IF_ID_PC=0x8000009C EX_PC=0x80000098 EX_INSTR=0x00000993 EX_VALID=1 OP3_STALL_NET=0 MEM_STALL_REQ_TOP=0 MEM_STAGE_STALL_REQ=0 IF_STALL=0 PC_EN=1 HOLD=0 FLUSH=0 BUBBLE=0 DMEM_VALID=0 DMEM_WE=0 DMEM_ADDR=0x00000000 DMEM_WDATA=0x00000000 
   350.00ns INFO     cocotb.RISCV_COCOTB_wrapper        [cycle=20] PIPE PC=0x800000A8 ROM_ADDR=0x0000002A ROM_DOUT=0x00000B13 IF_ID_INSTR=0x00000A93 IF_ID_PC=0x800000A0 EX_PC=0x8000009C EX_INSTR=0x00000A13 EX_VALID=1 OP3_STALL_NET=0 MEM_STALL_REQ_TOP=0 MEM_STAGE_STALL_REQ=0 IF_STALL=0 PC_EN=1 HOLD=0 FLUSH=0 BUBBLE=0 DMEM_VALID=0 DMEM_WE=0 DMEM_ADDR=0x00000000 DMEM_WDATA=0x00000000 
   360.00ns INFO     cocotb.RISCV_COCOTB_wrapper        [cycle=21] PIPE PC=0x800000AC ROM_ADDR=0x0000002B ROM_DOUT=0x00000B93 IF_ID_INSTR=0x00000B13 IF_ID_PC=0x800000A4 EX_PC=0x800000A0 EX_INSTR=0x00000A93 EX_VALID=1 OP3_STALL_NET=0 MEM_STALL_REQ_TOP=0 MEM_STAGE_STALL_REQ=0 IF_STALL=0 PC_EN=1 HOLD=0 FLUSH=0 BUBBLE=0 DMEM_VALID=0 DMEM_WE=0 DMEM_ADDR=0x00000000 DMEM_WDATA=0x00000000 
   370.00ns INFO     cocotb.RISCV_COCOTB_wrapper        [cycle=22] PIPE PC=0x800000B0 ROM_ADDR=0x0000002C ROM_DOUT=0x00000C13 IF_ID_INSTR=0x00000B93 IF_ID_PC=0x800000A8 EX_PC=0x800000A4 EX_INSTR=0x00000B13 EX_VALID=1 OP3_STALL_NET=0 MEM_STALL_REQ_TOP=0 MEM_STAGE_STALL_REQ=0 IF_STALL=0 PC_EN=1 HOLD=0 FLUSH=0 BUBBLE=0 DMEM_VALID=0 DMEM_WE=0 DMEM_ADDR=0x00000000 DMEM_WDATA=0x00000000 
   380.00ns INFO     cocotb.RISCV_COCOTB_wrapper        [cycle=23] PIPE PC=0x800000B4 ROM_ADDR=0x0000002D ROM_DOUT=0x00000C93 IF_ID_INSTR=0x00000C13 IF_ID_PC=0x800000AC EX_PC=0x800000A8 EX_INSTR=0x00000B93 EX_VALID=1 OP3_STALL_NET=0 MEM_STALL_REQ_TOP=0 MEM_STAGE_STALL_REQ=0 IF_STALL=0 PC_EN=1 HOLD=0 FLUSH=0 BUBBLE=0 DMEM_VALID=0 DMEM_WE=0 DMEM_ADDR=0x00000000 DMEM_WDATA=0x00000000 
   390.00ns INFO     cocotb.RISCV_COCOTB_wrapper        [cycle=24] PIPE PC=0x800000B8 ROM_ADDR=0x0000002E ROM_DOUT=0x00000D13 IF_ID_INSTR=0x00000C93 IF_ID_PC=0x800000B0 EX_PC=0x800000AC EX_INSTR=0x00000C13 EX_VALID=1 OP3_STALL_NET=0 MEM_STALL_REQ_TOP=0 MEM_STAGE_STALL_REQ=0 IF_STALL=0 PC_EN=1 HOLD=0 FLUSH=0 BUBBLE=0 DMEM_VALID=0 DMEM_WE=0 DMEM_ADDR=0x00000000 DMEM_WDATA=0x00000000 
   400.00ns INFO     cocotb.RISCV_COCOTB_wrapper        [cycle=25] PIPE PC=0x800000BC ROM_ADDR=0x0000002F ROM_DOUT=0x00000D93 IF_ID_INSTR=0x00000D13 IF_ID_PC=0x800000B4 EX_PC=0x800000B0 EX_INSTR=0x00000C93 EX_VALID=1 OP3_STALL_NET=0 MEM_STALL_REQ_TOP=0 MEM_STAGE_STALL_REQ=0 IF_STALL=0 PC_EN=1 HOLD=0 FLUSH=0 BUBBLE=0 DMEM_VALID=0 DMEM_WE=0 DMEM_ADDR=0x00000000 DMEM_WDATA=0x00000000 
   410.00ns INFO     cocotb.RISCV_COCOTB_wrapper        [cycle=26] PIPE PC=0x800000C0 ROM_ADDR=0x00000030 ROM_DOUT=0x00000E13 IF_ID_INSTR=0x00000D93 IF_ID_PC=0x800000B8 EX_PC=0x800000B4 EX_INSTR=0x00000D13 EX_VALID=1 OP3_STALL_NET=0 MEM_STALL_REQ_TOP=0 MEM_STAGE_STALL_REQ=0 IF_STALL=0 PC_EN=1 HOLD=0 FLUSH=0 BUBBLE=0 DMEM_VALID=0 DMEM_WE=0 DMEM_ADDR=0x00000000 DMEM_WDATA=0x00000000 
   420.00ns INFO     cocotb.RISCV_COCOTB_wrapper        [cycle=27] PIPE PC=0x800000C4 ROM_ADDR=0x00000031 ROM_DOUT=0x00000E93 IF_ID_INSTR=0x00000E13 IF_ID_PC=0x800000BC EX_PC=0x800000B8 EX_INSTR=0x00000D93 EX_VALID=1 OP3_STALL_NET=0 MEM_STALL_REQ_TOP=0 MEM_STAGE_STALL_REQ=0 IF_STALL=0 PC_EN=1 HOLD=0 FLUSH=0 BUBBLE=0 DMEM_VALID=0 DMEM_WE=0 DMEM_ADDR=0x00000000 DMEM_WDATA=0x00000000 
   430.00ns INFO     cocotb.RISCV_COCOTB_wrapper        [cycle=28] PIPE PC=0x800000C8 ROM_ADDR=0x00000032 ROM_DOUT=0x00000F13 IF_ID_INSTR=0x00000E93 IF_ID_PC=0x800000C0 EX_PC=0x800000BC EX_INSTR=0x00000E13 EX_VALID=1 OP3_STALL_NET=0 MEM_STALL_REQ_TOP=0 MEM_STAGE_STALL_REQ=0 IF_STALL=0 PC_EN=1 HOLD=0 FLUSH=0 BUBBLE=0 DMEM_VALID=0 DMEM_WE=0 DMEM_ADDR=0x00000000 DMEM_WDATA=0x00000000 
   440.00ns INFO     cocotb.RISCV_COCOTB_wrapper        [cycle=29] PIPE PC=0x800000CC ROM_ADDR=0x00000033 ROM_DOUT=0x00000F93 IF_ID_INSTR=0x00000F13 IF_ID_PC=0x800000C4 EX_PC=0x800000C0 EX_INSTR=0x00000E93 EX_VALID=1 OP3_STALL_NET=0 MEM_STALL_REQ_TOP=0 MEM_STAGE_STALL_REQ=0 IF_STALL=0 PC_EN=1 HOLD=0 FLUSH=0 BUBBLE=0 DMEM_VALID=0 DMEM_WE=0 DMEM_ADDR=0x00000000 DMEM_WDATA=0x00000000 
   450.00ns INFO     cocotb.RISCV_COCOTB_wrapper        [cycle=30] PIPE PC=0x800000D0 ROM_ADDR=0x00000034 ROM_DOUT=0xF1402573 IF_ID_INSTR=0x00000F93 IF_ID_PC=0x800000C8 EX_PC=0x800000C4 EX_INSTR=0x00000F13 EX_VALID=1 OP3_STALL_NET=0 MEM_STALL_REQ_TOP=0 MEM_STAGE_STALL_REQ=0 IF_STALL=0 PC_EN=1 HOLD=0 FLUSH=0 BUBBLE=0 DMEM_VALID=0 DMEM_WE=0 DMEM_ADDR=0x00000000 DMEM_WDATA=0x00000000 
   460.00ns INFO     cocotb.RISCV_COCOTB_wrapper        [cycle=31] PIPE PC=0x800000D4 ROM_ADDR=0x00000035 ROM_DOUT=0x00051063 IF_ID_INSTR=0xF1402573 IF_ID_PC=0x800000CC EX_PC=0x800000C8 EX_INSTR=0x00000F93 EX_VALID=1 OP3_STALL_NET=0 MEM_STALL_REQ_TOP=0 MEM_STAGE_STALL_REQ=0 IF_STALL=0 PC_EN=1 HOLD=0 FLUSH=0 BUBBLE=0 DMEM_VALID=0 DMEM_WE=0 DMEM_ADDR=0x00000000 DMEM_WDATA=0x00000000 
   470.00ns INFO     cocotb.RISCV_COCOTB_wrapper        [cycle=32] PIPE PC=0x800000D8 ROM_ADDR=0x00000036 ROM_DOUT=0x00000297 IF_ID_INSTR=0x00051063 IF_ID_PC=0x800000D0 EX_PC=0x800000CC EX_INSTR=0xF1402573 EX_VALID=1 OP3_STALL_NET=0 MEM_STALL_REQ_TOP=0 MEM_STAGE_STALL_REQ=0 IF_STALL=0 PC_EN=0 HOLD=1 FLUSH=0 BUBBLE=1 DMEM_VALID=0 DMEM_WE=0 DMEM_ADDR=0x00000000 DMEM_WDATA=0x00000000 
   480.00ns INFO     cocotb.RISCV_COCOTB_wrapper        [cycle=33] PIPE PC=0x800000D8 ROM_ADDR=0x00000036 ROM_DOUT=0x00000297 IF_ID_INSTR=0x00051063 IF_ID_PC=0x800000D0 EX_PC=0x00000000 EX_INSTR=0x00000013 EX_VALID=0 OP3_STALL_NET=0 MEM_STALL_REQ_TOP=0 MEM_STAGE_STALL_REQ=0 IF_STALL=0 PC_EN=0 HOLD=1 FLUSH=0 BUBBLE=1 DMEM_VALID=0 DMEM_WE=0 DMEM_ADDR=0x00000000 DMEM_WDATA=0x00000000 
   490.00ns INFO     cocotb.RISCV_COCOTB_wrapper        [cycle=34] PIPE PC=0x800000D8 ROM_ADDR=0x00000036 ROM_DOUT=0x00000297 IF_ID_INSTR=0x00051063 IF_ID_PC=0x800000D0 EX_PC=0x00000000 EX_INSTR=0x00000013 EX_VALID=0 OP3_STALL_NET=0 MEM_STALL_REQ_TOP=0 MEM_STAGE_STALL_REQ=0 IF_STALL=0 PC_EN=0 HOLD=1 FLUSH=0 BUBBLE=1 DMEM_VALID=0 DMEM_WE=0 DMEM_ADDR=0x00000000 DMEM_WDATA=0x00000000 
   500.00ns INFO     cocotb.RISCV_COCOTB_wrapper        [cycle=35] PIPE PC=0x800000D8 ROM_ADDR=0x00000036 ROM_DOUT=0x00000297 IF_ID_INSTR=0x00051063 IF_ID_PC=0x800000D0 EX_PC=0x00000000 EX_INSTR=0x00000013 EX_VALID=0 OP3_STALL_NET=0 MEM_STALL_REQ_TOP=0 MEM_STAGE_STALL_REQ=0 IF_STALL=0 PC_EN=1 HOLD=0 FLUSH=0 BUBBLE=0 DMEM_VALID=0 DMEM_WE=0 DMEM_ADDR=0x00000000 DMEM_WDATA=0x00000000 
   510.00ns INFO     cocotb.RISCV_COCOTB_wrapper        [cycle=36] PIPE PC=0x800000DC ROM_ADDR=0x00000037 ROM_DOUT=0x01028293 IF_ID_INSTR=0x00000297 IF_ID_PC=0x800000D4 EX_PC=0x800000D0 EX_INSTR=0x00051063 EX_VALID=1 OP3_STALL_NET=0 MEM_STALL_REQ_TOP=0 MEM_STAGE_STALL_REQ=0 IF_STALL=0 PC_EN=1 HOLD=0 FLUSH=0 BUBBLE=0 DMEM_VALID=0 DMEM_WE=0 DMEM_ADDR=0x00000000 DMEM_WDATA=0x00000000 
   520.00ns INFO     cocotb.RISCV_COCOTB_wrapper        [cycle=37] PIPE PC=0x800000E0 ROM_ADDR=0x00000038 ROM_DOUT=0x30529073 IF_ID_INSTR=0x01028293 IF_ID_PC=0x800000D8 EX_PC=0x800000D4 EX_INSTR=0x00000297 EX_VALID=1 OP3_STALL_NET=0 MEM_STALL_REQ_TOP=0 MEM_STAGE_STALL_REQ=0 IF_STALL=0 PC_EN=1 HOLD=0 FLUSH=0 BUBBLE=0 DMEM_VALID=0 DMEM_WE=0 DMEM_ADDR=0x00000000 DMEM_WDATA=0x00000000 
   530.00ns INFO     cocotb.RISCV_COCOTB_wrapper        [cycle=38] PIPE PC=0x800000E4 ROM_ADDR=0x00000039 ROM_DOUT=0x74445073 IF_ID_INSTR=0x30529073 IF_ID_PC=0x800000DC EX_PC=0x800000D8 EX_INSTR=0x01028293 EX_VALID=1 OP3_STALL_NET=0 MEM_STALL_REQ_TOP=0 MEM_STAGE_STALL_REQ=0 IF_STALL=0 PC_EN=1 HOLD=0 FLUSH=0 BUBBLE=0 DMEM_VALID=0 DMEM_WE=0 DMEM_ADDR=0x800000D4 DMEM_WDATA=0x00000000 
   540.00ns INFO     cocotb.RISCV_COCOTB_wrapper        [cycle=39] PIPE PC=0x800000E8 ROM_ADDR=0x0000003A ROM_DOUT=0x00000297 IF_ID_INSTR=0x74445073 IF_ID_PC=0x800000E0 EX_PC=0x800000DC EX_INSTR=0x30529073 EX_VALID=1 OP3_STALL_NET=0 MEM_STALL_REQ_TOP=0 MEM_STAGE_STALL_REQ=0 IF_STALL=0 PC_EN=1 HOLD=0 FLUSH=0 BUBBLE=0 DMEM_VALID=0 DMEM_WE=0 DMEM_ADDR=0x800000E4 DMEM_WDATA=0x00000000 
  1020.00ns INFO     cocotb.RISCV_COCOTB_wrapper        [GP_WRITE] cycle=87 gp <= 0x00000002
  2330.00ns INFO     cocotb.RISCV_COCOTB_wrapper        [GP_WRITE] cycle=218 gp <= 0x0000000D
WARNING: /media/steckler/xilinx_linux/RISCV_ZYNQ/V2/RVI20U32/RV32I_COCOTB/COCOTB/rtl/core/rom_memory.v:20: $readmemh(/media/steckler/xilinx_linux/RISCV_ZYNQ/V2/RVI20U32/RV32I_COCOTB/COCOTB/programs/prog_asm.mem): Not enough words in the file for the requested range [0:2047].
[RAM_INIT] mem[0] = 0f f0 00 ff
[GP_WRITE] time=220000 gp <= 0x00000000
[TP_WRITE] time=230000 tp <= 0x00000000
[T0_WRITE] time=240000 t0 <= 0x00000000
[T1_WRITE] time=250000 t1 <= 0x00000000
[T2_WRITE] time=260000 t2 <= 0x00000000
[A3_WRITE] time=320000 a3 <= 0x00000000
[A4_WRITE] time=330000 a4 <= 0x00000000
[T0_WRITE] time=560000 t0 <= 0x800000d4
[T0_WRITE] time=570000 t0 <= 0x800000e4
[T0_WRITE] time=600000 t0 <= 0x800000e4
[T0_WRITE] time=610000 t0 <= 0x800000f4
[T0_WRITE] time=640000 t0 <= 0x800000f4
[T0_WRITE] time=650000 t0 <= 0x80000114
[T0_WRITE] time=670000 t0 <= 0x80000000
[T0_WRITE] time=680000 t0 <= 0x7fffffff
[T0_WRITE] time=700000 t0 <= 0x0000001f
[T0_WRITE] time=730000 t0 <= 0x80000118
[T0_WRITE] time=740000 t0 <= 0x8000012c
[GP_WRITE] time=780000 gp <= 0x00000000
[T0_WRITE] time=790000 t0 <= 0x80000130
[T0_WRITE] time=800000 t0 <= 0x80000004
[T0_WRITE] time=880000 t0 <= 0x00000000
[T0_WRITE] time=940000 t0 <= 0x80000178
[T0_WRITE] time=950000 t0 <= 0x8000018c
[GP_WRITE] time=1020000 gp <= 0x00000002
[LB_DEBUG] time=1070000 addr=0x80002000 word=0x0ff000ff offs=0 unsigned=0 byte=0xff result=0xffffffff rd=x14
[A4_WRITE] time=1080000 a4 <= 0xffffffff
[T2_WRITE] time=1100000 t2 <= 0xffffffff
[LB_DEBUG] time=1170000 addr=0x80002001 word=0x0ff000ff offs=1 unsigned=0 byte=0x00 result=0x00000000 rd=x14
[A4_WRITE] time=1180000 a4 <= 0x00000000
[T2_WRITE] time=1200000 t2 <= 0x00000000
[LB_DEBUG] time=1270000 addr=0x80002002 word=0x0ff000ff offs=2 unsigned=0 byte=0xf0 result=0xfffffff0 rd=x14
[A4_WRITE] time=1280000 a4 <= 0xfffffff0
[T2_WRITE] time=1300000 t2 <= 0xfffffff0
[LB_DEBUG] time=1370000 addr=0x80002003 word=0x0ff000ff offs=3 unsigned=0 byte=0x0f result=0x0000000f rd=x14
[A4_WRITE] time=1380000 a4 <= 0x0000000f
[T2_WRITE] time=1400000 t2 <= 0x0000000f
[LB_DEBUG] time=1470000 addr=0x80002000 word=0x0ff000ff offs=0 unsigned=0 byte=0xff result=0xffffffff rd=x14
[A4_WRITE] time=1480000 a4 <= 0xffffffff
[T2_WRITE] time=1500000 t2 <= 0xffffffff
[LB_DEBUG] time=1570000 addr=0x80002001 word=0x0ff000ff offs=1 unsigned=0 byte=0x00 result=0x00000000 rd=x14
[A4_WRITE] time=1580000 a4 <= 0x00000000
[T2_WRITE] time=1600000 t2 <= 0x00000000
[LB_DEBUG] time=1670000 addr=0x80002002 word=0x0ff000ff offs=2 unsigned=0 byte=0xf0 result=0xfffffff0 rd=x14
[A4_WRITE] time=1680000 a4 <= 0xfffffff0
[T2_WRITE] time=1700000 t2 <= 0xfffffff0
[LB_DEBUG] time=1770000 addr=0x80002003 word=0x0ff000ff offs=3 unsigned=0 byte=0x0f result=0x0000000f rd=x14
[A4_WRITE] time=1780000 a4 <= 0x0000000f
[T2_WRITE] time=1800000 t2 <= 0x0000000f
[LB_DEBUG] time=1870000 addr=0xfffffd90 word=0x0ff000ff offs=0 unsigned=0 byte=0xff result=0xffffffff rd=x5
[T0_WRITE] time=1880000 t0 <= 0xffffffff
[T2_WRITE] time=1900000 t2 <= 0xffffffff
[LB_DEBUG] time=1970000 addr=0xfffffae5 word=0x0ff000ff offs=1 unsigned=0 byte=0x00 result=0x00000000 rd=x5
[T0_WRITE] time=1980000 t0 <= 0x00000000
[T2_WRITE] time=2000000 t2 <= 0x00000000
[A3_WRITE] time=2040000 a3 <= 0x800022ac
[A3_WRITE] time=2050000 a3 <= 0x80002001
[LB_DEBUG] time=2070000 addr=0x80002002 word=0x0ff000ff offs=2 unsigned=0 byte=0xf0 result=0xfffffff0 rd=x14
[A4_WRITE] time=2080000 a4 <= 0xfffffff0
[T1_WRITE] time=2110000 t1 <= 0xfffffff0
[T2_WRITE] time=2120000 t2 <= 0xfffffff0
[TP_WRITE] time=2140000 tp <= 0x00000001
[T0_WRITE] time=2150000 t0 <= 0x00000002
[A3_WRITE] time=2200000 a3 <= 0x800022ac
[A3_WRITE] time=2210000 a3 <= 0x80002001
[LB_DEBUG] time=2230000 addr=0x80002002 word=0x0ff000ff offs=2 unsigned=0 byte=0xf0 result=0xfffffff0 rd=x14
[A4_WRITE] time=2240000 a4 <= 0xfffffff0
[T1_WRITE] time=2270000 t1 <= 0xfffffff0
[T2_WRITE] time=2280000 t2 <= 0xfffffff0
[TP_WRITE] time=2300000 tp <= 0x00000002
[T0_WRITE] time=2310000 t0 <= 0x00000002
[GP_WRITE] time=2330000 gp <= 0x0000000d
[TP_WRITE] time=2340000 tp <= 0x00000000
[A3_W  2640.00ns INFO     cocotb.RISCV_COCOTB_wrapper        [GP_WRITE] cycle=249 gp <= 0x0000000E
  2970.00ns INFO     cocotb.RISCV_COCOTB_wrapper        [GP_WRITE] cycle=282 gp <= 0x0000000F
  3380.00ns INFO     cocotb.RISCV_COCOTB_wrapper        [GP_WRITE] cycle=323 gp <= 0x00000010
  3470.00ns INFO     cocotb.RISCV_COCOTB_wrapper        TEST21_ADDI EX_PC=0x80000384 EX_INSTR=0xFE5210E3 RS1=0x00000000 RS2=0x00000002 FWD_A=0 FWD_B=0 GP=0x00000010
  3620.00ns INFO     cocotb.RISCV_COCOTB_wrapper        TEST21_ADDI EX_PC=0x80000384 EX_INSTR=0xFE5210E3 RS1=0x00000001 RS2=0x00000002 FWD_A=2 FWD_B=1 GP=0x00000010
  3770.00ns INFO     cocotb.RISCV_COCOTB_wrapper        TEST21_ADDI EX_PC=0x80000384 EX_INSTR=0xFE5210E3 RS1=0x00000002 RS2=0x00000002 FWD_A=2 FWD_B=1 GP=0x00000010
  3780.00ns INFO     cocotb.RISCV_COCOTB_wrapper        TEST21_ADDI EX_PC=0x80000388 EX_INSTR=0x01100193 RS1=0x00000000 RS2=0x00000000 FWD_A=0 FWD_B=0 GP=0x00000010
  3790.00ns INFO     cocotb.RISCV_COCOTB_wrapper        TEST21_ADDI EX_PC=0x8000038C EX_INSTR=0x00000213 RS1=0x00000000 RS2=0x00000000 FWD_A=0 FWD_B=0 GP=0x00000010
  3800.00ns INFO     cocotb.RISCV_COCOTB_wrapper        TEST21_ADDI EX_PC=0x80000390 EX_INSTR=0x00002697 RS1=0x00000000 RS2=0x00000000 FWD_A=0 FWD_B=0 GP=0x00000010
  3820.00ns INFO     cocotb.RISCV_COCOTB_wrapper        [GP_WRITE] cycle=367 gp <= 0x00000011
RITE] time=2350000 a3 <= 0x800022d8
[A3_WRITE] time=2360000 a3 <= 0x80002002
[LB_DEBUG] time=2380000 addr=0x80002003 word=0x0ff000ff offs=3 unsigned=0 byte=0x0f result=0x0000000f rd=x14
[A4_WRITE] time=2390000 a4 <= 0x0000000f
[T1_WRITE] time=2420000 t1 <= 0x0000000f
[T2_WRITE] time=2430000 t2 <= 0x0000000f
[TP_WRITE] time=2450000 tp <= 0x00000001
[T0_WRITE] time=2460000 t0 <= 0x00000002
[A3_WRITE] time=2510000 a3 <= 0x800022d8
[A3_WRITE] time=2520000 a3 <= 0x80002002
[LB_DEBUG] time=2540000 addr=0x80002003 word=0x0ff000ff offs=3 unsigned=0 byte=0x0f result=0x0000000f rd=x14
[A4_WRITE] time=2550000 a4 <= 0x0000000f
[T1_WRITE] time=2580000 t1 <= 0x0000000f
[T2_WRITE] time=2590000 t2 <= 0x0000000f
[TP_WRITE] time=2610000 tp <= 0x00000002
[T0_WRITE] time=2620000 t0 <= 0x00000002
[GP_WRITE] time=2640000 gp <= 0x0000000e
[TP_WRITE] time=2650000 tp <= 0x00000000
[A3_WRITE] time=2660000 a3 <= 0x80002308
[A3_WRITE] time=2670000 a3 <= 0x80002000
[LB_DEBUG] time=2690000 addr=0x80002001 word=0x0ff000ff offs=1 unsigned=0 byte=0x00 result=0x00000000 rd=x14
[A4_WRITE] time=2700000 a4 <= 0x00000000
[T1_WRITE] time=2740000 t1 <= 0x00000000
[T2_WRITE] time=2750000 t2 <= 0x00000000
[TP_WRITE] time=2770000 tp <= 0x00000001
[T0_WRITE] time=2780000 t0 <= 0x00000002
[A3_WRITE] time=2830000 a3 <= 0x80002308
[A3_WRITE] time=2840000 a3 <= 0x80002000
[LB_DEBUG] time=2860000 addr=0x80002001 word=0x0ff000ff offs=1 unsigned=0 byte=0x00 result=0x00000000 rd=x14
[A4_WRITE] time=2870000 a4 <= 0x00000000
[T1_WRITE] time=2910000 t1 <= 0x00000000
[T2_WRITE] time=2920000 t2 <= 0x00000000
[TP_WRITE] time=2940000 tp <= 0x00000002
[T0_WRITE] time=2950000 t0 <= 0x00000002
[GP_WRITE] time=2970000 gp <= 0x0000000f
[TP_WRITE] time=2980000 tp <= 0x00000000
[A3_WRITE] time=2990000 a3 <= 0x8000233c
[A3_WRITE] time=3000000 a3 <= 0x80002001
[LB_DEBUG] time=3020000 addr=0x80002002 word=0x0ff000ff offs=2 unsigned=0 byte=0xf0 result=0xfffffff0 rd=x14
[A4_WRITE] time=3030000 a4 <= 0xfffffff0
[T2_WRITE] time=3050000 t2 <= 0xfffffff0
[A3_WRITE] time=3130000 a3 <= 0x8000233c
[A3_WRITE] time=3140000 a3 <= 0x80002001
[LB_DEBUG] time=3160000 addr=0x80002002 word=0x0ff000ff offs=2 unsigned=0 byte=0xf0 result=0xfffffff0 rd=x14
[A4_WRITE] time=3170000 a4 <= 0xfffffff0
[T2_WRITE] time=3190000 t2 <= 0xfffffff0
[TP_WRITE] time=3210000 tp <= 0x00000001
[T0_WRITE] time=3220000 t0 <= 0x00000002
[A3_WRITE] time=3270000 a3 <= 0x8000233c
[A3_WRITE] time=3280000 a3 <= 0x80002001
[LB_DEBUG] time=3300000 addr=0x80002002 word=0x0ff000ff offs=2 unsigned=0 byte=0xf0 result=0xfffffff0 rd=x14
[A4_WRITE] time=3310000 a4 <= 0xfffffff0
[T2_WRITE] time=3330000 t2 <= 0xfffffff0
[TP_WRITE] time=3350000 tp <= 0x00000002
[T0_WRITE] time=3360000 t0 <= 0x00000002
[GP_WRITE] time=3380000 gp <= 0x00000010
[TP_WRITE] time=3390000 tp <= 0x00000000
[A3_WRITE] time=3400000 a3 <= 0x80002364
[A3_WRITE] time=3410000 a3 <= 0x80002002
[LB_DEBUG] time=3440000 addr=0x80002003 word=0x0ff000ff offs=3 unsigned=0 byte=0x0f result=0x0000000f rd=x14
[A4_WRITE] time=3450000 a4 <= 0x0000000f
[T2_WRITE] time=3470000 t2 <= 0x0000000f
[A3_WRITE] time=3550000 a3 <= 0x80002364
[A3_WRITE] time=3560000 a3 <= 0x80002002
[LB_DEBUG] time=3590000 addr=0x80002003 word=0x0ff000ff offs=3 unsigned=0 byte=0x0f result=0x0000000f rd=x14
[A4_WRITE] time=3600000 a4 <= 0x0000000f
[T2_WRITE] time=3620000 t2 <= 0x0000000f
[TP_WRITE] time=3640000 tp <= 0x00000001
[T0_WRITE] time=3650000 t0 <= 0x00000002
[A3_WRITE] time=3700000 a3 <= 0x80002364
[A3_WRITE] time=3710000 a3 <= 0x80002002
[LB_DEBUG] time=3740000 addr=0x80002003 word=0x0ff000ff offs=3 unsigned=0 byte=0x0f result=0x0000000f rd=x14
[A4_WRITE] time=3750000 a4 <= 0x0000000f
[T2_WRITE] time=3770000 t2 <= 0x0000000f
[TP_WRITE] time=3790000 tp <= 0x00000002
[T0_WRITE] time=3800000 t0 <= 0x00000002
[GP_WRITE] time=3820000 gp <= 0x00000011
[TP_WRITE] time=3830000 tp <= 0x00000000
[A3_WRITE] time=3840000 a3 <= 0x80002390
[A3_WRITE] time=3850000 a3 <= 0x80002000
[LB_DEBUG] time=3890000 addr=0x80002001 word=0x0ff000ff offs=1 unsigned=0 byte=0x00 result=0x00000000 rd=x14
[A4_WRITE] time=3900000 a4 <= 0x  3960.00ns INFO     cocotb.RISCV_COCOTB_wrapper        TEST21_ADDI EX_PC=0x80000390 EX_INSTR=0x00002697 RS1=0x00000000 RS2=0x00000000 FWD_A=0 FWD_B=0 GP=0x00000011
  4120.00ns INFO     cocotb.RISCV_COCOTB_wrapper        TEST21_ADDI EX_PC=0x80000390 EX_INSTR=0x00002697 RS1=0x00000000 RS2=0x00000000 FWD_A=0 FWD_B=0 GP=0x00000011
  4290.00ns INFO     cocotb.RISCV_COCOTB_wrapper        [GP_WRITE] cycle=414 gp <= 0x00000012
  4390.00ns INFO     cocotb.RISCV_COCOTB_wrapper        [GP_WRITE] cycle=424 gp <= 0x00000013
  4500.00ns INFO     cocotb.RISCV_COCOTB_wrapper        END_AREA cycle=435 PC=0x80000420 EX_PC=0x80000414 EX_INSTR=0x0FF0000F GP=0x00000013
  4550.00ns INFO     cocotb.RISCV_COCOTB_wrapper        PC_JUMP cycle=440 last=0x80000430 now=0x80000004
  4550.00ns INFO     cocotb.RISCV_COCOTB_wrapper        [GP_WRITE] cycle=440 gp <= 0x00000001
  4550.00ns INFO     cocotb.RISCV_COCOTB_wrapper        PASS oficial RISC-V: gp == 1
  4550.00ns INFO     cocotb.regression                  regression.regression passed
  4550.00ns INFO     cocotb.regression                  **************************************************************************************
                                                        ** TEST                          STATUS  SIM TIME (ns)  REAL TIME (s)  RATIO (ns/s) **
                                                        **************************************************************************************
                                                        ** regression.regression          PASS        4550.00           0.68       6693.68  **
                                                        **************************************************************************************
                                                        ** TESTS=1 PASS=1 FAIL=0 SKIP=0               4550.00           0.69       6629.09  **
                                                        **************************************************************************************
/home/steckler/.local/lib/python3.6/site-packages/cocotb/__init__.py:126: FutureWarning: Support for Python versions < 3.9 will be dropped in version 2.1
  FutureWarning,
00000000
[T2_WRITE] time=3920000 t2 <= 0x00000000
[A3_WRITE] time=4000000 a3 <= 0x80002390
[A3_WRITE] time=4010000 a3 <= 0x80002000
[LB_DEBUG] time=4050000 addr=0x80002001 word=0x0ff000ff offs=1 unsigned=0 byte=0x00 result=0x00000000 rd=x14
[A4_WRITE] time=4060000 a4 <= 0x00000000
[T2_WRITE] time=4080000 t2 <= 0x00000000
[TP_WRITE] time=4100000 tp <= 0x00000001
[T0_WRITE] time=4110000 t0 <= 0x00000002
[A3_WRITE] time=4160000 a3 <= 0x80002390
[A3_WRITE] time=4170000 a3 <= 0x80002000
[LB_DEBUG] time=4210000 addr=0x80002001 word=0x0ff000ff offs=1 unsigned=0 byte=0x00 result=0x00000000 rd=x14
[A4_WRITE] time=4220000 a4 <= 0x00000000
[T2_WRITE] time=4240000 t2 <= 0x00000000
[TP_WRITE] time=4260000 tp <= 0x00000002
[T0_WRITE] time=4270000 t0 <= 0x00000002
[GP_WRITE] time=4290000 gp <= 0x00000012
[T0_WRITE] time=4300000 t0 <= 0x800023bc
[T0_WRITE] time=4310000 t0 <= 0x80002000
[LB_DEBUG] time=4330000 addr=0x80002000 word=0x0ff000ff offs=0 unsigned=0 byte=0xff result=0xffffffff rd=x2
[T2_WRITE] time=4370000 t2 <= 0x00000002
[GP_WRITE] time=4390000 gp <= 0x00000013
[T0_WRITE] time=4400000 t0 <= 0x800023d8
[T0_WRITE] time=4410000 t0 <= 0x80002000
[LB_DEBUG] time=4430000 addr=0x80002000 word=0x0ff000ff offs=0 unsigned=0 byte=0xff result=0xffffffff rd=x2
[T2_WRITE] time=4480000 t2 <= 0x00000002
[GP_WRITE] time=4550000 gp <= 0x00000001
make[1]: se sale del directorio '/media/steckler/xilinx_linux/RISCV_ZYNQ/V2/RVI20U32/RV32I_COCOTB/COCOTB'
